ARM GAS  /tmp/ccVR01d6.s 			page 1


   1              		.cpu cortex-m4
   2              		.arch armv7e-m
   3              		.fpu softvfp
   4              		.eabi_attribute 20, 1
   5              		.eabi_attribute 21, 1
   6              		.eabi_attribute 23, 3
   7              		.eabi_attribute 24, 1
   8              		.eabi_attribute 25, 1
   9              		.eabi_attribute 26, 1
  10              		.eabi_attribute 30, 2
  11              		.eabi_attribute 34, 1
  12              		.eabi_attribute 18, 4
  13              		.file	"board.c"
  14              		.file 1 "/home/rob/Projects/ChibiStudio/ChibiStudio_23/tools/GNU Tools ARM Embedded/11.3.1 2022q3/
  15              		.file 2 "/home/rob/Projects/ChibiStudio/ChibiStudio_23/tools/GNU Tools ARM Embedded/11.3.1 2022q3/
  16              		.file 3 "/home/rob/Projects/ChibiStudio/ChibiStudio_23/tools/GNU Tools ARM Embedded/11.3.1 2022q3/
  17              		.file 4 "../../chibios_trunk/os/common/ext/ST/STM32F4xx/stm32f401xe.h"
  18              		.file 5 "../../chibios_trunk/os/hal/ports/STM32/LLD/GPIOv2/stm32_gpio.h"
  19              		.file 6 "boards/BLACKPILL_F401CC/board.c"
  20              		.file 7 "../../chibios_trunk/os/hal/ports/STM32/STM32F4xx/hal_lld_type1.h"
  21              		.section	.gnu.debuglto_.debug_info,"e",%progbits
  22              	.Ldebug_info0:
  23              		.hidden	board.c.fdbe6a5d
  24              		.weak	board.c.fdbe6a5d
  25              	board.c.fdbe6a5d:
  26 0000 81040000 		.4byte	0x481
  27 0004 0500     		.2byte	0x5
  28 0006 01       		.byte	0x1
  29 0007 04       		.byte	0x4
  30 0008 00000000 		.4byte	.Ldebug_abbrev0
  31 000c 0F       		.uleb128 0xf
  32 000d 2A000000 		.4byte	.LASF75
  33 0011 1D       		.byte	0x1d
  34 0012 BA030000 		.4byte	.LASF76
  35 0016 A1020000 		.4byte	.LASF77
  36 001a 00000000 		.4byte	.Ldebug_line0
  37 001e 10       		.uleb128 0x10
  38 001f 04       		.byte	0x4
  39 0020 05       		.byte	0x5
  40 0021 696E7400 		.ascii	"int\000"
  41 0025 04       		.uleb128 0x4
  42 0026 EF000000 		.4byte	.LASF6
  43 002a 01       		.byte	0x1
  44 002b D1       		.byte	0xd1
  45 002c 17       		.byte	0x17
  46 002d 31000000 		.4byte	0x31
  47 0031 03       		.uleb128 0x3
  48 0032 04       		.byte	0x4
  49 0033 07       		.byte	0x7
  50 0034 E1030000 		.4byte	.LASF0
  51 0038 03       		.uleb128 0x3
  52 0039 08       		.byte	0x8
  53 003a 05       		.byte	0x5
  54 003b 84010000 		.4byte	.LASF1
  55 003f 03       		.uleb128 0x3
  56 0040 08       		.byte	0x8
  57 0041 04       		.byte	0x4
ARM GAS  /tmp/ccVR01d6.s 			page 2


  58 0042 D1010000 		.4byte	.LASF2
  59 0046 03       		.uleb128 0x3
  60 0047 01       		.byte	0x1
  61 0048 06       		.byte	0x6
  62 0049 F3010000 		.4byte	.LASF3
  63 004d 03       		.uleb128 0x3
  64 004e 01       		.byte	0x1
  65 004f 08       		.byte	0x8
  66 0050 DD010000 		.4byte	.LASF4
  67 0054 03       		.uleb128 0x3
  68 0055 02       		.byte	0x2
  69 0056 05       		.byte	0x5
  70 0057 E5000000 		.4byte	.LASF5
  71 005b 04       		.uleb128 0x4
  72 005c 32010000 		.4byte	.LASF7
  73 0060 02       		.byte	0x2
  74 0061 39       		.byte	0x39
  75 0062 19       		.byte	0x19
  76 0063 67000000 		.4byte	0x67
  77 0067 03       		.uleb128 0x3
  78 0068 02       		.byte	0x2
  79 0069 07       		.byte	0x7
  80 006a 6C020000 		.4byte	.LASF8
  81 006e 03       		.uleb128 0x3
  82 006f 04       		.byte	0x4
  83 0070 05       		.byte	0x5
  84 0071 A0010000 		.4byte	.LASF9
  85 0075 04       		.uleb128 0x4
  86 0076 19010000 		.4byte	.LASF10
  87 007a 02       		.byte	0x2
  88 007b 4F       		.byte	0x4f
  89 007c 19       		.byte	0x19
  90 007d 81000000 		.4byte	0x81
  91 0081 03       		.uleb128 0x3
  92 0082 04       		.byte	0x4
  93 0083 07       		.byte	0x7
  94 0084 38020000 		.4byte	.LASF11
  95 0088 03       		.uleb128 0x3
  96 0089 08       		.byte	0x8
  97 008a 07       		.byte	0x7
  98 008b FF010000 		.4byte	.LASF12
  99 008f 04       		.uleb128 0x4
 100 0090 2F020000 		.4byte	.LASF13
 101 0094 03       		.byte	0x3
 102 0095 24       		.byte	0x24
 103 0096 14       		.byte	0x14
 104 0097 5B000000 		.4byte	0x5b
 105 009b 04       		.uleb128 0x4
 106 009c 16020000 		.4byte	.LASF14
 107 00a0 03       		.byte	0x3
 108 00a1 30       		.byte	0x30
 109 00a2 14       		.byte	0x14
 110 00a3 75000000 		.4byte	0x75
 111 00a7 08       		.uleb128 0x8
 112 00a8 9B000000 		.4byte	0x9b
 113 00ac 03       		.uleb128 0x3
 114 00ad 01       		.byte	0x1
ARM GAS  /tmp/ccVR01d6.s 			page 3


 115 00ae 08       		.byte	0x8
 116 00af 89020000 		.4byte	.LASF15
 117 00b3 09       		.uleb128 0x9
 118 00b4 9B000000 		.4byte	0x9b
 119 00b8 C3000000 		.4byte	0xc3
 120 00bc 0A       		.uleb128 0xa
 121 00bd 31000000 		.4byte	0x31
 122 00c1 00       		.byte	0
 123 00c2 00       		.byte	0
 124 00c3 09       		.uleb128 0x9
 125 00c4 9B000000 		.4byte	0x9b
 126 00c8 D3000000 		.4byte	0xd3
 127 00cc 0A       		.uleb128 0xa
 128 00cd 31000000 		.4byte	0x31
 129 00d1 01       		.byte	0x1
 130 00d2 00       		.byte	0
 131 00d3 11       		.uleb128 0x11
 132 00d4 90       		.byte	0x90
 133 00d5 04       		.byte	0x4
 134 00d6 6201     		.2byte	0x162
 135 00d8 09       		.byte	0x9
 136 00d9 5D020000 		.4byte	0x25d
 137 00dd 07       		.uleb128 0x7
 138 00de 435200   		.ascii	"CR\000"
 139 00e1 6401     		.2byte	0x164
 140 00e3 A7000000 		.4byte	0xa7
 141 00e7 00       		.byte	0
 142 00e8 01       		.uleb128 0x1
 143 00e9 5F020000 		.4byte	.LASF16
 144 00ed 6501     		.2byte	0x165
 145 00ef A7000000 		.4byte	0xa7
 146 00f3 04       		.byte	0x4
 147 00f4 01       		.uleb128 0x1
 148 00f5 59010000 		.4byte	.LASF17
 149 00f9 6601     		.2byte	0x166
 150 00fb A7000000 		.4byte	0xa7
 151 00ff 08       		.byte	0x8
 152 0100 07       		.uleb128 0x7
 153 0101 43495200 		.ascii	"CIR\000"
 154 0105 6701     		.2byte	0x167
 155 0107 A7000000 		.4byte	0xa7
 156 010b 0C       		.byte	0xc
 157 010c 01       		.uleb128 0x1
 158 010d A8030000 		.4byte	.LASF18
 159 0111 6801     		.2byte	0x168
 160 0113 A7000000 		.4byte	0xa7
 161 0117 10       		.byte	0x10
 162 0118 01       		.uleb128 0x1
 163 0119 26020000 		.4byte	.LASF19
 164 011d 6901     		.2byte	0x169
 165 011f A7000000 		.4byte	0xa7
 166 0123 14       		.byte	0x14
 167 0124 01       		.uleb128 0x1
 168 0125 B1030000 		.4byte	.LASF20
 169 0129 6A01     		.2byte	0x16a
 170 012b A7000000 		.4byte	0xa7
 171 012f 18       		.byte	0x18
ARM GAS  /tmp/ccVR01d6.s 			page 4


 172 0130 01       		.uleb128 0x1
 173 0131 05030000 		.4byte	.LASF21
 174 0135 6B01     		.2byte	0x16b
 175 0137 9B000000 		.4byte	0x9b
 176 013b 1C       		.byte	0x1c
 177 013c 01       		.uleb128 0x1
 178 013d 19000000 		.4byte	.LASF22
 179 0141 6C01     		.2byte	0x16c
 180 0143 A7000000 		.4byte	0xa7
 181 0147 20       		.byte	0x20
 182 0148 01       		.uleb128 0x1
 183 0149 C2010000 		.4byte	.LASF23
 184 014d 6D01     		.2byte	0x16d
 185 014f A7000000 		.4byte	0xa7
 186 0153 24       		.byte	0x24
 187 0154 01       		.uleb128 0x1
 188 0155 0F030000 		.4byte	.LASF24
 189 0159 6E01     		.2byte	0x16e
 190 015b C3000000 		.4byte	0xc3
 191 015f 28       		.byte	0x28
 192 0160 01       		.uleb128 0x1
 193 0161 62030000 		.4byte	.LASF25
 194 0165 6F01     		.2byte	0x16f
 195 0167 A7000000 		.4byte	0xa7
 196 016b 30       		.byte	0x30
 197 016c 01       		.uleb128 0x1
 198 016d 22000000 		.4byte	.LASF26
 199 0171 7001     		.2byte	0x170
 200 0173 A7000000 		.4byte	0xa7
 201 0177 34       		.byte	0x34
 202 0178 01       		.uleb128 0x1
 203 0179 75010000 		.4byte	.LASF27
 204 017d 7101     		.2byte	0x171
 205 017f A7000000 		.4byte	0xa7
 206 0183 38       		.byte	0x38
 207 0184 01       		.uleb128 0x1
 208 0185 19030000 		.4byte	.LASF28
 209 0189 7201     		.2byte	0x172
 210 018b 9B000000 		.4byte	0x9b
 211 018f 3C       		.byte	0x3c
 212 0190 01       		.uleb128 0x1
 213 0191 5E010000 		.4byte	.LASF29
 214 0195 7301     		.2byte	0x173
 215 0197 A7000000 		.4byte	0xa7
 216 019b 40       		.byte	0x40
 217 019c 01       		.uleb128 0x1
 218 019d EB010000 		.4byte	.LASF30
 219 01a1 7401     		.2byte	0x174
 220 01a3 A7000000 		.4byte	0xa7
 221 01a7 44       		.byte	0x44
 222 01a8 01       		.uleb128 0x1
 223 01a9 23030000 		.4byte	.LASF31
 224 01ad 7501     		.2byte	0x175
 225 01af C3000000 		.4byte	0xc3
 226 01b3 48       		.byte	0x48
 227 01b4 01       		.uleb128 0x1
 228 01b5 00000000 		.4byte	.LASF32
ARM GAS  /tmp/ccVR01d6.s 			page 5


 229 01b9 7601     		.2byte	0x176
 230 01bb A7000000 		.4byte	0xa7
 231 01bf 50       		.byte	0x50
 232 01c0 01       		.uleb128 0x1
 233 01c1 F4020000 		.4byte	.LASF33
 234 01c5 7701     		.2byte	0x177
 235 01c7 A7000000 		.4byte	0xa7
 236 01cb 54       		.byte	0x54
 237 01cc 01       		.uleb128 0x1
 238 01cd 48010000 		.4byte	.LASF34
 239 01d1 7801     		.2byte	0x178
 240 01d3 A7000000 		.4byte	0xa7
 241 01d7 58       		.byte	0x58
 242 01d8 01       		.uleb128 0x1
 243 01d9 2D030000 		.4byte	.LASF35
 244 01dd 7901     		.2byte	0x179
 245 01df 9B000000 		.4byte	0x9b
 246 01e3 5C       		.byte	0x5c
 247 01e4 01       		.uleb128 0x1
 248 01e5 7F020000 		.4byte	.LASF36
 249 01e9 7A01     		.2byte	0x17a
 250 01eb A7000000 		.4byte	0xa7
 251 01ef 60       		.byte	0x60
 252 01f0 01       		.uleb128 0x1
 253 01f1 F8030000 		.4byte	.LASF37
 254 01f5 7B01     		.2byte	0x17b
 255 01f7 A7000000 		.4byte	0xa7
 256 01fb 64       		.byte	0x64
 257 01fc 01       		.uleb128 0x1
 258 01fd 37030000 		.4byte	.LASF38
 259 0201 7C01     		.2byte	0x17c
 260 0203 C3000000 		.4byte	0xc3
 261 0207 68       		.byte	0x68
 262 0208 01       		.uleb128 0x1
 263 0209 09010000 		.4byte	.LASF39
 264 020d 7D01     		.2byte	0x17d
 265 020f A7000000 		.4byte	0xa7
 266 0213 70       		.byte	0x70
 267 0214 07       		.uleb128 0x7
 268 0215 43535200 		.ascii	"CSR\000"
 269 0219 7E01     		.2byte	0x17e
 270 021b A7000000 		.4byte	0xa7
 271 021f 74       		.byte	0x74
 272 0220 01       		.uleb128 0x1
 273 0221 41030000 		.4byte	.LASF40
 274 0225 7F01     		.2byte	0x17f
 275 0227 C3000000 		.4byte	0xc3
 276 022b 78       		.byte	0x78
 277 022c 01       		.uleb128 0x1
 278 022d 3D010000 		.4byte	.LASF41
 279 0231 8001     		.2byte	0x180
 280 0233 A7000000 		.4byte	0xa7
 281 0237 80       		.byte	0x80
 282 0238 01       		.uleb128 0x1
 283 0239 0E010000 		.4byte	.LASF42
 284 023d 8101     		.2byte	0x181
 285 023f A7000000 		.4byte	0xa7
ARM GAS  /tmp/ccVR01d6.s 			page 6


 286 0243 84       		.byte	0x84
 287 0244 01       		.uleb128 0x1
 288 0245 4B030000 		.4byte	.LASF43
 289 0249 8201     		.2byte	0x182
 290 024b B3000000 		.4byte	0xb3
 291 024f 88       		.byte	0x88
 292 0250 01       		.uleb128 0x1
 293 0251 6D010000 		.4byte	.LASF44
 294 0255 8301     		.2byte	0x183
 295 0257 A7000000 		.4byte	0xa7
 296 025b 8C       		.byte	0x8c
 297 025c 00       		.byte	0
 298 025d 12       		.uleb128 0x12
 299 025e B0010000 		.4byte	.LASF45
 300 0262 04       		.byte	0x4
 301 0263 8401     		.2byte	0x184
 302 0265 03       		.byte	0x3
 303 0266 D3000000 		.4byte	0xd3
 304 026a 03       		.uleb128 0x3
 305 026b 01       		.byte	0x1
 306 026c 02       		.byte	0x2
 307 026d 9B020000 		.4byte	.LASF46
 308 0271 05       		.uleb128 0x5
 309 0272 04       		.byte	0x4
 310 0273 05       		.byte	0x5
 311 0274 5B       		.byte	0x5b
 312 0275 05       		.byte	0x5
 313 0276 94020000 		.4byte	0x294
 314 027a 06       		.uleb128 0x6
 315 027b 73657400 		.ascii	"set\000"
 316 027f 05       		.byte	0x5
 317 0280 5C       		.byte	0x5c
 318 0281 8F000000 		.4byte	0x8f
 319 0285 00       		.byte	0
 320 0286 02       		.uleb128 0x2
 321 0287 CB010000 		.4byte	.LASF47
 322 028b 05       		.byte	0x5
 323 028c 5D       		.byte	0x5d
 324 028d 19       		.byte	0x19
 325 028e 8F000000 		.4byte	0x8f
 326 0292 02       		.byte	0x2
 327 0293 00       		.byte	0
 328 0294 13       		.uleb128 0x13
 329 0295 04       		.byte	0x4
 330 0296 05       		.byte	0x5
 331 0297 59       		.byte	0x59
 332 0298 0C       		.byte	0xc
 333 0299 B0020000 		.4byte	0x2b0
 334 029d 0B       		.uleb128 0xb
 335 029e 5700     		.ascii	"W\000"
 336 02a0 5A       		.byte	0x5a
 337 02a1 19       		.byte	0x19
 338 02a2 9B000000 		.4byte	0x9b
 339 02a6 0B       		.uleb128 0xb
 340 02a7 4800     		.ascii	"H\000"
 341 02a9 5E       		.byte	0x5e
 342 02aa 07       		.byte	0x7
ARM GAS  /tmp/ccVR01d6.s 			page 7


 343 02ab 71020000 		.4byte	0x271
 344 02af 00       		.byte	0
 345 02b0 08       		.uleb128 0x8
 346 02b1 94020000 		.4byte	0x294
 347 02b5 05       		.uleb128 0x5
 348 02b6 28       		.byte	0x28
 349 02b7 05       		.byte	0x5
 350 02b8 51       		.byte	0x51
 351 02b9 09       		.byte	0x9
 352 02ba 3F030000 		.4byte	0x33f
 353 02be 02       		.uleb128 0x2
 354 02bf BC010000 		.4byte	.LASF48
 355 02c3 05       		.byte	0x5
 356 02c4 53       		.byte	0x53
 357 02c5 19       		.byte	0x19
 358 02c6 A7000000 		.4byte	0xa7
 359 02ca 00       		.byte	0
 360 02cb 02       		.uleb128 0x2
 361 02cc 66010000 		.4byte	.LASF49
 362 02d0 05       		.byte	0x5
 363 02d1 54       		.byte	0x54
 364 02d2 19       		.byte	0x19
 365 02d3 A7000000 		.4byte	0xa7
 366 02d7 04       		.byte	0x4
 367 02d8 02       		.uleb128 0x2
 368 02d9 11000000 		.4byte	.LASF50
 369 02dd 05       		.byte	0x5
 370 02de 55       		.byte	0x55
 371 02df 19       		.byte	0x19
 372 02e0 A7000000 		.4byte	0xa7
 373 02e4 08       		.byte	0x8
 374 02e5 02       		.uleb128 0x2
 375 02e6 92010000 		.4byte	.LASF51
 376 02ea 05       		.byte	0x5
 377 02eb 56       		.byte	0x56
 378 02ec 19       		.byte	0x19
 379 02ed A7000000 		.4byte	0xa7
 380 02f1 0C       		.byte	0xc
 381 02f2 06       		.uleb128 0x6
 382 02f3 49445200 		.ascii	"IDR\000"
 383 02f7 05       		.byte	0x5
 384 02f8 57       		.byte	0x57
 385 02f9 A7000000 		.4byte	0xa7
 386 02fd 10       		.byte	0x10
 387 02fe 06       		.uleb128 0x6
 388 02ff 4F445200 		.ascii	"ODR\000"
 389 0303 05       		.byte	0x5
 390 0304 58       		.byte	0x58
 391 0305 A7000000 		.4byte	0xa7
 392 0309 14       		.byte	0x14
 393 030a 02       		.uleb128 0x2
 394 030b 43010000 		.4byte	.LASF52
 395 030f 05       		.byte	0x5
 396 0310 5F       		.byte	0x5f
 397 0311 05       		.byte	0x5
 398 0312 B0020000 		.4byte	0x2b0
 399 0316 18       		.byte	0x18
ARM GAS  /tmp/ccVR01d6.s 			page 8


 400 0317 02       		.uleb128 0x2
 401 0318 55030000 		.4byte	.LASF53
 402 031c 05       		.byte	0x5
 403 031d 60       		.byte	0x60
 404 031e 19       		.byte	0x19
 405 031f A7000000 		.4byte	0xa7
 406 0323 1C       		.byte	0x1c
 407 0324 02       		.uleb128 0x2
 408 0325 67020000 		.4byte	.LASF54
 409 0329 05       		.byte	0x5
 410 032a 61       		.byte	0x61
 411 032b 19       		.byte	0x19
 412 032c A7000000 		.4byte	0xa7
 413 0330 20       		.byte	0x20
 414 0331 02       		.uleb128 0x2
 415 0332 5A020000 		.4byte	.LASF55
 416 0336 05       		.byte	0x5
 417 0337 62       		.byte	0x62
 418 0338 19       		.byte	0x19
 419 0339 A7000000 		.4byte	0xa7
 420 033d 24       		.byte	0x24
 421 033e 00       		.byte	0
 422 033f 04       		.uleb128 0x4
 423 0340 F6000000 		.4byte	.LASF56
 424 0344 05       		.byte	0x5
 425 0345 63       		.byte	0x63
 426 0346 03       		.byte	0x3
 427 0347 B5020000 		.4byte	0x2b5
 428 034b 0C       		.uleb128 0xc
 429 034c 3F030000 		.4byte	0x33f
 430 0350 05       		.uleb128 0x5
 431 0351 1C       		.byte	0x1c
 432 0352 06       		.byte	0x6
 433 0353 28       		.byte	0x28
 434 0354 09       		.byte	0x9
 435 0355 B4030000 		.4byte	0x3b4
 436 0359 02       		.uleb128 0x2
 437 035a A2030000 		.4byte	.LASF57
 438 035e 06       		.byte	0x6
 439 035f 29       		.byte	0x29
 440 0360 19       		.byte	0x19
 441 0361 9B000000 		.4byte	0x9b
 442 0365 00       		.byte	0
 443 0366 02       		.uleb128 0x2
 444 0367 1F020000 		.4byte	.LASF58
 445 036b 06       		.byte	0x6
 446 036c 2A       		.byte	0x2a
 447 036d 19       		.byte	0x19
 448 036e 9B000000 		.4byte	0x9b
 449 0372 04       		.byte	0x4
 450 0373 02       		.uleb128 0x2
 451 0374 98010000 		.4byte	.LASF59
 452 0378 06       		.byte	0x6
 453 0379 2B       		.byte	0x2b
 454 037a 19       		.byte	0x19
 455 037b 9B000000 		.4byte	0x9b
 456 037f 08       		.byte	0x8
ARM GAS  /tmp/ccVR01d6.s 			page 9


 457 0380 02       		.uleb128 0x2
 458 0381 85030000 		.4byte	.LASF60
 459 0385 06       		.byte	0x6
 460 0386 2C       		.byte	0x2c
 461 0387 19       		.byte	0x19
 462 0388 9B000000 		.4byte	0x9b
 463 038c 0C       		.byte	0xc
 464 038d 06       		.uleb128 0x6
 465 038e 6F647200 		.ascii	"odr\000"
 466 0392 06       		.byte	0x6
 467 0393 2D       		.byte	0x2d
 468 0394 9B000000 		.4byte	0x9b
 469 0398 10       		.byte	0x10
 470 0399 02       		.uleb128 0x2
 471 039a 9D030000 		.4byte	.LASF61
 472 039e 06       		.byte	0x6
 473 039f 2E       		.byte	0x2e
 474 03a0 19       		.byte	0x19
 475 03a1 9B000000 		.4byte	0x9b
 476 03a5 14       		.byte	0x14
 477 03a6 02       		.uleb128 0x2
 478 03a7 8B030000 		.4byte	.LASF62
 479 03ab 06       		.byte	0x6
 480 03ac 2F       		.byte	0x2f
 481 03ad 19       		.byte	0x19
 482 03ae 9B000000 		.4byte	0x9b
 483 03b2 18       		.byte	0x18
 484 03b3 00       		.byte	0
 485 03b4 04       		.uleb128 0x4
 486 03b5 90030000 		.4byte	.LASF63
 487 03b9 06       		.byte	0x6
 488 03ba 30       		.byte	0x30
 489 03bb 03       		.byte	0x3
 490 03bc 50030000 		.4byte	0x350
 491 03c0 0D       		.uleb128 0xd
 492 03c1 B4030000 		.4byte	0x3b4
 493 03c5 05       		.uleb128 0x5
 494 03c6 A8       		.byte	0xa8
 495 03c7 06       		.byte	0x6
 496 03c8 35       		.byte	0x35
 497 03c9 09       		.byte	0x9
 498 03ca 1D040000 		.4byte	0x41d
 499 03ce 02       		.uleb128 0x2
 500 03cf 7D010000 		.4byte	.LASF64
 501 03d3 06       		.byte	0x6
 502 03d4 37       		.byte	0x37
 503 03d5 19       		.byte	0x19
 504 03d6 B4030000 		.4byte	0x3b4
 505 03da 00       		.byte	0
 506 03db 02       		.uleb128 0x2
 507 03dc DA030000 		.4byte	.LASF65
 508 03e0 06       		.byte	0x6
 509 03e1 3A       		.byte	0x3a
 510 03e2 19       		.byte	0x19
 511 03e3 B4030000 		.4byte	0x3b4
 512 03e7 1C       		.byte	0x1c
 513 03e8 02       		.uleb128 0x2
ARM GAS  /tmp/ccVR01d6.s 			page 10


 514 03e9 0A000000 		.4byte	.LASF66
 515 03ed 06       		.byte	0x6
 516 03ee 3D       		.byte	0x3d
 517 03ef 19       		.byte	0x19
 518 03f0 B4030000 		.4byte	0x3b4
 519 03f4 38       		.byte	0x38
 520 03f5 02       		.uleb128 0x2
 521 03f6 A9010000 		.4byte	.LASF67
 522 03fa 06       		.byte	0x6
 523 03fb 40       		.byte	0x40
 524 03fc 19       		.byte	0x19
 525 03fd B4030000 		.4byte	0x3b4
 526 0401 54       		.byte	0x54
 527 0402 02       		.uleb128 0x2
 528 0403 FE020000 		.4byte	.LASF68
 529 0407 06       		.byte	0x6
 530 0408 43       		.byte	0x43
 531 0409 19       		.byte	0x19
 532 040a B4030000 		.4byte	0x3b4
 533 040e 70       		.byte	0x70
 534 040f 02       		.uleb128 0x2
 535 0410 5B030000 		.4byte	.LASF69
 536 0414 06       		.byte	0x6
 537 0415 4C       		.byte	0x4c
 538 0416 19       		.byte	0x19
 539 0417 B4030000 		.4byte	0x3b4
 540 041b 8C       		.byte	0x8c
 541 041c 00       		.byte	0
 542 041d 04       		.uleb128 0x4
 543 041e 24010000 		.4byte	.LASF70
 544 0422 06       		.byte	0x6
 545 0423 57       		.byte	0x57
 546 0424 03       		.byte	0x3
 547 0425 C5030000 		.4byte	0x3c5
 548 0429 0D       		.uleb128 0xd
 549 042a 1D040000 		.4byte	0x41d
 550 042e 14       		.uleb128 0x14
 551 042f 02040000 		.4byte	.LASF78
 552 0433 06       		.byte	0x6
 553 0434 5C       		.byte	0x5c
 554 0435 1C       		.byte	0x1c
 555 0436 29040000 		.4byte	0x429
 556 043a 15       		.uleb128 0x15
 557 043b 74030000 		.4byte	.LASF79
 558 043f 07       		.byte	0x7
 559 0440 F107     		.2byte	0x7f1
 560 0442 08       		.byte	0x8
 561 0443 16       		.uleb128 0x16
 562 0444 EE030000 		.4byte	.LASF71
 563 0448 06       		.byte	0x6
 564 0449 0801     		.2byte	0x108
 565 044b 06       		.byte	0x6
 566 044c 17       		.uleb128 0x17
 567 044d 8E020000 		.4byte	.LASF72
 568 0451 06       		.byte	0x6
 569 0452 D2       		.byte	0xd2
 570 0453 06       		.byte	0x6
ARM GAS  /tmp/ccVR01d6.s 			page 11


 571 0454 18       		.uleb128 0x18
 572 0455 4A020000 		.4byte	.LASF80
 573 0459 06       		.byte	0x6
 574 045a 9A       		.byte	0x9a
 575 045b 0D       		.byte	0xd
 576 045c 19       		.uleb128 0x19
 577 045d 6A030000 		.4byte	.LASF81
 578 0461 06       		.byte	0x6
 579 0462 8F       		.byte	0x8f
 580 0463 0D       		.byte	0xd
 581 0464 7F040000 		.4byte	0x47f
 582 0468 0E       		.uleb128 0xe
 583 0469 03010000 		.4byte	.LASF73
 584 046d 8F       		.byte	0x8f
 585 046e 25       		.byte	0x25
 586 046f 4B030000 		.4byte	0x34b
 587 0473 0E       		.uleb128 0xe
 588 0474 52010000 		.4byte	.LASF74
 589 0478 8F       		.byte	0x8f
 590 0479 40       		.byte	0x40
 591 047a 7F040000 		.4byte	0x47f
 592 047e 00       		.byte	0
 593 047f 0C       		.uleb128 0xc
 594 0480 C0030000 		.4byte	0x3c0
 595 0484 00       		.byte	0
 596              		.section	.gnu.debuglto_.debug_abbrev,"e",%progbits
 597              	.Ldebug_abbrev0:
 598 0000 01       		.uleb128 0x1
 599 0001 0D       		.uleb128 0xd
 600 0002 00       		.byte	0
 601 0003 03       		.uleb128 0x3
 602 0004 0E       		.uleb128 0xe
 603 0005 3A       		.uleb128 0x3a
 604 0006 21       		.uleb128 0x21
 605 0007 04       		.sleb128 4
 606 0008 3B       		.uleb128 0x3b
 607 0009 05       		.uleb128 0x5
 608 000a 39       		.uleb128 0x39
 609 000b 21       		.uleb128 0x21
 610 000c 11       		.sleb128 17
 611 000d 49       		.uleb128 0x49
 612 000e 13       		.uleb128 0x13
 613 000f 38       		.uleb128 0x38
 614 0010 0B       		.uleb128 0xb
 615 0011 00       		.byte	0
 616 0012 00       		.byte	0
 617 0013 02       		.uleb128 0x2
 618 0014 0D       		.uleb128 0xd
 619 0015 00       		.byte	0
 620 0016 03       		.uleb128 0x3
 621 0017 0E       		.uleb128 0xe
 622 0018 3A       		.uleb128 0x3a
 623 0019 0B       		.uleb128 0xb
 624 001a 3B       		.uleb128 0x3b
 625 001b 0B       		.uleb128 0xb
 626 001c 39       		.uleb128 0x39
 627 001d 0B       		.uleb128 0xb
ARM GAS  /tmp/ccVR01d6.s 			page 12


 628 001e 49       		.uleb128 0x49
 629 001f 13       		.uleb128 0x13
 630 0020 38       		.uleb128 0x38
 631 0021 0B       		.uleb128 0xb
 632 0022 00       		.byte	0
 633 0023 00       		.byte	0
 634 0024 03       		.uleb128 0x3
 635 0025 24       		.uleb128 0x24
 636 0026 00       		.byte	0
 637 0027 0B       		.uleb128 0xb
 638 0028 0B       		.uleb128 0xb
 639 0029 3E       		.uleb128 0x3e
 640 002a 0B       		.uleb128 0xb
 641 002b 03       		.uleb128 0x3
 642 002c 0E       		.uleb128 0xe
 643 002d 00       		.byte	0
 644 002e 00       		.byte	0
 645 002f 04       		.uleb128 0x4
 646 0030 16       		.uleb128 0x16
 647 0031 00       		.byte	0
 648 0032 03       		.uleb128 0x3
 649 0033 0E       		.uleb128 0xe
 650 0034 3A       		.uleb128 0x3a
 651 0035 0B       		.uleb128 0xb
 652 0036 3B       		.uleb128 0x3b
 653 0037 0B       		.uleb128 0xb
 654 0038 39       		.uleb128 0x39
 655 0039 0B       		.uleb128 0xb
 656 003a 49       		.uleb128 0x49
 657 003b 13       		.uleb128 0x13
 658 003c 00       		.byte	0
 659 003d 00       		.byte	0
 660 003e 05       		.uleb128 0x5
 661 003f 13       		.uleb128 0x13
 662 0040 01       		.byte	0x1
 663 0041 0B       		.uleb128 0xb
 664 0042 0B       		.uleb128 0xb
 665 0043 3A       		.uleb128 0x3a
 666 0044 0B       		.uleb128 0xb
 667 0045 3B       		.uleb128 0x3b
 668 0046 0B       		.uleb128 0xb
 669 0047 39       		.uleb128 0x39
 670 0048 0B       		.uleb128 0xb
 671 0049 01       		.uleb128 0x1
 672 004a 13       		.uleb128 0x13
 673 004b 00       		.byte	0
 674 004c 00       		.byte	0
 675 004d 06       		.uleb128 0x6
 676 004e 0D       		.uleb128 0xd
 677 004f 00       		.byte	0
 678 0050 03       		.uleb128 0x3
 679 0051 08       		.uleb128 0x8
 680 0052 3A       		.uleb128 0x3a
 681 0053 0B       		.uleb128 0xb
 682 0054 3B       		.uleb128 0x3b
 683 0055 0B       		.uleb128 0xb
 684 0056 39       		.uleb128 0x39
ARM GAS  /tmp/ccVR01d6.s 			page 13


 685 0057 21       		.uleb128 0x21
 686 0058 19       		.sleb128 25
 687 0059 49       		.uleb128 0x49
 688 005a 13       		.uleb128 0x13
 689 005b 38       		.uleb128 0x38
 690 005c 0B       		.uleb128 0xb
 691 005d 00       		.byte	0
 692 005e 00       		.byte	0
 693 005f 07       		.uleb128 0x7
 694 0060 0D       		.uleb128 0xd
 695 0061 00       		.byte	0
 696 0062 03       		.uleb128 0x3
 697 0063 08       		.uleb128 0x8
 698 0064 3A       		.uleb128 0x3a
 699 0065 21       		.uleb128 0x21
 700 0066 04       		.sleb128 4
 701 0067 3B       		.uleb128 0x3b
 702 0068 05       		.uleb128 0x5
 703 0069 39       		.uleb128 0x39
 704 006a 21       		.uleb128 0x21
 705 006b 11       		.sleb128 17
 706 006c 49       		.uleb128 0x49
 707 006d 13       		.uleb128 0x13
 708 006e 38       		.uleb128 0x38
 709 006f 0B       		.uleb128 0xb
 710 0070 00       		.byte	0
 711 0071 00       		.byte	0
 712 0072 08       		.uleb128 0x8
 713 0073 35       		.uleb128 0x35
 714 0074 00       		.byte	0
 715 0075 49       		.uleb128 0x49
 716 0076 13       		.uleb128 0x13
 717 0077 00       		.byte	0
 718 0078 00       		.byte	0
 719 0079 09       		.uleb128 0x9
 720 007a 01       		.uleb128 0x1
 721 007b 01       		.byte	0x1
 722 007c 49       		.uleb128 0x49
 723 007d 13       		.uleb128 0x13
 724 007e 01       		.uleb128 0x1
 725 007f 13       		.uleb128 0x13
 726 0080 00       		.byte	0
 727 0081 00       		.byte	0
 728 0082 0A       		.uleb128 0xa
 729 0083 21       		.uleb128 0x21
 730 0084 00       		.byte	0
 731 0085 49       		.uleb128 0x49
 732 0086 13       		.uleb128 0x13
 733 0087 2F       		.uleb128 0x2f
 734 0088 0B       		.uleb128 0xb
 735 0089 00       		.byte	0
 736 008a 00       		.byte	0
 737 008b 0B       		.uleb128 0xb
 738 008c 0D       		.uleb128 0xd
 739 008d 00       		.byte	0
 740 008e 03       		.uleb128 0x3
 741 008f 08       		.uleb128 0x8
ARM GAS  /tmp/ccVR01d6.s 			page 14


 742 0090 3A       		.uleb128 0x3a
 743 0091 21       		.uleb128 0x21
 744 0092 05       		.sleb128 5
 745 0093 3B       		.uleb128 0x3b
 746 0094 0B       		.uleb128 0xb
 747 0095 39       		.uleb128 0x39
 748 0096 0B       		.uleb128 0xb
 749 0097 49       		.uleb128 0x49
 750 0098 13       		.uleb128 0x13
 751 0099 00       		.byte	0
 752 009a 00       		.byte	0
 753 009b 0C       		.uleb128 0xc
 754 009c 0F       		.uleb128 0xf
 755 009d 00       		.byte	0
 756 009e 0B       		.uleb128 0xb
 757 009f 21       		.uleb128 0x21
 758 00a0 04       		.sleb128 4
 759 00a1 49       		.uleb128 0x49
 760 00a2 13       		.uleb128 0x13
 761 00a3 00       		.byte	0
 762 00a4 00       		.byte	0
 763 00a5 0D       		.uleb128 0xd
 764 00a6 26       		.uleb128 0x26
 765 00a7 00       		.byte	0
 766 00a8 49       		.uleb128 0x49
 767 00a9 13       		.uleb128 0x13
 768 00aa 00       		.byte	0
 769 00ab 00       		.byte	0
 770 00ac 0E       		.uleb128 0xe
 771 00ad 05       		.uleb128 0x5
 772 00ae 00       		.byte	0
 773 00af 03       		.uleb128 0x3
 774 00b0 0E       		.uleb128 0xe
 775 00b1 3A       		.uleb128 0x3a
 776 00b2 21       		.uleb128 0x21
 777 00b3 06       		.sleb128 6
 778 00b4 3B       		.uleb128 0x3b
 779 00b5 0B       		.uleb128 0xb
 780 00b6 39       		.uleb128 0x39
 781 00b7 0B       		.uleb128 0xb
 782 00b8 49       		.uleb128 0x49
 783 00b9 13       		.uleb128 0x13
 784 00ba 00       		.byte	0
 785 00bb 00       		.byte	0
 786 00bc 0F       		.uleb128 0xf
 787 00bd 11       		.uleb128 0x11
 788 00be 01       		.byte	0x1
 789 00bf 25       		.uleb128 0x25
 790 00c0 0E       		.uleb128 0xe
 791 00c1 13       		.uleb128 0x13
 792 00c2 0B       		.uleb128 0xb
 793 00c3 03       		.uleb128 0x3
 794 00c4 0E       		.uleb128 0xe
 795 00c5 1B       		.uleb128 0x1b
 796 00c6 0E       		.uleb128 0xe
 797 00c7 10       		.uleb128 0x10
 798 00c8 17       		.uleb128 0x17
ARM GAS  /tmp/ccVR01d6.s 			page 15


 799 00c9 00       		.byte	0
 800 00ca 00       		.byte	0
 801 00cb 10       		.uleb128 0x10
 802 00cc 24       		.uleb128 0x24
 803 00cd 00       		.byte	0
 804 00ce 0B       		.uleb128 0xb
 805 00cf 0B       		.uleb128 0xb
 806 00d0 3E       		.uleb128 0x3e
 807 00d1 0B       		.uleb128 0xb
 808 00d2 03       		.uleb128 0x3
 809 00d3 08       		.uleb128 0x8
 810 00d4 00       		.byte	0
 811 00d5 00       		.byte	0
 812 00d6 11       		.uleb128 0x11
 813 00d7 13       		.uleb128 0x13
 814 00d8 01       		.byte	0x1
 815 00d9 0B       		.uleb128 0xb
 816 00da 0B       		.uleb128 0xb
 817 00db 3A       		.uleb128 0x3a
 818 00dc 0B       		.uleb128 0xb
 819 00dd 3B       		.uleb128 0x3b
 820 00de 05       		.uleb128 0x5
 821 00df 39       		.uleb128 0x39
 822 00e0 0B       		.uleb128 0xb
 823 00e1 01       		.uleb128 0x1
 824 00e2 13       		.uleb128 0x13
 825 00e3 00       		.byte	0
 826 00e4 00       		.byte	0
 827 00e5 12       		.uleb128 0x12
 828 00e6 16       		.uleb128 0x16
 829 00e7 00       		.byte	0
 830 00e8 03       		.uleb128 0x3
 831 00e9 0E       		.uleb128 0xe
 832 00ea 3A       		.uleb128 0x3a
 833 00eb 0B       		.uleb128 0xb
 834 00ec 3B       		.uleb128 0x3b
 835 00ed 05       		.uleb128 0x5
 836 00ee 39       		.uleb128 0x39
 837 00ef 0B       		.uleb128 0xb
 838 00f0 49       		.uleb128 0x49
 839 00f1 13       		.uleb128 0x13
 840 00f2 00       		.byte	0
 841 00f3 00       		.byte	0
 842 00f4 13       		.uleb128 0x13
 843 00f5 17       		.uleb128 0x17
 844 00f6 01       		.byte	0x1
 845 00f7 0B       		.uleb128 0xb
 846 00f8 0B       		.uleb128 0xb
 847 00f9 3A       		.uleb128 0x3a
 848 00fa 0B       		.uleb128 0xb
 849 00fb 3B       		.uleb128 0x3b
 850 00fc 0B       		.uleb128 0xb
 851 00fd 39       		.uleb128 0x39
 852 00fe 0B       		.uleb128 0xb
 853 00ff 01       		.uleb128 0x1
 854 0100 13       		.uleb128 0x13
 855 0101 00       		.byte	0
ARM GAS  /tmp/ccVR01d6.s 			page 16


 856 0102 00       		.byte	0
 857 0103 14       		.uleb128 0x14
 858 0104 34       		.uleb128 0x34
 859 0105 00       		.byte	0
 860 0106 03       		.uleb128 0x3
 861 0107 0E       		.uleb128 0xe
 862 0108 3A       		.uleb128 0x3a
 863 0109 0B       		.uleb128 0xb
 864 010a 3B       		.uleb128 0x3b
 865 010b 0B       		.uleb128 0xb
 866 010c 39       		.uleb128 0x39
 867 010d 0B       		.uleb128 0xb
 868 010e 49       		.uleb128 0x49
 869 010f 13       		.uleb128 0x13
 870 0110 00       		.byte	0
 871 0111 00       		.byte	0
 872 0112 15       		.uleb128 0x15
 873 0113 2E       		.uleb128 0x2e
 874 0114 00       		.byte	0
 875 0115 3F       		.uleb128 0x3f
 876 0116 19       		.uleb128 0x19
 877 0117 03       		.uleb128 0x3
 878 0118 0E       		.uleb128 0xe
 879 0119 3A       		.uleb128 0x3a
 880 011a 0B       		.uleb128 0xb
 881 011b 3B       		.uleb128 0x3b
 882 011c 05       		.uleb128 0x5
 883 011d 39       		.uleb128 0x39
 884 011e 0B       		.uleb128 0xb
 885 011f 27       		.uleb128 0x27
 886 0120 19       		.uleb128 0x19
 887 0121 3C       		.uleb128 0x3c
 888 0122 19       		.uleb128 0x19
 889 0123 00       		.byte	0
 890 0124 00       		.byte	0
 891 0125 16       		.uleb128 0x16
 892 0126 2E       		.uleb128 0x2e
 893 0127 00       		.byte	0
 894 0128 3F       		.uleb128 0x3f
 895 0129 19       		.uleb128 0x19
 896 012a 03       		.uleb128 0x3
 897 012b 0E       		.uleb128 0xe
 898 012c 3A       		.uleb128 0x3a
 899 012d 0B       		.uleb128 0xb
 900 012e 3B       		.uleb128 0x3b
 901 012f 05       		.uleb128 0x5
 902 0130 39       		.uleb128 0x39
 903 0131 0B       		.uleb128 0xb
 904 0132 27       		.uleb128 0x27
 905 0133 19       		.uleb128 0x19
 906 0134 00       		.byte	0
 907 0135 00       		.byte	0
 908 0136 17       		.uleb128 0x17
 909 0137 2E       		.uleb128 0x2e
 910 0138 00       		.byte	0
 911 0139 3F       		.uleb128 0x3f
 912 013a 19       		.uleb128 0x19
ARM GAS  /tmp/ccVR01d6.s 			page 17


 913 013b 03       		.uleb128 0x3
 914 013c 0E       		.uleb128 0xe
 915 013d 3A       		.uleb128 0x3a
 916 013e 0B       		.uleb128 0xb
 917 013f 3B       		.uleb128 0x3b
 918 0140 0B       		.uleb128 0xb
 919 0141 39       		.uleb128 0x39
 920 0142 0B       		.uleb128 0xb
 921 0143 27       		.uleb128 0x27
 922 0144 19       		.uleb128 0x19
 923 0145 00       		.byte	0
 924 0146 00       		.byte	0
 925 0147 18       		.uleb128 0x18
 926 0148 2E       		.uleb128 0x2e
 927 0149 00       		.byte	0
 928 014a 03       		.uleb128 0x3
 929 014b 0E       		.uleb128 0xe
 930 014c 3A       		.uleb128 0x3a
 931 014d 0B       		.uleb128 0xb
 932 014e 3B       		.uleb128 0x3b
 933 014f 0B       		.uleb128 0xb
 934 0150 39       		.uleb128 0x39
 935 0151 0B       		.uleb128 0xb
 936 0152 27       		.uleb128 0x27
 937 0153 19       		.uleb128 0x19
 938 0154 00       		.byte	0
 939 0155 00       		.byte	0
 940 0156 19       		.uleb128 0x19
 941 0157 2E       		.uleb128 0x2e
 942 0158 01       		.byte	0x1
 943 0159 03       		.uleb128 0x3
 944 015a 0E       		.uleb128 0xe
 945 015b 3A       		.uleb128 0x3a
 946 015c 0B       		.uleb128 0xb
 947 015d 3B       		.uleb128 0x3b
 948 015e 0B       		.uleb128 0xb
 949 015f 39       		.uleb128 0x39
 950 0160 0B       		.uleb128 0xb
 951 0161 27       		.uleb128 0x27
 952 0162 19       		.uleb128 0x19
 953 0163 01       		.uleb128 0x1
 954 0164 13       		.uleb128 0x13
 955 0165 00       		.byte	0
 956 0166 00       		.byte	0
 957 0167 00       		.byte	0
 958              		.section	.gnu.debuglto_.debug_line,"e",%progbits
 959              	.Ldebug_line0:
 960 0000 6C000000 		.4byte	.LELT0-.LSLT0
 961              	.LSLT0:
 962 0004 0500     		.2byte	0x5
 963 0006 04       		.byte	0x4
 964 0007 00       		.byte	0
 965 0008 64000000 		.4byte	.LELTP0-.LASLTP0
 966              	.LASLTP0:
 967 000c 01       		.byte	0x1
 968 000d 01       		.byte	0x1
 969 000e 01       		.byte	0x1
ARM GAS  /tmp/ccVR01d6.s 			page 18


 970 000f F6       		.byte	0xf6
 971 0010 F2       		.byte	0xf2
 972 0011 0D       		.byte	0xd
 973 0012 00       		.byte	0
 974 0013 01       		.byte	0x1
 975 0014 01       		.byte	0x1
 976 0015 01       		.byte	0x1
 977 0016 01       		.byte	0x1
 978 0017 00       		.byte	0
 979 0018 00       		.byte	0
 980 0019 00       		.byte	0
 981 001a 01       		.byte	0x1
 982 001b 00       		.byte	0
 983 001c 00       		.byte	0
 984 001d 01       		.byte	0x1
 985 001e 01       		.byte	0x1
 986 001f 01       		.uleb128 0x1
 987 0020 1F       		.uleb128 0x1f
 988 0021 08       		.uleb128 0x8
 989 0022 89020000 		.4byte	.LASF82
 990 0026 E3010000 		.4byte	.LASF83
 991 002a D1000000 		.4byte	.LASF84
 992 002e A0000000 		.4byte	.LASF85
 993 0032 12020000 		.4byte	.LASF86
 994 0036 4C010000 		.4byte	.LASF87
 995 003a 22000000 		.4byte	.LASF88
 996 003e 0A000000 		.4byte	.LASF89
 997 0042 02       		.byte	0x2
 998 0043 01       		.uleb128 0x1
 999 0044 1F       		.uleb128 0x1f
 1000 0045 02       		.uleb128 0x2
 1001 0046 0B       		.uleb128 0xb
 1002 0047 08       		.uleb128 0x8
 1003 0048 2C010000 		.4byte	.LASF90
 1004 004c 00       		.byte	0
 1005 004d DA010000 		.4byte	.LASF91
 1006 0051 06       		.byte	0x6
 1007 0052 0B010000 		.4byte	.LASF92
 1008 0056 04       		.byte	0x4
 1009 0057 00000000 		.4byte	.LASF93
 1010 005b 05       		.byte	0x5
 1011 005c BF010000 		.4byte	.LASF94
 1012 0060 01       		.byte	0x1
 1013 0061 CD010000 		.4byte	.LASF95
 1014 0065 02       		.byte	0x2
 1015 0066 03010000 		.4byte	.LASF96
 1016 006a 07       		.byte	0x7
 1017 006b 1C010000 		.4byte	.LASF97
 1018 006f 03       		.byte	0x3
 1019              	.LELTP0:
 1020              	.LELT0:
 1021              		.section	.gnu.debuglto_.debug_str,"eMS",%progbits,1
 1022              	.LASF32:
 1023 0000 41484231 		.ascii	"AHB1LPENR\000"
 1023      4C50454E 
 1023      5200
 1024              	.LASF66:
ARM GAS  /tmp/ccVR01d6.s 			page 19


 1025 000a 50434461 		.ascii	"PCData\000"
 1025      746100
 1026              	.LASF50:
 1027 0011 4F535045 		.ascii	"OSPEEDR\000"
 1027      45445200 
 1028              	.LASF22:
 1029 0019 41504231 		.ascii	"APB1RSTR\000"
 1029      52535452 
 1029      00
 1030              	.LASF26:
 1031 0022 41484232 		.ascii	"AHB2ENR\000"
 1031      454E5200 
 1032              	.LASF75:
 1033 002a 474E5520 		.ascii	"GNU C17 11.3.1 20220712 -mcpu=cortex-m4 -mthumb -mf"
 1033      43313720 
 1033      31312E33 
 1033      2E312032 
 1033      30323230 
 1034 005d 6C6F6174 		.ascii	"loat-abi=soft -march=armv7e-m -ggdb -O2 -fomit-fram"
 1034      2D616269 
 1034      3D736F66 
 1034      74202D6D 
 1034      61726368 
 1035 0090 652D706F 		.ascii	"e-pointer -falign-functions=16 -ffunction-sections "
 1035      696E7465 
 1035      72202D66 
 1035      616C6967 
 1035      6E2D6675 
 1036 00c3 2D666461 		.ascii	"-fdata-sections -fno-common -flto\000"
 1036      74612D73 
 1036      65637469 
 1036      6F6E7320 
 1036      2D666E6F 
 1037              	.LASF5:
 1038 00e5 73686F72 		.ascii	"short int\000"
 1038      7420696E 
 1038      7400
 1039              	.LASF6:
 1040 00ef 73697A65 		.ascii	"size_t\000"
 1040      5F7400
 1041              	.LASF56:
 1042 00f6 73746D33 		.ascii	"stm32_gpio_t\000"
 1042      325F6770 
 1042      696F5F74 
 1042      00
 1043              	.LASF73:
 1044 0103 6770696F 		.ascii	"gpiop\000"
 1044      7000
 1045              	.LASF39:
 1046 0109 42444352 		.ascii	"BDCR\000"
 1046      00
 1047              	.LASF42:
 1048 010e 504C4C49 		.ascii	"PLLI2SCFGR\000"
 1048      32534346 
 1048      475200
 1049              	.LASF10:
 1050 0119 5F5F7569 		.ascii	"__uint32_t\000"
ARM GAS  /tmp/ccVR01d6.s 			page 20


 1050      6E743332 
 1050      5F7400
 1051              	.LASF70:
 1052 0124 6770696F 		.ascii	"gpio_config_t\000"
 1052      5F636F6E 
 1052      6669675F 
 1052      7400
 1053              	.LASF7:
 1054 0132 5F5F7569 		.ascii	"__uint16_t\000"
 1054      6E743136 
 1054      5F7400
 1055              	.LASF41:
 1056 013d 53534347 		.ascii	"SSCGR\000"
 1056      5200
 1057              	.LASF52:
 1058 0143 42535252 		.ascii	"BSRR\000"
 1058      00
 1059              	.LASF34:
 1060 0148 41484233 		.ascii	"AHB3LPENR\000"
 1060      4C50454E 
 1060      5200
 1061              	.LASF74:
 1062 0152 636F6E66 		.ascii	"config\000"
 1062      696700
 1063              	.LASF17:
 1064 0159 43464752 		.ascii	"CFGR\000"
 1064      00
 1065              	.LASF29:
 1066 015e 41504231 		.ascii	"APB1ENR\000"
 1066      454E5200 
 1067              	.LASF49:
 1068 0166 4F545950 		.ascii	"OTYPER\000"
 1068      455200
 1069              	.LASF44:
 1070 016d 44434B43 		.ascii	"DCKCFGR\000"
 1070      46475200 
 1071              	.LASF27:
 1072 0175 41484233 		.ascii	"AHB3ENR\000"
 1072      454E5200 
 1073              	.LASF64:
 1074 017d 50414461 		.ascii	"PAData\000"
 1074      746100
 1075              	.LASF1:
 1076 0184 6C6F6E67 		.ascii	"long long int\000"
 1076      206C6F6E 
 1076      6720696E 
 1076      7400
 1077              	.LASF51:
 1078 0192 50555044 		.ascii	"PUPDR\000"
 1078      5200
 1079              	.LASF59:
 1080 0198 6F737065 		.ascii	"ospeedr\000"
 1080      65647200 
 1081              	.LASF9:
 1082 01a0 6C6F6E67 		.ascii	"long int\000"
 1082      20696E74 
 1082      00
ARM GAS  /tmp/ccVR01d6.s 			page 21


 1083              	.LASF67:
 1084 01a9 50444461 		.ascii	"PDData\000"
 1084      746100
 1085              	.LASF45:
 1086 01b0 5243435F 		.ascii	"RCC_TypeDef\000"
 1086      54797065 
 1086      44656600 
 1087              	.LASF48:
 1088 01bc 4D4F4445 		.ascii	"MODER\000"
 1088      5200
 1089              	.LASF23:
 1090 01c2 41504232 		.ascii	"APB2RSTR\000"
 1090      52535452 
 1090      00
 1091              	.LASF47:
 1092 01cb 636C6561 		.ascii	"clear\000"
 1092      7200
 1093              	.LASF2:
 1094 01d1 6C6F6E67 		.ascii	"long double\000"
 1094      20646F75 
 1094      626C6500 
 1095              	.LASF4:
 1096 01dd 756E7369 		.ascii	"unsigned char\000"
 1096      676E6564 
 1096      20636861 
 1096      7200
 1097              	.LASF30:
 1098 01eb 41504232 		.ascii	"APB2ENR\000"
 1098      454E5200 
 1099              	.LASF3:
 1100 01f3 7369676E 		.ascii	"signed char\000"
 1100      65642063 
 1100      68617200 
 1101              	.LASF12:
 1102 01ff 6C6F6E67 		.ascii	"long long unsigned int\000"
 1102      206C6F6E 
 1102      6720756E 
 1102      7369676E 
 1102      65642069 
 1103              	.LASF14:
 1104 0216 75696E74 		.ascii	"uint32_t\000"
 1104      33325F74 
 1104      00
 1105              	.LASF58:
 1106 021f 6F747970 		.ascii	"otyper\000"
 1106      657200
 1107              	.LASF19:
 1108 0226 41484232 		.ascii	"AHB2RSTR\000"
 1108      52535452 
 1108      00
 1109              	.LASF13:
 1110 022f 75696E74 		.ascii	"uint16_t\000"
 1110      31365F74 
 1110      00
 1111              	.LASF11:
 1112 0238 6C6F6E67 		.ascii	"long unsigned int\000"
 1112      20756E73 
ARM GAS  /tmp/ccVR01d6.s 			page 22


 1112      69676E65 
 1112      6420696E 
 1112      7400
 1113              	.LASF80:
 1114 024a 73746D33 		.ascii	"stm32_gpio_init\000"
 1114      325F6770 
 1114      696F5F69 
 1114      6E697400 
 1115              	.LASF55:
 1116 025a 41465248 		.ascii	"AFRH\000"
 1116      00
 1117              	.LASF16:
 1118 025f 504C4C43 		.ascii	"PLLCFGR\000"
 1118      46475200 
 1119              	.LASF54:
 1120 0267 4146524C 		.ascii	"AFRL\000"
 1120      00
 1121              	.LASF8:
 1122 026c 73686F72 		.ascii	"short unsigned int\000"
 1122      7420756E 
 1122      7369676E 
 1122      65642069 
 1122      6E7400
 1123              	.LASF36:
 1124 027f 41504231 		.ascii	"APB1LPENR\000"
 1124      4C50454E 
 1124      5200
 1125              	.LASF15:
 1126 0289 63686172 		.ascii	"char\000"
 1126      00
 1127              	.LASF72:
 1128 028e 5F5F6561 		.ascii	"__early_init\000"
 1128      726C795F 
 1128      696E6974 
 1128      00
 1129              	.LASF46:
 1130 029b 5F426F6F 		.ascii	"_Bool\000"
 1130      6C00
 1131              	.LASF77:
 1132 02a1 2F686F6D 		.ascii	"/home/rob/Projects/ChibiStudio/ChibiStudio_23/works"
 1132      652F726F 
 1132      622F5072 
 1132      6F6A6563 
 1132      74732F43 
 1133 02d4 70616365 		.ascii	"pace_trunk/STM32_GPIB_firmware/\000"
 1133      5F747275 
 1133      6E6B2F53 
 1133      544D3332 
 1133      5F475049 
 1134              	.LASF33:
 1135 02f4 41484232 		.ascii	"AHB2LPENR\000"
 1135      4C50454E 
 1135      5200
 1136              	.LASF68:
 1137 02fe 50454461 		.ascii	"PEData\000"
 1137      746100
 1138              	.LASF21:
ARM GAS  /tmp/ccVR01d6.s 			page 23


 1139 0305 52455345 		.ascii	"RESERVED0\000"
 1139      52564544 
 1139      3000
 1140              	.LASF24:
 1141 030f 52455345 		.ascii	"RESERVED1\000"
 1141      52564544 
 1141      3100
 1142              	.LASF28:
 1143 0319 52455345 		.ascii	"RESERVED2\000"
 1143      52564544 
 1143      3200
 1144              	.LASF31:
 1145 0323 52455345 		.ascii	"RESERVED3\000"
 1145      52564544 
 1145      3300
 1146              	.LASF35:
 1147 032d 52455345 		.ascii	"RESERVED4\000"
 1147      52564544 
 1147      3400
 1148              	.LASF38:
 1149 0337 52455345 		.ascii	"RESERVED5\000"
 1149      52564544 
 1149      3500
 1150              	.LASF40:
 1151 0341 52455345 		.ascii	"RESERVED6\000"
 1151      52564544 
 1151      3600
 1152              	.LASF43:
 1153 034b 52455345 		.ascii	"RESERVED7\000"
 1153      52564544 
 1153      3700
 1154              	.LASF53:
 1155 0355 4C4F434B 		.ascii	"LOCKR\000"
 1155      5200
 1156              	.LASF69:
 1157 035b 50484461 		.ascii	"PHData\000"
 1157      746100
 1158              	.LASF25:
 1159 0362 41484231 		.ascii	"AHB1ENR\000"
 1159      454E5200 
 1160              	.LASF81:
 1161 036a 6770696F 		.ascii	"gpio_init\000"
 1161      5F696E69 
 1161      7400
 1162              	.LASF79:
 1163 0374 73746D33 		.ascii	"stm32_clock_init\000"
 1163      325F636C 
 1163      6F636B5F 
 1163      696E6974 
 1163      00
 1164              	.LASF60:
 1165 0385 70757064 		.ascii	"pupdr\000"
 1165      7200
 1166              	.LASF62:
 1167 038b 61667268 		.ascii	"afrh\000"
 1167      00
 1168              	.LASF63:
ARM GAS  /tmp/ccVR01d6.s 			page 24


 1169 0390 6770696F 		.ascii	"gpio_setup_t\000"
 1169      5F736574 
 1169      75705F74 
 1169      00
 1170              	.LASF61:
 1171 039d 6166726C 		.ascii	"afrl\000"
 1171      00
 1172              	.LASF57:
 1173 03a2 6D6F6465 		.ascii	"moder\000"
 1173      7200
 1174              	.LASF18:
 1175 03a8 41484231 		.ascii	"AHB1RSTR\000"
 1175      52535452 
 1175      00
 1176              	.LASF20:
 1177 03b1 41484233 		.ascii	"AHB3RSTR\000"
 1177      52535452 
 1177      00
 1178              	.LASF76:
 1179 03ba 626F6172 		.ascii	"boards/BLACKPILL_F401CC/board.c\000"
 1179      64732F42 
 1179      4C41434B 
 1179      50494C4C 
 1179      5F463430 
 1180              	.LASF65:
 1181 03da 50424461 		.ascii	"PBData\000"
 1181      746100
 1182              	.LASF0:
 1183 03e1 756E7369 		.ascii	"unsigned int\000"
 1183      676E6564 
 1183      20696E74 
 1183      00
 1184              	.LASF71:
 1185 03ee 626F6172 		.ascii	"boardInit\000"
 1185      64496E69 
 1185      7400
 1186              	.LASF37:
 1187 03f8 41504232 		.ascii	"APB2LPENR\000"
 1187      4C50454E 
 1187      5200
 1188              	.LASF78:
 1189 0402 6770696F 		.ascii	"gpio_default_config\000"
 1189      5F646566 
 1189      61756C74 
 1189      5F636F6E 
 1189      66696700 
 1190              		.section	.gnu.debuglto_.debug_line_str,"eMS",%progbits,1
 1191              	.LASF93:
 1192 0000 5F737464 		.ascii	"_stdint.h\000"
 1192      696E742E 
 1192      6800
 1193              	.LASF89:
 1194 000a 626F6172 		.ascii	"boards/BLACKPILL_F401CC\000"
 1194      64732F42 
 1194      4C41434B 
 1194      50494C4C 
 1194      5F463430 
ARM GAS  /tmp/ccVR01d6.s 			page 25


 1195              	.LASF88:
 1196 0022 2F686F6D 		.ascii	"/home/rob/Projects/ChibiStudio/ChibiStudio_23/tools"
 1196      652F726F 
 1196      622F5072 
 1196      6F6A6563 
 1196      74732F43 
 1197 0055 2F474E55 		.ascii	"/GNU Tools ARM Embedded/11.3.1 2022q3/lib/gcc/arm-n"
 1197      20546F6F 
 1197      6C732041 
 1197      524D2045 
 1197      6D626564 
 1198 0088 6F6E652D 		.ascii	"one-eabi/11.3.1/include\000"
 1198      65616269 
 1198      2F31312E 
 1198      332E312F 
 1198      696E636C 
 1199              	.LASF85:
 1200 00a0 2E2E2F2E 		.ascii	"../../chibios_trunk/os/hal/ports/STM32/STM32F4xx\000"
 1200      2E2F6368 
 1200      6962696F 
 1200      735F7472 
 1200      756E6B2F 
 1201              	.LASF84:
 1202 00d1 2E2E2F2E 		.ascii	"../../chibios_trunk/os/hal/ports/STM32/LLD/GPIOv2\000"
 1202      2E2F6368 
 1202      6962696F 
 1202      735F7472 
 1202      756E6B2F 
 1203              	.LASF96:
 1204 0103 626F6172 		.ascii	"board.c\000"
 1204      642E6300 
 1205              	.LASF92:
 1206 010b 5F646566 		.ascii	"_default_types.h\000"
 1206      61756C74 
 1206      5F747970 
 1206      65732E68 
 1206      00
 1207              	.LASF97:
 1208 011c 68616C5F 		.ascii	"hal_lld_type1.h\000"
 1208      6C6C645F 
 1208      74797065 
 1208      312E6800 
 1209              	.LASF90:
 1210 012c 626F6172 		.ascii	"boards/BLACKPILL_F401CC/board.c\000"
 1210      64732F42 
 1210      4C41434B 
 1210      50494C4C 
 1210      5F463430 
 1211              	.LASF87:
 1212 014c 2F686F6D 		.ascii	"/home/rob/Projects/ChibiStudio/ChibiStudio_23/tools"
 1212      652F726F 
 1212      622F5072 
 1212      6F6A6563 
 1212      74732F43 
 1213 017f 2F474E55 		.ascii	"/GNU Tools ARM Embedded/11.3.1 2022q3/arm-none-eabi"
 1213      20546F6F 
 1213      6C732041 
ARM GAS  /tmp/ccVR01d6.s 			page 26


 1213      524D2045 
 1213      6D626564 
 1214 01b2 2F696E63 		.ascii	"/include/sys\000"
 1214      6C756465 
 1214      2F737973 
 1214      00
 1215              	.LASF94:
 1216 01bf 73746D33 		.ascii	"stm32f401xe.h\000"
 1216      32663430 
 1216      3178652E 
 1216      6800
 1217              	.LASF95:
 1218 01cd 73746D33 		.ascii	"stm32_gpio.h\000"
 1218      325F6770 
 1218      696F2E68 
 1218      00
 1219              	.LASF91:
 1220 01da 73746464 		.ascii	"stddef.h\000"
 1220      65662E68 
 1220      00
 1221              	.LASF83:
 1222 01e3 2E2E2F2E 		.ascii	"../../chibios_trunk/os/common/ext/ST/STM32F4xx\000"
 1222      2E2F6368 
 1222      6962696F 
 1222      735F7472 
 1222      756E6B2F 
 1223              	.LASF86:
 1224 0212 2F686F6D 		.ascii	"/home/rob/Projects/ChibiStudio/ChibiStudio_23/tools"
 1224      652F726F 
 1224      622F5072 
 1224      6F6A6563 
 1224      74732F43 
 1225 0245 2F474E55 		.ascii	"/GNU Tools ARM Embedded/11.3.1 2022q3/arm-none-eabi"
 1225      20546F6F 
 1225      6C732041 
 1225      524D2045 
 1225      6D626564 
 1226 0278 2F696E63 		.ascii	"/include/machine\000"
 1226      6C756465 
 1226      2F6D6163 
 1226      68696E65 
 1226      00
 1227              	.LASF82:
 1228 0289 2F686F6D 		.ascii	"/home/rob/Projects/ChibiStudio/ChibiStudio_23/works"
 1228      652F726F 
 1228      622F5072 
 1228      6F6A6563 
 1228      74732F43 
 1229 02bc 70616365 		.ascii	"pace_trunk/STM32_GPIB_firmware/\000"
 1229      5F747275 
 1229      6E6B2F53 
 1229      544D3332 
 1229      5F475049 
 1230              		.text
 1231              		.section	.gnu.lto_.profile.b9380e0144f56735,"e",%progbits
 1232 0000 789C6362 		.ascii	"x\234cb\000\001\000\000\022\000\003"
 1232      00010000 
ARM GAS  /tmp/ccVR01d6.s 			page 27


 1232      120003
 1233              		.text
 1234              		.section	.gnu.lto_.icf.b9380e0144f56735,"e",%progbits
 1235 0000 789C7BCE 		.ascii	"x\234{\316\200\000\314\014\323\256\035z\317\236\301"
 1235      8000CC0C 
 1235      D3AE1D7A 
 1235      CF9EC1
 1236 000f C4C0C448 		.ascii	"\304\300\304H$f\032\012\230\261\351\365\227\013\234"
 1236      24661A0A 
 1236      98B1E9F5 
 1236      970B9C
 1237 001e 0C4C6726 		.ascii	"\014Lg&u\365\26030\000\000\303\201\013]"
 1237      75F5B033 
 1237      300000C3 
 1237      810B5D
 1238              		.text
 1239              		.section	.gnu.lto_.ipa_sra.b9380e0144f56735,"e",%progbits
 1240 0000 789CE367 		.ascii	"x\234\343g@\000f\006\006FF\0060d\002\022\000\002\023"
 1240      40006606 
 1240      06464606 
 1240      30640212 
 1240      000213
 1241 0013 001B     		.ascii	"\000\033"
 1242              		.text
 1243              		.section	.gnu.lto_.inline.b9380e0144f56735,"e",%progbits
 1244 0000 789C2B67 		.ascii	"x\234+g@\000f\006\006\353\206\206\206\013\314\031\214"
 1244      40006606 
 1244      06EB8686 
 1244      860BCC19 
 1244      8C
 1245 0011 0C4C0540 		.ascii	"\014L\005@\326\001\346\014\006\0066 \243\201)\205\211"
 1245      D601E60C 
 1245      06063620 
 1245      A3812985 
 1245      89
 1246 0022 8109A486 		.ascii	"\201\011\244\206\221\201\025\310}\300\224\316\010\342"
 1246      918115C8 
 1246      7DC094CE 
 1246      08E2
 1247 0030 3702D975 		.ascii	"7\002\331u\030J\270\020$\023\0033D\016\267r\006\000"
 1247      184AB810 
 1247      24130333 
 1247      440EB772 
 1247      0600
 1248 0042 64F71833 		.ascii	"d\367\0303"
 1249              		.text
 1250              		.section	.gnu.lto_.jmpfuncs.b9380e0144f56735,"e",%progbits
 1251 0000 789CE365 		.ascii	"x\234\343e@\000f f\0041\230\200\030\000\001\226\000"
 1251      40006620 
 1251      66043198 
 1251      80180001 
 1251      9600
 1252 0012 14       		.ascii	"\024"
 1253              		.text
 1254              		.section	.gnu.lto_.pureconst.b9380e0144f56735,"e",%progbits
 1255 0000 789CE362 		.ascii	"x\234\343b```f\230\305\3028\203\205\251\201\005\000"
 1255      60606066 
ARM GAS  /tmp/ccVR01d6.s 			page 28


 1255      98C5C238 
 1255      8385A981 
 1255      0500
 1256 0012 09BC01CF 		.ascii	"\011\274\001\317"
 1257              		.text
 1258              		.section	.gnu.lto_.ipa_modref.b9380e0144f56735,"e",%progbits
 1259 0000 789C3361 		.ascii	"x\2343a@\000&\006\006\005\001\001\006F&f fa\004s\230"
 1259      40002606 
 1259      06050101 
 1259      06462666 
 1259      20666104 
 1260 0016 601C2656 		.ascii	"`\034&V\010\315\000\021\207\020\014\014\000,\021\001"
 1260      08CD0011 
 1260      87100C0C 
 1260      002C1101 
 1261 0026 64       		.ascii	"d"
 1262              		.text
 1263              		.section	.gnu.lto_.lto.b9380e0144f56735,"e",%progbits
 1264 0000 0B000300 		.ascii	"\013\000\003\000\001\000\000\000"
 1264      01000000 
 1265              		.text
 1266              		.section	.gnu.lto_stm32_gpio_init.387.b9380e0144f56735,"e",%progbits
 1267 0000 789CA5D7 		.ascii	"x\234\245\327oL\023g\034\007\360\347\367\\[\312 \220"
 1267      6F4C1367 
 1267      1C07F0E7 
 1267      F75C5BCA 
 1267      2090
 1268 0012 6D59B277 		.ascii	"mY\262wc\333\233env\253\316\027{\265I2C\304\215\205"
 1268      63DB9B65 
 1268      6E76ABCE 
 1268      177BB549 
 1268      3243C48D 
 1269 0027 2D8B3186 		.ascii	"-\2131\206\360W;\202\225\"!\306\020\016\020ud\023p\032"
 1269      F0573B82 
 1269      952221C6 
 1269      100E1075 
 1269      6413701A 
 1270 003b 8C6188DB 		.ascii	"\214a\210\333X\0101!\2331C\035R\020\020\013T(\264\314"
 1270      58083121 
 1270      9B31431D 
 1270      5210100B 
 1270      5428B4CC 
 1271 004f 1902EB9C 		.ascii	"\031\002\353\234#\352\020t\231fb\272\337\363\334\365"
 1271      23EA1074 
 1271      996662BA 
 1271      DFF3DCF5 
 1272 005f EEE99FEB 		.ascii	"\356\351\237\353\033H\036zO\357{\277\373\335}\356\256"
 1272      1B481E7A 
 1272      4FEF7BBF 
 1272      FBDD7DEE 
 1272      AE
 1273 0070 EDA93442 		.ascii	"\355\2514BN\020B^\305\001\022\201c-\215\224\310\262"
 1273      4E10425E 
 1273      C5011281 
 1273      632D8D94 
 1273      C8B2
 1274 0082 FC5E1285 		.ascii	"\374^\022\205\332\226\306d\370\031\370\014H\015\205"
ARM GAS  /tmp/ccVR01d6.s 			page 29


 1274      DA96C664 
 1274      F819F80C 
 1274      480D85
 1275 0091 1A3823D9 		.ascii	"\0328#\331p\372x\370n\307\354\306Z\271\341\305;\204"
 1275      70FA78F8 
 1275      6EC7ECC6 
 1275      5AB9E1C5 
 1275      3B84
 1276 00a3 D410F52F 		.ascii	"\324\020\365/\205/[\314\200\013\325\027\200\230\301"
 1276      852F5BCC 
 1276      800BD517 
 1276      8098C1
 1277 00b2 F23C98F0 		.ascii	"\362<\230\360\377\013\220a\006k\025\276\361\246[\226"
 1277      FF0B9061 
 1277      066B15BE 
 1277      F1A65B96 
 1278 00c2 974F777E 		.ascii	"\227Ow~\235\326\014\007~\201\352Kp\021H\037PZ\275h5"
 1278      9DD60C07 
 1278      7E81EA4B 
 1278      7011481F 
 1278      505ABD68 
 1279 00d7 C33AB6F2 		.ascii	"\303:\266\362b\347\341\264\346Z+\256\255Q\327be\334"
 1279      62E7E1B4 
 1279      E65A2BAE 
 1279      AD51D762 
 1279      65DC
 1280 00e9 BA09B4CD 		.ascii	"\272\011\264\315\033\202\013 ?\267\277_\335\336\015"
 1280      1B820B20 
 1280      3FB7BF5F 
 1280      DDDE0D
 1281 00f8 54AA7E18 		.ascii	"T\252~\030\265=\256\255Q\327\362\355SX\327\177\332\007"
 1281      B53DAEAD 
 1281      51D7F2ED 
 1281      5358D77F 
 1281      DA07
 1282 010a E032905E 		.ascii	"\3402\220^\250f\275\016\002\3571\321^\331\272\3466\331"
 1282      A866BD0E 
 1282      02EF31D1 
 1282      5ED9BAE6 
 1282      36D9
 1283 011c 7D3083C4 		.ascii	"}0\203\304+\330\373\227}\030\206\264\202#k.\370\370"
 1283      2BD8FB97 
 1283      7D1886B4 
 1283      82236B2E 
 1283      F8F8
 1284 012e 9EFD1A8C 		.ascii	"\236\375\032\214j\005=k\357p\311>\001\343ZA\357\332"
 1284      6A053D6B 
 1284      EF70C93E 
 1284      01E35A41 
 1284      EFDA
 1285 0140 3BBC6F9F 		.ascii	";\274o\237\202I\255\240o\355\035\256\332\3750\243\025"
 1285      8249ADA0 
 1285      6FED1DAE 
 1285      DAFD30A3 
 1285      15
 1286 0151 0CB0826C 		.ascii	"\014\260\202lm\217\317\354\226WCM\262<\273nl5\230\374"
 1286      6D8FCFEC 
ARM GAS  /tmp/ccVR01d6.s 			page 30


 1286      9657434D 
 1286      B23CBB6E 
 1286      6C3598FC 
 1287 0165 2E106AA2 		.ascii	".\020j\2428$\034&\034f\034\026\034I8\2548Rq\244\343"
 1287      38241C26 
 1287      1C661C16 
 1287      1C4938AC 
 1287      385271A4 
 1288 017a 20A45D62 		.ascii	" \244]b\027\260l\002\331M\310i\211*\223z\234<\242r\360"
 1288      17B06C02 
 1288      D94DC869 
 1288      892A937A 
 1288      9C3CA272 
 1289 018f A907C813 		.ascii	"\251\007\310\023:x9Y\002\2744+\371eZ\011\362\362\021"
 1289      3A783959 
 1289      02BC342B 
 1289      F9655A09 
 1289      F2F211
 1290 01a2 192FD5B3 		.ascii	"\031/\325\263\354b\267V\334\200_\201lz\271\3747pb+O"
 1290      EC62B756 
 1290      DC805F81 
 1290      6C7AB9FC 
 1290      3770622B 
 1291 01b7 68FDF1C3 		.ascii	"h\375\361\303 Q\011,\257\301Kl\343\007\215\020\223\235"
 1291      2051092C 
 1291      AFC14B6C 
 1291      E3078D10 
 1291      939D
 1292 01c9 635989B2 		.ascii	"cY\211\262}\274\242\356@\212\011\315\207\013\236\304"
 1292      7DBCA2EE 
 1292      408A09CD 
 1292      870B9EC4 
 1293 01d9 822649C2 		.ascii	"\202&I\302\202\013\241P(\335\250h\220\0275\211ES\243"
 1293      820BA150 
 1293      28DDA868 
 1293      90173589 
 1293      4553A3
 1294 01ec 426770B1 		.ascii	"Bgp\261\374\026\257\213\251o[\201\037eH;JsL\321\333"
 1294      FC16AF8B 
 1294      A96F5B81 
 1294      1F65483B 
 1294      4A734CD1 
 1295 0201 50A61F95 		.ascii	"P\246\037\225\005\233\274\011F\373_dQ\311\242\354_h"
 1295      059BBC09 
 1295      46FB5F64 
 1295      51C9A2EC 
 1295      5F68
 1296 0213 22292679 		.ascii	"\")&y\007J\365\242V))A\321{,*Y\305z\351\361\016j\211"
 1296      074AF5A2 
 1296      56292941 
 1296      D17B2C2A 
 1296      59C57AE9 
 1297 022b 97640775 		.ascii	"\227d\007u^9\250\3261\366Z\227\001}`9\200q$S\346nF\351"
 1297      5E39A8D6 
 1297      31F65A97 
 1297      017D6039 
 1297      80712453 
ARM GAS  /tmp/ccVR01d6.s 			page 31


 1298 0243 60948DF8 		.ascii	"`\224\215\370\272\213\260j\246\342\007\260\302\336\332"
 1298      BA8BB06A 
 1298      A6E207B0 
 1298      C2DEDA
 1299 0252 745096BB 		.ascii	"tP\226\273\336(|\010\371\2044\302!Y^\204\375\377@//"
 1299      DE287C08 
 1299      F98434C2 
 1299      21595E84 
 1299      FDFF402F 
 1300 0267 F947BFE7 		.ascii	"\371G\277\347(\300\200R~\332\223\014\203j\327~jf\373"
 1300      28C08052 
 1300      7EDA930C 
 1300      836AD77E 
 1300      6A66FB
 1301 027a E09548DE 		.ascii	"\340\225H\3362\374\2534\325\225Z\376\010v\342\243\003"
 1301      32FCAB34 
 1301      D5955AFE 
 1301      0876E2A3 
 1301      03
 1302 028b E1646E1D 		.ascii	"\341dn\035\364{\204M\242\303\377\301\016%\334\303\225"
 1302      F47B844D 
 1302      A2C3FFC1 
 1302      0E25DCC3 
 1302      95
 1303 029c 597E3651 		.ascii	"Y~6Q\376)lW\362\015\362L\007?\355\301\033\211\3622\375"
 1303      FE296C57 
 1303      F20DF24C 
 1303      073FEDC1 
 1303      1B89F232 
 1304 02b1 4CC98742 		.ascii	"L\311\207B\022O\337L\224\256\247\237\252\255/\015t\233"
 1304      124FDF4C 
 1304      94AEA79F 
 1304      AAAD2F0D 
 1304      749B
 1305 02c3 797E2E51 		.ascii	"y~.Q\376\020\315U\363\356\327yz>Q\372\013\372\261\222"
 1305      FE10CD55 
 1305      F3EED779 
 1305      7A3E51FA 
 1305      0BFAB192 
 1306 02d7 EE98AE9B 		.ascii	"\356\230\256\233a\347\246n\241u\214}~\000{\022\250N"
 1306      61E7A66E 
 1306      A1758C7D 
 1306      7E007B12 
 1306      A84E
 1307 02e9 CA3DD896 		.ascii	"\312=\330\226\242\314\257p\307#\232\343\020D\012~EE"
 1307      A2CCAF70 
 1307      C7239AE3 
 1307      10440A7E 
 1307      4545
 1308 02fb C1A3F423 		.ascii	"\301\243\364#]\260\211\212\202\303\272\340HT\213_R\275"
 1308      5DB0898A 
 1308      82C3BAE0 
 1308      48548B5F 
 1308      52BD
 1309 030d C516BA13 		.ascii	"\305\026\272\023\237\322\330\"\211O'f\217\323\035J6"
 1309      9FD2D822 
 1309      894F2766 
ARM GAS  /tmp/ccVR01d6.s 			page 32


 1309      8FD31D4A 
 1309      36
 1310 031e 644C27E6 		.ascii	"dL'\346[\351v%\357\357\362\253'7\206N\314\237B\272\021"
 1310      5BE97625 
 1310      EFEFF2AB 
 1310      2737864E 
 1310      CC9F42BA 
 1311 0333 805A1ADF 		.ascii	"\200Z\032\337M\214\266\241\033F\217\321\370db\264\035"
 1311      4D8CB6A1 
 1311      1B468FD1 
 1311      F86462B4 
 1311      1D
 1312 0344 C9F4688C 		.ascii	"\311\364h\214\227\030\355@/\336\260\314\357\252\205"
 1312      9718ED40 
 1312      2FDEB0CC 
 1312      EFAA85
 1313 0353 6F14AC2B 		.ascii	"o\024\254+a\254!\365,\375\244b]\345X\315\032\326h\024"
 1313      61AC21F5 
 1313      2CFDA462 
 1313      5DE558CD 
 1313      1AD66814 
 1314 0367 D6F71158 		.ascii	"\326\367\021X\235t\233\216\365C\004\3265\035+\272\277"
 1314      9D749B8E 
 1314      F54304D6 
 1314      351D2BBA 
 1314      BF
 1315 0378 EF84FEBA 		.ascii	"\357\204\376\272\020\313\243\035J\214\225\030\355F+"
 1315      10CBA31D 
 1315      4A8C9518 
 1315      ED462B
 1316 0387 8C9EA0F1 		.ascii	"\214\236\240\361\231\304\350Yd\362p\246n\3773\361\225"
 1316      99C4E859 
 1316      64F270A6 
 1316      6EFF33F1 
 1316      95
 1317 0398 C4780F2A 		.ascii	"\304x\017*y\214\225\304\350\217\250\3441V\022\243\347"
 1317      798C95C4 
 1317      E88FA8E4 
 1317      315612A3 
 1317      E7
 1318 03a9 50C963AC 		.ascii	"P\311c\254$F\317\243\022\357\027\237\216\031\334\351"
 1318      2446CFA3 
 1318      12EF179F 
 1318      8E19DCE9 
 1319 03b9 9CE27435 		.ascii	"\234\342t5\3544\252:\365\252Nc\334\351\244\3464\036"
 1319      EC34AA3A 
 1319      F5AA4E63 
 1319      DCE9A4E6 
 1319      341E
 1320 03cb E57421C2 		.ascii	"\345t!\302\351\"\335\252;]\212p\232\320\235\274Q\035"
 1320      E922DDAA 
 1320      3B5D8A70 
 1320      9AD09DBC 
 1320      511D
 1321 03dd F60A1DF6 		.ascii	"\366\012\035\366\241\223\327\330I\214\366\243\223\327"
 1321      A193D7D8 
 1321      498CF6A3 
ARM GAS  /tmp/ccVR01d6.s 			page 33


 1321      93D7
 1322 03eb D8498C0E 		.ascii	"\330I\214\016\240\223Wu2\272\235\304\374\020By\215\241"
 1322      A0935775 
 1322      32BA9DC4 
 1322      FC104279 
 1322      8DA1
 1323 03fd C4E80842 		.ascii	"\304\350\010By\215\241\304\350(By\215\241\304\250\007"
 1323      798DA1C4 
 1323      E8284279 
 1323      8DA1C4A8 
 1323      07
 1324 040e A1C2D1BA 		.ascii	"\241\302\321\272\205\013\012\322X\030i\\E\272\254\""
 1324      850B0AD2 
 1324      5818695C 
 1324      45BAAC22 
 1325 041e 5DE7481D 		.ascii	"]\347H\035\032\322d\024\322D\004\222\227f\351H\327#"
 1325      1AD26414 
 1325      D2440492 
 1325      9766E948 
 1325      D723
 1326 0430 90A67424 		.ascii	"\220\246t$_Tw\343BwS\210\3443F\022\243\323\210\3443"
 1326      5F5477E3 
 1326      42775388 
 1326      E4334612 
 1326      A3D388E4 
 1327 0445 4612A37E 		.ascii	"F\022\243~D\302\350 \215\357#Fg\321\307g\354#Fo\240"
 1327      44C2E820 
 1327      8DEF2346 
 1327      67D1C767 
 1327      EC23466F 
 1328 045a 8FCFD847 		.ascii	"\217\317\330G\214\336D\037\237\261\217\030\235C\037"
 1328      8CDE441F 
 1328      9FB18F18 
 1328      9D431F
 1329 0469 9FE6D3AF 		.ascii	"\237\346\323\257\370\\\017\373L\252>\313\252\3174\367"
 1329      F85C0FFB 
 1329      4CAA3ECB 
 1329      AACF34F7 
 1330 0479 E9D57C66 		.ascii	"\351\325|f\242|\026\"|~\247[t\237`\204\217_\367\011"
 1330      A27C1622 
 1330      7C7EA75B 
 1330      749F6084 
 1330      8F5FF709 
 1331 048d 4475372F 		.ascii	"Du7/tw\013}\002\306>b\3646\372\004\214}\304\350\"\372"
 1331      74770B7D 
 1331      02C63E62 
 1331      F436FA04 
 1331      8C7DC4E8 
 1332 04a3 04D84D34 		.ascii	"\004\330M4i|\023\211\371\273\210\0240F\022\243\177#"
 1332      697C1389 
 1332      F9BB8814 
 1332      304612A3 
 1332      7F23
 1333 04b5 52C01849 		.ascii	"R\300\030I\214\336G\244\2001\222\030]A\244\200\206\264"
 1333      8CDE47A4 
 1333      80319218 
 1333      5D41A480 
ARM GAS  /tmp/ccVR01d6.s 			page 34


 1333      86B4
 1334 04c7 A2204D87 		.ascii	"\242 M\207\221\360g\002\011\261\257\025\037\362\337"
 1334      91F06702 
 1334      09B1AF15 
 1334      1FF2DF
 1335 04d6 9BED1228 		.ascii	"\233\355\022(_\355\353\334l\232k\333\355,+\266\271\234"
 1335      5FEDEBDC 
 1335      6C9A6BDB 
 1335      ED2C2BB6 
 1335      B99C
 1336 04e8 05B61C97 		.ascii	"\005\266\034\227\363\363\342\302}\025\266\314\335\216"
 1336      F3F3E2C2 
 1336      7D15B6CC 
 1336      DD8E
 1337 04f6 0247EEBE 		.ascii	"\002G\356\276\312\"\207S\\\316\263o\260U9]\245\025{"
 1337      CA228753 
 1337      5CCEB36F 
 1337      B055395D 
 1337      A5157B
 1338 0509 F30B8BF3 		.ascii	"\363\013\213\363\366\271*\367\224\332r?\331\266\301"
 1338      F6B92AF7 
 1338      94DA723F 
 1338      D9B6C1
 1339 0518 9EB72527 		.ascii	"\236\267%'ks^\211\303UV\225\357*\266\221\214\002g\276"
 1339      6B735E89 
 1339      C3555695 
 1339      EF2AB691 
 1339      8C0267BE 
 1340 052c ABA8C2B6 		.ascii	"\253\250\302\2669\373\375\314\2559Y\331\331y\037l|\353"
 1340      39FBFDCC 
 1340      AD3959D9 
 1340      D9791F6C 
 1340      7CEB
 1341 053e EDCC4C1B 		.ascii	"\355\314L\033\177\177}!1\357\332\353p\356}V\235\256"
 1341      7F7F7D21 
 1341      31EFDAEB 
 1341      70EE7D56 
 1341      9DAE
 1342 0550 2F292A28 		.ascii	"/)*(\336\224\377N\021\261\024:\367\2248v\375\017\024"
 1342      DE94FF4E 
 1342      11B1143A 
 1342      F7943876 
 1342      FD0F14
 1343 0563 07527A   		.ascii	"\007Rz"
 1344              		.text
 1345              		.section	.gnu.lto___early_init.388.b9380e0144f56735,"e",%progbits
 1346 0000 789C9BC9 		.ascii	"x\234\233\311\300\300P\006\304\312@\314\310\314\300"
 1346      C0C05006 
 1346      C4CA40CC 
 1346      C8CCC0
 1347 000f 38696217 		.ascii	"8ib\027\023CCC\203\003;\023c\343\304.N\306\355\214`"
 1347      13434343 
 1347      83033B13 
 1347      63E3C42E 
 1347      4EC6ED8C 
 1348 0024 1E23433D 		.ascii	"\036#C=\023c=\343Bf} \367\307\321\327\013\276J4\254"
 1348      13633DE3 
ARM GAS  /tmp/ccVR01d6.s 			page 35


 1348      42667D20 
 1348      F7C7D1D7 
 1348      0BBE4A34 
 1349 0039 38C0F88A 		.ascii	"8\300\370\212\201\241\236\001\012\270!lF ^\177\211\365"
 1349      81A19E01 
 1349      0AB8216C 
 1349      46205E7F 
 1349      89F5
 1350 004b 40C39FFF 		.ascii	"@\303\237\377\375\015\015g\0373\256Sga`\230\307\014"
 1350      FD0D0D67 
 1350      1F33AE53 
 1350      67616098 
 1350      C70C
 1351 005d 32B58185 		.ascii	"2\265\201\205\261\341\000\003\303|f&\010\247\021\310"
 1351      B1E10003 
 1351      C37C6626 
 1351      08A711C8 
 1352 006d F9CED4F0 		.ascii	"\371\316\324\360\350\3469F\206\277L\315\012\014]\214"
 1352      E8E63946 
 1352      86BF4CCD 
 1352      0A0C5D8C 
 1353 007d 4CB5D50C 		.ascii	"L\265\325\014\014L\314`\341[|\010\321r\260\350\177\246"
 1353      0C4CCC60 
 1353      E15B7C08 
 1353      D172B0E8 
 1353      7FA6
 1354 008f A60777FD 		.ascii	"\246\007w\375\300\326\315cfD\230\310\300\020\254\237"
 1354      C0D6CD63 
 1354      664498C8 
 1354      C010AC9F 
 1355 009f 919F9BAA 		.ascii	"\221\237\233\252_\224\237\244\037P\224\237\225\232\\"
 1355      5F949FA4 
 1355      1F50949F 
 1355      959A5C
 1356 00ae 52ACEF9C 		.ascii	"R\254\357\234\221\231\224\031\\R\232\222\231\217\314"
 1356      91999419 
 1356      5C529A92 
 1356      998FCC
 1357 00bd 8E3732D6 		.ascii	"\21672\326/\317/\312..HLN\215/)*\315\313\326\017\016"
 1357      2FCF2FCA 
 1357      2E2E484C 
 1357      4E8D2F29 
 1357      2ACDCBD6 
 1358 00d3 F135368A 		.ascii	"\36156\212w\017\360t\212O\313,\312-O,J\325gPH\312O,"
 1358      770FF074 
 1358      8A4FCB2C 
 1358      CA2D4F2C 
 1358      4AD56750 
 1359 00eb 4A29D677 		.ascii	"J)\326w\362qt\366\016\360\364\361\211w310tv\326\007"
 1359      F27174F6 
 1359      0EF0F4F1 
 1359      89773331 
 1359      307476D6 
 1360 0100 8BEB2533 		.ascii	"\213\353%3\000\000\235\351bb"
 1360      00009DE9 
 1360      6262
 1361              		.text
ARM GAS  /tmp/ccVR01d6.s 			page 36


 1362              		.section	.gnu.lto_boardInit.389.b9380e0144f56735,"e",%progbits
 1363 0000 789CCB67 		.ascii	"x\234\313g``(\003be fdf`\2344\261\213\211\241\241\241"
 1363      60602803 
 1363      62652066 
 1363      6466609C 
 1363      34B18B89 
 1364 0017 C1819D89 		.ascii	"\301\201\235\211\261qb\027'\343vF0\217\221\241\236\211"
 1364      B1716217 
 1364      27E37646 
 1364      308F91A1 
 1364      9E89
 1365 0029 B19E7121 		.ascii	"\261\236q!\263>\220\373\343\350\353\206\311\222\015"
 1365      B33E90FB 
 1365      E3E8EB86 
 1365      C9920D
 1366 0038 2B0E30BE 		.ascii	"+\0160\276b`\250g\200\002n\010\233\021\210\327_b=\320"
 1366      6260A867 
 1366      80026E08 
 1366      9B1188D7 
 1366      5F623DD0 
 1367 004c F0E77F7F 		.ascii	"\360\347\177\177C\303\327G\214\2634\231\030\030\346"
 1367      43C3D747 
 1367      8CB33499 
 1367      1818E6
 1368 005b 31834C6D 		.ascii	"1\203Lm`al8\300\3000\237\231\011\302i\004r\27635(1\374"
 1368      60616C38 
 1368      C0C0309F 
 1368      9909C269 
 1368      0472BE33 
 1369 0073 676A5200 		.ascii	"gjR\000\0332\217\231\021\241\216\201!X?#?7U\277(?I?"
 1369      1B328F99 
 1369      11A18E81 
 1369      21583F23 
 1369      3F3755BF 
 1370 008b A0283F2B 		.ascii	"\240(?+5\271\244X\3379#3)3\270\2444%3\037\231\035od"
 1370      35B9A458 
 1370      DF392333 
 1370      2933B8A4 
 1370      3425331F 
 1371 00a3 AC5F9E5F 		.ascii	"\254_\236_\224]\\\220\230\234\032_RT\232\227\255\037"
 1371      945D5C90 
 1371      989C1A5F 
 1371      52549A97 
 1371      AD1F
 1372 00b5 1CE26B6C 		.ascii	"\034\342kl\024\357\036\340\351\024\237\226Y\224[\236"
 1372      14EF1EE0 
 1372      E9149F96 
 1372      59945B9E 
 1373 00c5 5894AACF 		.ascii	"X\224\252\317\240\220\224\237X\224R\254\357\344\343"
 1373      A090949F 
 1373      589452AC 
 1373      EFE4E3
 1374 00d4 E8EC1DE0 		.ascii	"\350\354\035\340\351\343\023\357fb`\350\354\254\017"
 1374      E9E313EF 
 1374      666260E8 
 1374      ECAC0F
 1375 00e3 16D74B66 		.ascii	"\026\327Kf\000\000\307\304S\340"
ARM GAS  /tmp/ccVR01d6.s 			page 37


 1375      0000C7C4 
 1375      53E0
 1376              		.text
 1377              		.section	.gnu.lto_.symbol_nodes.b9380e0144f56735,"e",%progbits
 1378 0000 789C6B60 		.ascii	"x\234k`\000\002\246f\346z\266\006 `a\234p\216\201\241"
 1378      0002A666 
 1378      E67AB606 
 1378      2060619C 
 1378      708E81A1 
 1379 0014 9E816167 		.ascii	"\236\201agCcc\0033H\252\205\271\236\035EjWC##H\242\225"
 1379      43636303 
 1379      3348AA85 
 1379      B99E1D45 
 1379      6A574323 
 1380 002c B99E039B 		.ascii	"\271\236\003\233\004c\033s=\347\177(\220\007K20\000"
 1380      04631B73 
 1380      3DE77F28 
 1380      90074B32 
 1380      3000
 1381 003e D581E498 		.ascii	"\325\201\344\230\031\031 Z\234\230\031\231!\254\026"
 1381      1919205A 
 1381      9C981999 
 1381      21AC16
 1382 004d 460600CA 		.ascii	"F\006\000\312\275&o"
 1382      BD266F
 1383              		.text
 1384              		.section	.gnu.lto_.refs.b9380e0144f56735,"e",%progbits
 1385 0000 789C6364 		.ascii	"x\234cd\000\002\000\000\012\000\002"
 1385      00020000 
 1385      0A0002
 1386              		.text
 1387              		.section	.gnu.lto_.decls.b9380e0144f56735,"e",%progbits
 1388 0000 789CAD57 		.ascii	"x\234\255W}PT\327\025\277\367\356c\367B\210\300\244"
 1388      7D5054D7 
 1388      15BFF7EE 
 1388      63F74288 
 1388      C0A4
 1389 0012 694C9A4E 		.ascii	"iL\232N\375\2433a\354\304\025\020M;\355DYP\250$\354"
 1389      FDA33361 
 1389      ECC41510 
 1389      4D3BED44 
 1389      5950A824 
 1390 0027 2CA69D4E 		.ascii	",\246\235N;\263EX\"\025\\\262\254\211\351G\346.\254"
 1390      3BB34558 
 1390      22155CB2 
 1390      AC89E947 
 1390      E62EAC
 1391 003a B006358B 		.ascii	"\260\0065\213\215fE\223l\320D\242\006IL\"\022\215O "
 1391      8D664593 
 1391      6CD044A2 
 1391      06494C22 
 1391      128D4F20 
 1392 004e 8A8886F8 		.ascii	"\212\210\206\370\005(*\210\037\250\010h\242\342w\317"
 1392      05282A88 
 1392      1FA80868 
 1392      A2E277CF 
 1393 005e 7D1F17D6 		.ascii	"}\037\027\326\2324\177t\307\303\275\357\376\316\371"
ARM GAS  /tmp/ccVR01d6.s 			page 38


 1393      9A347F74 
 1393      C7C3BDEF 
 1393      FECEF9
 1394 006d 9D73CFB9 		.ascii	"\235s\317\271\357\334g_\024B\255\006\204:\020B\367\340"
 1394      EFDC675F 
 1394      1442AD06 
 1394      843A1042 
 1394      F7E0
 1395 007f 27C17810 		.ascii	"'\301x\020$\002\244\016\344g\030\241\024\220'@\276\202"
 1395      2402A40E 
 1395      E46718A1 
 1395      14902740 
 1395      BE82
 1396 0091 E764187F 		.ascii	"\347d\030\177\017\222\016\362<\210\025d9A\350\347H]"
 1396      0F920EF2 
 1396      3C881564 
 1396      3941E8E7 
 1396      485D
 1397 00a3 FF8BA6EF 		.ascii	"\377\213\246\357\004yJ\263\327m\0150\016\303Ha,\006"
 1397      04794AB3 
 1397      D76D0D30 
 1397      0EC34861 
 1397      2C06
 1398 00b5 F1827840 		.ascii	"\361\202x@\026\202\374\023\253\334\317\202\374\006\344"
 1398      1682FC13 
 1398      ABDCCF82 
 1398      FC06E4
 1399 00c4 D720BF05 		.ascii	"\327 \277\005I\002y\006d*\310k \377\000\371\027\310"
 1399      49027906 
 1399      642AC86B 
 1399      20FF00F9 
 1399      17C8
 1400 00d6 DF415E05 		.ascii	"\337A^\005Y\011\276\303\220\032O\251\026[\232\026\327"
 1400      5909BEC3 
 1400      901A4FA9 
 1400      165B9A16 
 1400      D7
 1401 00e7 DB80C1A0 		.ascii	"\333\200\301\240\304i|\004K\306G\3618\211\254\270^1"
 1401      C4697C04 
 1401      4BC647F1 
 1401      3889ACB8 
 1401      5E31
 1402 00f9 2146666C 		.ascii	"!Ffl\210\005\033\244\330:\274\005\320\255\252\206\017"
 1402      88051BA4 
 1402      D83ABC05 
 1402      D0ADAA86 
 1402      0F
 1403 010a 538224B2 		.ascii	"S\202$\262\344\310\351\200)\212q\025\331\033\376\210"
 1403      E4C8E980 
 1403      298A7115 
 1403      D91BFE88 
 1404 011a AAB20DA3 		.ascii	"\252\262\015\243\2708c,\346I\212\202\021\321H\224\310"
 1404      B838632C 
 1404      E6498A82 
 1404      11D14894 
 1404      C8
 1405 012b 945FF163 		.ascii	"\224_\361ch\007\367\203Pb$\235\001\0045\027OuGD\311"
ARM GAS  /tmp/ccVR01d6.s 			page 39


 1405      6807F783 
 1405      5062249D 
 1405      01043517 
 1405      4F754744 
 1406 0140 1A015208 		.ascii	"\032\001R\010v\342X\031\177\211\267c\211\234\257\335"
 1406      76E25819 
 1406      7F89B763 
 1406      899CAFDD 
 1407 0150 B82DEA31 		.ascii	"\270-\3521\205\237\005I\003V\0354b\356\203\207\3010"
 1407      859F0549 
 1407      03561D34 
 1407      62EE8387 
 1407      C130
 1408 0162 B5028BBF 		.ascii	"\265\002\213\277\262s\263!\252\373\301,\364\317\\s\230"
 1408      B273B321 
 1408      AAFBC12C 
 1408      F4CF5C73 
 1408      98
 1409 0173 FFA1B02F 		.ascii	"\377\241\260/\031\321,093\320S\371\360\375\221\267B"
 1409      19D12C30 
 1409      3933D053 
 1409      F9F0FD91 
 1409      B742
 1410 0185 E4F112D9 		.ascii	"\344\361\022\331qiY/\346^\275\252\327\026\274\007\300"
 1410      7169592F 
 1410      E65EBDAA 
 1410      D716BC07 
 1410      C0
 1411 0196 7D98E39C 		.ascii	"}\230\343\234f\010\321\271\210:\371\264\017Q7\037\273"
 1411      6608D1B9 
 1411      883AF9B4 
 1411      0F51371F 
 1411      BB
 1412 01a7 117D0D51 		.ascii	"\021}\015Q\037\346\363\016D\227\301\246W+\017m\210~"
 1412      1FE6F30E 
 1412      4497C1A6 
 1412      572B0F6D 
 1412      887E
 1413 01b9 000FB5CA 		.ascii	"\000\017\265\312C3\242\365\312\004\202h\202\325V\345"
 1413      4333A2F5 
 1413      CA048268 
 1413      82D556E5 
 1414 01c9 E1197A08 		.ascii	"\341\031z\010\346'\224\371Dz\026\346\003\312<\226^S"
 1414      E62794F9 
 1414      447A16E6 
 1414      03CA3C96 
 1414      5E53
 1415 01db C6719411 		.ascii	"\306q\224\021D\027\021>\037K\227\301|\2652\217\246\357"
 1415      4417113E 
 1415      1F4B97C1 
 1415      7CB5328F 
 1415      A6EF
 1416 01ed C3BC0664 		.ascii	"\303\274\006d\013\310\027 2H\263\202\3711l\225\205\323"
 1416      0BC81720 
 1416      3248B382 
 1416      F9316C95 
 1416      85D3
ARM GAS  /tmp/ccVR01d6.s 			page 40


 1417 01ff BD50A5A4 		.ascii	"\275P\245\244\015WO4\320\361?\370\033;~|\017c\303\355"
 1417      0D574F34 
 1417      D0F13FF8 
 1417      1B3B7E7C 
 1417      0F63C3ED 
 1418 0213 47CE9D9D 		.ascii	"G\316\235\235\262|a\031\363{\014\273\360Y\374\026Q\023"
 1418      B27C6119 
 1418      F37B0CBB 
 1418      F059FC16 
 1418      5113
 1419 0225 731A2401 		.ascii	"s\032$\001AFj__R\306\242\275\221\215\370\013\001\326"
 1419      41466A5F 
 1419      5F52C6A2 
 1419      BD918DF8 
 1419      0B01D6
 1420 0238 2B2098D7 		.ascii	"+ \230\327\372Tp\027\336-\300&\001\036/\327\300\013"
 1420      FA547017 
 1420      DE2DC026 
 1420      011E2FD7 
 1420      C00B
 1421 024a 023C0F52 		.ascii	"\002<\017R\207\025\264KG/\206\240\252\351E\035\354\026"
 1421      8715B44B 
 1421      472F86A0 
 1421      AAE9451D 
 1421      EC16
 1422 025c E00911D1 		.ascii	"\340\011\021\321\211\015\214\203\373p\037\200j\251\316"
 1422      890D8C83 
 1422      FB701F80 
 1422      6AA9CE
 1423 026b 09CB723D 		.ascii	"\011\313r=\242\341\220p5\247\375:\357\311\020^@9\361"
 1423      A2E19070 
 1423      35A7FD3A 
 1423      EFC9105E 
 1423      4039F1
 1424 027e 6D9DF880 		.ascii	"m\235\370\200 \376F\020\367\351\246gB\222\244\021w\350"
 1424      20FE4610 
 1424      F7E9A667 
 1424      4292A411 
 1424      77E8
 1425 0290 E865810E 		.ascii	"\350e\201\016\212\200/\351\274\307\005o\227\340\355"
 1425      8A802FE9 
 1425      BCC7056F 
 1425      97E0ED
 1426 029f D42D8742 		.ascii	"\324-\207B,5\336;:\332&\320\375\302\364\274\016\366"
 1426      2C35DE3B 
 1426      3ADA26D0 
 1426      FDC2F4BC 
 1426      0EF6
 1427 02b1 0AB04780 		.ascii	"\012\260G\200\003:xL\200\235\012\010\357^\3551\025l"
 1427      033A784C 
 1427      809D0A08 
 1427      EF5EED31 
 1427      156C
 1428 02c3 C09704D8 		.ascii	"\300\227\004\330?\342\364\246nzX\240\007\005\357Q\035"
 1428      3FE2F4A6 
 1428      6E7A58A0 
 1428      0705EF51 
ARM GAS  /tmp/ccVR01d6.s 			page 41


 1428      1D
 1429 02d4 1C083155 		.ascii	"\034\0101U\301\257u\360\212\000\367\250\274\334\353"
 1429      C1AF75F0 
 1429      8A00F7A8 
 1429      BCDCEB
 1430 02e3 05DDEBA9 		.ascii	"\005\335\353\251\220x5\257\255\272\355U\201\306\351"
 1430      907835AF 
 1430      ADBAED55 
 1430      81C6E9
 1431 02f2 BC7775EC 		.ascii	"\274wu\354\353\2204h\226\213\364\232\177\025r\0125t"
 1431      EB903468 
 1431      968BF49A 
 1431      7F15720A 
 1431      3574
 1432 0304 58B7ED10 		.ascii	"X\267\355\020\350\021\021\360~\035\3746$`\265n\367\364"
 1432      E81111F0 
 1432      7E1DFC36 
 1432      2460B56E 
 1432      F7F4
 1433 0316 BAED1575 		.ascii	"\272\355\025uk\026\226\203\272\345\321\220\374jN\367"
 1433      6B169683 
 1433      BAE5D190 
 1433      FC6A4EF7 
 1434 0326 E9E877A3 		.ascii	"\351\350w\2437\243\2363h2\262\204\256cx\331\321[D\306"
 1434      37A39E33 
 1434      6832B284 
 1434      AE6378D9 
 1434      D15B44C6 
 1435 033a 6F9015E4 		.ascii	"o\220\025\344\337d\011\361\222R\262\230\274N\356\340"
 1435      DF6409F1 
 1435      9252B298 
 1435      BC4EEEE0 
 1436 034a DBF81EBE 		.ascii	"\333\370\036\276\201K\210\217,%w\261\207,$\213\310r"
 1436      814B888F 
 1436      2C2577B1 
 1436      872C248B 
 1436      C872
 1437 035c B28CAC24 		.ascii	"\262\214\254$\345$@\212I\031\361\2237\311-\\Anbh\025"
 1437      E524408A 
 1437      4919F193 
 1437      37C92D5C 
 1437      416E6268 
 1438 0371 4871794B 		.ascii	"HqyKwy(\244jZ\356o\350\271o\017\311\002\240\364\214"
 1438      777928A4 
 1438      6A5AEE6F 
 1438      E8B96F0F 
 1438      C902A0F4 
 1439 0386 01DA6355 		.ascii	"\001\332cU\333\267\233\361\330\320\350*\311\377)<\211"
 1439      DBB79BF1 
 1439      D8D0E82A 
 1439      C9FF293C 
 1439      89
 1440 0397 1CA8E9BD 		.ascii	"\034\250\351\275\036)\256\226UZ\004\320\326\020\275"
 1440      1E29AE96 
 1440      555A04D0 
 1440      D610BD
 1441 03a6 6C40F41A 		.ascii	"l@\364\032\310m\020\217\204h\211\204\240\225ECO#t!\314"
ARM GAS  /tmp/ccVR01d6.s 			page 42


 1441      C86D108F 
 1441      84688984 
 1441      A0954543 
 1441      4F237421 
 1442 03bb 9F827BC5 		.ascii	"\237\202{\305\000\177\021-\227\200\351\322\362\033\253"
 1442      007F112D 
 1442      9780E9D2 
 1442      F21BAB
 1443 03ca 0CFC02E9 		.ascii	"\014\374\002\351grq\030\252\"k\010ZG\236\222\361\007"
 1443      67727118 
 1443      AA226B08 
 1443      5A479E92 
 1443      F107
 1444 03dc E47D42DF 		.ascii	"\344}B\337\004\025cgs\377\246\010hq\2404<tJ\336\362"
 1444      04156367 
 1444      73FFA608 
 1444      6871A034 
 1444      3C744ADE 
 1445 03f1 CBCD25AC 		.ascii	"\313\315%\254Z\306\325\344C\262\221(\006\352\311\342"
 1445      5AC6D5E4 
 1445      43B29128 
 1445      06EAC9E2 
 1446 0401 79D9DE5B 		.ascii	"y\331\336[\312\242\213#\253\311\332\321X\025\321\013"
 1446      CAA28B23 
 1446      ABC9DAD1 
 1446      5815D10B 
 1447 0411 45D4CB05 		.ascii	"E\324\313\005m\204L\254'\033\224\335\030\337h\254\371"
 1447      6D844CAC 
 1447      271B94DD 
 1447      18DF68AC 
 1447      F9
 1448 0422 EEA1F18F 		.ascii	"\356\241\361\217\217\347\267\311\227\275a\300\275\221"
 1448      8FE7B7C9 
 1448      97BD61C0 
 1448      BD91
 1449 0430 BC476A46 		.ascii	"\274GjF\237Z\365\012\203L\252k5`\276\211|\304\315y\022"
 1449      9F5AF50A 
 1449      834CAA6B 
 1449      3560BE89 
 1449      7CC4CD79 
 1450 0445 EAD72C1D 		.ascii	"\352\327,\035\003\035\267\001\007C\255$RY\277\257:\374"
 1450      031DB701 
 1450      0743AD24 
 1450      5259BFAF 
 1450      3AFC
 1451 0457 F1E0F75A 		.ascii	"\361\340\367Z\323\016HQ\027H7\310Y\220\001\220\253J"
 1451      D30E4851 
 1451      174837C8 
 1451      59900190 
 1451      AB4A
 1452 0469 CA64426F 		.ascii	"\312dBo\301\366\177\332_\262x\337\303j\213W~\374p\264"
 1452      C1F67FDA 
 1452      5FB278DF 
 1452      C36A8B57 
 1452      7EFC70B4 
 1453 047d 946887A3 		.ascii	"\224h\207\243\216l\373\357^\\\243\243\233\005\272g\004"
 1453      8E6CFBEF 
ARM GAS  /tmp/ccVR01d6.s 			page 43


 1453      5E5CA3A3 
 1453      9B05BA67 
 1453      04
 1454 048e FD48473F 		.ascii	"\375HG?\015A\023F\316\362\026\302\033\3606\210r'\221"
 1454      0D411346 
 1454      CEF216C2 
 1454      1BF03688 
 1454      722791
 1455 04a1 C917A49E 		.ascii	"\311\027\244\236|I\266\223\035\244\2014\222\255\372"
 1455      7C49B693 
 1455      1DA48134 
 1455      92ADFA
 1456 04b0 F9ACD369 		.ascii	"\371\254\323i>\0264\243\032\335&\035\375$\004M@\357"
 1456      3E1634A3 
 1456      1ADD261D 
 1456      FD24044D 
 1456      40EF
 1457 04c2 412A76AC 		.ascii	"A*v\254y\251Y\306\265\344]\201\211\2263\264QM\345.\374"
 1457      79A959C6 
 1457      B5E45D81 
 1457      899633B4 
 1457      514DE52E 
 1458 04d7 9900E304 		.ascii	"\231\000\343\004\353\006\235\365\363\321\240\372\002"
 1458      EB069DF5 
 1458      F3D1A0FA 
 1458      02
 1459 04e4 37EBD83B 		.ascii	"7\353\330;!\254\232\345\036\035};$a\011\210\2620(S\337"
 1459      21AC9AE5 
 1459      1E1D7D3B 
 1459      24610988 
 1459      B2302853 
 1460 04f9 E95D87C2 		.ascii	"\351]\207\302\307\206&\240\211\374@\006$r!x\374\\\204"
 1460      C78626A0 
 1460      89FC4006 
 1460      24722178 
 1460      FC5C84
 1461 050c 7805BED2 		.ascii	"x\005\276\322Hw\201\011\200\235\373\327m%\2271\020\372"
 1461      48778109 
 1461      809DFBD7 
 1461      6D259731 
 1461      10FA
 1462 051e 98EC69A2 		.ascii	"\230\354i\242\376\252>V\313X!\333\325\027\250,\355\363"
 1462      FEAA3E56 
 1462      CB5821DB 
 1462      D517A82C 
 1462      EDF3
 1463 0530 C55414F3 		.ascii	"\305T\024\363\216\344cO\004`\271\262\262\333O\202\006"
 1463      8EE4634F 
 1463      0460B9B2 
 1463      B2DB4F82 
 1463      06
 1464 0541 EE9CB192 		.ascii	"\356\234\261\222H\366)\377\322\232\303JJ\371\363\342"
 1464      48F629FF 
 1464      D29AC34A 
 1464      4AF9F3E2 
 1465 0551 B1C112F5 		.ascii	"\261\301\022\365\343\253\0153\271\224\325\312\306\252"
 1465      E3AB0D33 
ARM GAS  /tmp/ccVR01d6.s 			page 44


 1465      B994D5CA 
 1465      C6AA
 1466 055f 46561A60 		.ascii	"FV\032`\351\225\225}\315\334\005[\326\275\272,*X\322"
 1466      E995957D 
 1466      CDDC055B 
 1466      D6BDBA2C 
 1466      2A58D2
 1467 0572 E50B36B2 		.ascii	"\345\0136\262\307\203\300\022`^\271\002{\300\304#\263"
 1467      C783C012 
 1467      605EB902 
 1467      7BC0C423 
 1467      B3
 1468 0583 0A19FB83 		.ascii	"\012\031\373\203\253\227,\3656\365}\210+\2022\363\004"
 1468      AB972CF5 
 1468      36F57D88 
 1468      2B8232F3 
 1468      04
 1469 0594 651FF654 		.ascii	"e\037\366T\311>\017\350>VQ\334\304X\203\227zX\223\257"
 1469      C93E0FE8 
 1469      3E5651DC 
 1469      C4588397 
 1469      7A5893AF 
 1470 05a8 22D8E48B 		.ascii	"\"\330\344\213\361W5\261\212\252&_t\220\253H\376b\231"
 1470      F15735B1 
 1470      8AAA265F 
 1470      7490AB48 
 1470      FE6299
 1471 05bb F9835EEA 		.ascii	"\371\203^\352/\356\002W\262/\232\233\003N\375`\000\013"
 1471      2FEE0257 
 1471      B22F9A9B 
 1471      034EFD60 
 1471      000B
 1472 05cd 2CC60F81 		.ascii	",\306\017\201{\252\230?\306S\345\365x\3002\006`\366"
 1472      7BAA983F 
 1472      C653E5F5 
 1472      78C03206 
 1472      60F6
 1473 05df 5615F345 		.ascii	"V\025\363EWTyAWb\340\350\257\312g#P\360wq\252D\352\375"
 1473      57547941 
 1473      5762E0E8 
 1473      AFCA6723 
 1473      50F07771 
 1474 05f7 BB8F19AF 		.ascii	"\273\217\031\257\360\370\327\036\376\270\335\210\037"
 1474      F0F8D71E 
 1474      FEB8DD88 
 1474      1F
 1475 0604 F54F4578 		.ascii	"\365OExb4\375\200\327\343\303\341\256F\303\223\214w"
 1475      6234FD80 
 1475      D7E3C3E1 
 1475      AE46C393 
 1475      8C77
 1476 0616 05F6930B 		.ascii	"\005\366\223\013jW@-\004]\006\212X\177\200\015w]\014"
 1476      6A57402D 
 1476      045D068A 
 1476      587F800D 
 1476      775D0C
 1477 0629 B64FDA09 		.ascii	"\266O\332\011}\000t\246\266\220=<\355\360\333CP3\331"
ARM GAS  /tmp/ccVR01d6.s 			page 45


 1477      7D0074A6 
 1477      B6903D3C 
 1477      EDF0DB43 
 1477      5033D9
 1478 063c 4D120F51 		.ascii	"M\022\017Q\332\316y\316]\033\362D\304\006\002lh\375"
 1478      DACE79CE 
 1478      5D1BF244 
 1478      C406026C 
 1478      68FD
 1479 064e EE9734DD 		.ascii	"\356\2274\335VM\267U\323m\245\3644\327\335\276\362\323"
 1479      564DB755 
 1479      D36DA5F4 
 1479      34D7DDBE 
 1479      F2D3
 1480 0660 AB347675 		.ascii	"\2534vu\200\325\006\026\301a\341\005\222Z\310~M{\277"
 1480      80D50616 
 1480      C161E105 
 1480      925AC87E 
 1480      4D7BBF
 1481 0673 A6DD48E9 		.ascii	"\246\335H\351\000\327~\177}eqdl\000Z\322\335A\377\235"
 1481      00D77E7F 
 1481      7D657164 
 1481      6C005AD2 
 1481      DD41FF9D 
 1482 0687 A8401DF3 		.ascii	"\250@\035\363\206A\204m\232z\033?$\211\365\224\3564"
 1482      8641846D 
 1482      9A7A1B3F 
 1482      2489F594 
 1482      EE34
 1483 0699 82F2B185 		.ascii	"\202\362\261\205\037/U\2721\317\240\372\375|PU\244{"
 1483      1F2F55BA 
 1483      31CFA0FA 
 1483      FD7C5055 
 1483      A47B
 1484 06ab 39DEF7CD 		.ascii	"9\336\367\315\351\2410\005\2275\374\020\321\024$\022"
 1484      E9A13005 
 1484      9735FC10 
 1484      D1142412 
 1485 06bb 681F1C78 		.ascii	"h\037\034xH\034\264\303z\267'\034;\177d\335\3561\341"
 1485      481CB4C3 
 1485      7AB7271C 
 1485      3B7F64DD 
 1485      EE31E1
 1486 06ce 883F5E7E 		.ascii	"\210?^~\260\237\016\235\346pG\363\322\250\020\254\211"
 1486      B09F0E9D 
 1486      E67047F3 
 1486      D2A810AC 
 1486      89
 1487 06df 08F0FCC9 		.ascii	"\010\360\374\311U\253L\302G\247\346\343\250\342\243"
 1487      55AB4CC2 
 1487      47A7E6E3 
 1487      A8E2A3
 1488 06ee BDDB57C0 		.ascii	"\275\333W\300]\034%\355D\"e\201O\332\311\375\225\351"
 1488      5D1C25ED 
 1488      44226581 
 1488      4FDAC9FD 
 1488      95E9
ARM GAS  /tmp/ccVR01d6.s 			page 46


 1489 0700 22E81811 		.ascii	"\"\350\030\021\225\031:\250U\306?\265\213\034P]\034"
 1489      95193AA8 
 1489      55C63FB5 
 1489      8B1C505D 
 1489      1C
 1490 0711 87899AC0 		.ascii	"\207\211\232\300.J;\214\210\036\007\351\0019\0072\010"
 1490      2E4A3B8C 
 1490      881E07E9 
 1490      01390732 
 1490      08
 1491 0722 72CDC83F 		.ascii	"r\315\310?{\237\204\276\327\215\351mHJ\364\332\003\207"
 1491      7B9F84BE 
 1491      D78DE96D 
 1491      484AF4DA 
 1491      0387
 1492 0734 574A7ADF 		.ascii	"WJz\337\343\241\035\273R\010m\243\001\367\220\013!}"
 1492      E3A11DBB 
 1492      52086DA3 
 1492      01F7900B 
 1492      217D
 1493 0746 8BF7FDCE 		.ascii	"\213\367\375\316:\306\302\341:\354\025\230\270\022\216"
 1493      3AC6C2E1 
 1493      3AEC1598 
 1493      B8128E
 1494 0755 6BD04901 		.ascii	"k\320I\001\211O9\365m?CNC\360\027 \320>r\221\234#\003"
 1494      894F39F5 
 1494      6D3F434E 
 1494      43F01720 
 1494      D03E7291 
 1495 076c E43CB944 		.ascii	"\344<\271D\372\265\346^{T\263?5\232Z\273\206Oj\330Y"
 1495      FAB5E65E 
 1495      7B54B33F 
 1495      359A5ABB 
 1495      864F6AD8 
 1496 0781 81F58B90 		.ascii	"\201\365\213\220Nh\330\211\020\277\232a\227\006v\207"
 1496      4E68D889 
 1496      10BF9A61 
 1496      97067687 
 1497 0791 ECA58EF7 		.ascii	"\354\245\216\367\216\301\3177\225\251\275H\026\321\035"
 1497      8EC1CF37 
 1497      95A9BD48 
 1497      16D11D
 1498 07a0 220F0C4F 		.ascii	"\"\017\014O\"\003[\336\361\030E\341\0065\256!~\021{"
 1498      22035BDE 
 1498      F11845E1 
 1498      0635AE21 
 1498      7E117B
 1499 07b3 4C8097EF 		.ascii	"L\200\227\357]Qm\032\033\272\325\357!\243>\023\242o"
 1499      5D516D1A 
 1499      1BBAD5EF 
 1499      21A33E13 
 1499      A26F
 1500 07c5 80AC0079 		.ascii	"\200\254\000y\333\304\313Q\315\377\027"
 1500      DBC4CB51 
 1500      CDFF17
 1501 07d0 2247D0B5 		.ascii	"\"G\320\265@5\246\343\316\273\035&\355\177\033\274y"
 1501      4035A6E3 
ARM GAS  /tmp/ccVR01d6.s 			page 47


 1501      CEBB1D26 
 1501      ED7F1BBC 
 1501      79
 1502 07e1 AD5EA37C 		.ascii	"\255^\243|N]!7\0103\2509\254\037\371\370.\327\321\313"
 1502      4E5D2137 
 1502      0833A839 
 1502      AC1FF9F8 
 1502      2ED7D1CB 
 1503 07f5 02DD2FBE 		.ascii	"\002\335/\276\304\356\024\363\335_!\337\011\254G`\203"
 1503      C4EE14F3 
 1503      DD5F21DF 
 1503      09AC4760 
 1503      83
 1504 0806 1A764D60 		.ascii	"\032vM`\372\005\\\353\3239\277\025X\347\210\307\233"
 1504      FA055CEB 
 1504      D339BF15 
 1504      58E788C7 
 1504      9B
 1505 0817 9AE15501 		.ascii	"\232\341U\001\366\343\320o\264ar\035V\231A\306w\310"
 1505      F6E3D06F 
 1505      B461721D 
 1505      569941C6 
 1505      77C8
 1506 0829 3D729BDC 		.ascii	"=r\233\334%\267\310Me\353\033x\256>Y\337\263\216\216"
 1506      25B7C84D 
 1506      65EB1B78 
 1506      AE3E59DF 
 1506      B38E8E
 1507 083c 245ED1F6 		.ascii	"$^\321\366\030\036\240.\221\305-Mw\015\"\355\305\006"
 1507      181EA02E 
 1507      91C52D4D 
 1507      770D22ED 
 1507      C506
 1508 084e 35ED2506 		.ascii	"5\355%\006\240\332jB\277z\323\317\206\266\225d\370q"
 1508      A0DA6A42 
 1508      BF7AD3CF 
 1508      86B69564 
 1508      F871
 1509 0860 B1C10BE6 		.ascii	"\261\301\013\346\252_\257\001\177\206\023k\250D\252"
 1509      AA5FAF01 
 1509      7F86136B 
 1509      A844AA
 1510 086f DBCAFD63 		.ascii	"\333\312\375c\356\253\360\203\317\037\264\311\315Gz"
 1510      EEABF083 
 1510      CF1FB4C9 
 1510      CD477A
 1511 087e 47DECC16 		.ascii	"G\336\314\026\255\300e\340\011\205\333R2Sl\177HI\236"
 1511      ADC065E0 
 1511      0985DB52 
 1511      32536C7F 
 1511      48499E
 1512 0891 F28BD9CE 		.ascii	"\362\213\331\316,WN\2219)}\232e\2465-=\335>}\322\304"
 1512      2C574E91 
 1512      39297D9A 
 1512      65A6352D 
 1512      3DDD3E7D 
 1513 08a7 388BC5AC 		.ascii	"8\213\305\254\254O\310\2463\236\177a\234%n\012\212\321"
ARM GAS  /tmp/ccVR01d6.s 			page 48


 1513      AC4FC8A6 
 1513      339E7F61 
 1513      9C256E0A 
 1513      8AD1
 1514 08b9 1626E4E6 		.ascii	"\026&\344\346\314vL\316J\314At~\336<wB\274\335\035a"
 1514      CC764CCE 
 1514      4ACC4174 
 1514      7EDE3C77 
 1514      42BCDD1D 
 1515 08ce 4D4F4F8B 		.ascii	"MOO\213\317\264L\237a\013\313\314\264\314\260\011\372"
 1515      CFB44C9F 
 1515      610BCBCC 
 1515      B4CCB009 
 1515      FA
 1516 08df C9064BA6 		.ascii	"\311\006K\246MJJ\266\214,%\206O\263&\305\247[S\236\267"
 1516      4D4A4AB6 
 1516      8C2C2586 
 1516      4FB326C5 
 1516      A75B539E 
 1517 08f4 F1599C3A 		.ascii	"\361Y\234:\323\321I\341\323R\223\02244U\350\245\336"
 1517      D3D149E1 
 1517      D3529312 
 1517      343455E8 
 1517      A5DE
 1518 0906 AF9760E2 		.ascii	"\257\227`\342,\260\302\307\270\321H\274\2113(H\252\246"
 1518      2CB0C2C7 
 1518      B8D148BC 
 1518      89332848 
 1518      AAA6
 1519 0918 911AAA11 		.ascii	"\221\032\252\021G\271\255-s\226\215O\342\370D`\023)"
 1519      47B9AD2D 
 1519      73968D4F 
 1519      E2F84460 
 1519      1329
 1520 092a B756B154 		.ascii	"\267V\261T])UU2X\322l\022\337\244\011\366\313Gb\261"
 1520      5D295555 
 1520      3258D26C 
 1520      12DFA409 
 1520      F6CB4762 
 1521 093f 99922D33 		.ascii	"\231\222-3\3714\323<\307Y\3400\273\234\263\315V\227"
 1521      F934D33C 
 1521      C759E030 
 1521      BB9CB3CD 
 1521      5697
 1522 0951 F36F8E6C 		.ascii	"\363o\216lw\221\3312'ov^\246{~N\236s\364\334\036\237"
 1522      7791D932 
 1522      276F765E 
 1522      A67B7E4E 
 1522      9E73F4DC 
 1523 0967 607EC5E9 		.ascii	"`~\305\351\232[T\230\225\355\260\273]\363\347\3155g"
 1523      9A5B5498 
 1523      95EDB0BB 
 1523      5DF3E7CD 
 1523      3567
 1524 0979 CE7A0E12 		.ascii	"\316z\016\0229\303\232\226d\317\315s\025\274\222\345"
 1524      39C39A96 
 1524      64CFCD73 
ARM GAS  /tmp/ccVR01d6.s 			page 49


 1524      15BC92E5 
 1525 0989 7298D1EF 		.ascii	"r\230\321\357&L0\303\277ln\352,\3224\235E\346lgA\201"
 1525      264C30C3 
 1525      BF6C6EEA 
 1525      2CD2349D 
 1525      45E66C67 
 1526 099f 739ED9B1 		.ascii	"s\236\331\261\300\015v\252\351\364I\013\026\230\213"
 1526      C00D76AA 
 1526      E9F4490B 
 1526      16988B
 1527 09ae DC0509F1 		.ascii	"\334\005\011\361\271P\275\005\216\011s\320C6\213\305"
 1527      B950BD05 
 1527      8E0973D0 
 1527      43368BC5 
 1528 09be 3EEBD542 		.ascii	">\353\325BG\262#W\2326\335\226\036\226\236a\231\011"
 1528      47B22357 
 1528      9A36DD96 
 1528      1E969E61 
 1528      9909
 1529 09d0 C5C8B4D9 		.ascii	"\305\310\264\331\360\037qjXv\276#\313\245\3240n\262"
 1529      F01F716A 
 1529      5876BE23 
 1529      CBA5D430 
 1529      6EB2
 1530 09e2 DD6D2872 		.ascii	"\335m(r\270\237\375\036\207s\262\362\315\205N\027lI"
 1530      B89FFD1E 
 1530      8773B2F2 
 1530      CD854E17 
 1530      6C49
 1531 09f4 71664E4F 		.ascii	"qfNOO6C\254\031/\307\253>\355/\026\3469\301\245!#\331"
 1531      4F3643AC 
 1531      192FC7AB 
 1531      3EED2F16 
 1531      E639C1A5 
 1532 0a0b 66484BB6 		.ascii	"fHK\266\205Y_\260&\333L\031\231\326\224\224d\2331c\326"
 1532      85595FB0 
 1532      26DB4C19 
 1532      99D69494 
 1532      649B3163 
 1533 0a20 9FAC29B6 		.ascii	"\237\254)\266\260\3472\222Sl<\222\324\310\021+p\034"
 1533      B0E73292 
 1533      536C3C92 
 1533      D4C8112B 
 1533      701C
 1534 0a32 37198567 		.ascii	"7\031\205g\271\012^\236\342x\272\000Ed\203\037\307\202"
 1534      B90A5E9E 
 1534      E278BA00 
 1534      4564831F 
 1534      C782
 1535 0a44 A70B26A1 		.ascii	"\247\013&\241\250QZy\363\362\334\343\376\307IE\221v"
 1535      A8515A79 
 1535      F3F2DCE3 
 1535      FEC74945 
 1535      9176
 1536 0a56 3BEC28FF 		.ascii	";\354(\377UE;\\YM\203Y\264\312\223\235\357\314\236\253"
 1536      55453B5C 
 1536      594D8359 
ARM GAS  /tmp/ccVR01d6.s 			page 50


 1536      B4CA939D 
 1536      EFCC9EAB 
 1537 0a6a 40D37EE4 		.ascii	"@\323~\3446G2\013\210=??\307\356\206t\306\301F\303E"
 1537      3647320B 
 1537      883D3F3F 
 1537      C7EE8674 
 1537      C6C146C3 
 1538 0a7f 5091CA0C 		.ascii	"P\221\312\014r7\277\320\356\226\262r]\371\006g\216+"
 1538      7237BFD0 
 1538      EE96B272 
 1538      5DF90667 
 1538      8E2B
 1539 0a91 AC707E61 		.ascii	"\254p~a\216\313\344,*t8r\\F'\267s\205\0258s\034.\256"
 1539      8ECBE42C 
 1539      2A743872 
 1539      5C4627B7 
 1539      73851538 
 1540 0aa9 33C7684D 		.ascii	"3\307hMI\316rg\031\255\311\352`Q\207$u\230\246\016\251"
 1540      49CE7267 
 1540      19ADC9EA 
 1540      60518724 
 1540      7598A60E 
 1541 0abe 7C7858E1 		.ascii	"|xX\341\317v\316\313\315{\321\356~Dy\312q\344f\315\317"
 1541      CF76CECB 
 1541      CD7BD1EE 
 1541      7E4479CA 
 1541      71E466CD 
 1542 0ad3 776BABFF 		.ascii	"wk\253\377\001\035\207\326\010"
 1542      011D87D6 
 1542      08
 1543              		.text
 1544              		.section	.gnu.lto_.symtab.b9380e0144f56735,"e",%progbits
 1545 0000 5F5F6561 		.ascii	"__early_init\000"
 1545      726C795F 
 1545      696E6974 
 1545      00
 1546 000d 00       		.ascii	"\000"
 1547 000e 00       		.ascii	"\000"
 1548 000f 00       		.ascii	"\000"
 1549 0010 00000000 		.ascii	"\000\000\000\000\000\000\000\000"
 1549      00000000 
 1550 0018 4C010000 		.ascii	"L\001\000\000"
 1551 001c 626F6172 		.ascii	"boardInit\000"
 1551      64496E69 
 1551      7400
 1552 0026 00       		.ascii	"\000"
 1553 0027 00       		.ascii	"\000"
 1554 0028 00       		.ascii	"\000"
 1555 0029 00000000 		.ascii	"\000\000\000\000\000\000\000\000"
 1555      00000000 
 1556 0031 4E010000 		.ascii	"N\001\000\000"
 1557 0035 73746D33 		.ascii	"stm32_clock_init\000"
 1557      325F636C 
 1557      6F636B5F 
 1557      696E6974 
 1557      00
 1558 0046 00       		.ascii	"\000"
ARM GAS  /tmp/ccVR01d6.s 			page 51


 1559 0047 02       		.ascii	"\002"
 1560 0048 00       		.ascii	"\000"
 1561 0049 00000000 		.ascii	"\000\000\000\000\000\000\000\000"
 1561      00000000 
 1562 0051 50010000 		.ascii	"P\001\000\000"
 1563              		.text
 1564              		.section	.gnu.lto_.ext_symtab.b9380e0144f56735,"e",%progbits
 1565 0000 01       		.ascii	"\001"
 1566 0001 01       		.ascii	"\001"
 1567 0002 00       		.ascii	"\000"
 1568 0003 01       		.ascii	"\001"
 1569 0004 00       		.ascii	"\000"
 1570 0005 01       		.ascii	"\001"
 1571 0006 00       		.ascii	"\000"
 1572              		.text
 1573              		.section	.gnu.lto_.opts,"e",%progbits
 1574 0000 272D666E 		.ascii	"'-fno-openmp' '-fno-openacc' '-fno-pie' '-fcf-prote"
 1574      6F2D6F70 
 1574      656E6D70 
 1574      2720272D 
 1574      666E6F2D 
 1575 0033 6374696F 		.ascii	"ction=none' '-g' '-mcpu=cortex-m4' '-mthumb' '-mflo"
 1575      6E3D6E6F 
 1575      6E652720 
 1575      272D6727 
 1575      20272D6D 
 1576 0066 61742D61 		.ascii	"at-abi=soft' '-mlibarch=armv7e-m' '-march=armv7e-m'"
 1576      62693D73 
 1576      6F667427 
 1576      20272D6D 
 1576      6C696261 
 1577 0099 20272D4F 		.ascii	" '-O2' '-fomit-frame-pointer' '-falign-functions=16"
 1577      32272027 
 1577      2D666F6D 
 1577      69742D66 
 1577      72616D65 
 1578 00cc 2720272D 		.ascii	"' '-ffunction-sections' '-fdata-sections' '-fno-com"
 1578      6666756E 
 1578      6374696F 
 1578      6E2D7365 
 1578      6374696F 
 1579 00ff 6D6F6E27 		.ascii	"mon' '-flto' '-Xassembler' '-alms=./build/lst/board"
 1579      20272D66 
 1579      6C746F27 
 1579      20272D58 
 1579      61737365 
 1580 0132 2E6C7374 		.ascii	".lst'\000"
 1580      2700
 1581              		.text
 1582              		.comm	__gnu_lto_slim,1,1
 1583              		.ident	"GCC: (Arm GNU Toolchain 11.3.Rel1) 11.3.1 20220712"
ARM GAS  /tmp/ccVR01d6.s 			page 52


DEFINED SYMBOLS
                            *ABS*:0000000000000000 board.c
     /tmp/ccVR01d6.s:25     .gnu.debuglto_.debug_info:0000000000000000 board.c.fdbe6a5d
                            *COM*:0000000000000001 __gnu_lto_slim

NO UNDEFINED SYMBOLS
