ARM GAS  /tmp/ccs1UoQ4.s 			page 1


   1              		.cpu cortex-m4
   2              		.arch armv7e-m
   3              		.fpu softvfp
   4              		.eabi_attribute 20, 1
   5              		.eabi_attribute 21, 1
   6              		.eabi_attribute 23, 3
   7              		.eabi_attribute 24, 1
   8              		.eabi_attribute 25, 1
   9              		.eabi_attribute 26, 1
  10              		.eabi_attribute 30, 2
  11              		.eabi_attribute 34, 1
  12              		.eabi_attribute 18, 4
  13              		.file	"crt1.c"
  14              		.file 1 "/home/rob/Projects/ChibiStudio/ChibiStudio_23/tools/GNU Tools ARM Embedded/11.3.1 2022q3/
  15              		.file 2 "/home/rob/Projects/ChibiStudio/ChibiStudio_23/tools/GNU Tools ARM Embedded/11.3.1 2022q3/
  16              		.file 3 "../../chibios_trunk/os/common/startup/ARMCMx/compilers/GCC/crt1.c"
  17              		.section	.gnu.debuglto_.debug_info,"e",%progbits
  18              	.Ldebug_info0:
  19              		.hidden	crt1.c.fdd5d3f8
  20              		.weak	crt1.c.fdd5d3f8
  21              	crt1.c.fdd5d3f8:
  22 0000 92020000 		.4byte	0x292
  23 0004 0500     		.2byte	0x5
  24 0006 01       		.byte	0x1
  25 0007 04       		.byte	0x4
  26 0008 00000000 		.4byte	.Ldebug_abbrev0
  27 000c 09       		.uleb128 0x9
  28 000d A1030000 		.4byte	.LASF52
  29 0011 1D       		.byte	0x1d
  30 0012 25010000 		.4byte	.LASF53
  31 0016 A0000000 		.4byte	.LASF54
  32 001a 00000000 		.4byte	.Ldebug_line0
  33 001e 02       		.uleb128 0x2
  34 001f 01       		.byte	0x1
  35 0020 06       		.byte	0x6
  36 0021 5C040000 		.4byte	.LASF0
  37 0025 02       		.uleb128 0x2
  38 0026 01       		.byte	0x1
  39 0027 08       		.byte	0x8
  40 0028 0B020000 		.4byte	.LASF1
  41 002c 02       		.uleb128 0x2
  42 002d 02       		.byte	0x2
  43 002e 05       		.byte	0x5
  44 002f 59030000 		.4byte	.LASF2
  45 0033 02       		.uleb128 0x2
  46 0034 02       		.byte	0x2
  47 0035 07       		.byte	0x7
  48 0036 74000000 		.4byte	.LASF3
  49 003a 02       		.uleb128 0x2
  50 003b 04       		.byte	0x4
  51 003c 05       		.byte	0x5
  52 003d 98030000 		.4byte	.LASF4
  53 0041 04       		.uleb128 0x4
  54 0042 3B020000 		.4byte	.LASF9
  55 0046 01       		.byte	0x1
  56 0047 4F       		.byte	0x4f
  57 0048 19       		.byte	0x19
ARM GAS  /tmp/ccs1UoQ4.s 			page 2


  58 0049 4D000000 		.4byte	0x4d
  59 004d 02       		.uleb128 0x2
  60 004e 04       		.byte	0x4
  61 004f 07       		.byte	0x7
  62 0050 A0010000 		.4byte	.LASF5
  63 0054 02       		.uleb128 0x2
  64 0055 08       		.byte	0x8
  65 0056 05       		.byte	0x5
  66 0057 06030000 		.4byte	.LASF6
  67 005b 02       		.uleb128 0x2
  68 005c 08       		.byte	0x8
  69 005d 07       		.byte	0x7
  70 005e B2020000 		.4byte	.LASF7
  71 0062 0A       		.uleb128 0xa
  72 0063 04       		.byte	0x4
  73 0064 05       		.byte	0x5
  74 0065 696E7400 		.ascii	"int\000"
  75 0069 02       		.uleb128 0x2
  76 006a 04       		.byte	0x4
  77 006b 07       		.byte	0x7
  78 006c A5020000 		.4byte	.LASF8
  79 0070 04       		.uleb128 0x4
  80 0071 8F030000 		.4byte	.LASF10
  81 0075 02       		.byte	0x2
  82 0076 30       		.byte	0x30
  83 0077 14       		.byte	0x14
  84 0078 41000000 		.4byte	0x41
  85 007c 0B       		.uleb128 0xb
  86 007d 10       		.byte	0x10
  87 007e 03       		.byte	0x3
  88 007f 39       		.byte	0x39
  89 0080 09       		.byte	0x9
  90 0081 B2000000 		.4byte	0xb2
  91 0085 03       		.uleb128 0x3
  92 0086 63030000 		.4byte	.LASF11
  93 008a 3A       		.byte	0x3a
  94 008b B2000000 		.4byte	0xb2
  95 008f 00       		.byte	0
  96 0090 03       		.uleb128 0x3
  97 0091 4D000000 		.4byte	.LASF12
  98 0095 3B       		.byte	0x3b
  99 0096 B2000000 		.4byte	0xb2
 100 009a 04       		.byte	0x4
 101 009b 03       		.uleb128 0x3
 102 009c 7A010000 		.4byte	.LASF13
 103 00a0 3C       		.byte	0x3c
 104 00a1 B2000000 		.4byte	0xb2
 105 00a5 08       		.byte	0x8
 106 00a6 03       		.uleb128 0x3
 107 00a7 E9020000 		.4byte	.LASF14
 108 00ab 3D       		.byte	0x3d
 109 00ac B2000000 		.4byte	0xb2
 110 00b0 0C       		.byte	0xc
 111 00b1 00       		.byte	0
 112 00b2 07       		.uleb128 0x7
 113 00b3 70000000 		.4byte	0x70
 114 00b7 04       		.uleb128 0x4
ARM GAS  /tmp/ccs1UoQ4.s 			page 3


 115 00b8 46020000 		.4byte	.LASF15
 116 00bc 03       		.byte	0x3
 117 00bd 3E       		.byte	0x3e
 118 00be 03       		.byte	0x3
 119 00bf 7C000000 		.4byte	0x7c
 120 00c3 08       		.uleb128 0x8
 121 00c4 B7000000 		.4byte	0xb7
 122 00c8 01       		.uleb128 0x1
 123 00c9 61000000 		.4byte	.LASF16
 124 00cd 45       		.byte	0x45
 125 00ce 11       		.byte	0x11
 126 00cf 70000000 		.4byte	0x70
 127 00d3 01       		.uleb128 0x1
 128 00d4 B2010000 		.4byte	.LASF17
 129 00d8 45       		.byte	0x45
 130 00d9 25       		.byte	0x25
 131 00da 70000000 		.4byte	0x70
 132 00de 01       		.uleb128 0x1
 133 00df 72030000 		.4byte	.LASF18
 134 00e3 45       		.byte	0x45
 135 00e4 34       		.byte	0x34
 136 00e5 70000000 		.4byte	0x70
 137 00e9 01       		.uleb128 0x1
 138 00ea 2D000000 		.4byte	.LASF19
 139 00ee 45       		.byte	0x45
 140 00ef 44       		.byte	0x44
 141 00f0 70000000 		.4byte	0x70
 142 00f4 01       		.uleb128 0x1
 143 00f5 24030000 		.4byte	.LASF20
 144 00f9 48       		.byte	0x48
 145 00fa 11       		.byte	0x11
 146 00fb 70000000 		.4byte	0x70
 147 00ff 01       		.uleb128 0x1
 148 0100 92000000 		.4byte	.LASF21
 149 0104 48       		.byte	0x48
 150 0105 25       		.byte	0x25
 151 0106 70000000 		.4byte	0x70
 152 010a 01       		.uleb128 0x1
 153 010b CE010000 		.4byte	.LASF22
 154 010f 48       		.byte	0x48
 155 0110 34       		.byte	0x34
 156 0111 70000000 		.4byte	0x70
 157 0115 01       		.uleb128 0x1
 158 0116 ED010000 		.4byte	.LASF23
 159 011a 48       		.byte	0x48
 160 011b 44       		.byte	0x44
 161 011c 70000000 		.4byte	0x70
 162 0120 01       		.uleb128 0x1
 163 0121 28020000 		.4byte	.LASF24
 164 0125 4B       		.byte	0x4b
 165 0126 11       		.byte	0x11
 166 0127 70000000 		.4byte	0x70
 167 012b 01       		.uleb128 0x1
 168 012c 11000000 		.4byte	.LASF25
 169 0130 4B       		.byte	0x4b
 170 0131 25       		.byte	0x25
 171 0132 70000000 		.4byte	0x70
ARM GAS  /tmp/ccs1UoQ4.s 			page 4


 172 0136 01       		.uleb128 0x1
 173 0137 37030000 		.4byte	.LASF26
 174 013b 4B       		.byte	0x4b
 175 013c 34       		.byte	0x34
 176 013d 70000000 		.4byte	0x70
 177 0141 01       		.uleb128 0x1
 178 0142 14030000 		.4byte	.LASF27
 179 0146 4B       		.byte	0x4b
 180 0147 44       		.byte	0x44
 181 0148 70000000 		.4byte	0x70
 182 014c 01       		.uleb128 0x1
 183 014d 67010000 		.4byte	.LASF28
 184 0151 4E       		.byte	0x4e
 185 0152 11       		.byte	0x11
 186 0153 70000000 		.4byte	0x70
 187 0157 01       		.uleb128 0x1
 188 0158 FD010000 		.4byte	.LASF29
 189 015c 4E       		.byte	0x4e
 190 015d 25       		.byte	0x25
 191 015e 70000000 		.4byte	0x70
 192 0162 01       		.uleb128 0x1
 193 0163 06010000 		.4byte	.LASF30
 194 0167 4E       		.byte	0x4e
 195 0168 34       		.byte	0x34
 196 0169 70000000 		.4byte	0x70
 197 016d 01       		.uleb128 0x1
 198 016e F6020000 		.4byte	.LASF31
 199 0172 4E       		.byte	0x4e
 200 0173 44       		.byte	0x44
 201 0174 70000000 		.4byte	0x70
 202 0178 01       		.uleb128 0x1
 203 0179 46030000 		.4byte	.LASF32
 204 017d 51       		.byte	0x51
 205 017e 11       		.byte	0x11
 206 017f 70000000 		.4byte	0x70
 207 0183 01       		.uleb128 0x1
 208 0184 78020000 		.4byte	.LASF33
 209 0188 51       		.byte	0x51
 210 0189 25       		.byte	0x25
 211 018a 70000000 		.4byte	0x70
 212 018e 01       		.uleb128 0x1
 213 018f 86020000 		.4byte	.LASF34
 214 0193 51       		.byte	0x51
 215 0194 34       		.byte	0x34
 216 0195 70000000 		.4byte	0x70
 217 0199 01       		.uleb128 0x1
 218 019a 95020000 		.4byte	.LASF35
 219 019e 51       		.byte	0x51
 220 019f 44       		.byte	0x44
 221 01a0 70000000 		.4byte	0x70
 222 01a4 01       		.uleb128 0x1
 223 01a5 56020000 		.4byte	.LASF36
 224 01a9 54       		.byte	0x54
 225 01aa 11       		.byte	0x11
 226 01ab 70000000 		.4byte	0x70
 227 01af 01       		.uleb128 0x1
 228 01b0 81030000 		.4byte	.LASF37
ARM GAS  /tmp/ccs1UoQ4.s 			page 5


 229 01b4 54       		.byte	0x54
 230 01b5 25       		.byte	0x25
 231 01b6 70000000 		.4byte	0x70
 232 01ba 01       		.uleb128 0x1
 233 01bb 68040000 		.4byte	.LASF38
 234 01bf 54       		.byte	0x54
 235 01c0 34       		.byte	0x34
 236 01c1 70000000 		.4byte	0x70
 237 01c5 01       		.uleb128 0x1
 238 01c6 DD010000 		.4byte	.LASF39
 239 01ca 54       		.byte	0x54
 240 01cb 44       		.byte	0x44
 241 01cc 70000000 		.4byte	0x70
 242 01d0 01       		.uleb128 0x1
 243 01d1 F3000000 		.4byte	.LASF40
 244 01d5 57       		.byte	0x57
 245 01d6 11       		.byte	0x11
 246 01d7 70000000 		.4byte	0x70
 247 01db 01       		.uleb128 0x1
 248 01dc C0010000 		.4byte	.LASF41
 249 01e0 57       		.byte	0x57
 250 01e1 25       		.byte	0x25
 251 01e2 70000000 		.4byte	0x70
 252 01e6 01       		.uleb128 0x1
 253 01e7 91010000 		.4byte	.LASF42
 254 01eb 57       		.byte	0x57
 255 01ec 34       		.byte	0x34
 256 01ed 70000000 		.4byte	0x70
 257 01f1 01       		.uleb128 0x1
 258 01f2 15010000 		.4byte	.LASF43
 259 01f6 57       		.byte	0x57
 260 01f7 44       		.byte	0x44
 261 01f8 70000000 		.4byte	0x70
 262 01fc 01       		.uleb128 0x1
 263 01fd C9020000 		.4byte	.LASF44
 264 0201 5A       		.byte	0x5a
 265 0202 11       		.byte	0x11
 266 0203 70000000 		.4byte	0x70
 267 0207 01       		.uleb128 0x1
 268 0208 1F000000 		.4byte	.LASF45
 269 020c 5A       		.byte	0x5a
 270 020d 25       		.byte	0x25
 271 020e 70000000 		.4byte	0x70
 272 0212 01       		.uleb128 0x1
 273 0213 69020000 		.4byte	.LASF46
 274 0217 5A       		.byte	0x5a
 275 0218 34       		.byte	0x34
 276 0219 70000000 		.4byte	0x70
 277 021d 01       		.uleb128 0x1
 278 021e 3D000000 		.4byte	.LASF47
 279 0222 5A       		.byte	0x5a
 280 0223 44       		.byte	0x44
 281 0224 70000000 		.4byte	0x70
 282 0228 0C       		.uleb128 0xc
 283 0229 C3000000 		.4byte	0xc3
 284 022d 38020000 		.4byte	0x238
 285 0231 0D       		.uleb128 0xd
ARM GAS  /tmp/ccs1UoQ4.s 			page 6


 286 0232 69000000 		.4byte	0x69
 287 0236 07       		.byte	0x7
 288 0237 00       		.byte	0
 289 0238 08       		.uleb128 0x8
 290 0239 28020000 		.4byte	0x228
 291 023d 0E       		.uleb128 0xe
 292 023e 57000000 		.4byte	.LASF48
 293 0242 03       		.byte	0x3
 294 0243 61       		.byte	0x61
 295 0244 1E       		.byte	0x1e
 296 0245 38020000 		.4byte	0x238
 297 0249 0F       		.uleb128 0xf
 298 024a 00000000 		.4byte	.LASF55
 299 024e 03       		.byte	0x3
 300 024f EC       		.byte	0xec
 301 0250 06       		.byte	0x6
 302 0251 76020000 		.4byte	0x276
 303 0255 05       		.uleb128 0x5
 304 0256 72617000 		.ascii	"rap\000"
 305 025a EE       		.byte	0xee
 306 025b 1A       		.byte	0x1a
 307 025c 76020000 		.4byte	0x276
 308 0260 10       		.uleb128 0x10
 309 0261 05       		.uleb128 0x5
 310 0262 747000   		.ascii	"tp\000"
 311 0265 F1       		.byte	0xf1
 312 0266 0F       		.byte	0xf
 313 0267 B2000000 		.4byte	0xb2
 314 026b 05       		.uleb128 0x5
 315 026c 7000     		.ascii	"p\000"
 316 026e F2       		.byte	0xf2
 317 026f 0F       		.byte	0xf
 318 0270 B2000000 		.4byte	0xb2
 319 0274 00       		.byte	0
 320 0275 00       		.byte	0
 321 0276 07       		.uleb128 0x7
 322 0277 C3000000 		.4byte	0xc3
 323 027b 11       		.uleb128 0x11
 324 027c 19020000 		.4byte	.LASF56
 325 0280 03       		.byte	0x3
 326 0281 BB       		.byte	0xbb
 327 0282 06       		.byte	0x6
 328 0283 06       		.uleb128 0x6
 329 0284 85010000 		.4byte	.LASF49
 330 0288 AE       		.byte	0xae
 331 0289 06       		.uleb128 0x6
 332 028a DC020000 		.4byte	.LASF50
 333 028e A0       		.byte	0xa0
 334 028f 06       		.uleb128 0x6
 335 0290 87000000 		.4byte	.LASF51
 336 0294 8D       		.byte	0x8d
 337 0295 00       		.byte	0
 338              		.section	.gnu.debuglto_.debug_abbrev,"e",%progbits
 339              	.Ldebug_abbrev0:
 340 0000 01       		.uleb128 0x1
 341 0001 34       		.uleb128 0x34
 342 0002 00       		.byte	0
ARM GAS  /tmp/ccs1UoQ4.s 			page 7


 343 0003 03       		.uleb128 0x3
 344 0004 0E       		.uleb128 0xe
 345 0005 3A       		.uleb128 0x3a
 346 0006 21       		.uleb128 0x21
 347 0007 03       		.sleb128 3
 348 0008 3B       		.uleb128 0x3b
 349 0009 0B       		.uleb128 0xb
 350 000a 39       		.uleb128 0x39
 351 000b 0B       		.uleb128 0xb
 352 000c 49       		.uleb128 0x49
 353 000d 13       		.uleb128 0x13
 354 000e 3F       		.uleb128 0x3f
 355 000f 19       		.uleb128 0x19
 356 0010 3C       		.uleb128 0x3c
 357 0011 19       		.uleb128 0x19
 358 0012 00       		.byte	0
 359 0013 00       		.byte	0
 360 0014 02       		.uleb128 0x2
 361 0015 24       		.uleb128 0x24
 362 0016 00       		.byte	0
 363 0017 0B       		.uleb128 0xb
 364 0018 0B       		.uleb128 0xb
 365 0019 3E       		.uleb128 0x3e
 366 001a 0B       		.uleb128 0xb
 367 001b 03       		.uleb128 0x3
 368 001c 0E       		.uleb128 0xe
 369 001d 00       		.byte	0
 370 001e 00       		.byte	0
 371 001f 03       		.uleb128 0x3
 372 0020 0D       		.uleb128 0xd
 373 0021 00       		.byte	0
 374 0022 03       		.uleb128 0x3
 375 0023 0E       		.uleb128 0xe
 376 0024 3A       		.uleb128 0x3a
 377 0025 21       		.uleb128 0x21
 378 0026 03       		.sleb128 3
 379 0027 3B       		.uleb128 0x3b
 380 0028 0B       		.uleb128 0xb
 381 0029 39       		.uleb128 0x39
 382 002a 21       		.uleb128 0x21
 383 002b 1A       		.sleb128 26
 384 002c 49       		.uleb128 0x49
 385 002d 13       		.uleb128 0x13
 386 002e 38       		.uleb128 0x38
 387 002f 0B       		.uleb128 0xb
 388 0030 00       		.byte	0
 389 0031 00       		.byte	0
 390 0032 04       		.uleb128 0x4
 391 0033 16       		.uleb128 0x16
 392 0034 00       		.byte	0
 393 0035 03       		.uleb128 0x3
 394 0036 0E       		.uleb128 0xe
 395 0037 3A       		.uleb128 0x3a
 396 0038 0B       		.uleb128 0xb
 397 0039 3B       		.uleb128 0x3b
 398 003a 0B       		.uleb128 0xb
 399 003b 39       		.uleb128 0x39
ARM GAS  /tmp/ccs1UoQ4.s 			page 8


 400 003c 0B       		.uleb128 0xb
 401 003d 49       		.uleb128 0x49
 402 003e 13       		.uleb128 0x13
 403 003f 00       		.byte	0
 404 0040 00       		.byte	0
 405 0041 05       		.uleb128 0x5
 406 0042 34       		.uleb128 0x34
 407 0043 00       		.byte	0
 408 0044 03       		.uleb128 0x3
 409 0045 08       		.uleb128 0x8
 410 0046 3A       		.uleb128 0x3a
 411 0047 21       		.uleb128 0x21
 412 0048 03       		.sleb128 3
 413 0049 3B       		.uleb128 0x3b
 414 004a 0B       		.uleb128 0xb
 415 004b 39       		.uleb128 0x39
 416 004c 0B       		.uleb128 0xb
 417 004d 49       		.uleb128 0x49
 418 004e 13       		.uleb128 0x13
 419 004f 00       		.byte	0
 420 0050 00       		.byte	0
 421 0051 06       		.uleb128 0x6
 422 0052 2E       		.uleb128 0x2e
 423 0053 00       		.byte	0
 424 0054 3F       		.uleb128 0x3f
 425 0055 19       		.uleb128 0x19
 426 0056 03       		.uleb128 0x3
 427 0057 0E       		.uleb128 0xe
 428 0058 3A       		.uleb128 0x3a
 429 0059 21       		.uleb128 0x21
 430 005a 03       		.sleb128 3
 431 005b 3B       		.uleb128 0x3b
 432 005c 0B       		.uleb128 0xb
 433 005d 39       		.uleb128 0x39
 434 005e 21       		.uleb128 0x21
 435 005f 06       		.sleb128 6
 436 0060 27       		.uleb128 0x27
 437 0061 19       		.uleb128 0x19
 438 0062 00       		.byte	0
 439 0063 00       		.byte	0
 440 0064 07       		.uleb128 0x7
 441 0065 0F       		.uleb128 0xf
 442 0066 00       		.byte	0
 443 0067 0B       		.uleb128 0xb
 444 0068 21       		.uleb128 0x21
 445 0069 04       		.sleb128 4
 446 006a 49       		.uleb128 0x49
 447 006b 13       		.uleb128 0x13
 448 006c 00       		.byte	0
 449 006d 00       		.byte	0
 450 006e 08       		.uleb128 0x8
 451 006f 26       		.uleb128 0x26
 452 0070 00       		.byte	0
 453 0071 49       		.uleb128 0x49
 454 0072 13       		.uleb128 0x13
 455 0073 00       		.byte	0
 456 0074 00       		.byte	0
ARM GAS  /tmp/ccs1UoQ4.s 			page 9


 457 0075 09       		.uleb128 0x9
 458 0076 11       		.uleb128 0x11
 459 0077 01       		.byte	0x1
 460 0078 25       		.uleb128 0x25
 461 0079 0E       		.uleb128 0xe
 462 007a 13       		.uleb128 0x13
 463 007b 0B       		.uleb128 0xb
 464 007c 03       		.uleb128 0x3
 465 007d 0E       		.uleb128 0xe
 466 007e 1B       		.uleb128 0x1b
 467 007f 0E       		.uleb128 0xe
 468 0080 10       		.uleb128 0x10
 469 0081 17       		.uleb128 0x17
 470 0082 00       		.byte	0
 471 0083 00       		.byte	0
 472 0084 0A       		.uleb128 0xa
 473 0085 24       		.uleb128 0x24
 474 0086 00       		.byte	0
 475 0087 0B       		.uleb128 0xb
 476 0088 0B       		.uleb128 0xb
 477 0089 3E       		.uleb128 0x3e
 478 008a 0B       		.uleb128 0xb
 479 008b 03       		.uleb128 0x3
 480 008c 08       		.uleb128 0x8
 481 008d 00       		.byte	0
 482 008e 00       		.byte	0
 483 008f 0B       		.uleb128 0xb
 484 0090 13       		.uleb128 0x13
 485 0091 01       		.byte	0x1
 486 0092 0B       		.uleb128 0xb
 487 0093 0B       		.uleb128 0xb
 488 0094 3A       		.uleb128 0x3a
 489 0095 0B       		.uleb128 0xb
 490 0096 3B       		.uleb128 0x3b
 491 0097 0B       		.uleb128 0xb
 492 0098 39       		.uleb128 0x39
 493 0099 0B       		.uleb128 0xb
 494 009a 01       		.uleb128 0x1
 495 009b 13       		.uleb128 0x13
 496 009c 00       		.byte	0
 497 009d 00       		.byte	0
 498 009e 0C       		.uleb128 0xc
 499 009f 01       		.uleb128 0x1
 500 00a0 01       		.byte	0x1
 501 00a1 49       		.uleb128 0x49
 502 00a2 13       		.uleb128 0x13
 503 00a3 01       		.uleb128 0x1
 504 00a4 13       		.uleb128 0x13
 505 00a5 00       		.byte	0
 506 00a6 00       		.byte	0
 507 00a7 0D       		.uleb128 0xd
 508 00a8 21       		.uleb128 0x21
 509 00a9 00       		.byte	0
 510 00aa 49       		.uleb128 0x49
 511 00ab 13       		.uleb128 0x13
 512 00ac 2F       		.uleb128 0x2f
 513 00ad 0B       		.uleb128 0xb
ARM GAS  /tmp/ccs1UoQ4.s 			page 10


 514 00ae 00       		.byte	0
 515 00af 00       		.byte	0
 516 00b0 0E       		.uleb128 0xe
 517 00b1 34       		.uleb128 0x34
 518 00b2 00       		.byte	0
 519 00b3 03       		.uleb128 0x3
 520 00b4 0E       		.uleb128 0xe
 521 00b5 3A       		.uleb128 0x3a
 522 00b6 0B       		.uleb128 0xb
 523 00b7 3B       		.uleb128 0x3b
 524 00b8 0B       		.uleb128 0xb
 525 00b9 39       		.uleb128 0x39
 526 00ba 0B       		.uleb128 0xb
 527 00bb 49       		.uleb128 0x49
 528 00bc 13       		.uleb128 0x13
 529 00bd 00       		.byte	0
 530 00be 00       		.byte	0
 531 00bf 0F       		.uleb128 0xf
 532 00c0 2E       		.uleb128 0x2e
 533 00c1 01       		.byte	0x1
 534 00c2 3F       		.uleb128 0x3f
 535 00c3 19       		.uleb128 0x19
 536 00c4 03       		.uleb128 0x3
 537 00c5 0E       		.uleb128 0xe
 538 00c6 3A       		.uleb128 0x3a
 539 00c7 0B       		.uleb128 0xb
 540 00c8 3B       		.uleb128 0x3b
 541 00c9 0B       		.uleb128 0xb
 542 00ca 39       		.uleb128 0x39
 543 00cb 0B       		.uleb128 0xb
 544 00cc 27       		.uleb128 0x27
 545 00cd 19       		.uleb128 0x19
 546 00ce 01       		.uleb128 0x1
 547 00cf 13       		.uleb128 0x13
 548 00d0 00       		.byte	0
 549 00d1 00       		.byte	0
 550 00d2 10       		.uleb128 0x10
 551 00d3 0B       		.uleb128 0xb
 552 00d4 01       		.byte	0x1
 553 00d5 00       		.byte	0
 554 00d6 00       		.byte	0
 555 00d7 11       		.uleb128 0x11
 556 00d8 2E       		.uleb128 0x2e
 557 00d9 00       		.byte	0
 558 00da 3F       		.uleb128 0x3f
 559 00db 19       		.uleb128 0x19
 560 00dc 03       		.uleb128 0x3
 561 00dd 0E       		.uleb128 0xe
 562 00de 3A       		.uleb128 0x3a
 563 00df 0B       		.uleb128 0xb
 564 00e0 3B       		.uleb128 0x3b
 565 00e1 0B       		.uleb128 0xb
 566 00e2 39       		.uleb128 0x39
 567 00e3 0B       		.uleb128 0xb
 568 00e4 27       		.uleb128 0x27
 569 00e5 19       		.uleb128 0x19
 570 00e6 8701     		.uleb128 0x87
ARM GAS  /tmp/ccs1UoQ4.s 			page 11


 571 00e8 19       		.uleb128 0x19
 572 00e9 00       		.byte	0
 573 00ea 00       		.byte	0
 574 00eb 00       		.byte	0
 575              		.section	.gnu.debuglto_.debug_line,"e",%progbits
 576              	.Ldebug_line0:
 577 0000 48000000 		.4byte	.LELT0-.LSLT0
 578              	.LSLT0:
 579 0004 0500     		.2byte	0x5
 580 0006 04       		.byte	0x4
 581 0007 00       		.byte	0
 582 0008 40000000 		.4byte	.LELTP0-.LASLTP0
 583              	.LASLTP0:
 584 000c 01       		.byte	0x1
 585 000d 01       		.byte	0x1
 586 000e 01       		.byte	0x1
 587 000f F6       		.byte	0xf6
 588 0010 F2       		.byte	0xf2
 589 0011 0D       		.byte	0xd
 590 0012 00       		.byte	0
 591 0013 01       		.byte	0x1
 592 0014 01       		.byte	0x1
 593 0015 01       		.byte	0x1
 594 0016 01       		.byte	0x1
 595 0017 00       		.byte	0
 596 0018 00       		.byte	0
 597 0019 00       		.byte	0
 598 001a 01       		.byte	0x1
 599 001b 00       		.byte	0
 600 001c 00       		.byte	0
 601 001d 01       		.byte	0x1
 602 001e 01       		.byte	0x1
 603 001f 01       		.uleb128 0x1
 604 0020 1F       		.uleb128 0x1f
 605 0021 04       		.uleb128 0x4
 606 0022 D1000000 		.4byte	.LASF57
 607 0026 A1010000 		.4byte	.LASF58
 608 002a 5A000000 		.4byte	.LASF59
 609 002e 2E010000 		.4byte	.LASF60
 610 0032 02       		.byte	0x2
 611 0033 01       		.uleb128 0x1
 612 0034 1F       		.uleb128 0x1f
 613 0035 02       		.uleb128 0x2
 614 0036 0B       		.uleb128 0xb
 615 0037 04       		.uleb128 0x4
 616 0038 07000000 		.4byte	.LASF61
 617 003c 00       		.byte	0
 618 003d 49000000 		.4byte	.LASF62
 619 0041 02       		.byte	0x2
 620 0042 24010000 		.4byte	.LASF63
 621 0046 03       		.byte	0x3
 622 0047 00000000 		.4byte	.LASF64
 623 004b 01       		.byte	0x1
 624              	.LELTP0:
 625              	.LELT0:
 626              		.section	.gnu.debuglto_.debug_str,"eMS",%progbits,1
 627              	.LASF55:
ARM GAS  /tmp/ccs1UoQ4.s 			page 12


 628 0000 5F5F696E 		.ascii	"__init_ram_areas\000"
 628      69745F72 
 628      616D5F61 
 628      72656173 
 628      00
 629              	.LASF25:
 630 0011 5F5F7261 		.ascii	"__ram2_init__\000"
 630      6D325F69 
 630      6E69745F 
 630      5F00
 631              	.LASF45:
 632 001f 5F5F7261 		.ascii	"__ram7_init__\000"
 632      6D375F69 
 632      6E69745F 
 632      5F00
 633              	.LASF19:
 634 002d 5F5F7261 		.ascii	"__ram0_noinit__\000"
 634      6D305F6E 
 634      6F696E69 
 634      745F5F00 
 635              	.LASF47:
 636 003d 5F5F7261 		.ascii	"__ram7_noinit__\000"
 636      6D375F6E 
 636      6F696E69 
 636      745F5F00 
 637              	.LASF12:
 638 004d 696E6974 		.ascii	"init_area\000"
 638      5F617265 
 638      6100
 639              	.LASF48:
 640 0057 72616D5F 		.ascii	"ram_areas\000"
 640      61726561 
 640      7300
 641              	.LASF16:
 642 0061 5F5F7261 		.ascii	"__ram0_init_text__\000"
 642      6D305F69 
 642      6E69745F 
 642      74657874 
 642      5F5F00
 643              	.LASF3:
 644 0074 73686F72 		.ascii	"short unsigned int\000"
 644      7420756E 
 644      7369676E 
 644      65642069 
 644      6E7400
 645              	.LASF51:
 646 0087 5F5F6370 		.ascii	"__cpu_init\000"
 646      755F696E 
 646      697400
 647              	.LASF21:
 648 0092 5F5F7261 		.ascii	"__ram1_init__\000"
 648      6D315F69 
 648      6E69745F 
 648      5F00
 649              	.LASF54:
 650 00a0 2F686F6D 		.ascii	"/home/rob/Projects/ChibiStudio/ChibiStudio_23/works"
 650      652F726F 
ARM GAS  /tmp/ccs1UoQ4.s 			page 13


 650      622F5072 
 650      6F6A6563 
 650      74732F43 
 651 00d3 70616365 		.ascii	"pace_trunk/STM32_GPIB_firmware/\000"
 651      5F747275 
 651      6E6B2F53 
 651      544D3332 
 651      5F475049 
 652              	.LASF40:
 653 00f3 5F5F7261 		.ascii	"__ram6_init_text__\000"
 653      6D365F69 
 653      6E69745F 
 653      74657874 
 653      5F5F00
 654              	.LASF30:
 655 0106 5F5F7261 		.ascii	"__ram3_clear__\000"
 655      6D335F63 
 655      6C656172 
 655      5F5F00
 656              	.LASF43:
 657 0115 5F5F7261 		.ascii	"__ram6_noinit__\000"
 657      6D365F6E 
 657      6F696E69 
 657      745F5F00 
 658              	.LASF53:
 659 0125 2E2E2F2E 		.ascii	"../../chibios_trunk/os/common/startup/ARMCMx/compil"
 659      2E2F6368 
 659      6962696F 
 659      735F7472 
 659      756E6B2F 
 660 0158 6572732F 		.ascii	"ers/GCC/crt1.c\000"
 660      4743432F 
 660      63727431 
 660      2E6300
 661              	.LASF28:
 662 0167 5F5F7261 		.ascii	"__ram3_init_text__\000"
 662      6D335F69 
 662      6E69745F 
 662      74657874 
 662      5F5F00
 663              	.LASF13:
 664 017a 636C6561 		.ascii	"clear_area\000"
 664      725F6172 
 664      656100
 665              	.LASF49:
 666 0185 5F5F6C61 		.ascii	"__late_init\000"
 666      74655F69 
 666      6E697400 
 667              	.LASF42:
 668 0191 5F5F7261 		.ascii	"__ram6_clear__\000"
 668      6D365F63 
 668      6C656172 
 668      5F5F00
 669              	.LASF5:
 670 01a0 6C6F6E67 		.ascii	"long unsigned int\000"
 670      20756E73 
 670      69676E65 
ARM GAS  /tmp/ccs1UoQ4.s 			page 14


 670      6420696E 
 670      7400
 671              	.LASF17:
 672 01b2 5F5F7261 		.ascii	"__ram0_init__\000"
 672      6D305F69 
 672      6E69745F 
 672      5F00
 673              	.LASF41:
 674 01c0 5F5F7261 		.ascii	"__ram6_init__\000"
 674      6D365F69 
 674      6E69745F 
 674      5F00
 675              	.LASF22:
 676 01ce 5F5F7261 		.ascii	"__ram1_clear__\000"
 676      6D315F63 
 676      6C656172 
 676      5F5F00
 677              	.LASF39:
 678 01dd 5F5F7261 		.ascii	"__ram5_noinit__\000"
 678      6D355F6E 
 678      6F696E69 
 678      745F5F00 
 679              	.LASF23:
 680 01ed 5F5F7261 		.ascii	"__ram1_noinit__\000"
 680      6D315F6E 
 680      6F696E69 
 680      745F5F00 
 681              	.LASF29:
 682 01fd 5F5F7261 		.ascii	"__ram3_init__\000"
 682      6D335F69 
 682      6E69745F 
 682      5F00
 683              	.LASF1:
 684 020b 756E7369 		.ascii	"unsigned char\000"
 684      676E6564 
 684      20636861 
 684      7200
 685              	.LASF56:
 686 0219 5F5F6465 		.ascii	"__default_exit\000"
 686      6661756C 
 686      745F6578 
 686      697400
 687              	.LASF24:
 688 0228 5F5F7261 		.ascii	"__ram2_init_text__\000"
 688      6D325F69 
 688      6E69745F 
 688      74657874 
 688      5F5F00
 689              	.LASF9:
 690 023b 5F5F7569 		.ascii	"__uint32_t\000"
 690      6E743332 
 690      5F7400
 691              	.LASF15:
 692 0246 72616D5F 		.ascii	"ram_init_area_t\000"
 692      696E6974 
 692      5F617265 
 692      615F7400 
ARM GAS  /tmp/ccs1UoQ4.s 			page 15


 693              	.LASF36:
 694 0256 5F5F7261 		.ascii	"__ram5_init_text__\000"
 694      6D355F69 
 694      6E69745F 
 694      74657874 
 694      5F5F00
 695              	.LASF46:
 696 0269 5F5F7261 		.ascii	"__ram7_clear__\000"
 696      6D375F63 
 696      6C656172 
 696      5F5F00
 697              	.LASF33:
 698 0278 5F5F7261 		.ascii	"__ram4_init__\000"
 698      6D345F69 
 698      6E69745F 
 698      5F00
 699              	.LASF34:
 700 0286 5F5F7261 		.ascii	"__ram4_clear__\000"
 700      6D345F63 
 700      6C656172 
 700      5F5F00
 701              	.LASF35:
 702 0295 5F5F7261 		.ascii	"__ram4_noinit__\000"
 702      6D345F6E 
 702      6F696E69 
 702      745F5F00 
 703              	.LASF8:
 704 02a5 756E7369 		.ascii	"unsigned int\000"
 704      676E6564 
 704      20696E74 
 704      00
 705              	.LASF7:
 706 02b2 6C6F6E67 		.ascii	"long long unsigned int\000"
 706      206C6F6E 
 706      6720756E 
 706      7369676E 
 706      65642069 
 707              	.LASF44:
 708 02c9 5F5F7261 		.ascii	"__ram7_init_text__\000"
 708      6D375F69 
 708      6E69745F 
 708      74657874 
 708      5F5F00
 709              	.LASF50:
 710 02dc 5F5F6561 		.ascii	"__early_init\000"
 710      726C795F 
 710      696E6974 
 710      00
 711              	.LASF14:
 712 02e9 6E6F5F69 		.ascii	"no_init_area\000"
 712      6E69745F 
 712      61726561 
 712      00
 713              	.LASF31:
 714 02f6 5F5F7261 		.ascii	"__ram3_noinit__\000"
 714      6D335F6E 
 714      6F696E69 
ARM GAS  /tmp/ccs1UoQ4.s 			page 16


 714      745F5F00 
 715              	.LASF6:
 716 0306 6C6F6E67 		.ascii	"long long int\000"
 716      206C6F6E 
 716      6720696E 
 716      7400
 717              	.LASF27:
 718 0314 5F5F7261 		.ascii	"__ram2_noinit__\000"
 718      6D325F6E 
 718      6F696E69 
 718      745F5F00 
 719              	.LASF20:
 720 0324 5F5F7261 		.ascii	"__ram1_init_text__\000"
 720      6D315F69 
 720      6E69745F 
 720      74657874 
 720      5F5F00
 721              	.LASF26:
 722 0337 5F5F7261 		.ascii	"__ram2_clear__\000"
 722      6D325F63 
 722      6C656172 
 722      5F5F00
 723              	.LASF32:
 724 0346 5F5F7261 		.ascii	"__ram4_init_text__\000"
 724      6D345F69 
 724      6E69745F 
 724      74657874 
 724      5F5F00
 725              	.LASF2:
 726 0359 73686F72 		.ascii	"short int\000"
 726      7420696E 
 726      7400
 727              	.LASF11:
 728 0363 696E6974 		.ascii	"init_text_area\000"
 728      5F746578 
 728      745F6172 
 728      656100
 729              	.LASF18:
 730 0372 5F5F7261 		.ascii	"__ram0_clear__\000"
 730      6D305F63 
 730      6C656172 
 730      5F5F00
 731              	.LASF37:
 732 0381 5F5F7261 		.ascii	"__ram5_init__\000"
 732      6D355F69 
 732      6E69745F 
 732      5F00
 733              	.LASF10:
 734 038f 75696E74 		.ascii	"uint32_t\000"
 734      33325F74 
 734      00
 735              	.LASF4:
 736 0398 6C6F6E67 		.ascii	"long int\000"
 736      20696E74 
 736      00
 737              	.LASF52:
 738 03a1 474E5520 		.ascii	"GNU C17 11.3.1 20220712 -mcpu=cortex-m4 -mthumb -mf"
ARM GAS  /tmp/ccs1UoQ4.s 			page 17


 738      43313720 
 738      31312E33 
 738      2E312032 
 738      30323230 
 739 03d4 6C6F6174 		.ascii	"loat-abi=soft -march=armv7e-m -ggdb -O2 -fomit-fram"
 739      2D616269 
 739      3D736F66 
 739      74202D6D 
 739      61726368 
 740 0407 652D706F 		.ascii	"e-pointer -falign-functions=16 -ffunction-sections "
 740      696E7465 
 740      72202D66 
 740      616C6967 
 740      6E2D6675 
 741 043a 2D666461 		.ascii	"-fdata-sections -fno-common -flto\000"
 741      74612D73 
 741      65637469 
 741      6F6E7320 
 741      2D666E6F 
 742              	.LASF0:
 743 045c 7369676E 		.ascii	"signed char\000"
 743      65642063 
 743      68617200 
 744              	.LASF38:
 745 0468 5F5F7261 		.ascii	"__ram5_clear__\000"
 745      6D355F63 
 745      6C656172 
 745      5F5F00
 746              		.section	.gnu.debuglto_.debug_line_str,"eMS",%progbits,1
 747              	.LASF64:
 748 0000 63727431 		.ascii	"crt1.c\000"
 748      2E6300
 749              	.LASF61:
 750 0007 2E2E2F2E 		.ascii	"../../chibios_trunk/os/common/startup/ARMCMx/compil"
 750      2E2F6368 
 750      6962696F 
 750      735F7472 
 750      756E6B2F 
 751 003a 6572732F 		.ascii	"ers/GCC/crt1.c\000"
 751      4743432F 
 751      63727431 
 751      2E6300
 752              	.LASF62:
 753 0049 5F646566 		.ascii	"_default_types.h\000"
 753      61756C74 
 753      5F747970 
 753      65732E68 
 753      00
 754              	.LASF59:
 755 005a 2F686F6D 		.ascii	"/home/rob/Projects/ChibiStudio/ChibiStudio_23/tools"
 755      652F726F 
 755      622F5072 
 755      6F6A6563 
 755      74732F43 
 756 008d 2F474E55 		.ascii	"/GNU Tools ARM Embedded/11.3.1 2022q3/arm-none-eabi"
 756      20546F6F 
 756      6C732041 
ARM GAS  /tmp/ccs1UoQ4.s 			page 18


 756      524D2045 
 756      6D626564 
 757 00c0 2F696E63 		.ascii	"/include/machine\000"
 757      6C756465 
 757      2F6D6163 
 757      68696E65 
 757      00
 758              	.LASF57:
 759 00d1 2F686F6D 		.ascii	"/home/rob/Projects/ChibiStudio/ChibiStudio_23/works"
 759      652F726F 
 759      622F5072 
 759      6F6A6563 
 759      74732F43 
 760 0104 70616365 		.ascii	"pace_trunk/STM32_GPIB_firmware/\000"
 760      5F747275 
 760      6E6B2F53 
 760      544D3332 
 760      5F475049 
 761              	.LASF63:
 762 0124 5F737464 		.ascii	"_stdint.h\000"
 762      696E742E 
 762      6800
 763              	.LASF60:
 764 012e 2F686F6D 		.ascii	"/home/rob/Projects/ChibiStudio/ChibiStudio_23/tools"
 764      652F726F 
 764      622F5072 
 764      6F6A6563 
 764      74732F43 
 765 0161 2F474E55 		.ascii	"/GNU Tools ARM Embedded/11.3.1 2022q3/arm-none-eabi"
 765      20546F6F 
 765      6C732041 
 765      524D2045 
 765      6D626564 
 766 0194 2F696E63 		.ascii	"/include/sys\000"
 766      6C756465 
 766      2F737973 
 766      00
 767              	.LASF58:
 768 01a1 2E2E2F2E 		.ascii	"../../chibios_trunk/os/common/startup/ARMCMx/compil"
 768      2E2F6368 
 768      6962696F 
 768      735F7472 
 768      756E6B2F 
 769 01d4 6572732F 		.ascii	"ers/GCC\000"
 769      47434300 
 770              		.text
 771              		.section	.gnu.lto_.profile.e8b58de1aca79b9d,"e",%progbits
 772 0000 789C6362 		.ascii	"x\234cb\000\001\000\000\022\000\003"
 772      00010000 
 772      120003
 773              		.text
 774              		.section	.gnu.lto_.icf.e8b58de1aca79b9d,"e",%progbits
 775 0000 789C7367 		.ascii	"x\234sg@\0006\2063\223\272z\330\031\030!\024\023\204"
 775      40003686 
 775      3393BA7A 
 775      D8191821 
 775      141384
ARM GAS  /tmp/ccs1UoQ4.s 			page 19


 776 0013 62BE7FAF 		.ascii	"b\276\177\257o\031#\003\313\317k\333\257q\3601101\202"
 776      6F192303 
 776      CBCF6BDB 
 776      AF71F031 
 776      31303182 
 777 0027 310CC0D8 		.ascii	"1\014\300\330@\232\365\376\235\235\277\331\030\000\002"
 777      409AF5FE 
 777      9D9DBFD9 
 777      180002
 778 0036 FD11D3   		.ascii	"\375\021\323"
 779              		.text
 780              		.section	.gnu.lto_.ipa_sra.e8b58de1aca79b9d,"e",%progbits
 781 0000 789C1364 		.ascii	"x\234\023d@\000V\006\006FF\006F&\006Ff\006F\026\006"
 781      40005606 
 781      06464606 
 781      46260646 
 781      66064616 
 782 0015 46060002 		.ascii	"F\006\000\002\315\000&"
 782      CD0026
 783              		.text
 784              		.section	.gnu.lto_.inline.e8b58de1aca79b9d,"e",%progbits
 785 0000 789CDBC8 		.ascii	"x\234\333\310\200\000\254\014\014\314\015@\300\224\302"
 785      8000AC0C 
 785      0CCC0D40 
 785      C094C2
 786 000f C8C0C4C0 		.ascii	"\310\300\304\300\320\010d\32610\260A\204\230@B\014\014"
 786      D00864D6 
 786      3130B041 
 786      84984042 
 786      0C0C
 787 0021 8C849530 		.ascii	"\214\204\2250\021V\302\014\244\300\022\310JX \014\250"
 787      1156C20C 
 787      A4C012C8 
 787      4A58200C 
 787      A8
 788 0032 12160691 		.ascii	"\022\026\006\221wG\327md\316\001*Q\002\26260\347\240"
 788      7747D76D 
 788      64CE012A 
 788      5102B236 
 788      30E7A0
 789 0045 9BC20000 		.ascii	"\233\302\000\000\340\263(\006"
 789      E0B32806 
 790              		.text
 791              		.section	.gnu.lto_.jmpfuncs.e8b58de1aca79b9d,"e",%progbits
 792 0000 789C1364 		.ascii	"x\234\023d@\000V fd``b``f``\001r\000\002\245\000!"
 792      40005620 
 792      66646060 
 792      62606066 
 792      60600172 
 793              		.text
 794              		.section	.gnu.lto_.pureconst.e8b58de1aca79b9d,"e",%progbits
 795 0000 789C1360 		.ascii	"x\234\023````e\230\301\3028\203\205i\006\013\363\026"
 795      60606065 
 795      98C1C238 
 795      83856906 
 795      0BF316
 796 0013 1696592C 		.ascii	"\026\226Y,\000\032\274\003J"
ARM GAS  /tmp/ccs1UoQ4.s 			page 20


 796      001ABC03 
 796      4A
 797              		.text
 798              		.section	.gnu.lto_.ipa_modref.e8b58de1aca79b9d,"e",%progbits
 799 0000 789C8B66 		.ascii	"x\234\213f@\000V\006\006\005\001\001(\301\300\210\314"
 799      40005606 
 799      06050101 
 799      28C1C088 
 799      CC
 800 0011 6142E630 		.ascii	"aB\3460#sX\3004\023\0233\003#\023\013#\003\023+\220"
 800      237358C0 
 800      34131333 
 800      0323130B 
 800      2303132B 
 801 0026 6685E865 		.ascii	"f\205\350e\204q\030\030\000\273\021\003\033"
 801      84711818 
 801      00BB1103 
 801      1B
 802              		.text
 803              		.section	.gnu.lto_.lto.e8b58de1aca79b9d,"e",%progbits
 804 0000 0B000300 		.ascii	"\013\000\003\000\001\000\000\000"
 804      01000000 
 805              		.text
 806              		.section	.gnu.lto_ram_areas.130.e8b58de1aca79b9d,"e",%progbits
 807 0000 789C4DCE 		.ascii	"x\234M\316\313k\023Q\024\006\360\371R\323,\353Bw\376"
 807      CB6B1351 
 807      1406F0F9 
 807      52D32CEB 
 807      4277FE
 808 0013 09251793 		.ascii	"\011%\027\223\356K;H(\022\254\215\"R\312\230\216\243"
 808      EE4B3B48 
 808      2812AC8D 
 808      2252CA98 
 808      8EA3
 809 0025 1DE3EDC9 		.ascii	"\035\343\355\311\334\231\020E\344\206\254\304\277\300"
 809      DC991045 
 809      E486ACC4 
 809      BFC0
 810 0033 95E0CEBD 		.ascii	"\225\340\316\275\224>bZ\337om\353\243\276\255\326\347"
 810      943E625A 
 810      DF6F6DEB 
 810      A3BEADD6 
 810      E7
 811 0044 C6E242C1 		.ascii	"\306\342B\301E\027\235:\031\347\\\316\342\343p\356\217"
 811      45179D3A 
 811      19E75CCE 
 811      E2E370EE 
 811      8F
 812 0055 AF99328C 		.ascii	"\257\2312\214\013F\364\3228\217f\243\261\2616\365\353"
 812      0B46F4D2 
 812      388F66A3 
 812      B1B136F5 
 812      EB
 813 0066 E28E8C3E 		.ascii	"\342\216\214>\033/~\364\3523\377\363.}:\316\227S\272"
 813      1B2F7EF4 
 813      EA33FFF3 
 813      2E7D3ACE 
ARM GAS  /tmp/ccs1UoQ4.s 			page 21


 813      9753BA
 814 0079 1EE6FEE6 		.ascii	"\036\346\376\346\271\306\366\232?\007o\0264\0039\215"
 814      B9C6F69A 
 814      3F076F16 
 814      3403398D 
 815 0089 34BA7722 		.ascii	"4\272w\"\323\271\372\373\347R\217\2560\313e\326qf9\211"
 815      D3B9FAFB 
 815      E7528FAE 
 815      30CB65D6 
 815      71663989 
 816 009d 750DDE02 		.ascii	"u\015\336\002h\036\262\035Y\335\235\253\231\337\241"
 816      681EB21D 
 816      59DD9DAB 
 816      99DFA1
 817 00ac 6533ABCC 		.ascii	"e3\253\314,\213Yc\211u\007\336m\320-\310\233\221\225"
 817      2C8B5963 
 817      897507DE 
 817      6DD02DC8 
 817      9B9195
 818 00bf 8E7BAD87 		.ascii	"\216{\255\207\326(\263\0163\353\020\263\016&\326#x\017"
 818      D628B30E 
 818      33EB10B3 
 818      0E26D623 
 818      780F
 819 00d1 410F20EF 		.ascii	"A\017 \357G\326\266\270\327\317\320*1k?\263\3661\253"
 819      47D6B6B8 
 819      D7CFD02A 
 819      316B3FB3 
 819      F631AB
 820 00e4 98584FE1 		.ascii	"\230XO\341-\203\226 \027#\253+\356\365=\264\3662k\210"
 820      2D839620 
 820      1723AB2B 
 820      EEF53DB4 
 820      F6326B88 
 821 00f8 590566ED 		.ascii	"Y\005f\355I\254W\360^\202V _DV*\356\365-\264Lf\0150"
 821      49AC57F0 
 821      5E825620 
 821      5F44562A 
 821      EEF52DB4 
 822 0110 6B4133AC 		.ascii	"kA3\254\255\023\355\003\274\367\240w\220o\021;_C\247"
 822      AD13ED03 
 822      BCF7A077 
 822      906F113B 
 822      5F43A7
 823 0123 A51934AB 		.ascii	"\245\0314\253\2314\315\245)&}\206\267\006\372\004\371"
 823      9934CDA5 
 823      29267D86 
 823      B706FA04 
 823      F9
 824 0134 F1DFE6C8 		.ascii	"\361\337\346\310\025\235\377\202\276U\274\301k<\307"
 824      159DFF82 
 824      BE55BCC1 
 824      6B3CC7
 825 0143 333CC163 		.ascii	"3<\301c\334\303]\334\300u\\E\013FIL\220t\204\242q1\254"
 825      DCC35DDC 
 825      C0755C45 
 825      0B46494C 
ARM GAS  /tmp/ccs1UoQ4.s 			page 22


 825      907484A2 
 826 015a E8846307 		.ascii	"\350\204c\007\2760'\334q\267\024\324\216\272\304\263"
 826      BE3027DC 
 826      71B714D4 
 826      8EBAC4B3 
 827 016a 95CB8B3A 		.ascii	"\225\313\213:\251\212_-\333\216\025\250\332dE\224\016"
 827      A98A5F2D 
 827      DB8E15A8 
 827      DA644594 
 827      0E
 828 017b 14F339AB 		.ascii	"\024\3639\2530<4h\035s\225\254\227\225#\214\301lV\204"
 828      303C3468 
 828      1D7395AC 
 828      9795238C 
 828      C16C5684 
 829 018f 636F7D25 		.ascii	"co}%\277sI\276\260IJ\232\024~PVA\255*\006F\212f\361"
 829      BF7349BE 
 829      B0494A9A 
 829      147E5056 
 829      41AD2A06 
 830 01a7 D4D6B6EA 		.ascii	"\324\326\266\352\236t\224/\012\246)l\025\354\316\332"
 830      9E74942F 
 830      0AA6296C 
 830      15ECCEDA 
 831 01b7 C62681B9 		.ascii	"\306&\201\271\017X"
 831      0F58
 832              		.text
 833              		.section	.gnu.lto___cpu_init.131.e8b58de1aca79b9d,"e",%progbits
 834 0000 789CCB67 		.ascii	"x\234\313g``\230\001\304\312@\314\310\314\3008ib\027"
 834      60609801 
 834      C4CA40CC 
 834      C8CCC038 
 834      696217
 835 0013 13434343 		.ascii	"\023CCC\203\003;\023c\343\304.N\306\355\214`\036#C="
 835      83033B13 
 835      63E3C42E 
 835      4EC6ED8C 
 835      601E2343 
 836 0028 13633DE3 		.ascii	"\023c=\343Bf} \367\307\321\327\027.K4\2548\300\370\212"
 836      42667D20 
 836      F7C7D1D7 
 836      172E4B34 
 836      AC38C0F8 
 837 003d 81A19E01 		.ascii	"\201\241\236\001\012\270!lF ^\177\211\365@\303\237\377"
 837      0AB8216C 
 837      46205E7F 
 837      89F540C3 
 837      9FFF
 838 004f FD0D0D7F 		.ascii	"\375\015\015\177\0371\256Veb`\230\307\0142\265\201\205"
 838      1F31AE56 
 838      65626098 
 838      C70C32B5 
 838      8185
 839 0061 B1E10003 		.ascii	"\261\341\000\003\303|f&\010\247\021\310\371\316\324"
 839      C37C6626 
 839      08A711C8 
 839      F9CED4
ARM GAS  /tmp/ccs1UoQ4.s 			page 23


 840 0070 A0C4F09F 		.ascii	"\240\304\360\237\251I\001l\310<fF\204:\006\206`\375"
 840      A949016C 
 840      C83C6646 
 840      843A0686 
 840      60FD
 841 0082 8CFCDC54 		.ascii	"\214\374\334T\375\242\374$\375\200\242\374\254\324\344"
 841      FDA2FC24 
 841      FD80A2FC 
 841      ACD4E4
 842 0091 92627DE7 		.ascii	"\222b}\347\214\314\244\314\340\222\322\224\314|dv\274"
 842      8CCCA4CC 
 842      E092D294 
 842      CC7C6476 
 842      BC
 843 00a2 91B17E79 		.ascii	"\221\261~y~QvqAbrj|IQi^\266~p\210\257\261Q\274{\200"
 843      7E517671 
 843      4162726A 
 843      7C495169 
 843      5EB67E70 
 844 00bd A7537C5A 		.ascii	"\247S|ZfQnybQ\252>\203\223\236\236>\020%\203\264\346"
 844      66516E79 
 844      6251AA3E 
 844      83939E9E 
 844      3E102583 
 845 00d3 174355E6 		.ascii	"\027CU\346\027\353'\347\347\346\346\347\351\027\227"
 845      17EB27E7 
 845      E7E6E6E7 
 845      E91797
 846 00e2 24169594 		.ascii	"$\026\225\224\026\350;\006\371:\373V\200D\0132sR\213"
 846      16E83B06 
 846      F93AFB56 
 846      80440B32 
 846      73528B
 847 00f5 8AF5DD9D 		.ascii	"\212\365\335\235\235\365\223\213J\014\365\222\031\000"
 847      9DF5938B 
 847      4A0CF592 
 847      1900
 848 0103 CDAA61E7 		.ascii	"\315\252a\347"
 849              		.text
 850              		.section	.gnu.lto___early_init.132.e8b58de1aca79b9d,"e",%progbits
 851 0000 789CCB63 		.ascii	"x\234\313c``\230\001\304\312@\314\310\314\3008ib\027"
 851      60609801 
 851      C4CA40CC 
 851      C8CCC038 
 851      696217
 852 0013 13434343 		.ascii	"\023CCC\203\003;\023c\343\304.N\306\355\214`\036#C="
 852      83033B13 
 852      63E3C42E 
 852      4EC6ED8C 
 852      601E2343 
 853 0028 13633DE3 		.ascii	"\023c=\343Bf} \367\307\321\327\0157%\032V\034`|\305"
 853      42667D20 
 853      F7C7D1D7 
 853      0D37251A 
 853      561C607C 
 854 003d C050CF00 		.ascii	"\300P\317\000\005\334\0206#\020\257\277\304z\240\341"
 854      05DC1036 
ARM GAS  /tmp/ccs1UoQ4.s 			page 24


 854      2310AFBF 
 854      C47AA0E1 
 855 004d CFFFFE86 		.ascii	"\317\377\376\206\206\263\213\031\255\230\030\030\346"
 855      86B38B19 
 855      AD981818 
 855      E6
 856 005a 31830C6D 		.ascii	"1\203\014m`al8\300\3000\237\231\011\302i\004r\27635"
 856      60616C38 
 856      C0C0309F 
 856      9909C269 
 856      0472BE33 
 857 006f 2831FC67 		.ascii	"(1\374gjR\000\2331\217\231\021\241\216\201!X?#?7U\277"
 857      6A52009B 
 857      318F9911 
 857      A18E8121 
 857      583F233F 
 858 0086 283F493F 		.ascii	"(?I?\240(?+5\271\244X\3379#3)3\270\2444%3\037\231\035"
 858      A0283F2B 
 858      35B9A458 
 858      DF392333 
 858      2933B8A4 
 859 00a0 6F64AC5F 		.ascii	"od\254_\236_\224]\\\220\230\234\032_RT\232\227\255\037"
 859      9E5F945D 
 859      5C90989C 
 859      1A5F5254 
 859      9A97AD1F 
 860 00b4 1CE26B6C 		.ascii	"\034\342kl\024\357\036\340\351\024\237\226Y\224[\236"
 860      14EF1EE0 
 860      E9149F96 
 860      59945B9E 
 861 00c4 5894AACF 		.ascii	"X\224\252\317\340\244\247\247\017D\311 \255\371\305"
 861      E0A4A7A7 
 861      0F44C920 
 861      ADF9C5
 862 00d3 5095F9C5 		.ascii	"P\225\371\305\372\311\371\271\271\371y\372\305%\211"
 862      FAC9F9B9 
 862      B9F979FA 
 862      C52589
 863 00e2 4525A505 		.ascii	"E%\245\005\372\216A\276\316\276\025 \321\202\314\234"
 863      FA8E41BE 
 863      CEBE1520 
 863      D182CC9C 
 864 00f2 D4A2627D 		.ascii	"\324\242b}wgg\375\344\242\022C\275d\006\000\216\327"
 864      776767FD 
 864      E4A21243 
 864      BD640600 
 864      8ED7
 865 0104 6097     		.ascii	"`\227"
 866              		.text
 867              		.section	.gnu.lto___late_init.133.e8b58de1aca79b9d,"e",%progbits
 868 0000 789CCB63 		.ascii	"x\234\313c``\230\001\304\312@\314\310\314\3008ib\027"
 868      60609801 
 868      C4CA40CC 
 868      C8CCC038 
 868      696217
 869 0013 13434343 		.ascii	"\023CCC\203\003;\023c\343\304.N\306\355\214`\036#C="
 869      83033B13 
ARM GAS  /tmp/ccs1UoQ4.s 			page 25


 869      63E3C42E 
 869      4EC6ED8C 
 869      601E2343 
 870 0028 13633DE3 		.ascii	"\023c=\343Bf} \367\307\321\327\017nK4\2548\300\370\212"
 870      42667D20 
 870      F7C7D1D7 
 870      0F6E4B34 
 870      AC38C0F8 
 871 003d 81A19E01 		.ascii	"\201\241\236\001\012\270!lF ^\177\211\365@\303\237\377"
 871      0AB8216C 
 871      46205E7F 
 871      89F540C3 
 871      9FFF
 872 004f FD0D0D47 		.ascii	"\375\015\015G\0273Z210\314c\006\031\332\300\302\330"
 872      17335A32 
 872      3130CC63 
 872      0619DAC0 
 872      C2D8
 873 0061 70808161 		.ascii	"p\200\201a>3\023\204\323\010\344|gjPb\370\317\324\244"
 873      3E331384 
 873      D308E47C 
 873      676A5062 
 873      F8CFD4A4 
 874 0075 0036631E 		.ascii	"\0006c\0363#B\035\003C\260~F~n\252~Q~\222~@Q~VjrI\261"
 874      3323421D 
 874      0343B07E 
 874      467E6EAA 
 874      7E517E92 
 875 0092 BE734666 		.ascii	"\276sFfRfpIiJf>2;\336\310X\277<\277(\273\270 195\276"
 875      52667049 
 875      694A663E 
 875      323BDEC8 
 875      58BF3CBF 
 876 00ae A4A8342F 		.ascii	"\244\2504/[?8\304\327\330(\336=\300\323)>-\263(\267"
 876      5B3F38C4 
 876      D7D828DE 
 876      3DC0D329 
 876      3E2DB328 
 877 00c3 3CB12855 		.ascii	"<\261(U\237\301IOO\037\210\222AZ\363\213\241*\363\213"
 877      9FC1494F 
 877      4F1F8892 
 877      415AF38B 
 877      A12AF38B 
 878 00d7 F593F373 		.ascii	"\365\223\363ss\363\363\364\213K\022\213JJ\013\364\035"
 878      73F3F3F4 
 878      8B4B128B 
 878      4A4A0BF4 
 878      1D
 879 00e8 837C9D7D 		.ascii	"\203|\235}+@\242\005\2319\251E\305\372\356\316\316\372"
 879      2B40A205 
 879      9939A945 
 879      C5FAEECE 
 879      CEFA
 880 00fa C9452586 		.ascii	"\311E%\206z\311\014\000\3505`\360"
 880      7AC90C00 
 880      E83560F0 
 881              		.text
ARM GAS  /tmp/ccs1UoQ4.s 			page 26


 882              		.section	.gnu.lto___default_exit.134.e8b58de1aca79b9d,"e",%progbits
 883 0000 789CEB65 		.ascii	"x\234\353e``\230\001\304\016@\314\310\312\3008ib\027"
 883      60609801 
 883      C40E40CC 
 883      C8CAC038 
 883      696217
 884 0013 13434343 		.ascii	"\023CCC\203\003;\023\343\344\211\\`\0263\343\024(\213"
 884      83033B13 
 884      E3E4895C 
 884      601633E3 
 884      14288B
 885 0026 8571B221 		.ascii	"\205q\262!\230\301\310P\317\304\314\302\010$\030\020"
 885      98C1C850 
 885      CFC4CCC2 
 885      08241810 
 886 0036 6021B33E 		.ascii	"`!\263>P\362\307\321\327\033\356K4\2548\300\370\212"
 886      50F2C7D1 
 886      D71BEE4B 
 886      34AC38C0 
 886      F88A
 887 0048 81A11E26 		.ascii	"\201\241\036&\307\015a3\002\361\372K\254\007\032\376"
 887      C70D6133 
 887      02F1FA4B 
 887      AC071AFE 
 888 0058 FCEF6F68 		.ascii	"\374\357oh\270\373\230\261C\035(4\217\231\341\310\373"
 888      B8FB98B1 
 888      431D2834 
 888      8F99E1C8 
 888      FB
 889 0069 0E56C686 		.ascii	"\016V\306\206\003 6\023\230\335\010d\317gf\006\032\330"
 889      03203613 
 889      98DD0864 
 889      CF676606 
 889      1AD8
 890 007b C002E230 		.ascii	"\300\002\3420~gjx\364\3674'\343vF\006\020\363\0377\003"
 890      7E676A78 
 890      F4F73427 
 890      E3764606 
 890      10F31F37 
 891 0090 44848701 		.ascii	"D\204\207\001\244\211\005\242\220\021\310dd`\007\331"
 891      A48905A2 
 891      9011C864 
 891      646007D9 
 892 00a0 18AC9F91 		.ascii	"\030\254\237\221\237\233\252_\224\237\244\037P\224\237"
 892      9F9BAA5F 
 892      949FA41F 
 892      50949F
 893 00af 959A5C52 		.ascii	"\225\232\\R\254\357\234\221\231\224\031\\R\232\222\231"
 893      ACEF9C91 
 893      9994195C 
 893      529A9299 
 894 00bf 8FCC8E37 		.ascii	"\217\314\21672\326/\317/\312..HLN\215/)*\315\313\326"
 894      32D62FCF 
 894      2FCA2E2E 
 894      484C4E8D 
 894      2F292ACD 
 895 00d5 0F0EF135 		.ascii	"\017\016\36156\212w\017\360t\212O\313,\312-O,J\325g"
ARM GAS  /tmp/ccs1UoQ4.s 			page 27


 895      368A770F 
 895      F0748A4F 
 895      CB2CCA2D 
 895      4F2C4AD5 
 896 00ea 70D2D3D3 		.ascii	"p\322\323\323\007\242d\220\326\374b\250\312\374b\375"
 896      07A26490 
 896      D6FC62A8 
 896      CAFC62FD 
 897 00fa E4FCDCDC 		.ascii	"\344\374\334\334\374<\375\342\222\304\242\222\322\002"
 897      FC3CFDE2 
 897      92C4A292 
 897      D202
 898 0108 7DC7205F 		.ascii	"}\307 _g\337\012\220hAfNjQ\261\276\273\263\263~rQ\211"
 898      67DF0A90 
 898      6841664E 
 898      6A51B1BE 
 898      BBB3B37E 
 899 011f A15E3203 		.ascii	"\241^2\003\000\3619s>"
 899      00F13973 
 899      3E
 900              		.text
 901              		.section	.gnu.lto___init_ram_areas.135.e8b58de1aca79b9d,"e",%progbits
 902 0000 789C6D54 		.ascii	"x\234mToh[U\024\277\347\236\373\362^\323$\013\315\206"
 902      6F685B55 
 902      14BFE79E 
 902      FBF25ED3 
 902      240BCD86 
 903 0014 7E11AA08 		.ascii	"~\021\252\010~\020\372\330\212\322/b]>\014?\024\306"
 903      7E10FAD8 
 903      8AD22F62 
 903      5D3E0C3F 
 903      14C6
 904 0026 EAF7DA25 		.ascii	"\352\367\332%\251\213]\226\354%\261b-}\315\272\0052"
 904      A98B5D96 
 904      EC25B162 
 904      2D7DCDBA 
 904      0532
 905 0038 689B8EC2 		.ascii	"h\233\216\302:g;\031H\020\251\333\020\235\233\351\302"
 905      3A673B19 
 905      4810A9DB 
 905      109D9BE9 
 905      C2
 906 0049 E6AC8212 		.ascii	"\346\254\202\022\354\250S\234\245+H\335\012\256\212"
 906      ECA8539C 
 906      A52B48DD 
 906      0AAE8A
 907 0058 F867DDAC 		.ascii	"\370g\335\254\347\336\227\244)\354\221w\357y\367\374"
 907      E7DE97A4 
 907      29EC9177 
 907      EF79F7FC 
 908 0068 CEEF9EDF 		.ascii	"\316\357\236\337\271\347fH0v\2011\266J/x\031\214\347"
 908      B9E76648 
 908      30768131 
 908      B64A2F78 
 908      198CE7
 909 007b 739CD9B6 		.ascii	"s\234\331\266\335\256s8\221w+\013a\"\237\2737\373\211"
 909      DDAE7338 
ARM GAS  /tmp/ccs1UoQ4.s 			page 28


 909      91772B0B 
 909      61229FBB 
 909      37FB89
 910 008e 8012A805 		.ascii	"\200\022\250\005\001\023\347\2530\215\017\347\217s\362"
 910      0113E7AB 
 910      308D0FE7 
 910      8F73F2
 911 009d CCAFDD6F 		.ascii	"\314\257\335o\023\357\214-\303\314\350Q]4\302\311\014"
 911      13EF8C2D 
 911      C3CCE851 
 911      5D34C2C9 
 911      0C
 912 00ae 38081D4E 		.ascii	"8\010\035N\216\277\357\004\032<[\007\236\254\202\033"
 912      8EBFEF04 
 912      1A3C5B07 
 912      9EAC821B 
 913 00be F8E9B10B 		.ascii	"\370\351\261\013O\302e\011j\023\247h\231\014Cx\340\304"
 913      4FC26509 
 913      6A13A768 
 913      990C4378 
 913      E0C4
 914 00d0 79BFC3E1 		.ascii	"y\277\303\341\206\241|n\345\253\247\034L\273\016l\220"
 914      86A17C6E 
 914      E5ABA71C 
 914      4CBB0E6C 
 914      90
 915 00e1 A3D01A75 		.ascii	"\243\320\032u\243\301\343\206A\201\014J\002\364\315"
 915      A3C1E386 
 915      41810C4A 
 915      02F4CD
 916 00f0 81398FC6 		.ascii	"\2019\217\3066\037\243\316~\017M\342\371\347\372ji\375"
 916      361FA3CE 
 916      7E0F4DE2 
 916      F9E7FA6A 
 916      69FD
 917 0102 71BB5082 		.ascii	"q\273P\202\273\214\015V}\032\270\002 h\334\001\315\032"
 917      BB8C0D56 
 917      7D1AB802 
 917      2068DC01 
 917      CD1A
 918 0114 1893402B 		.ascii	"\030\223@+\317\226l{mqn\30476d\014\\\202\301\317\340"
 918      CF966C7B 
 918      6D716EC4 
 918      3736640C 
 918      5C82C1CF 
 919 0129 2248ECBB 		.ascii	"\"H\354\273\260 \032\331e\220\321@\340\231\032\370\356"
 919      B0201AD9 
 919      6590D140 
 919      E0991AF8 
 919      EE
 920 013a 4A5682FB 		.ascii	"JV\202\373\213\365\340U\2425\316U1\347\356d\263\266"
 920      8BF5E055 
 920      A235CE55 
 920      31E7EE64 
 920      B3B6
 921 014c 7FB8B9FF 		.ascii	"\177\270\271\377J=\3466\021\226`\026\330\347@_K\202"
 921      4A3DE636 
ARM GAS  /tmp/ccs1UoQ4.s 			page 29


 921      11966016 
 921      D8E7405F 
 921      4B82
 922 015e 96112E01 		.ascii	"\226\021.\001\\\001(\302G\363Z\311~\2601j\333+/\024"
 922      5C0128C2 
 922      47F35AC9 
 922      7EB0316A 
 922      DB2B2F14 
 923 0172 4F9F756F 		.ascii	"O\237uo\007\306\2213\316\221^\301\010\2471B\272\030"
 923      07C69133 
 923      CE915EC1 
 923      08A73142 
 923      BA18
 924 0184 61753978 		.ascii	"au9x\344\247WZ>\351\365K\253I\016\001\351`l\012\231"
 924      E4A7575A 
 924      3EE9F54B 
 924      AB490E01 
 924      E9606C0A 
 925 0199 3C02B04B 		.ascii	"<\002\260K\214M#W\366\020\331\177s{\271X\006\2323g\322"
 925      8C4D2357 
 925      F610D97F 
 925      737BB958 
 925      069A3367 
 926 01ae 92165C7D 		.ascii	"\222\026\\}2\357\034\315i\232?\004\221\274\006W\201"
 926      32EF1CCD 
 926      699A3F04 
 926      91BC0657 
 926      81
 927 01bf E5E0986D 		.ascii	"\345\340\230m\027\236\356\373B\245?\215\270v\277\320"
 927      179EEEFB 
 927      42A53F8D 
 927      B876BFD0 
 928 01cf 56A1C8B4 		.ascii	"V\241\310\264\313=Q(\266\357\312\015tz\312\274QvS\017"
 928      CB3D5128 
 928      B6EFCA0D 
 928      747ACABC 
 928      5176530F 
 929 01e3 B0759E99 		.ascii	"\260u\236\231\275\263\015=\304=\000\212\223\316\344"
 929      BDB30D3D 
 929      C43D008A 
 929      93CEE4
 930 01f2 D7C70EBF 		.ascii	"\327\307\016\277\361%\260\347\207\251\003\342s\020c"
 930      F125B0E7 
 930      87A903E2 
 930      731063
 931 0201 8AE8CC8B 		.ascii	"\212\350\314\213\224-zT\364B\231WC\275\225\240B}\320"
 931      942D7A54 
 931      F4429957 
 931      43BD95A0 
 931      427DD0
 932 0214 D7D05B0B 		.ascii	"\327\320[\013*\002zU\320O\024\304\262(T\272\027\357"
 932      2A027A55 
 932      D04F14C4 
 932      B22854BA 
 932      17EF
 933 0226 1D692015 		.ascii	"\035i \025\374\203g(#\364yF\362\267\015\231\3204\212"
 933      FC836728 
ARM GAS  /tmp/ccs1UoQ4.s 			page 30


 933      23F47946 
 933      F2B70D99 
 933      D0348A
 934 0239 FCD19B73 		.ascii	"\374\321\233sX\253\300\317e\224[\235:\376\013\240,A"
 934      58ABC0CF 
 934      65945B9D 
 934      3AFE0BA0 
 934      2C41
 935 024b 3F30B59F 		.ascii	"?0\265\237\021M}Cz\311\365Gn\241\2227F-ZCG\341\3426"
 935      114D7D43 
 935      7AC9F547 
 935      6EA19237 
 935      462D5A43 
 936 0263 721EF9F8 		.ascii	"r\036\371\370\330u\300&t\301\247\252\220\3152\235&\345"
 936      D875C026 
 936      74C1A7AA 
 936      90CD329D 
 936      26E5
 937 0275 FF5D1113 		.ascii	"\377]\021\023\340[\300\000j5\000\211\014\2502jDi\213"
 937      E05BC000 
 937      6A350089 
 937      0CA8326A 
 937      44698B
 938 0288 BA3A52A8 		.ascii	"\272:R\250\213L.!\232#it\024je\334\201\274R\013\243"
 938      8B4C2E21 
 938      9A236974 
 938      146A65DC 
 938      81BC520B 
 939 029d AE146578 		.ascii	"\256\024ex\215\330\376\342\303\213\327\336BN\004L\026"
 939      8DD8FEE2 
 939      C38BD7DE 
 939      424E044C 
 939      16
 940 02ae 41430F4E 		.ascii	"AC\017N=|\033\003bd#\234E\027zq\206>\233\304\177\017"
 940      3D7C1B03 
 940      6264239C 
 940      45177A71 
 940      863E9BC4 
 941 02c4 5FA58668 		.ascii	"_\245\206hT'(\253\241o\255\306\272S\215?\013\336\252"
 941      542728AB 
 941      A16FADC6 
 941      BA538D3F 
 941      0BDEAA
 942 02d7 E2042976 		.ascii	"\342\004)vE\301q?\330\324\354G\275^\263_I2\036!IW\221"
 942      45C1713F 
 942      D8D4EC47 
 942      BD5EB35F 
 942      49321E21 
 943 02ee FF6E5582 		.ascii	"\377nU\202\217Pr\003\"\233J\020uG\211\216\256F\301\320"
 943      8F507203 
 943      229B4A10 
 943      7547898E 
 943      AE46C1D0 
 944 0302 AFFFB6B1 		.ascii	"\257\377\266\261T9\301\206\272\376\263\227\363\363\274"
 944      5439C186 
 944      BAFEB397 
 944      F3F3BC
ARM GAS  /tmp/ccs1UoQ4.s 			page 31


 945 0311 96940F05 		.ascii	"\226\224\017\005]l\277\223\025\265\245O!&\306io\352"
 945      5D6CBF93 
 945      15B5A54F 
 945      2126C669 
 945      6FEA
 946 0323 4BA2BE15 		.ascii	"K\242\276\025D\037\035\362-\006\306\326F\277)\033]\203"
 946      441F1DF2 
 946      2D06C6D6 
 946      46BF291B 
 946      5D83
 947 0335 36CAA4F0 		.ascii	"6\312\244\360\304\341\037\340{\331\353N\343o\037\370"
 947      C4E11FE0 
 947      7BD9EB4E 
 947      E36F1FF8 
 948 0345 119CBF8D 		.ascii	"\021\234\277\215)\364\\]=\273S\025\316]\273G\033<\263"
 948      29F45C5D 
 948      3DBB5315 
 948      CE5DBB47 
 948      1B3CB3
 949 0358 34B9AF02 		.ascii	"4\271\257\002\200\332Uc\254\323<\020\217EL+\276\337"
 949      80DA5563 
 949      ACD33C10 
 949      8F454C2B 
 949      BEDF
 950 036a DC6BC55F 		.ascii	"\334k\305_\217\204RI3x \272?\332\231J\207\243\361z\273"
 950      8F845249 
 950      337820BA 
 950      3FDA994A 
 950      87A3F17A 
 951 037f 6B57ABD9 		.ascii	"kW\253\331\027\267z\223\211\356P\244+e\245\017\365\232"
 951      17B77A93 
 951      89EE50A4 
 951      2B65A50F 
 951      F59A
 952 0391 9DAF74B4 		.ascii	"\235\257t\264\356\352\332\263\367\345\335]=Q+\326\327"
 952      EEEADAB3 
 952      F7E5DD5D 
 952      3D512BD6 
 952      D7
 953 03a2 6D454CB6 		.ascii	"mEL\266\273\245\305\244_H\206\306\223\025d<i\206\342"
 953      BBA5C5A4 
 953      5F4886C6 
 953      9315643C 
 953      6986E2
 954 03b5 B158FC90 		.ascii	"\261X\374\220\231Lu[\251t\302|i_G\260\343M\271\232\210"
 954      994C755B 
 954      A974C27C 
 954      695F47B0 
 954      E34DB99A 
 955 03ca 1E8C5849 		.ascii	"\036\214XIsO0h\206\254\324\316\226\020C\253;\341w\354"
 955      734F3068 
 955      86ACD4CE 
 955      961043AB 
 955      3BE177EC 
 956 03de 969E70F8 		.ascii	"\226\236p\370\271pkO\033\203\004O%\376\007\245\327\336"
 956      B9706B4F 
 956      1B83044F 
ARM GAS  /tmp/ccs1UoQ4.s 			page 32


 956      25FE07A5 
 956      D7DE
 957 03f0 B9       		.ascii	"\271"
 958              		.text
 959              		.section	.gnu.lto_.symbol_nodes.e8b58de1aca79b9d,"e",%progbits
 960 0000 789C6DCA 		.ascii	"x\234m\312\3336Ba\024\206\341\371\312R\262K\331G%\224"
 960      DB364261 
 960      1486E1F9 
 960      CA52B24B 
 960      D9472594 
 961 0014 7215DCD8 		.ascii	"r\025\334\330\277\320\"\273Z\221}\366\342\314\0058v"
 961      BFD022BB 
 961      5A917DF6 
 961      E2CC0538 
 961      76
 962 0025 EC56BA05 		.ascii	"\354V\272\005\326wb\014\243y\362\214\361\2753\300\314"
 962      D677620C 
 962      A379F28C 
 962      F1BD33C0 
 962      CC
 963 0036 06767143 		.ascii	"\006vqC\376\357\015\022~\2339\263O\177[\241\206\213"
 963      FEEF0D12 
 963      7E9B39B3 
 963      4F7F5BA1 
 963      868B
 964 0048 F70D012E 		.ascii	"\367\015\001.\3217\354\341\206\277zu\357o\337\214\346"
 964      D137ECE1 
 964      86BF7A75 
 964      EF6FDF8C 
 964      E6
 965 0059 7D5CF2A3 		.ascii	"}\\\362\243\031\304\377\275{;\214\370[f1\257\316h!\032"
 965      19C4FFBD 
 965      7B3B8CF8 
 965      5B6631AF 
 965      CE68211A 
 966 006d 0E189387 		.ascii	"\016\030\223\207\214\313#&\3441)y\302\244l\220\226M"
 966      8CCB2326 
 966      E4312979 
 966      C2A46C90 
 966      964D
 967 007f 3232644A 		.ascii	"22dJ\266\230\226\247\314\3103fe\2339y\316\274\274`A"
 967      B69896A7 
 967      CCC83366 
 967      659B3979 
 967      CEBCBC60 
 968 0094 5E929557 		.ascii	"^\222\225W,\312k\226\344\0159yK^v(\310;\226\345=E\371"
 968      2CCA6B96 
 968      E40D3979 
 968      4B5E7628 
 968      C83B96E5 
 969 00ab C08A7C64 		.ascii	"\300\212|dU>\261&\237)\311\027\312\362\225u\331\245"
 969      553EB126 
 969      9F29C917 
 969      CAF29575 
 969      D9A5
 970 00bd 22DFA8CA 		.ascii	"\"\337\250\312w6\"\355\007\361\332> "
 970      773622ED 
ARM GAS  /tmp/ccs1UoQ4.s 			page 33


 970      07F1DA3E 
 970      20
 971              		.text
 972              		.section	.gnu.lto_.refs.e8b58de1aca79b9d,"e",%progbits
 973 0000 789C05C1 		.ascii	"x\234\005\301i\032B`\030\000\300\367\231|h\221\222h"
 973      691A4260 
 973      1800C0F7 
 973      997C6891 
 973      9268
 974 0012 A7C52F67 		.ascii	"\247\305/gq\377\3534\263D\204LZ\2054\307\230\344\012"
 974      71FFEB34 
 974      B344844C 
 974      5A8534C7 
 974      98E40A
 975 0025 A5B58DAD 		.ascii	"\245\265\215\255\235\312^\355\340\250q\322:\353\364"
 975      9DCA5EED 
 975      E0A871D2 
 975      3AEBF4
 976 0034 2EAE6EEE 		.ascii	".\256n\356\036\236^\006\243\267\217\257\237)\376\200"
 976      1E9E5E06 
 976      A3B78FAF 
 976      9F29FE80 
 977 0044 6803A5   		.ascii	"h\003\245"
 978              		.text
 979              		.section	.gnu.lto_.decls.e8b58de1aca79b9d,"e",%progbits
 980 0000 789CA596 		.ascii	"x\234\245\226oPT\327\031\306\317\271{Y\016\177d\227"
 980      6F5054D7 
 980      19C6CFB9 
 980      7B590E7F 
 980      6497
 981 0012 C4B43463 		.ascii	"\304\2644c3L&\3232&a\303\377~4\2413NgJ\223\326\366k"
 981      334C26D3 
 981      322661C3 
 981      FF7E34A1 
 981      334E674A 
 982 002a EF6C96B5 		.ascii	"\357l\226\265R\201\245\313R\355L?\034v\221]\221\320"
 982      5281A5CB 
 982      52ED4C3F 
 982      1C76915D 
 982      91D0
 983 003c 5D22CE4A 		.ascii	"]\"\316J\200\331\256[\024C\021\243\251@\004\326\260"
 983      80D9AE5B 
 983      144311A3 
 983      A94004D6 
 983      B0
 984 004d 0A4625A0 		.ascii	"\012F%\240\242D\220\254\242\015\032\241@\2200H\260\357"
 984      A24490AC 
 984      A20D1AA1 
 984      40903048 
 984      B0EF
 985 005f B97B3DE1 		.ascii	"\271{=\341B\277u\207\007\316\275\357\3579\3479\357\271"
 985      42BF7587 
 985      07CEBDEF 
 985      EF39E739 
 985      EFB9
 986 0071 77874DB1 		.ascii	"w\207M\261\010\235\322 4\204\021z\012\237h\204\3205"
 986      089DD220 
ARM GAS  /tmp/ccs1UoQ4.s 			page 34


 986      3484117A 
 986      0A9F6884 
 986      D035
 987 0083 D06BA05E 		.ascii	"\320k\240^\320 \250\007t\005\3649\250\0334\012\032\003"
 987      D020A807 
 987      7405F439 
 987      A81B340A 
 987      1A03
 988 0095 4D802641 		.ascii	"M\200&A\367A3\240Y\320<h\001\264\010Z\002-\203V@\253"
 988      F74133A0 
 988      59D03C68 
 988      01B4085A 
 988      022D8356 
 989 00ab 20046B08 		.ascii	" \004k\010 \021\244\005\021P,(\036\224\000\322\203\236"
 989      2011A405 
 989      11502C28 
 989      1E9400D2 
 989      839E
 990 00bd 036D06FD 		.ascii	"\003m\006\375\000\224\004z\021\264\005\364\022(\031"
 990      0094047A 
 990      11B405F4 
 990      122819
 991 00cc F432E815 		.ascii	"\3642\350\025\320O@)\240\255\240\327@\251\240\333\240"
 991      D04F4029 
 991      A0ADA0D7 
 991      40A9A0DB 
 991      A0
 992 00dd 9F2A7953 		.ascii	"\237*yS\225\373[\025\216\345\377\014\324\017\272\010"
 992      95FB5B15 
 992      8EE5FF0C 
 992      D40FBA08 
 993 00ed 1A409139 		.ascii	"\032@\2219^Q\346LV\326\330\242\254\231\244d\330\254"
 993      5E51E64C 
 993      56D6D8A2 
 993      AC99A464 
 993      D8AC
 994 00ff 64D22B19 		.ascii	"d\322+\031\343\225\314D\331\203\250\354\211\355mU\331"
 994      E395CC44 
 994      D983A8EC 
 994      89ED6D55 
 994      D9
 995 0110 EBB2B2F7 		.ascii	"\353\262\262\367E\245\027\363Jo\246A'\261\214\312=<"
 995      45A517F3 
 995      4A6FA641 
 995      27B18CCA 
 995      3D3C
 996 0122 A38C592F 		.ascii	"\243\214Y/\273\2251\353i\2772f\275\275\304\326Uz\374"
 996      BB9531EB 
 996      69BF3266 
 996      BDBDC4D6 
 996      557AFC
 997 0135 EC2CD81E 		.ascii	"\354,\330\036\0158\322\363\3515g\363l\177\335k\366\250"
 997      0D38D2F3 
 997      E93567F3 
 997      6C7FDD6B 
 997      F6A8
 998 0147 7D1E8BDA 		.ascii	"}\036\213\332\027p\2626\005\263\343\325\301_D\004\224"
ARM GAS  /tmp/ccs1UoQ4.s 			page 35


 998      1770B236 
 998      05B3E3D5 
 998      C15F4404 
 998      94
 999 0158 45E58FDD 		.ascii	"E\345\217\335\204>a+!\224\027O~\217D\241\355\353\273"
 999      843E612B 
 999      2194174F 
 999      7E8F44A1 
 999      EDEBBB
 1000 016b E1585D90 		.ascii	"\341X]\220\322Y\032\254\210A\035\0302v\343\224\263\270"
 1000      D2591AAC 
 1000      88411D18 
 1000      3276E394 
 1000      B3B8
 1001 017d 0B776251 		.ascii	"\013wbQh\236\033l\211M\224\313\276O\305\036,\327Q/\353"
 1001      689E1B6C 
 1001      894D94CB 
 1001      BE4FC51E 
 1001      2CD7512F 
 1002 0192 8330DD63 		.ascii	"\2030\335c\037\027x\255W\251\005\261\234\201\220? b"
 1002      1F1778AD 
 1002      57A905B1 
 1002      9C81903F 
 1002      2062
 1003 01a4 45E4AFEC 		.ascii	"E\344\257\354B\017\201(&\0070\022c\237\234\371\373\264"
 1003      420F8128 
 1003      26073012 
 1003      639F9CF9 
 1003      FBB4
 1004 01b6 6E2B7C92 		.ascii	"n+|\222\300\2714W53\371RW\007\245\373\223zq\037\276"
 1004      C0B93457 
 1004      3533F952 
 1004      5707A5FB 
 1004      937A711F 
 1005 01cb AC4C9286 		.ascii	"\254L\222\206 \011\002\240\375;\250\305\304\367\342"
 1005      200902A0 
 1005      FD3BA8C5 
 1005      C4F7E2
 1006 01da 7E5E3B87 		.ascii	"~^;\207yqE)~\252*f\310\265e\245\026Z;i\006\202\036T"
 1006      79714529 
 1006      7EAA2A66 
 1006      C8B565A5 
 1006      165A3B69 
 1007 01f2 501A14D1 		.ascii	"P\032\024\321\005|\036\356]\306g\361%<\200?\303\027"
 1007      057C1EEE 
 1007      5DC667F1 
 1007      253C803F 
 1007      C317
 1008 0204 595BC809 		.ascii	"Y[\310\011\00166u\241fV\233\304\310 '\257\340u\250("
 1008      01363675 
 1008      A166569B 
 1008      C4C82027 
 1008      AFE075A8 
 1009 0219 740D549D 		.ascii	"t\015T\235\304|\377\203\312*\237\313\2759\337\273\374"
 1009      C47CFF83 
 1009      CA2A9FCB 
 1009      BD39DFBB 
ARM GAS  /tmp/ccs1UoQ4.s 			page 36


 1009      FC
 1010 022a E526B916 		.ascii	"\345&\271\026\334\320\267/\006\217v\012s\030\346w\321"
 1010      DCD0B72F 
 1010      068F760A 
 1010      7318E677 
 1010      D1
 1011 023b 607988B8 		.ascii	"`y\210\270\375S\264\235\322\022za\312[_9\345J\364\330"
 1011      FD53B49D 
 1011      D2127A61 
 1011      CA5B5F39 
 1011      E54AF4D8 
 1012 024f A1D6EEA2 		.ascii	"\241\326\356\242/z\341v}}\330-\3704,5\245\216xz\232"
 1012      2F7AE176 
 1012      7D7DD82D 
 1012      F8342C35 
 1012      A58E787A 
 1013 0264 9DE22EEA 		.ascii	"\235\342.\352\250d\327\325I>G\344`\2070\015V\322\366"
 1013      A864D7D5 
 1013      493E47E4 
 1013      6087300D 
 1013      56D2F6
 1014 0277 A0D6DF47 		.ascii	"\240\326\337G+\275\364\227\365\365S\003l\011Z\033np"
 1014      2BBDF497 
 1014      F5F55303 
 1014      6C095A1B 
 1014      6E70
 1015 0289 EA7C8E71 		.ascii	"\352|\216q\227\257\217\376\310\007\263xa[\036\\\016"
 1015      97AF8FFE 
 1015      C807B378 
 1015      615B1E5C 
 1015      0E
 1016 029a 96F220F5 		.ascii	"\226\362 \365\004\261\333\327\360^MEh\351\355r{\205"
 1016      04B1DBD7 
 1016      F05E4D45 
 1016      68E9ED72 
 1016      7B85
 1017 02ac 8BDA432E 		.ascii	"\213\332C.\275\033~Q?\355H\364\000\357\016\004\251\236"
 1017      BD1B7E51 
 1017      3FED48F4 
 1017      00EF0E04 
 1017      A99E
 1018 02be FA42AE72 		.ascii	"\372B\256r\177\310\205=\376\012\227\307\037\242\270"
 1018      7FC8853D 
 1018      FE0A97C7 
 1018      1FA2B8
 1019 02cd 1698640F 		.ascii	"\026\230d\017\244*\367o\363\204\367\301B!\232\310\334"
 1019      A42AF76F 
 1019      F384F7C1 
 1019      42219AC8 
 1019      DC
 1020 02de 1EFFCFCB 		.ascii	"\036\377\317\313}!\326<\027.\367Q\227\333N\367'\272"
 1020      7D21D63C 
 1020      172EF751 
 1020      97DB4EF7 
 1020      27BA
 1021 02f0 FD2E971B 		.ascii	"\375.\227\033\374\211\340\357\360\330\203\024\006A\227"
 1021      FC89E0EF 
ARM GAS  /tmp/ccs1UoQ4.s 			page 37


 1021      F0D88314 
 1021      064197
 1022 02ff E7655885 		.ascii	"\347eX\205j\345\307\021\014\002\374\332\006mu\367\217"
 1022      6AE5C711 
 1022      0C02FCDA 
 1022      066D75F7 
 1022      8F
 1023 0310 69E759F6 		.ascii	"i\347Y\366\326\326\3068\374\202{\033\302o\350\311\250"
 1023      D6D6C638 
 1023      FC827B1B 
 1023      C26FE8C9 
 1023      A8
 1024 0321 80C8243B 		.ascii	"\200\310$;\235\366\206\225a\022\203\320\365\310\203"
 1024      9DF68695 
 1024      611283D0 
 1024      F5C883
 1025 0330 26C0B3A5 		.ascii	"&\300\263\245\027\205\226\245\361>\315\0260=\242t\363"
 1025      178596A5 
 1025      F13ECD16 
 1025      303DA274 
 1025      F3
 1026 0341 437413DF 		.ascii	"Ct\023\337\200\362(Fs\362Q\005\016\267\376C\223\342"
 1026      80F22846 
 1026      73F25105 
 1026      0EB7FE43 
 1026      93E2
 1027 0353 75D3D9C6 		.ascii	"u\323\331\306\363\177:\346\206uF\36158O\204F0\272\206"
 1027      F37F3AE6 
 1027      867546F1 
 1027      35384F84 
 1027      4630BA86 
 1028 0367 D1553C8C 		.ascii	"\321U<\214\363\376\026E\246\326/ \012w\354\341+\321"
 1028      F3FE1645 
 1028      A6D62F20 
 1028      0A77ECE1 
 1028      2BD1
 1029 0379 CCDA3EB0 		.ascii	"\314\332>\260\317I\365vh\2348\212o\311\3461\214n)\346"
 1029      CF49F576 
 1029      689C388A 
 1029      6FC9E631 
 1029      8C6E29E6 
 1030 038d FD51E4F1 		.ascii	"\375Q\344\361Fs\325\255\221\032\255l\236Xc\276-\233"
 1030      4673D5AD 
 1030      911AAD6C 
 1030      9E5863BE 
 1030      2D9B
 1031 039f 2730FBFE 		.ascii	"'0\373\376\222\315\216(R\256A\304\255\001\313\203\251"
 1031      92CD8E28 
 1031      52AE41C4 
 1031      AD01CB83 
 1031      A9
 1032 03b0 EB633A98 		.ascii	"\353c:\230\340\216<\301\344\376\341\2631\221\351\356"
 1032      E08E3CC1 
 1032      E4FEE1B3 
 1032      3191E9EE 
 1033 03c0 C2EB18A8 		.ascii	"\302\353\030\250\271\264\204S:`\276'k\346\013\313\363"
 1033      B9B48453 
ARM GAS  /tmp/ccs1UoQ4.s 			page 38


 1033      3A60BE27 
 1033      6BE60BCB 
 1033      F3
 1034 03d1 4D621456 		.ascii	"Mb\024V\346{\"\222\303l\256\212\316\300'\272\024\257"
 1034      E67B2292 
 1034      C36CAE8A 
 1034      CEC027BA 
 1034      14AF
 1035 03e3 97B68F3B 		.ascii	"\227\266\217;\031Ne\374\276\214\3037\214B_\024\311q"
 1035      194E65FC 
 1035      BE8CC337 
 1035      8C425F14 
 1035      C971
 1036 03f5 0D6B25C5 		.ascii	"\015k%\305\354=%0\212\026\205\372/\251'NG\225/\206\347"
 1036      EC3D2530 
 1036      8A1685FA 
 1036      2FA9274E 
 1036      47952F86 
 1037 040a 230FF0D7 		.ascii	"#\017\360\327\030\245=\204\034\356\357\006\036\010I"
 1037      18A53D84 
 1037      1CEEEF06 
 1037      1E0849
 1038 0419 EA77E97F 		.ascii	"\352w\351\177\274!}\303\217w\3770B\371\204G\370\001"
 1038      BC217DC3 
 1038      8F77FF30 
 1038      42F98447 
 1038      F801
 1039 042b 9E82FBD3 		.ascii	"\236\202\373\323\230M\003\325\371\207\345\231\274:\250"
 1039      984D03D5 
 1039      F987E599 
 1039      BC3AA8
 1040 043a AEBE7A10 		.ascii	"\256\276z\020\316\352b\337\333n<\203\277\202i#\305\257"
 1040      CEEA62DF 
 1040      DB6E3C83 
 1040      BF826923 
 1040      C5AF
 1041 044c 30FE18E7 		.ascii	"0\376\030\347u\213\3444\333\335G\325}\2474\257\216B"
 1041      758BE434 
 1041      DBDD47D5 
 1041      7DA734AF 
 1041      8E42
 1042 045e C2F78E54 		.ascii	"\302\367\216T\325P\354\306=x\026\330H\324Y\214\362\006"
 1042      D550ECC6 
 1042      3D7816D8 
 1042      48D4598C 
 1042      F206
 1043 0470 30E967E4 		.ascii	"0\351g\344\276\003\373V\342\0319t\245\203\302\267\\"
 1043      BE03FB56 
 1043      E2193974 
 1043      A583C2B7 
 1043      5C
 1044 0481 0F9EE7DC 		.ascii	"\017\236\347\334<p\3270\031a\334\207wZoD\313\334#\205"
 1044      3C70D730 
 1044      1961DC87 
 1044      775A6F44 
 1044      CBDC2385 
 1045 0495 5BE0DC02 		.ascii	"[\340\334\002p\023\230\334c\334\303\232c\223\021\256"
ARM GAS  /tmp/ccs1UoQ4.s 			page 39


 1045      701398DC 
 1045      63DCC39A 
 1045      639311AE 
 1046 04a5 DAE10CEA 		.ascii	"\332\341\014\352\341\375^\344\334\"p\0170Y`\334\323"
 1046      E1FD5EE4 
 1046      DC22700F 
 1046      305960DC 
 1046      D3
 1047 04b6 C5F79D71 		.ascii	"\305\367\235qrB/O\270\304\311% \0270q\212@6\317\237"
 1047      72422F4F 
 1047      B8C4C925 
 1047      20173071 
 1047      8A4036CF 
 1048 04cb 1CD2AA12 		.ascii	"\034\322\252\022.sn\031\270\247\230\3241\356\324\374"
 1048      2E736E19 
 1048      B8A798D4 
 1048      31EED4FC 
 1049 04db 3051055C 		.ascii	"0Q\005\\\341\330\012`U\002\0110,\324Z}A\035p\225s\253"
 1049      E1D80A60 
 1049      55020930 
 1049      2CD45A7D 
 1049      411D7095 
 1050 04f1 C0D509E4 		.ascii	"\300\325\011\3444\343\3567\216\336N\220\003~\300\003"
 1050      34E3EE37 
 1050      8EDE4E90 
 1050      037EC003 
 1051 0501 52E11909 		.ascii	"R\341\031\011od\236O \375\214<qhl\210\250\002\3329g"
 1051      6F649E4F 
 1051      20FD8C3C 
 1051      71686C88 
 1051      A802DA39 
 1052 0516 07EE4381 		.ascii	"\007\356C\201\2140n\254\3271\246NX\301\271\012\340\376"
 1052      8C306EAC 
 1052      D731A64E 
 1052      58C1B90A 
 1052      E0FE
 1053 0528 25907B8C 		.ascii	"%\220{\214\353<r\2643F\225\260\222s\225\300\235\023"
 1053      EB3C72B4 
 1053      334695B0 
 1053      927395C0 
 1053      9D13
 1054 053a C802E34E 		.ascii	"\310\002\343N\206?\272\247\223\0236\361\204.N\272\200"
 1054      863FBAA7 
 1054      931336F1 
 1054      842E4EBA 
 1054      80
 1055 054b BC2C1067 		.ascii	"\274,\020g\024kv\370\311uQ\225\260\212sU\300\335\024"
 1055      146B76F8 
 1055      C9755195 
 1055      B08A7355 
 1055      C0DD14
 1056 055e 481DE30E 		.ascii	"H\035\343\016\035X\374\261*`5\307\252\001\273\013-d"
 1056      1D58FCB1 
 1056      2A6035C7 
 1056      AA01BB0B 
 1056      2D64
 1057 0570 D8FBCE8F 		.ascii	"\330\373\316\217o$\250\002\326p\256\006\270ih!\343\206"
ARM GAS  /tmp/ccs1UoQ4.s 			page 40


 1057      6F24A802 
 1057      D670AE06 
 1057      B8696821 
 1057      E386
 1058 0582 BF38F71F 		.ascii	"\2778\367\037y\331\331\026\036\320\315I7\220K\320BF"
 1058      79D9D916 
 1058      1ED0CD49 
 1058      37904BD0 
 1058      4246
 1059 0594 DA5B7A6B 		.ascii	"\332[zk\343T\001k9W\013\234CCF\030\367\315p\317\234"
 1059      E354016B 
 1059      39570B9C 
 1059      43434618 
 1059      F7CD70CF 
 1060 05a9 A04A7890 		.ascii	"\240Jx\220s\007\201\253\321\220{\214k\262w\036$\252"
 1060      730781AB 
 1060      D1907B8C 
 1060      6BB2771E 
 1060      24AA
 1061 05bb 84873877 		.ascii	"\204\2078w\010\270\303\032\262\300\270\243\215\247\272"
 1061      08B8C31A 
 1061      B2C0B8A3 
 1061      8DA7BA
 1062 05ca A2E484AD 		.ascii	"\242\344\204\255<\241\227\223^ \003\032\342\324\262"
 1062      3CA19793 
 1062      5E20031A 
 1062      E2D4B2
 1063 05d9 4359755C 		.ascii	"CYu\\\325\250\022\326s\256\036\270\023\032R\307\270"
 1063      D5A812D6 
 1063      73AE1EB8 
 1063      131A52C7 
 1063      B8
 1064 05ea C5DEE15F 		.ascii	"\305\336\341_\253\0026p\254\001\260.\015\0110,\274|"
 1064      AB023670 
 1064      AC01B02E 
 1064      0D09302C 
 1064      BC7C
 1065 05fc E49B5855 		.ascii	"\344\233XU\300&\3165\001w^CN3n\370q\363\231\310Sx\202"
 1065      C026CE35 
 1065      01775E43 
 1065      4E336EF8 
 1065      71F399C8 
 1066 0613 07F471D2 		.ascii	"\007\364q\322\007\344\220\206\3643\322\333\024\374V"
 1066      07E49086 
 1066      F433D2DB 
 1066      14FC56
 1067 0622 5005F473 		.ascii	"P\005\364s\316\017\334\030\264\220q\337\206\217L\252"
 1067      CE0FDC18 
 1067      B49071DF 
 1067      868F4CAA 
 1068 0632 9FC200E7 		.ascii	"\237\302\000\347\002\300\375\033Z\310\270q_O\277V\225"
 1068      02C0FD1B 
 1068      5AC8B871 
 1068      5F4FBF56 
 1068      95
 1069 0643 B09973CD 		.ascii	"\260\231s\315\300\315A\013\0317\343\372\347\201\310"
 1069      C0CD410B 
ARM GAS  /tmp/ccs1UoQ4.s 			page 41


 1069      1937E3FA 
 1069      E781C8
 1070 0652 2177F184 		.ascii	"!w\361\204\3078y\014\310\025ha4\220\216\033-m\352C>"
 1070      C738790C 
 1070      C8156861 
 1070      34908E1B 
 1070      2D6DEA43 
 1071 0667 CEB9E3C0 		.ascii	"\316\271\343\3009ER\307\270\201\253}\341(U\302V\316"
 1071      394552C7 
 1071      B881AB7D 
 1071      E12855C2 
 1071      56CE
 1072 0679 B502572B 		.ascii	"\265\002W+\222\000\343F?h{\032\247J\330\306\2716\340"
 1072      9200E346 
 1072      3F687B1A 
 1072      A74AD8C6 
 1072      B936E0
 1073 068c 1A4551B8 		.ascii	"\032EQ\270\371xiB\303\377\021\231Q\252\355\002|\007"
 1073      F9786942 
 1073      C3FF1199 
 1073      51AAED02 
 1073      7C07
 1074 069e BF999A6A 		.ascii	"\277\231\232j\200\037\323\256\202w\013,\245\222\315"
 1074      801FD3AE 
 1074      82770B2C 
 1074      A592CD
 1075 06ad 5A56BCDB 		.ascii	"ZV\274\333`)5\230,EE\226bC\251\315h\265\225\225\030"
 1075      60293598 
 1075      2C454596 
 1075      6243A9CD 
 1075      68B59595 
 1076 06c2 DEFC4D5E 		.ascii	"\336\374M^n\336^v\267\244\240\320l-5l\317\3155\230\254"
 1076      6EDE5E76 
 1076      B7A4A0D0 
 1076      6C2D356C 
 1076      CFCD3598 
 1077 06d7 B6B45413 		.ascii	"\266\264T\023\331\376\253\337%\347\246\345 }\344:ug"
 1077      D9FEABDF 
 1077      25E7A6E5 
 1077      207DE43A 
 1077      7567
 1078 06e9 7E7E567E 		.ascii	"~~V~\306\316\237!RVPl\313H\227l\261\246B\263\321*\031"
 1078      C6CE9F21 
 1078      5256506C 
 1078      CB48976C 
 1078      B1A642B3 
 1079 0700 AD66634C 		.ascii	"\255fcLAq\201M\036%\310#\233yo\3442\276\330\"\361\332"
 1079      4171814D 
 1079      1E25C823 
 1079      9B796FE4 
 1079      32BED822 
 1080 0716 0EC32E4B 		.ascii	"\016\303.K\221\331`\265\274kx\307j\371\243\331d+5\344"
 1080      91D960B5 
 1080      BC6B78C7 
 1080      6AF9A3D9 
 1080      642B35E4 
 1081 072a B2883B6C 		.ascii	"\262\210;le\371\005\226\265c)=\303\260\307b\335]Zb4"
ARM GAS  /tmp/ccs1UoQ4.s 			page 42


 1081      65F90596 
 1081      B563293D 
 1081      C3B0C762 
 1081      DD5D5A62 
 1082 073f 9995FC3B 		.ascii	"\231\225\374;~\233\007\313n\177\347\027oI;\013\254E"
 1082      7E9B07CB 
 1082      6E7FE717 
 1082      6F493B0B 
 1082      AC45
 1083 0751 7B604A03 		.ascii	"{`J\003z\353\377\336)\322Y\215E\337\207\224l\232\264"
 1083      7AEBFFDE 
 1083      29D2598D 
 1083      45DF8794 
 1083      6C9AB4
 1084 0764 6C1463B4 		.ascii	"l\024c\264\026\3759\307\374z\021\2125Y\254\260\235\327"
 1084      16FD39C7 
 1084      FC7A118A 
 1084      3559ACB0 
 1084      9DD7
 1085 0776 8B3251AC 		.ascii	"\2132Q\254$\231J\312dT\334c6\356\216\227$h@\341_\344"
 1085      24994ACA 
 1085      6454DC63 
 1085      36EE8E97 
 1085      246840E1 
 1086 078c 3B719254 		.ascii	";q\222Th\264\231\345q\202$\345\233w\032\313\012m\222"
 1086      68B499E5 
 1086      718224E5 
 1086      9B771ACB 
 1086      0A6D92
 1087 079f 796F818D 		.ascii	"yo\201\215\024[\254f[\231\265X/E\326a\013\262\265Jc"
 1087      145BAC66 
 1087      5B99B558 
 1087      2F45D661 
 1087      0BB2B54A 
 1088 07b4 F8E83989 		.ascii	"\370\3509\211\335}C\372\276}\322\246\265\267\244\004"
 1088      DD7D43FA 
 1088      BE7DD2A6 
 1088      B5B7A404 
 1089 07c4 E52AD274 		.ascii	"\345*\322tI\247\\\026[\"\345\210"
 1089      49A75C16 
 1089      5B22E588 
 1090 07d0 3F6DA33F 		.ascii	"?m\243?M\345OS\373\323\326\371\3237\372\323U\376t\265"
 1090      4DE54F53 
 1090      FBD3D6F9 
 1090      D337FAD3 
 1090      55FE74B5 
 1091 07e4 3F7D9D3F 		.ascii	"?}\235?c\243?C\345\317P\3733\326\37137\3723U\376L\265"
 1091      63A33F43 
 1091      E5CF50FB 
 1091      33D6F933 
 1091      37FA3355 
 1092 07fb 3F739D3F 		.ascii	"?s\235?k\243?K\345\317R\373\263\326\371\2637\372\263"
 1092      6BA33F4B 
 1092      E5CF52FB 
 1092      B3D6F9B3 
 1092      37FAB3
 1093 080e 55FE6CB5 		.ascii	"U\376l\265?{\235?g\243?G\345\317Q\373s\270\377\277\336"
ARM GAS  /tmp/ccs1UoQ4.s 			page 43


 1093      3F7B9D3F 
 1093      67A33F47 
 1093      E5CF51FB 
 1093      73B8FFBF 
 1094 0823 7A54C3   		.ascii	"zT\303"
 1095              		.text
 1096              		.section	.gnu.lto_.symtab.e8b58de1aca79b9d,"e",%progbits
 1097 0000 5F5F6370 		.ascii	"__cpu_init\000"
 1097      755F696E 
 1097      697400
 1098 000b 00       		.ascii	"\000"
 1099 000c 01       		.ascii	"\001"
 1100 000d 00       		.ascii	"\000"
 1101 000e 00000000 		.ascii	"\000\000\000\000\000\000\000\000"
 1101      00000000 
 1102 0016 D8000000 		.ascii	"\330\000\000\000"
 1103 001a 5F5F6561 		.ascii	"__early_init\000"
 1103      726C795F 
 1103      696E6974 
 1103      00
 1104 0027 00       		.ascii	"\000"
 1105 0028 01       		.ascii	"\001"
 1106 0029 00       		.ascii	"\000"
 1107 002a 00000000 		.ascii	"\000\000\000\000\000\000\000\000"
 1107      00000000 
 1108 0032 DB000000 		.ascii	"\333\000\000\000"
 1109 0036 5F5F6C61 		.ascii	"__late_init\000"
 1109      74655F69 
 1109      6E697400 
 1110 0042 00       		.ascii	"\000"
 1111 0043 01       		.ascii	"\001"
 1112 0044 00       		.ascii	"\000"
 1113 0045 00000000 		.ascii	"\000\000\000\000\000\000\000\000"
 1113      00000000 
 1114 004d DE000000 		.ascii	"\336\000\000\000"
 1115 0051 5F5F6465 		.ascii	"__default_exit\000"
 1115      6661756C 
 1115      745F6578 
 1115      697400
 1116 0060 00       		.ascii	"\000"
 1117 0061 01       		.ascii	"\001"
 1118 0062 00       		.ascii	"\000"
 1119 0063 00000000 		.ascii	"\000\000\000\000\000\000\000\000"
 1119      00000000 
 1120 006b E3000000 		.ascii	"\343\000\000\000"
 1121 006f 5F5F696E 		.ascii	"__init_ram_areas\000"
 1121      69745F72 
 1121      616D5F61 
 1121      72656173 
 1121      00
 1122 0080 00       		.ascii	"\000"
 1123 0081 00       		.ascii	"\000"
 1124 0082 00       		.ascii	"\000"
 1125 0083 00000000 		.ascii	"\000\000\000\000\000\000\000\000"
 1125      00000000 
 1126 008b E5000000 		.ascii	"\345\000\000\000"
 1127 008f 5F5F7261 		.ascii	"__ram0_init_text__\000"
ARM GAS  /tmp/ccs1UoQ4.s 			page 44


 1127      6D305F69 
 1127      6E69745F 
 1127      74657874 
 1127      5F5F00
 1128 00a2 00       		.ascii	"\000"
 1129 00a3 02       		.ascii	"\002"
 1130 00a4 00       		.ascii	"\000"
 1131 00a5 00000000 		.ascii	"\000\000\000\000\000\000\000\000"
 1131      00000000 
 1132 00ad F0000000 		.ascii	"\360\000\000\000"
 1133 00b1 5F5F7261 		.ascii	"__ram0_init__\000"
 1133      6D305F69 
 1133      6E69745F 
 1133      5F00
 1134 00bf 00       		.ascii	"\000"
 1135 00c0 02       		.ascii	"\002"
 1136 00c1 00       		.ascii	"\000"
 1137 00c2 00000000 		.ascii	"\000\000\000\000\000\000\000\000"
 1137      00000000 
 1138 00ca F2000000 		.ascii	"\362\000\000\000"
 1139 00ce 5F5F7261 		.ascii	"__ram0_clear__\000"
 1139      6D305F63 
 1139      6C656172 
 1139      5F5F00
 1140 00dd 00       		.ascii	"\000"
 1141 00de 02       		.ascii	"\002"
 1142 00df 00       		.ascii	"\000"
 1143 00e0 00000000 		.ascii	"\000\000\000\000\000\000\000\000"
 1143      00000000 
 1144 00e8 F4000000 		.ascii	"\364\000\000\000"
 1145 00ec 5F5F7261 		.ascii	"__ram0_noinit__\000"
 1145      6D305F6E 
 1145      6F696E69 
 1145      745F5F00 
 1146 00fc 00       		.ascii	"\000"
 1147 00fd 02       		.ascii	"\002"
 1148 00fe 00       		.ascii	"\000"
 1149 00ff 00000000 		.ascii	"\000\000\000\000\000\000\000\000"
 1149      00000000 
 1150 0107 F6000000 		.ascii	"\366\000\000\000"
 1151 010b 5F5F7261 		.ascii	"__ram1_init_text__\000"
 1151      6D315F69 
 1151      6E69745F 
 1151      74657874 
 1151      5F5F00
 1152 011e 00       		.ascii	"\000"
 1153 011f 02       		.ascii	"\002"
 1154 0120 00       		.ascii	"\000"
 1155 0121 00000000 		.ascii	"\000\000\000\000\000\000\000\000"
 1155      00000000 
 1156 0129 F8000000 		.ascii	"\370\000\000\000"
 1157 012d 5F5F7261 		.ascii	"__ram1_init__\000"
 1157      6D315F69 
 1157      6E69745F 
 1157      5F00
 1158 013b 00       		.ascii	"\000"
 1159 013c 02       		.ascii	"\002"
ARM GAS  /tmp/ccs1UoQ4.s 			page 45


 1160 013d 00       		.ascii	"\000"
 1161 013e 00000000 		.ascii	"\000\000\000\000\000\000\000\000"
 1161      00000000 
 1162 0146 FA000000 		.ascii	"\372\000\000\000"
 1163 014a 5F5F7261 		.ascii	"__ram1_clear__\000"
 1163      6D315F63 
 1163      6C656172 
 1163      5F5F00
 1164 0159 00       		.ascii	"\000"
 1165 015a 02       		.ascii	"\002"
 1166 015b 00       		.ascii	"\000"
 1167 015c 00000000 		.ascii	"\000\000\000\000\000\000\000\000"
 1167      00000000 
 1168 0164 FC000000 		.ascii	"\374\000\000\000"
 1169 0168 5F5F7261 		.ascii	"__ram1_noinit__\000"
 1169      6D315F6E 
 1169      6F696E69 
 1169      745F5F00 
 1170 0178 00       		.ascii	"\000"
 1171 0179 02       		.ascii	"\002"
 1172 017a 00       		.ascii	"\000"
 1173 017b 00000000 		.ascii	"\000\000\000\000\000\000\000\000"
 1173      00000000 
 1174 0183 FE000000 		.ascii	"\376\000\000\000"
 1175 0187 5F5F7261 		.ascii	"__ram2_init_text__\000"
 1175      6D325F69 
 1175      6E69745F 
 1175      74657874 
 1175      5F5F00
 1176 019a 00       		.ascii	"\000"
 1177 019b 02       		.ascii	"\002"
 1178 019c 00       		.ascii	"\000"
 1179 019d 00000000 		.ascii	"\000\000\000\000\000\000\000\000"
 1179      00000000 
 1180 01a5 00010000 		.ascii	"\000\001\000\000"
 1181 01a9 5F5F7261 		.ascii	"__ram2_init__\000"
 1181      6D325F69 
 1181      6E69745F 
 1181      5F00
 1182 01b7 00       		.ascii	"\000"
 1183 01b8 02       		.ascii	"\002"
 1184 01b9 00       		.ascii	"\000"
 1185 01ba 00000000 		.ascii	"\000\000\000\000\000\000\000\000"
 1185      00000000 
 1186 01c2 02010000 		.ascii	"\002\001\000\000"
 1187 01c6 5F5F7261 		.ascii	"__ram2_clear__\000"
 1187      6D325F63 
 1187      6C656172 
 1187      5F5F00
 1188 01d5 00       		.ascii	"\000"
 1189 01d6 02       		.ascii	"\002"
 1190 01d7 00       		.ascii	"\000"
 1191 01d8 00000000 		.ascii	"\000\000\000\000\000\000\000\000"
 1191      00000000 
 1192 01e0 04010000 		.ascii	"\004\001\000\000"
 1193 01e4 5F5F7261 		.ascii	"__ram2_noinit__\000"
 1193      6D325F6E 
ARM GAS  /tmp/ccs1UoQ4.s 			page 46


 1193      6F696E69 
 1193      745F5F00 
 1194 01f4 00       		.ascii	"\000"
 1195 01f5 02       		.ascii	"\002"
 1196 01f6 00       		.ascii	"\000"
 1197 01f7 00000000 		.ascii	"\000\000\000\000\000\000\000\000"
 1197      00000000 
 1198 01ff 06010000 		.ascii	"\006\001\000\000"
 1199 0203 5F5F7261 		.ascii	"__ram3_init_text__\000"
 1199      6D335F69 
 1199      6E69745F 
 1199      74657874 
 1199      5F5F00
 1200 0216 00       		.ascii	"\000"
 1201 0217 02       		.ascii	"\002"
 1202 0218 00       		.ascii	"\000"
 1203 0219 00000000 		.ascii	"\000\000\000\000\000\000\000\000"
 1203      00000000 
 1204 0221 08010000 		.ascii	"\010\001\000\000"
 1205 0225 5F5F7261 		.ascii	"__ram3_init__\000"
 1205      6D335F69 
 1205      6E69745F 
 1205      5F00
 1206 0233 00       		.ascii	"\000"
 1207 0234 02       		.ascii	"\002"
 1208 0235 00       		.ascii	"\000"
 1209 0236 00000000 		.ascii	"\000\000\000\000\000\000\000\000"
 1209      00000000 
 1210 023e 0A010000 		.ascii	"\012\001\000\000"
 1211 0242 5F5F7261 		.ascii	"__ram3_clear__\000"
 1211      6D335F63 
 1211      6C656172 
 1211      5F5F00
 1212 0251 00       		.ascii	"\000"
 1213 0252 02       		.ascii	"\002"
 1214 0253 00       		.ascii	"\000"
 1215 0254 00000000 		.ascii	"\000\000\000\000\000\000\000\000"
 1215      00000000 
 1216 025c 0C010000 		.ascii	"\014\001\000\000"
 1217 0260 5F5F7261 		.ascii	"__ram3_noinit__\000"
 1217      6D335F6E 
 1217      6F696E69 
 1217      745F5F00 
 1218 0270 00       		.ascii	"\000"
 1219 0271 02       		.ascii	"\002"
 1220 0272 00       		.ascii	"\000"
 1221 0273 00000000 		.ascii	"\000\000\000\000\000\000\000\000"
 1221      00000000 
 1222 027b 0E010000 		.ascii	"\016\001\000\000"
 1223 027f 5F5F7261 		.ascii	"__ram4_init_text__\000"
 1223      6D345F69 
 1223      6E69745F 
 1223      74657874 
 1223      5F5F00
 1224 0292 00       		.ascii	"\000"
 1225 0293 02       		.ascii	"\002"
 1226 0294 00       		.ascii	"\000"
ARM GAS  /tmp/ccs1UoQ4.s 			page 47


 1227 0295 00000000 		.ascii	"\000\000\000\000\000\000\000\000"
 1227      00000000 
 1228 029d 10010000 		.ascii	"\020\001\000\000"
 1229 02a1 5F5F7261 		.ascii	"__ram4_init__\000"
 1229      6D345F69 
 1229      6E69745F 
 1229      5F00
 1230 02af 00       		.ascii	"\000"
 1231 02b0 02       		.ascii	"\002"
 1232 02b1 00       		.ascii	"\000"
 1233 02b2 00000000 		.ascii	"\000\000\000\000\000\000\000\000"
 1233      00000000 
 1234 02ba 12010000 		.ascii	"\022\001\000\000"
 1235 02be 5F5F7261 		.ascii	"__ram4_clear__\000"
 1235      6D345F63 
 1235      6C656172 
 1235      5F5F00
 1236 02cd 00       		.ascii	"\000"
 1237 02ce 02       		.ascii	"\002"
 1238 02cf 00       		.ascii	"\000"
 1239 02d0 00000000 		.ascii	"\000\000\000\000\000\000\000\000"
 1239      00000000 
 1240 02d8 14010000 		.ascii	"\024\001\000\000"
 1241 02dc 5F5F7261 		.ascii	"__ram4_noinit__\000"
 1241      6D345F6E 
 1241      6F696E69 
 1241      745F5F00 
 1242 02ec 00       		.ascii	"\000"
 1243 02ed 02       		.ascii	"\002"
 1244 02ee 00       		.ascii	"\000"
 1245 02ef 00000000 		.ascii	"\000\000\000\000\000\000\000\000"
 1245      00000000 
 1246 02f7 16010000 		.ascii	"\026\001\000\000"
 1247 02fb 5F5F7261 		.ascii	"__ram5_init_text__\000"
 1247      6D355F69 
 1247      6E69745F 
 1247      74657874 
 1247      5F5F00
 1248 030e 00       		.ascii	"\000"
 1249 030f 02       		.ascii	"\002"
 1250 0310 00       		.ascii	"\000"
 1251 0311 00000000 		.ascii	"\000\000\000\000\000\000\000\000"
 1251      00000000 
 1252 0319 18010000 		.ascii	"\030\001\000\000"
 1253 031d 5F5F7261 		.ascii	"__ram5_init__\000"
 1253      6D355F69 
 1253      6E69745F 
 1253      5F00
 1254 032b 00       		.ascii	"\000"
 1255 032c 02       		.ascii	"\002"
 1256 032d 00       		.ascii	"\000"
 1257 032e 00000000 		.ascii	"\000\000\000\000\000\000\000\000"
 1257      00000000 
 1258 0336 1A010000 		.ascii	"\032\001\000\000"
 1259 033a 5F5F7261 		.ascii	"__ram5_clear__\000"
 1259      6D355F63 
 1259      6C656172 
ARM GAS  /tmp/ccs1UoQ4.s 			page 48


 1259      5F5F00
 1260 0349 00       		.ascii	"\000"
 1261 034a 02       		.ascii	"\002"
 1262 034b 00       		.ascii	"\000"
 1263 034c 00000000 		.ascii	"\000\000\000\000\000\000\000\000"
 1263      00000000 
 1264 0354 1C010000 		.ascii	"\034\001\000\000"
 1265 0358 5F5F7261 		.ascii	"__ram5_noinit__\000"
 1265      6D355F6E 
 1265      6F696E69 
 1265      745F5F00 
 1266 0368 00       		.ascii	"\000"
 1267 0369 02       		.ascii	"\002"
 1268 036a 00       		.ascii	"\000"
 1269 036b 00000000 		.ascii	"\000\000\000\000\000\000\000\000"
 1269      00000000 
 1270 0373 1E010000 		.ascii	"\036\001\000\000"
 1271 0377 5F5F7261 		.ascii	"__ram6_init_text__\000"
 1271      6D365F69 
 1271      6E69745F 
 1271      74657874 
 1271      5F5F00
 1272 038a 00       		.ascii	"\000"
 1273 038b 02       		.ascii	"\002"
 1274 038c 00       		.ascii	"\000"
 1275 038d 00000000 		.ascii	"\000\000\000\000\000\000\000\000"
 1275      00000000 
 1276 0395 20010000 		.ascii	" \001\000\000"
 1277 0399 5F5F7261 		.ascii	"__ram6_init__\000"
 1277      6D365F69 
 1277      6E69745F 
 1277      5F00
 1278 03a7 00       		.ascii	"\000"
 1279 03a8 02       		.ascii	"\002"
 1280 03a9 00       		.ascii	"\000"
 1281 03aa 00000000 		.ascii	"\000\000\000\000\000\000\000\000"
 1281      00000000 
 1282 03b2 22010000 		.ascii	"\"\001\000\000"
 1283 03b6 5F5F7261 		.ascii	"__ram6_clear__\000"
 1283      6D365F63 
 1283      6C656172 
 1283      5F5F00
 1284 03c5 00       		.ascii	"\000"
 1285 03c6 02       		.ascii	"\002"
 1286 03c7 00       		.ascii	"\000"
 1287 03c8 00000000 		.ascii	"\000\000\000\000\000\000\000\000"
 1287      00000000 
 1288 03d0 24010000 		.ascii	"$\001\000\000"
 1289 03d4 5F5F7261 		.ascii	"__ram6_noinit__\000"
 1289      6D365F6E 
 1289      6F696E69 
 1289      745F5F00 
 1290 03e4 00       		.ascii	"\000"
 1291 03e5 02       		.ascii	"\002"
 1292 03e6 00       		.ascii	"\000"
 1293 03e7 00000000 		.ascii	"\000\000\000\000\000\000\000\000"
 1293      00000000 
ARM GAS  /tmp/ccs1UoQ4.s 			page 49


 1294 03ef 26010000 		.ascii	"&\001\000\000"
 1295 03f3 5F5F7261 		.ascii	"__ram7_init_text__\000"
 1295      6D375F69 
 1295      6E69745F 
 1295      74657874 
 1295      5F5F00
 1296 0406 00       		.ascii	"\000"
 1297 0407 02       		.ascii	"\002"
 1298 0408 00       		.ascii	"\000"
 1299 0409 00000000 		.ascii	"\000\000\000\000\000\000\000\000"
 1299      00000000 
 1300 0411 28010000 		.ascii	"(\001\000\000"
 1301 0415 5F5F7261 		.ascii	"__ram7_init__\000"
 1301      6D375F69 
 1301      6E69745F 
 1301      5F00
 1302 0423 00       		.ascii	"\000"
 1303 0424 02       		.ascii	"\002"
 1304 0425 00       		.ascii	"\000"
 1305 0426 00000000 		.ascii	"\000\000\000\000\000\000\000\000"
 1305      00000000 
 1306 042e 2A010000 		.ascii	"*\001\000\000"
 1307 0432 5F5F7261 		.ascii	"__ram7_clear__\000"
 1307      6D375F63 
 1307      6C656172 
 1307      5F5F00
 1308 0441 00       		.ascii	"\000"
 1309 0442 02       		.ascii	"\002"
 1310 0443 00       		.ascii	"\000"
 1311 0444 00000000 		.ascii	"\000\000\000\000\000\000\000\000"
 1311      00000000 
 1312 044c 2C010000 		.ascii	",\001\000\000"
 1313 0450 5F5F7261 		.ascii	"__ram7_noinit__\000"
 1313      6D375F6E 
 1313      6F696E69 
 1313      745F5F00 
 1314 0460 00       		.ascii	"\000"
 1315 0461 02       		.ascii	"\002"
 1316 0462 00       		.ascii	"\000"
 1317 0463 00000000 		.ascii	"\000\000\000\000\000\000\000\000"
 1317      00000000 
 1318 046b 2E010000 		.ascii	".\001\000\000"
 1319              		.text
 1320              		.section	.gnu.lto_.ext_symtab.e8b58de1aca79b9d,"e",%progbits
 1321 0000 01       		.ascii	"\001"
 1322 0001 01       		.ascii	"\001"
 1323 0002 00       		.ascii	"\000"
 1324 0003 01       		.ascii	"\001"
 1325 0004 00       		.ascii	"\000"
 1326 0005 01       		.ascii	"\001"
 1327 0006 00       		.ascii	"\000"
 1328 0007 01       		.ascii	"\001"
 1329 0008 00       		.ascii	"\000"
 1330 0009 01       		.ascii	"\001"
 1331 000a 00       		.ascii	"\000"
 1332 000b 02       		.ascii	"\002"
 1333 000c 01       		.ascii	"\001"
ARM GAS  /tmp/ccs1UoQ4.s 			page 50


 1334 000d 02       		.ascii	"\002"
 1335 000e 01       		.ascii	"\001"
 1336 000f 02       		.ascii	"\002"
 1337 0010 01       		.ascii	"\001"
 1338 0011 02       		.ascii	"\002"
 1339 0012 01       		.ascii	"\001"
 1340 0013 02       		.ascii	"\002"
 1341 0014 01       		.ascii	"\001"
 1342 0015 02       		.ascii	"\002"
 1343 0016 01       		.ascii	"\001"
 1344 0017 02       		.ascii	"\002"
 1345 0018 01       		.ascii	"\001"
 1346 0019 02       		.ascii	"\002"
 1347 001a 01       		.ascii	"\001"
 1348 001b 02       		.ascii	"\002"
 1349 001c 01       		.ascii	"\001"
 1350 001d 02       		.ascii	"\002"
 1351 001e 01       		.ascii	"\001"
 1352 001f 02       		.ascii	"\002"
 1353 0020 01       		.ascii	"\001"
 1354 0021 02       		.ascii	"\002"
 1355 0022 01       		.ascii	"\001"
 1356 0023 02       		.ascii	"\002"
 1357 0024 01       		.ascii	"\001"
 1358 0025 02       		.ascii	"\002"
 1359 0026 01       		.ascii	"\001"
 1360 0027 02       		.ascii	"\002"
 1361 0028 01       		.ascii	"\001"
 1362 0029 02       		.ascii	"\002"
 1363 002a 01       		.ascii	"\001"
 1364 002b 02       		.ascii	"\002"
 1365 002c 01       		.ascii	"\001"
 1366 002d 02       		.ascii	"\002"
 1367 002e 01       		.ascii	"\001"
 1368 002f 02       		.ascii	"\002"
 1369 0030 01       		.ascii	"\001"
 1370 0031 02       		.ascii	"\002"
 1371 0032 01       		.ascii	"\001"
 1372 0033 02       		.ascii	"\002"
 1373 0034 01       		.ascii	"\001"
 1374 0035 02       		.ascii	"\002"
 1375 0036 01       		.ascii	"\001"
 1376 0037 02       		.ascii	"\002"
 1377 0038 01       		.ascii	"\001"
 1378 0039 02       		.ascii	"\002"
 1379 003a 01       		.ascii	"\001"
 1380 003b 02       		.ascii	"\002"
 1381 003c 01       		.ascii	"\001"
 1382 003d 02       		.ascii	"\002"
 1383 003e 01       		.ascii	"\001"
 1384 003f 02       		.ascii	"\002"
 1385 0040 01       		.ascii	"\001"
 1386 0041 02       		.ascii	"\002"
 1387 0042 01       		.ascii	"\001"
 1388 0043 02       		.ascii	"\002"
 1389 0044 01       		.ascii	"\001"
 1390 0045 02       		.ascii	"\002"
ARM GAS  /tmp/ccs1UoQ4.s 			page 51


 1391 0046 01       		.ascii	"\001"
 1392 0047 02       		.ascii	"\002"
 1393 0048 01       		.ascii	"\001"
 1394 0049 02       		.ascii	"\002"
 1395 004a 01       		.ascii	"\001"
 1396              		.text
 1397              		.section	.gnu.lto_.opts,"e",%progbits
 1398 0000 272D666E 		.ascii	"'-fno-openmp' '-fno-openacc' '-fno-pie' '-fcf-prote"
 1398      6F2D6F70 
 1398      656E6D70 
 1398      2720272D 
 1398      666E6F2D 
 1399 0033 6374696F 		.ascii	"ction=none' '-g' '-mcpu=cortex-m4' '-mthumb' '-mflo"
 1399      6E3D6E6F 
 1399      6E652720 
 1399      272D6727 
 1399      20272D6D 
 1400 0066 61742D61 		.ascii	"at-abi=soft' '-mlibarch=armv7e-m' '-march=armv7e-m'"
 1400      62693D73 
 1400      6F667427 
 1400      20272D6D 
 1400      6C696261 
 1401 0099 20272D4F 		.ascii	" '-O2' '-fomit-frame-pointer' '-falign-functions=16"
 1401      32272027 
 1401      2D666F6D 
 1401      69742D66 
 1401      72616D65 
 1402 00cc 2720272D 		.ascii	"' '-ffunction-sections' '-fdata-sections' '-fno-com"
 1402      6666756E 
 1402      6374696F 
 1402      6E2D7365 
 1402      6374696F 
 1403 00ff 6D6F6E27 		.ascii	"mon' '-flto' '-Xassembler' '-alms=./build/lst/crt1."
 1403      20272D66 
 1403      6C746F27 
 1403      20272D58 
 1403      61737365 
 1404 0132 6C737427 		.ascii	"lst'\000"
 1404      00
 1405              		.text
 1406              		.comm	__gnu_lto_slim,1,1
 1407              		.ident	"GCC: (Arm GNU Toolchain 11.3.Rel1) 11.3.1 20220712"
ARM GAS  /tmp/ccs1UoQ4.s 			page 52


DEFINED SYMBOLS
                            *ABS*:0000000000000000 crt1.c
     /tmp/ccs1UoQ4.s:21     .gnu.debuglto_.debug_info:0000000000000000 crt1.c.fdd5d3f8
                            *COM*:0000000000000001 __gnu_lto_slim

NO UNDEFINED SYMBOLS
