ARM GAS  /tmp/ccDvnzxK.s 			page 1


   1              		.cpu cortex-m4
   2              		.arch armv7e-m
   3              		.fpu softvfp
   4              		.eabi_attribute 20, 1
   5              		.eabi_attribute 21, 1
   6              		.eabi_attribute 23, 3
   7              		.eabi_attribute 24, 1
   8              		.eabi_attribute 25, 1
   9              		.eabi_attribute 26, 1
  10              		.eabi_attribute 30, 2
  11              		.eabi_attribute 34, 1
  12              		.eabi_attribute 18, 4
  13              		.file	"hal.c"
  14              		.file 1 "../../chibios_trunk/os/hal/include/hal_st.h"
  15              		.file 2 "boards/BLACKPILL_F401CC/board.h"
  16              		.file 3 "../../chibios_trunk/os/hal/include/hal_serial_usb.h"
  17              		.file 4 "../../chibios_trunk/os/hal/include/hal_usb.h"
  18              		.file 5 "../../chibios_trunk/os/hal/include/hal_gpt.h"
  19              		.file 6 "../../chibios_trunk/os/hal/ports/STM32/LLD/GPIOv2/hal_pal_lld.h"
  20              		.file 7 "../../chibios_trunk/os/hal/ports/STM32/STM32F4xx/hal_lld_type1.h"
  21              		.file 8 "../../chibios_trunk/os/hal/src/hal.c"
  22              		.file 9 "../../chibios_trunk/os/hal/osal/rt-nil/osal.h"
  23              		.section	.gnu.debuglto_.debug_info,"e",%progbits
  24              	.Ldebug_info0:
  25              		.hidden	hal.c.23311134
  26              		.weak	hal.c.23311134
  27              	hal.c.23311134:
  28 0000 BC000000 		.4byte	0xbc
  29 0004 0500     		.2byte	0x5
  30 0006 01       		.byte	0x1
  31 0007 04       		.byte	0x4
  32 0008 00000000 		.4byte	.Ldebug_abbrev0
  33 000c 04       		.uleb128 0x4
  34 000d 9E000000 		.4byte	.LASF19
  35 0011 1D       		.byte	0x1d
  36 0012 66000000 		.4byte	.LASF20
  37 0016 74010000 		.4byte	.LASF21
  38 001a 00000000 		.4byte	.Ldebug_line0
  39 001e 05       		.uleb128 0x5
  40 001f 04       		.byte	0x4
  41 0020 05       		.byte	0x5
  42 0021 696E7400 		.ascii	"int\000"
  43 0025 01       		.uleb128 0x1
  44 0026 04       		.byte	0x4
  45 0027 07       		.byte	0x7
  46 0028 29000000 		.4byte	.LASF0
  47 002c 01       		.uleb128 0x1
  48 002d 08       		.byte	0x8
  49 002e 05       		.byte	0x5
  50 002f 00000000 		.4byte	.LASF1
  51 0033 01       		.uleb128 0x1
  52 0034 08       		.byte	0x8
  53 0035 04       		.byte	0x4
  54 0036 FE010000 		.4byte	.LASF2
  55 003a 01       		.uleb128 0x1
  56 003b 01       		.byte	0x1
  57 003c 06       		.byte	0x6
ARM GAS  /tmp/ccDvnzxK.s 			page 2


  58 003d E1010000 		.4byte	.LASF3
  59 0041 01       		.uleb128 0x1
  60 0042 01       		.byte	0x1
  61 0043 08       		.byte	0x8
  62 0044 8B000000 		.4byte	.LASF4
  63 0048 01       		.uleb128 0x1
  64 0049 02       		.byte	0x2
  65 004a 05       		.byte	0x5
  66 004b 6A010000 		.4byte	.LASF5
  67 004f 01       		.uleb128 0x1
  68 0050 02       		.byte	0x2
  69 0051 07       		.byte	0x7
  70 0052 0E000000 		.4byte	.LASF6
  71 0056 01       		.uleb128 0x1
  72 0057 04       		.byte	0x4
  73 0058 05       		.byte	0x5
  74 0059 59010000 		.4byte	.LASF7
  75 005d 01       		.uleb128 0x1
  76 005e 04       		.byte	0x4
  77 005f 07       		.byte	0x7
  78 0060 3D000000 		.4byte	.LASF8
  79 0064 01       		.uleb128 0x1
  80 0065 08       		.byte	0x8
  81 0066 07       		.byte	0x7
  82 0067 4F000000 		.4byte	.LASF9
  83 006b 01       		.uleb128 0x1
  84 006c 01       		.byte	0x1
  85 006d 08       		.byte	0x8
  86 006e 99000000 		.4byte	.LASF10
  87 0072 01       		.uleb128 0x1
  88 0073 01       		.byte	0x1
  89 0074 02       		.byte	0x2
  90 0075 C4010000 		.4byte	.LASF11
  91 0079 03       		.uleb128 0x3
  92 007a 36000000 		.4byte	.LASF12
  93 007e 01       		.byte	0x1
  94 007f 46       		.byte	0x46
  95 0080 02       		.uleb128 0x2
  96 0081 D7010000 		.4byte	.LASF13
  97 0085 02       		.byte	0x2
  98 0086 5C05     		.2byte	0x55c
  99 0088 03       		.uleb128 0x3
 100 0089 0A020000 		.4byte	.LASF14
 101 008d 03       		.byte	0x3
 102 008e B0       		.byte	0xb0
 103 008f 02       		.uleb128 0x2
 104 0090 21000000 		.4byte	.LASF15
 105 0094 04       		.byte	0x4
 106 0095 5D02     		.2byte	0x25d
 107 0097 03       		.uleb128 0x3
 108 0098 ED010000 		.4byte	.LASF16
 109 009c 05       		.byte	0x5
 110 009d 8A       		.byte	0x8a
 111 009e 02       		.uleb128 0x2
 112 009f 12020000 		.4byte	.LASF17
 113 00a3 06       		.byte	0x6
 114 00a4 F201     		.2byte	0x1f2
ARM GAS  /tmp/ccDvnzxK.s 			page 3


 115 00a6 02       		.uleb128 0x2
 116 00a7 CA010000 		.4byte	.LASF18
 117 00ab 07       		.byte	0x7
 118 00ac F007     		.2byte	0x7f0
 119 00ae 06       		.uleb128 0x6
 120 00af 62010000 		.4byte	.LASF22
 121 00b3 08       		.byte	0x8
 122 00b4 38       		.byte	0x38
 123 00b5 06       		.byte	0x6
 124 00b6 07       		.uleb128 0x7
 125 00b7 F5010000 		.4byte	.LASF23
 126 00bb 09       		.byte	0x9
 127 00bc 1302     		.2byte	0x213
 128 00be 14       		.byte	0x14
 129 00bf 00       		.byte	0
 130              		.section	.gnu.debuglto_.debug_abbrev,"e",%progbits
 131              	.Ldebug_abbrev0:
 132 0000 01       		.uleb128 0x1
 133 0001 24       		.uleb128 0x24
 134 0002 00       		.byte	0
 135 0003 0B       		.uleb128 0xb
 136 0004 0B       		.uleb128 0xb
 137 0005 3E       		.uleb128 0x3e
 138 0006 0B       		.uleb128 0xb
 139 0007 03       		.uleb128 0x3
 140 0008 0E       		.uleb128 0xe
 141 0009 00       		.byte	0
 142 000a 00       		.byte	0
 143 000b 02       		.uleb128 0x2
 144 000c 2E       		.uleb128 0x2e
 145 000d 00       		.byte	0
 146 000e 3F       		.uleb128 0x3f
 147 000f 19       		.uleb128 0x19
 148 0010 03       		.uleb128 0x3
 149 0011 0E       		.uleb128 0xe
 150 0012 3A       		.uleb128 0x3a
 151 0013 0B       		.uleb128 0xb
 152 0014 3B       		.uleb128 0x3b
 153 0015 05       		.uleb128 0x5
 154 0016 39       		.uleb128 0x39
 155 0017 21       		.uleb128 0x21
 156 0018 08       		.sleb128 8
 157 0019 27       		.uleb128 0x27
 158 001a 19       		.uleb128 0x19
 159 001b 3C       		.uleb128 0x3c
 160 001c 19       		.uleb128 0x19
 161 001d 00       		.byte	0
 162 001e 00       		.byte	0
 163 001f 03       		.uleb128 0x3
 164 0020 2E       		.uleb128 0x2e
 165 0021 00       		.byte	0
 166 0022 3F       		.uleb128 0x3f
 167 0023 19       		.uleb128 0x19
 168 0024 03       		.uleb128 0x3
 169 0025 0E       		.uleb128 0xe
 170 0026 3A       		.uleb128 0x3a
 171 0027 0B       		.uleb128 0xb
ARM GAS  /tmp/ccDvnzxK.s 			page 4


 172 0028 3B       		.uleb128 0x3b
 173 0029 0B       		.uleb128 0xb
 174 002a 39       		.uleb128 0x39
 175 002b 21       		.uleb128 0x21
 176 002c 08       		.sleb128 8
 177 002d 27       		.uleb128 0x27
 178 002e 19       		.uleb128 0x19
 179 002f 3C       		.uleb128 0x3c
 180 0030 19       		.uleb128 0x19
 181 0031 00       		.byte	0
 182 0032 00       		.byte	0
 183 0033 04       		.uleb128 0x4
 184 0034 11       		.uleb128 0x11
 185 0035 01       		.byte	0x1
 186 0036 25       		.uleb128 0x25
 187 0037 0E       		.uleb128 0xe
 188 0038 13       		.uleb128 0x13
 189 0039 0B       		.uleb128 0xb
 190 003a 03       		.uleb128 0x3
 191 003b 0E       		.uleb128 0xe
 192 003c 1B       		.uleb128 0x1b
 193 003d 0E       		.uleb128 0xe
 194 003e 10       		.uleb128 0x10
 195 003f 17       		.uleb128 0x17
 196 0040 00       		.byte	0
 197 0041 00       		.byte	0
 198 0042 05       		.uleb128 0x5
 199 0043 24       		.uleb128 0x24
 200 0044 00       		.byte	0
 201 0045 0B       		.uleb128 0xb
 202 0046 0B       		.uleb128 0xb
 203 0047 3E       		.uleb128 0x3e
 204 0048 0B       		.uleb128 0xb
 205 0049 03       		.uleb128 0x3
 206 004a 08       		.uleb128 0x8
 207 004b 00       		.byte	0
 208 004c 00       		.byte	0
 209 004d 06       		.uleb128 0x6
 210 004e 2E       		.uleb128 0x2e
 211 004f 00       		.byte	0
 212 0050 3F       		.uleb128 0x3f
 213 0051 19       		.uleb128 0x19
 214 0052 03       		.uleb128 0x3
 215 0053 0E       		.uleb128 0xe
 216 0054 3A       		.uleb128 0x3a
 217 0055 0B       		.uleb128 0xb
 218 0056 3B       		.uleb128 0x3b
 219 0057 0B       		.uleb128 0xb
 220 0058 39       		.uleb128 0x39
 221 0059 0B       		.uleb128 0xb
 222 005a 27       		.uleb128 0x27
 223 005b 19       		.uleb128 0x19
 224 005c 00       		.byte	0
 225 005d 00       		.byte	0
 226 005e 07       		.uleb128 0x7
 227 005f 2E       		.uleb128 0x2e
 228 0060 00       		.byte	0
ARM GAS  /tmp/ccDvnzxK.s 			page 5


 229 0061 03       		.uleb128 0x3
 230 0062 0E       		.uleb128 0xe
 231 0063 3A       		.uleb128 0x3a
 232 0064 0B       		.uleb128 0xb
 233 0065 3B       		.uleb128 0x3b
 234 0066 05       		.uleb128 0x5
 235 0067 39       		.uleb128 0x39
 236 0068 0B       		.uleb128 0xb
 237 0069 27       		.uleb128 0x27
 238 006a 19       		.uleb128 0x19
 239 006b 00       		.byte	0
 240 006c 00       		.byte	0
 241 006d 00       		.byte	0
 242              		.section	.gnu.debuglto_.debug_line,"e",%progbits
 243              	.Ldebug_line0:
 244 0000 72000000 		.4byte	.LELT0-.LSLT0
 245              	.LSLT0:
 246 0004 0500     		.2byte	0x5
 247 0006 04       		.byte	0x4
 248 0007 00       		.byte	0
 249 0008 6A000000 		.4byte	.LELTP0-.LASLTP0
 250              	.LASLTP0:
 251 000c 01       		.byte	0x1
 252 000d 01       		.byte	0x1
 253 000e 01       		.byte	0x1
 254 000f F6       		.byte	0xf6
 255 0010 F2       		.byte	0xf2
 256 0011 0D       		.byte	0xd
 257 0012 00       		.byte	0
 258 0013 01       		.byte	0x1
 259 0014 01       		.byte	0x1
 260 0015 01       		.byte	0x1
 261 0016 01       		.byte	0x1
 262 0017 00       		.byte	0
 263 0018 00       		.byte	0
 264 0019 00       		.byte	0
 265 001a 01       		.byte	0x1
 266 001b 00       		.byte	0
 267 001c 00       		.byte	0
 268 001d 01       		.byte	0x1
 269 001e 01       		.byte	0x1
 270 001f 01       		.uleb128 0x1
 271 0020 1F       		.uleb128 0x1f
 272 0021 07       		.uleb128 0x7
 273 0022 E5000000 		.4byte	.LASF24
 274 0026 00000000 		.4byte	.LASF25
 275 002a 80010000 		.4byte	.LASF26
 276 002e A3000000 		.4byte	.LASF27
 277 0032 72000000 		.4byte	.LASF28
 278 0036 53000000 		.4byte	.LASF29
 279 003a 3B000000 		.4byte	.LASF30
 280 003e 02       		.byte	0x2
 281 003f 01       		.uleb128 0x1
 282 0040 1F       		.uleb128 0x1f
 283 0041 02       		.uleb128 0x2
 284 0042 0B       		.uleb128 0xb
 285 0043 0A       		.uleb128 0xa
ARM GAS  /tmp/ccDvnzxK.s 			page 6


 286 0044 5B010000 		.4byte	.LASF31
 287 0048 00       		.byte	0
 288 0049 A7010000 		.4byte	.LASF32
 289 004d 01       		.byte	0x1
 290 004e 35010000 		.4byte	.LASF33
 291 0052 06       		.byte	0x6
 292 0053 23000000 		.4byte	.LASF34
 293 0057 01       		.byte	0x1
 294 0058 51010000 		.4byte	.LASF35
 295 005c 01       		.byte	0x1
 296 005d B0010000 		.4byte	.LASF36
 297 0061 01       		.byte	0x1
 298 0062 3D010000 		.4byte	.LASF37
 299 0066 03       		.byte	0x3
 300 0067 D5000000 		.4byte	.LASF38
 301 006b 04       		.byte	0x4
 302 006c 4B010000 		.4byte	.LASF39
 303 0070 05       		.byte	0x5
 304 0071 34000000 		.4byte	.LASF40
 305 0075 02       		.byte	0x2
 306              	.LELTP0:
 307              	.LELT0:
 308              		.section	.gnu.debuglto_.debug_str,"eMS",%progbits,1
 309              	.LASF1:
 310 0000 6C6F6E67 		.ascii	"long long int\000"
 310      206C6F6E 
 310      6720696E 
 310      7400
 311              	.LASF6:
 312 000e 73686F72 		.ascii	"short unsigned int\000"
 312      7420756E 
 312      7369676E 
 312      65642069 
 312      6E7400
 313              	.LASF15:
 314 0021 75736249 		.ascii	"usbInit\000"
 314      6E697400 
 315              	.LASF0:
 316 0029 756E7369 		.ascii	"unsigned int\000"
 316      676E6564 
 316      20696E74 
 316      00
 317              	.LASF12:
 318 0036 7374496E 		.ascii	"stInit\000"
 318      697400
 319              	.LASF8:
 320 003d 6C6F6E67 		.ascii	"long unsigned int\000"
 320      20756E73 
 320      69676E65 
 320      6420696E 
 320      7400
 321              	.LASF9:
 322 004f 6C6F6E67 		.ascii	"long long unsigned int\000"
 322      206C6F6E 
 322      6720756E 
 322      7369676E 
 322      65642069 
ARM GAS  /tmp/ccDvnzxK.s 			page 7


 323              	.LASF20:
 324 0066 2E2E2F2E 		.ascii	"../../chibios_trunk/os/hal/src/hal.c\000"
 324      2E2F6368 
 324      6962696F 
 324      735F7472 
 324      756E6B2F 
 325              	.LASF4:
 326 008b 756E7369 		.ascii	"unsigned char\000"
 326      676E6564 
 326      20636861 
 326      7200
 327              	.LASF10:
 328 0099 63686172 		.ascii	"char\000"
 328      00
 329              	.LASF19:
 330 009e 474E5520 		.ascii	"GNU C17 11.3.1 20220712 -mcpu=cortex-m4 -mthumb -mf"
 330      43313720 
 330      31312E33 
 330      2E312032 
 330      30323230 
 331 00d1 6C6F6174 		.ascii	"loat-abi=soft -march=armv7e-m -ggdb -O2 -fomit-fram"
 331      2D616269 
 331      3D736F66 
 331      74202D6D 
 331      61726368 
 332 0104 652D706F 		.ascii	"e-pointer -falign-functions=16 -ffunction-sections "
 332      696E7465 
 332      72202D66 
 332      616C6967 
 332      6E2D6675 
 333 0137 2D666461 		.ascii	"-fdata-sections -fno-common -flto\000"
 333      74612D73 
 333      65637469 
 333      6F6E7320 
 333      2D666E6F 
 334              	.LASF7:
 335 0159 6C6F6E67 		.ascii	"long int\000"
 335      20696E74 
 335      00
 336              	.LASF22:
 337 0162 68616C49 		.ascii	"halInit\000"
 337      6E697400 
 338              	.LASF5:
 339 016a 73686F72 		.ascii	"short int\000"
 339      7420696E 
 339      7400
 340              	.LASF21:
 341 0174 2F686F6D 		.ascii	"/home/rob/Data/no_sync/ChibiOS/ChibiStudio/workspac"
 341      652F726F 
 341      622F4461 
 341      74612F6E 
 341      6F5F7379 
 342 01a7 655F7472 		.ascii	"e_trunk/STM32_GPIB_firmware/\000"
 342      756E6B2F 
 342      53544D33 
 342      325F4750 
 342      49425F66 
ARM GAS  /tmp/ccDvnzxK.s 			page 8


 343              	.LASF11:
 344 01c4 5F426F6F 		.ascii	"_Bool\000"
 344      6C00
 345              	.LASF18:
 346 01ca 68616C5F 		.ascii	"hal_lld_init\000"
 346      6C6C645F 
 346      696E6974 
 346      00
 347              	.LASF13:
 348 01d7 626F6172 		.ascii	"boardInit\000"
 348      64496E69 
 348      7400
 349              	.LASF3:
 350 01e1 7369676E 		.ascii	"signed char\000"
 350      65642063 
 350      68617200 
 351              	.LASF16:
 352 01ed 67707449 		.ascii	"gptInit\000"
 352      6E697400 
 353              	.LASF23:
 354 01f5 6F73616C 		.ascii	"osalInit\000"
 354      496E6974 
 354      00
 355              	.LASF2:
 356 01fe 6C6F6E67 		.ascii	"long double\000"
 356      20646F75 
 356      626C6500 
 357              	.LASF14:
 358 020a 73647549 		.ascii	"sduInit\000"
 358      6E697400 
 359              	.LASF17:
 360 0212 5F70616C 		.ascii	"_pal_lld_init\000"
 360      5F6C6C64 
 360      5F696E69 
 360      7400
 361              		.section	.gnu.debuglto_.debug_line_str,"eMS",%progbits,1
 362              	.LASF25:
 363 0000 2E2E2F2E 		.ascii	"../../chibios_trunk/os/hal/include\000"
 363      2E2F6368 
 363      6962696F 
 363      735F7472 
 363      756E6B2F 
 364              	.LASF34:
 365 0023 68616C5F 		.ascii	"hal_serial_usb.h\000"
 365      73657269 
 365      616C5F75 
 365      73622E68 
 365      00
 366              	.LASF40:
 367 0034 6F73616C 		.ascii	"osal.h\000"
 367      2E6800
 368              	.LASF30:
 369 003b 626F6172 		.ascii	"boards/BLACKPILL_F401CC\000"
 369      64732F42 
 369      4C41434B 
 369      50494C4C 
 369      5F463430 
ARM GAS  /tmp/ccDvnzxK.s 			page 9


 370              	.LASF29:
 371 0053 2E2E2F2E 		.ascii	"../../chibios_trunk/os/hal/src\000"
 371      2E2F6368 
 371      6962696F 
 371      735F7472 
 371      756E6B2F 
 372              	.LASF28:
 373 0072 2E2E2F2E 		.ascii	"../../chibios_trunk/os/hal/ports/STM32/STM32F4xx\000"
 373      2E2F6368 
 373      6962696F 
 373      735F7472 
 373      756E6B2F 
 374              	.LASF27:
 375 00a3 2E2E2F2E 		.ascii	"../../chibios_trunk/os/hal/ports/STM32/LLD/GPIOv2\000"
 375      2E2F6368 
 375      6962696F 
 375      735F7472 
 375      756E6B2F 
 376              	.LASF38:
 377 00d5 68616C5F 		.ascii	"hal_lld_type1.h\000"
 377      6C6C645F 
 377      74797065 
 377      312E6800 
 378              	.LASF24:
 379 00e5 2F686F6D 		.ascii	"/home/rob/Data/no_sync/ChibiOS/ChibiStudio/workspac"
 379      652F726F 
 379      622F4461 
 379      74612F6E 
 379      6F5F7379 
 380 0118 655F7472 		.ascii	"e_trunk/STM32_GPIB_firmware/\000"
 380      756E6B2F 
 380      53544D33 
 380      325F4750 
 380      49425F66 
 381              	.LASF33:
 382 0135 626F6172 		.ascii	"board.h\000"
 382      642E6800 
 383              	.LASF37:
 384 013d 68616C5F 		.ascii	"hal_pal_lld.h\000"
 384      70616C5F 
 384      6C6C642E 
 384      6800
 385              	.LASF39:
 386 014b 68616C2E 		.ascii	"hal.c\000"
 386      6300
 387              	.LASF35:
 388 0151 68616C5F 		.ascii	"hal_usb.h\000"
 388      7573622E 
 388      6800
 389              	.LASF31:
 390 015b 2E2E2F2E 		.ascii	"../../chibios_trunk/os/hal/src/hal.c\000"
 390      2E2F6368 
 390      6962696F 
 390      735F7472 
 390      756E6B2F 
 391              	.LASF26:
 392 0180 2E2E2F2E 		.ascii	"../../chibios_trunk/os/hal/osal/rt-nil\000"
ARM GAS  /tmp/ccDvnzxK.s 			page 10


 392      2E2F6368 
 392      6962696F 
 392      735F7472 
 392      756E6B2F 
 393              	.LASF32:
 394 01a7 68616C5F 		.ascii	"hal_st.h\000"
 394      73742E68 
 394      00
 395              	.LASF36:
 396 01b0 68616C5F 		.ascii	"hal_gpt.h\000"
 396      6770742E 
 396      6800
 397              		.text
 398              		.section	.gnu.lto_.profile.ea3c62cbfb341c65,"e",%progbits
 399 0000 789C6362 		.ascii	"x\234cb\000\001\000\000\022\000\003"
 399      00010000 
 399      120003
 400              		.text
 401              		.section	.gnu.lto_.icf.ea3c62cbfb341c65,"e",%progbits
 402 0000 789CE364 		.ascii	"x\234\343d@\000F\206\375\313\236\354fd`\000\000\021"
 402      40004686 
 402      FDCB9EEC 
 402      66646000 
 402      0011
 403 0012 5B0310   		.ascii	"[\003\020"
 404              		.text
 405              		.section	.gnu.lto_.ipa_sra.ea3c62cbfb341c65,"e",%progbits
 406 0000 789C1366 		.ascii	"x\234\023f@\000F\020B\205\000\002\307\000\035"
 406      40004610 
 406      42850002 
 406      C7001D
 407              		.text
 408              		.section	.gnu.lto_.inline.ea3c62cbfb341c65,"e",%progbits
 409 0000 789CF367 		.ascii	"x\234\363g@\000F\006\006\256\206\206\206\005L\231\214"
 409      40004606 
 409      06AE8686 
 409      86054C99 
 409      8C
 410 0011 0C4C0C0C 		.ascii	"\014L\014\014\215@v\035\003\003\033\220j`Ja\002\011"
 410      8D40761D 
 410      03031B90 
 410      6A604A61 
 410      0209
 411 0023 01D57011 		.ascii	"\001\325p\021K2\000\000\377J\010%"
 411      4B320000 
 411      FF4A0825 
 412              		.text
 413              		.section	.gnu.lto_.jmpfuncs.ea3c62cbfb341c65,"e",%progbits
 414 0000 789CE361 		.ascii	"x\234\343a@\000F$6\000\001D\000\016"
 414      40004624 
 414      36000144 
 414      000E
 415              		.text
 416              		.section	.gnu.lto_.pureconst.ea3c62cbfb341c65,"e",%progbits
 417 0000 789C6361 		.ascii	"x\234ca```d\230\301\002\000\001`\000\242"
 417      60606064 
 417      98C10200 
ARM GAS  /tmp/ccDvnzxK.s 			page 11


 417      016000A2 
 418              		.text
 419              		.section	.gnu.lto_.ipa_modref.ea3c62cbfb341c65,"e",%progbits
 420 0000 789CE367 		.ascii	"x\234\343g@\000F\006\006\005\001\001(\301\300\000\000"
 420      40004606 
 420      06050101 
 420      28C1C000 
 420      00
 421 0011 061F0091 		.ascii	"\006\037\000\221"
 422              		.text
 423              		.section	.gnu.lto_.lto.ea3c62cbfb341c65,"e",%progbits
 424 0000 0B000300 		.ascii	"\013\000\003\000\001\000\000\000"
 424      01000000 
 425              		.text
 426              		.section	.gnu.lto_halInit.385.ea3c62cbfb341c65,"e",%progbits
 427 0000 789C4DCF 		.ascii	"x\234M\317MK\3030\030\007\360\347I\3241e\337A\220]\033"
 427      4D4BC330 
 427      1807F0E7 
 427      49D43165 
 427      DF41905D 
 428 0015 D02F202A 		.ascii	"\320/ *\210\2028\250\367\322\325J\313l\243}\241\212"
 428      888238A8 
 428      F7D2D54A 
 428      CB6CA37D 
 428      A18A
 429 0027 48E376DB 		.ascii	"H\343v\333E6<O\274y\363\350M\372\015\004\217\036D\006"
 429      45363C4F 
 429      BC79F3E8 
 429      4DFA0D04 
 429      8F1E4406 
 430 003b BBEC03B8 		.ascii	"\273\354\003\270\0356f_F\333\220\360\344\377#yHj\010"
 430      1D36665F 
 430      46DB90F0 
 430      E4FF2379 
 430      486A08
 431 004e 7003005B 		.ascii	"p\003\000[\361B\012\330\357u\011\010!v+\004\037z\335"
 431      F1420AD8 
 431      EF750908 
 431      21762B04 
 431      1F7ADD
 432 0061 2ABE639A 		.ascii	"*\276c\232\020B\202!\276P\026\307\351h,>Q\274F8\006"
 432      10428221 
 432      BE5016C7 
 432      E9682C3E 
 432      51BC4638 
 433 0076 08613936 		.ascii	"\010a96\262}\334\020\336\276V#1[<\0121\032\342G\275"
 433      B27DDC10 
 433      DEBE5623 
 433      315B3C0A 
 433      311AE247 
 434 008b 0A30A049 		.ascii	"\0120\240IW\261\202\"\002x\246$\013\2358L\210\030Nj"
 434      57B18222 
 434      0278A624 
 434      0B9D384C 
 434      88184E6A 
 435 009f 699921CC 		.ascii	"i\231!\314Ig\023\272H\356\357\000\010M\365i\255\320"
 435      496713BA 
ARM GAS  /tmp/ccDvnzxK.s 			page 12


 435      48EEEF00 
 435      084DF569 
 435      ADD0
 436 00b1 20D79F92 		.ascii	" \327\237\222\372\271\376U\012us\355\257\027z\235\353"
 436      FAB9FE55 
 436      0A7573ED 
 436      AF177A9D 
 436      EB
 437 00c2 774979AE 		.ascii	"wIy\256\323\222Z\251.H\373w~\234~q@1{x;Jb\203\031\334"
 437      D3925AA9 
 437      2E48FB77 
 437      7E9C7E71 
 437      40317B78 
 438 00dc D299C39B 		.ascii	"\322\231\303\233\354@\365Tfs\305\275\2655\266o\230M"
 438      EC40F554 
 438      6673C5BD 
 438      B535B66F 
 438      984D
 439 00ee F354CEAA 		.ascii	"\363T\316\252\354\371\347&g\001wZ\356\225\252\351\212"
 439      ECF9E726 
 439      6701775A 
 439      EE95AAE9 
 439      8A
 440 00ff E7F8768B 		.ascii	"\347\370v\213\311g';\333\312a\343hO\2710\035+P\035\235"
 440      C967273B 
 440      DBCA61E3 
 440      684FB930 
 440      1D2B501D 
 441 0114 415D9258 		.ascii	"A]\222X<\265\344\036w\227'\271\313\014\365\222\271\216"
 441      3CB5E41E 
 441      779727B9 
 441      CB0CF592 
 441      B98E
 442 0126 96544983 		.ascii	"\226TI\203\177D\341\205\212"
 442      7F44E185 
 442      8A
 443              		.text
 444              		.section	.gnu.lto_.symbol_nodes.ea3c62cbfb341c65,"e",%progbits
 445 0000 789C75CF 		.ascii	"x\234u\317\313\031\2030\014\003`9\012\311\030\035\240"
 445      CB198330 
 445      0C036039 
 445      0AC9181D 
 445      A0
 446 0011 6BB187A0 		.ascii	"k\261\207\240\364u\354\020L\301\020L\321=\332@|\265"
 446      F475EC10 
 446      4CC1104C 
 446      D13DDA40 
 446      7CB5
 447 0023 4EFAF4FB 		.ascii	"N\372\364\373\342\253\001H3\205\251%\333g\007\004l\323"
 447      E2AB0148 
 447      3385A925 
 447      DB670704 
 447      6CD3
 448 0035 7C80BD29 		.ascii	"|\200\275)\373y.'\3428<\355E\245\310\236\024#{P9\262"
 448      FB792E27 
 448      E2383CED 
 448      45A5C89E 
ARM GAS  /tmp/ccDvnzxK.s 			page 13


 448      14237B50 
 449 004b 3B3544B6 		.ascii	";5D\266P%\262\033U\003#j\177m$Jo\253\021C\257\337V\263"
 449      5025B21B 
 449      5503236A 
 449      7F6D244A 
 449      6FAB1143 
 450 0063 AF85A0AF 		.ascii	"\257\205\240\257\255&_+a\276V\374\0016\274nQ"
 450      AD265F2B 
 450      61BE56FC 
 450      0136BC6E 
 450      51
 451              		.text
 452              		.section	.gnu.lto_.refs.ea3c62cbfb341c65,"e",%progbits
 453 0000 789C6364 		.ascii	"x\234cd\000\002\000\000\012\000\002"
 453      00020000 
 453      0A0002
 454              		.text
 455              		.section	.gnu.lto_.decls.ea3c62cbfb341c65,"e",%progbits
 456 0000 789C9591 		.ascii	"x\234\225\221_h[U\034\307\317\271\211\311\335\254\264"
 456      5F685B55 
 456      1CC7CFB9 
 456      89C9DDAC 
 456      B4
 457 0011 D50DFC87 		.ascii	"\325\015\374\207\024T\350\203\315]\232\350^\273el\024"
 457      1454E883 
 457      CD5D9AE8 
 457      5EBB656C 
 457      14
 458 0022 A36BA93E 		.ascii	"\243k\251>)\2044\311LX\363\207{\223\255}\030\374\222"
 458      298434C9 
 458      4C58F387 
 458      7B93AD7D 
 458      18FC92
 459 0035 5CBB0BCE 		.ascii	"\\\273\013\316\356\246{X\210\325]\362\240\333@-l\262"
 459      EEA67B58 
 459      88D55DF2 
 459      A0DB402D 
 459      6CB2
 460 0047 75B6E192 		.ascii	"u\266\341\222^b(\241\033l\250c\001\013}\011u\342&\012"
 460      5E6228A1 
 460      1B6CA863 
 460      010B7D09 
 460      75E2260A 
 461 005b 7DD9F477 		.ascii	"}\331\364wN\256\340\323\250\227|\317\371\335s>\337\357"
 461      4EAEE0D3 
 461      A8977CCF 
 461      F9DD733E 
 461      DFEF
 462 006d F9E5DCDF 		.ascii	"\371\345\334\337\004BN\241>$\204\374\215\017\226\344"
 462      04424EA1 
 462      3E2484FC 
 462      8D0F96E4 
 463 007d 364A44D5 		.ascii	"6JD\325P&\252\216\262P\015T\023\265\206j\241NQBv\333"
 463      5026AA8E 
 463      B2500D54 
 463      13B5866A 
 463      A14E5142 
ARM GAS  /tmp/ccDvnzxK.s 			page 14


 464 0093 DC4D7B6D 		.ascii	"\334M{m\305\336o\332\274e\373Y\216S\270\273\376\325"
 464      C5DE6FDA 
 464      BC65FB59 
 464      8E53B8BB 
 464      FED5
 465 00a5 92F09002 		.ascii	"\222\360\220\002\200\006f\336\022\365j\007\026\0012"
 465      800666DE 
 465      12F56A07 
 465      160132
 466 00b4 D0E8942B 		.ascii	"\320\350\224+\263\035\255\277T\300\275E\015^,\343r\245"
 466      B31DADBF 
 466      54C0BD45 
 466      0D5E2CE3 
 466      72A5
 467 00c6 B2A10B86 		.ascii	"\262\241\013\206\003T\\\203b\017\\\305\251\020\207\342"
 467      03545C83 
 467      620F5CC5 
 467      A91087E2 
 468 00d6 2C7B3FF3 		.ascii	",{?\363\274Q\004\376\334\242`\316\302\242\351\252\256"
 468      BC5104FE 
 468      DCA260CE 
 468      C2A2E9AA 
 468      AE
 469 00e7 C26C1982 		.ascii	"\302l\031\202\225J\247\311\216\200\371\215\205\323\275"
 469      954AA7C9 
 469      8E80F98D 
 469      85D3BD
 470 00f6 46B1AD19 		.ascii	"F\261\255\031\253\360\202\201)eP\315\022\315\243%oB"
 470      ABF08281 
 470      296550CD 
 470      12CDA325 
 470      6F42
 471 0108 C9A4BAB1 		.ascii	"\311\244\272\261\360\351\234j\3514_P!_U\265>\034\240"
 471      F0E99C6A 
 471      E9345F50 
 471      215F55B5 
 471      3E1CA0
 472 011b 046DAD5F 		.ascii	"\004m\255_/\2006o\000vhA\011\205\235YZ\251j\302\263"
 472      2F80366F 
 472      00766841 
 472      09859D59 
 472      5AA96AC2 
 473 0130 88E82CBD 		.ascii	"\210\350,\275\037\012\030b`\361\2005]5\305|\225!\000"
 473      1F0A1862 
 473      60F18035 
 473      5D35C57C 
 473      952100
 474 0143 54AFB24E 		.ascii	"T\257\262N-,@\325\362\246\245\365\225T\025\267,\366"
 474      2D2C40D5 
 474      F2A6A5F5 
 474      955415B7 
 474      2CF6
 475 0155 07DB5ADE 		.ascii	"\007\333Z\3360\2610\330\033\200\203\260\007y\001\207"
 475      30B130D8 
 475      1B8083B0 
 475      07790187 
 476 0165 11A77043 		.ascii	"\021\247pC\377\341\236\353\017\326\177y\017\335\253"
ARM GAS  /tmp/ccDvnzxK.s 			page 15


 476      FFE19EEB 
 476      0FD67F79 
 476      0FDDAB
 477 0174 8F10BAAF 		.ascii	"\217\020\272\257O|\211\210\257\2227\273\177\267p\214"
 477      4F7C8988 
 477      AF9237BB 
 477      7FB7708C 
 478 0184 DCA0DC34 		.ascii	"\334\240\3344\336\343z\216\012\256\275\264\317)\\\332"
 478      DEE37A8E 
 478      0AAEBDB4 
 478      CF295CDA 
 479 0194 6EAF3A5E 		.ascii	"n\257:^\306\355\373\000{\266\310\012]F\246F\311C~\357"
 479      C6EDFB00 
 479      7BB6C80A 
 479      5D46A646 
 479      C9437EEF 
 480 01a8 17F34D10 		.ascii	"\027\363M\020\006\313e\330>w\372\257\302+\215\"\\Dt"
 480      06CB65D8 
 480      3E77FAAF 
 480      C22B8D22 
 480      5C4474
 481 01bb A44697E8 		.ascii	"\244F\227\350\367<k\211\222\353\364\032\035\377\206"
 481      F73C6B89 
 481      92EBF41A 
 481      1DFF86
 482 01ca 8A3F5334 		.ascii	"\212?S4\024>\257\266\350`\031`\373\361\334\\\321\265"
 482      143EAFB6 
 482      E8601960 
 482      FBF1DC5C 
 482      D1B5
 483 01dc 0075A146 		.ascii	"\000u\241FM\0336\3318>#\236\021\220\374zk\363\312\323"
 483      4D1B36D9 
 483      383E239E 
 483      1190FC7A 
 483      6BF3CAD3 
 484 01f0 8CBCDE9E 		.ascii	"\214\274\336\236_\376\240\013\326m\260\316A\240\342"
 484      5FFEA00B 
 484      D66DB0CE 
 484      41A0E2
 485 01ff 3546DE53 		.ascii	"5F\336S\327\357:9\371\370\\\347c\2671X\243\226\015Z"
 485      D7EF3A39 
 485      F9F85CE7 
 485      63B73158 
 485      A3960D5A 
 486 0213 1CD4A8F8 		.ascii	"\034\324\250\370'\003\227\276k\255\011\034\334>\277"
 486      270397BE 
 486      6BAD091C 
 486      DC3EBF
 487 0222 E2EB4636 		.ascii	"\342\353F6l\262\301\311\263T\274\354@R\377\351\302\357"
 487      6CB2C1C9 
 487      B354BCEC 
 487      4052FFE9 
 487      C2EF
 488 0234 6E4EDEF9 		.ascii	"nN\336\371\254\322\215l\332`\223\203\347\251\270\301"
 488      ACD28D6C 
 488      DA609383 
 488      E7A9B8C1 
ARM GAS  /tmp/ccDvnzxK.s 			page 16


 489 0244 C0FB973E 		.ascii	"\300\373\227>\271\354\340\340\362\205\255\263\034\\"
 489      B9ECE0E0 
 489      F285ADB3 
 489      1C5C
 490 0252 B3C1350E 		.ascii	"\263\3015\016~A\305o\235\010\376R\371\365\321S\335\263"
 490      7E41C56F 
 490      9D08FE52 
 490      F9F5D153 
 490      DDB3
 491 0264 37E1516F 		.ascii	"7\341Qo\367\360\226\215\2668\372%\305kw\342\265\017"
 491      F7F0968D 
 491      B638FA25 
 491      C56B77E2 
 491      B50F
 492 0276 E0D7BAF2 		.ascii	"\340\327\272\362\343\246\273\337\004x\000F\335Y\243"
 492      E3A6BBDF 
 492      04780046 
 492      DD59A3
 493 0285 37E93A32 		.ascii	"7\351:2\267\030\347\360\276Ev\205\345\344\211\375\261"
 493      B718E7F0 
 493      BE457685 
 493      E5E489FD 
 493      B1
 494 0296 A124D91D 		.ascii	"\241$\331\035I\313\331\330\364P\322O\334\361\360\324"
 494      49CBD9D8 
 494      F450D24F 
 494      DCF1F0D4 
 495 02a6 682A917D 		.ascii	"h*\221}\315\343\221\360\027\211'&\023i%\224\225s\251"
 495      CDE391F0 
 495      17892726 
 495      13692594 
 495      9573A9
 496 02b9 E3525A91 		.ascii	"\343RZ\221p[R\344\010\233=\021\361\310\273\357\017\004"
 496      705B52E4 
 496      089B3D11 
 496      F1C8BBEF 
 496      0F04
 497 02cb BCFB492F 		.ascii	"\274\373I/\177\365\014\373|^\257\327\347'cR<\235\214"
 497      7FF50CFB 
 497      7C5EAFD7 
 497      E7276352 
 497      3C9D8C
 498 02de 49727A52 		.ascii	"IrzR:\024\316\206\245T:\244\314\244\"R\200\305\035\235"
 498      3A14CE86 
 498      A5543AA4 
 498      CCA42252 
 498      80C51D9D 
 499 02f2 E8CE13D9 		.ascii	"\350\316\023\331\\4\221\226N\246\345\343J&\034\211\331"
 499      5C349196 
 499      4EA6E5E3 
 499      4A261C89 
 499      D9
 500 0303 874CBCF7 		.ascii	"\207L\274\367\216o8tdl\364`\350XBN\236\014\3131\211"
 500      8E6F3874 
 500      646CF460 
 500      E858424E 
 500      9E0CCB31 
ARM GAS  /tmp/ccDvnzxK.s 			page 17


 501 0318 BCBE9376 		.ascii	"\274\276\223v\210K\311\262\336\337x\002\234HE\246r\321"
 501      884BC9B2 
 501      DEDF7802 
 501      9C4845A6 
 501      72D1
 502 032a 18AB434A 		.ascii	"\030\253CJ\326\023'\273&\323a9\312l\003\274R\244\203"
 502      D61327BB 
 502      26D36139 
 502      CA6C03BC 
 502      52A483
 503 033d C10381B7 		.ascii	"\301\003\201\267\307F\203\301\320a\377>o  \361uD\335"
 503      C74683C1 
 503      D061FF3E 
 503      6F2020F1 
 503      7544DD
 504 0350 4A34C740 		.ascii	"J4\307@\377N\363cr\002\247\2342\311\31481\363\320\016"
 504      FF4EF363 
 504      7202A79C 
 504      32C9CC38 
 504      31F3D00E 
 505 0364 CDB6EBA3 		.ascii	"\315\266\353\243L\366\377\270\020G\3273\241\014\326"
 505      4CF6FFB8 
 505      1047D733 
 505      A10CD6
 506 0373 5353D150 		.ascii	"SS\321P\002\275#O\360f\360\303+\335+\227\202\301C\022"
 506      02BD234F 
 506      F066F0C3 
 506      2BDD2B97 
 506      82C14312 
 507 0387 5EFBD113 		.ascii	"^\373\321\023\303<\312\216\300\270\236\370\177\322\016"
 507      C33CCA8E 
 507      C0B89EF8 
 507      7FD20E
 508 0396 EC308D8F 		.ascii	"\3540\215\217\207\375\323\323\322\277\356\354L&\346"
 508      87FDD3D3 
 508      D2BFEEEC 
 508      4C26E6
 509 03a5 C5B87F00 		.ascii	"\305\270\177\000S\327\026\320"
 509      53D716D0 
 510              		.text
 511              		.section	.gnu.lto_.symtab.ea3c62cbfb341c65,"e",%progbits
 512 0000 68616C49 		.ascii	"halInit\000"
 512      6E697400 
 513 0008 00       		.ascii	"\000"
 514 0009 00       		.ascii	"\000"
 515 000a 00       		.ascii	"\000"
 516 000b 00000000 		.ascii	"\000\000\000\000\000\000\000\000"
 516      00000000 
 517 0013 BE000000 		.ascii	"\276\000\000\000"
 518 0017 7374496E 		.ascii	"stInit\000"
 518      697400
 519 001e 00       		.ascii	"\000"
 520 001f 02       		.ascii	"\002"
 521 0020 00       		.ascii	"\000"
 522 0021 00000000 		.ascii	"\000\000\000\000\000\000\000\000"
 522      00000000 
 523 0029 C0000000 		.ascii	"\300\000\000\000"
ARM GAS  /tmp/ccDvnzxK.s 			page 18


 524 002d 626F6172 		.ascii	"boardInit\000"
 524      64496E69 
 524      7400
 525 0037 00       		.ascii	"\000"
 526 0038 02       		.ascii	"\002"
 527 0039 00       		.ascii	"\000"
 528 003a 00000000 		.ascii	"\000\000\000\000\000\000\000\000"
 528      00000000 
 529 0042 C2000000 		.ascii	"\302\000\000\000"
 530 0046 73647549 		.ascii	"sduInit\000"
 530      6E697400 
 531 004e 00       		.ascii	"\000"
 532 004f 02       		.ascii	"\002"
 533 0050 00       		.ascii	"\000"
 534 0051 00000000 		.ascii	"\000\000\000\000\000\000\000\000"
 534      00000000 
 535 0059 C4000000 		.ascii	"\304\000\000\000"
 536 005d 75736249 		.ascii	"usbInit\000"
 536      6E697400 
 537 0065 00       		.ascii	"\000"
 538 0066 02       		.ascii	"\002"
 539 0067 00       		.ascii	"\000"
 540 0068 00000000 		.ascii	"\000\000\000\000\000\000\000\000"
 540      00000000 
 541 0070 C6000000 		.ascii	"\306\000\000\000"
 542 0074 67707449 		.ascii	"gptInit\000"
 542      6E697400 
 543 007c 00       		.ascii	"\000"
 544 007d 02       		.ascii	"\002"
 545 007e 00       		.ascii	"\000"
 546 007f 00000000 		.ascii	"\000\000\000\000\000\000\000\000"
 546      00000000 
 547 0087 C8000000 		.ascii	"\310\000\000\000"
 548 008b 5F70616C 		.ascii	"_pal_lld_init\000"
 548      5F6C6C64 
 548      5F696E69 
 548      7400
 549 0099 00       		.ascii	"\000"
 550 009a 02       		.ascii	"\002"
 551 009b 00       		.ascii	"\000"
 552 009c 00000000 		.ascii	"\000\000\000\000\000\000\000\000"
 552      00000000 
 553 00a4 CA000000 		.ascii	"\312\000\000\000"
 554 00a8 68616C5F 		.ascii	"hal_lld_init\000"
 554      6C6C645F 
 554      696E6974 
 554      00
 555 00b5 00       		.ascii	"\000"
 556 00b6 02       		.ascii	"\002"
 557 00b7 00       		.ascii	"\000"
 558 00b8 00000000 		.ascii	"\000\000\000\000\000\000\000\000"
 558      00000000 
 559 00c0 CC000000 		.ascii	"\314\000\000\000"
 560              		.text
 561              		.section	.gnu.lto_.ext_symtab.ea3c62cbfb341c65,"e",%progbits
 562 0000 01       		.ascii	"\001"
 563 0001 01       		.ascii	"\001"
ARM GAS  /tmp/ccDvnzxK.s 			page 19


 564 0002 00       		.ascii	"\000"
 565 0003 01       		.ascii	"\001"
 566 0004 00       		.ascii	"\000"
 567 0005 01       		.ascii	"\001"
 568 0006 00       		.ascii	"\000"
 569 0007 01       		.ascii	"\001"
 570 0008 00       		.ascii	"\000"
 571 0009 01       		.ascii	"\001"
 572 000a 00       		.ascii	"\000"
 573 000b 01       		.ascii	"\001"
 574 000c 00       		.ascii	"\000"
 575 000d 01       		.ascii	"\001"
 576 000e 00       		.ascii	"\000"
 577 000f 01       		.ascii	"\001"
 578 0010 00       		.ascii	"\000"
 579              		.text
 580              		.section	.gnu.lto_.opts,"e",%progbits
 581 0000 272D666E 		.ascii	"'-fno-openmp' '-fno-openacc' '-fno-pie' '-fcf-prote"
 581      6F2D6F70 
 581      656E6D70 
 581      2720272D 
 581      666E6F2D 
 582 0033 6374696F 		.ascii	"ction=none' '-g' '-mcpu=cortex-m4' '-mthumb' '-mflo"
 582      6E3D6E6F 
 582      6E652720 
 582      272D6727 
 582      20272D6D 
 583 0066 61742D61 		.ascii	"at-abi=soft' '-mlibarch=armv7e-m' '-march=armv7e-m'"
 583      62693D73 
 583      6F667427 
 583      20272D6D 
 583      6C696261 
 584 0099 20272D4F 		.ascii	" '-O2' '-fomit-frame-pointer' '-falign-functions=16"
 584      32272027 
 584      2D666F6D 
 584      69742D66 
 584      72616D65 
 585 00cc 2720272D 		.ascii	"' '-ffunction-sections' '-fdata-sections' '-fno-com"
 585      6666756E 
 585      6374696F 
 585      6E2D7365 
 585      6374696F 
 586 00ff 6D6F6E27 		.ascii	"mon' '-flto' '-Xassembler' '-alms=./build/lst/hal.l"
 586      20272D66 
 586      6C746F27 
 586      20272D58 
 586      61737365 
 587 0132 73742700 		.ascii	"st'\000"
 588              		.text
 589              		.comm	__gnu_lto_slim,1,1
 590              		.ident	"GCC: (Arm GNU Toolchain 11.3.Rel1) 11.3.1 20220712"
ARM GAS  /tmp/ccDvnzxK.s 			page 20


DEFINED SYMBOLS
                            *ABS*:0000000000000000 hal.c
     /tmp/ccDvnzxK.s:27     .gnu.debuglto_.debug_info:0000000000000000 hal.c.23311134
                            *COM*:0000000000000001 __gnu_lto_slim

NO UNDEFINED SYMBOLS
