ARM GAS  /tmp/ccUJTmrK.s 			page 1


   1              		.cpu cortex-m4
   2              		.arch armv7e-m
   3              		.fpu softvfp
   4              		.eabi_attribute 20, 1
   5              		.eabi_attribute 21, 1
   6              		.eabi_attribute 23, 3
   7              		.eabi_attribute 24, 1
   8              		.eabi_attribute 25, 1
   9              		.eabi_attribute 26, 1
  10              		.eabi_attribute 30, 2
  11              		.eabi_attribute 34, 1
  12              		.eabi_attribute 18, 4
  13              		.file	"hal_mmcsd.c"
  14              		.section	.gnu.debuglto_.debug_info,"e",%progbits
  15              	.Ldebug_info0:
  16              		.hidden	hal_mmcsd.c.28f886fe
  17              		.weak	hal_mmcsd.c.28f886fe
  18              	hal_mmcsd.c.28f886fe:
  19 0000 76000000 		.4byte	0x76
  20 0004 0500     		.2byte	0x5
  21 0006 01       		.byte	0x1
  22 0007 04       		.byte	0x4
  23 0008 00000000 		.4byte	.Ldebug_abbrev0
  24 000c 02       		.uleb128 0x2
  25 000d D5000000 		.4byte	.LASF12
  26 0011 1D       		.byte	0x1d
  27 0012 97000000 		.4byte	.LASF13
  28 0016 0E000000 		.4byte	.LASF14
  29 001a 00000000 		.4byte	.Ldebug_line0
  30 001e 03       		.uleb128 0x3
  31 001f 04       		.byte	0x4
  32 0020 05       		.byte	0x5
  33 0021 696E7400 		.ascii	"int\000"
  34 0025 01       		.uleb128 0x1
  35 0026 04       		.byte	0x4
  36 0027 07       		.byte	0x7
  37 0028 61000000 		.4byte	.LASF0
  38 002c 01       		.uleb128 0x1
  39 002d 08       		.byte	0x8
  40 002e 05       		.byte	0x5
  41 002f 00000000 		.4byte	.LASF1
  42 0033 01       		.uleb128 0x1
  43 0034 08       		.byte	0x8
  44 0035 04       		.byte	0x4
  45 0036 BE010000 		.4byte	.LASF2
  46 003a 01       		.uleb128 0x1
  47 003b 01       		.byte	0x1
  48 003c 06       		.byte	0x6
  49 003d B2010000 		.4byte	.LASF3
  50 0041 01       		.uleb128 0x1
  51 0042 01       		.byte	0x1
  52 0043 08       		.byte	0x8
  53 0044 C2000000 		.4byte	.LASF4
  54 0048 01       		.uleb128 0x1
  55 0049 02       		.byte	0x2
  56 004a 05       		.byte	0x5
  57 004b CA010000 		.4byte	.LASF5
ARM GAS  /tmp/ccUJTmrK.s 			page 2


  58 004f 01       		.uleb128 0x1
  59 0050 02       		.byte	0x2
  60 0051 07       		.byte	0x7
  61 0052 9F010000 		.4byte	.LASF6
  62 0056 01       		.uleb128 0x1
  63 0057 04       		.byte	0x4
  64 0058 05       		.byte	0x5
  65 0059 90010000 		.4byte	.LASF7
  66 005d 01       		.uleb128 0x1
  67 005e 04       		.byte	0x4
  68 005f 07       		.byte	0x7
  69 0060 6E000000 		.4byte	.LASF8
  70 0064 01       		.uleb128 0x1
  71 0065 08       		.byte	0x8
  72 0066 07       		.byte	0x7
  73 0067 80000000 		.4byte	.LASF9
  74 006b 01       		.uleb128 0x1
  75 006c 01       		.byte	0x1
  76 006d 08       		.byte	0x8
  77 006e D0000000 		.4byte	.LASF10
  78 0072 01       		.uleb128 0x1
  79 0073 01       		.byte	0x1
  80 0074 02       		.byte	0x2
  81 0075 99010000 		.4byte	.LASF11
  82 0079 00       		.byte	0
  83              		.section	.gnu.debuglto_.debug_abbrev,"e",%progbits
  84              	.Ldebug_abbrev0:
  85 0000 01       		.uleb128 0x1
  86 0001 24       		.uleb128 0x24
  87 0002 00       		.byte	0
  88 0003 0B       		.uleb128 0xb
  89 0004 0B       		.uleb128 0xb
  90 0005 3E       		.uleb128 0x3e
  91 0006 0B       		.uleb128 0xb
  92 0007 03       		.uleb128 0x3
  93 0008 0E       		.uleb128 0xe
  94 0009 00       		.byte	0
  95 000a 00       		.byte	0
  96 000b 02       		.uleb128 0x2
  97 000c 11       		.uleb128 0x11
  98 000d 01       		.byte	0x1
  99 000e 25       		.uleb128 0x25
 100 000f 0E       		.uleb128 0xe
 101 0010 13       		.uleb128 0x13
 102 0011 0B       		.uleb128 0xb
 103 0012 03       		.uleb128 0x3
 104 0013 0E       		.uleb128 0xe
 105 0014 1B       		.uleb128 0x1b
 106 0015 0E       		.uleb128 0xe
 107 0016 10       		.uleb128 0x10
 108 0017 17       		.uleb128 0x17
 109 0018 00       		.byte	0
 110 0019 00       		.byte	0
 111 001a 03       		.uleb128 0x3
 112 001b 24       		.uleb128 0x24
 113 001c 00       		.byte	0
 114 001d 0B       		.uleb128 0xb
ARM GAS  /tmp/ccUJTmrK.s 			page 3


 115 001e 0B       		.uleb128 0xb
 116 001f 3E       		.uleb128 0x3e
 117 0020 0B       		.uleb128 0xb
 118 0021 03       		.uleb128 0x3
 119 0022 08       		.uleb128 0x8
 120 0023 00       		.byte	0
 121 0024 00       		.byte	0
 122 0025 00       		.byte	0
 123              		.section	.gnu.debuglto_.debug_line,"e",%progbits
 124              	.Ldebug_line0:
 125 0000 2D000000 		.4byte	.LELT0-.LSLT0
 126              	.LSLT0:
 127 0004 0500     		.2byte	0x5
 128 0006 04       		.byte	0x4
 129 0007 00       		.byte	0
 130 0008 25000000 		.4byte	.LELTP0-.LASLTP0
 131              	.LASLTP0:
 132 000c 01       		.byte	0x1
 133 000d 01       		.byte	0x1
 134 000e 01       		.byte	0x1
 135 000f F6       		.byte	0xf6
 136 0010 F2       		.byte	0xf2
 137 0011 0D       		.byte	0xd
 138 0012 00       		.byte	0
 139 0013 01       		.byte	0x1
 140 0014 01       		.byte	0x1
 141 0015 01       		.byte	0x1
 142 0016 01       		.byte	0x1
 143 0017 00       		.byte	0
 144 0018 00       		.byte	0
 145 0019 00       		.byte	0
 146 001a 01       		.byte	0x1
 147 001b 00       		.byte	0
 148 001c 00       		.byte	0
 149 001d 01       		.byte	0x1
 150 001e 01       		.byte	0x1
 151 001f 01       		.uleb128 0x1
 152 0020 1F       		.uleb128 0x1f
 153 0021 01       		.uleb128 0x1
 154 0022 2B000000 		.4byte	.LASF15
 155 0026 02       		.byte	0x2
 156 0027 01       		.uleb128 0x1
 157 0028 1F       		.uleb128 0x1f
 158 0029 02       		.uleb128 0x2
 159 002a 0B       		.uleb128 0xb
 160 002b 01       		.uleb128 0x1
 161 002c 00000000 		.4byte	.LASF16
 162 0030 00       		.byte	0
 163              	.LELTP0:
 164              	.LELT0:
 165              		.section	.gnu.debuglto_.debug_str,"eMS",%progbits,1
 166              	.LASF1:
 167 0000 6C6F6E67 		.ascii	"long long int\000"
 167      206C6F6E 
 167      6720696E 
 167      7400
 168              	.LASF14:
ARM GAS  /tmp/ccUJTmrK.s 			page 4


 169 000e 2F686F6D 		.ascii	"/home/rob/Projects/ChibiStudio/ChibiStudio_23/works"
 169      652F726F 
 169      622F5072 
 169      6F6A6563 
 169      74732F43 
 170 0041 70616365 		.ascii	"pace_trunk/STM32_GPIB_firmware/\000"
 170      5F747275 
 170      6E6B2F53 
 170      544D3332 
 170      5F475049 
 171              	.LASF0:
 172 0061 756E7369 		.ascii	"unsigned int\000"
 172      676E6564 
 172      20696E74 
 172      00
 173              	.LASF8:
 174 006e 6C6F6E67 		.ascii	"long unsigned int\000"
 174      20756E73 
 174      69676E65 
 174      6420696E 
 174      7400
 175              	.LASF9:
 176 0080 6C6F6E67 		.ascii	"long long unsigned int\000"
 176      206C6F6E 
 176      6720756E 
 176      7369676E 
 176      65642069 
 177              	.LASF13:
 178 0097 2E2E2F2E 		.ascii	"../../chibios_trunk/os/hal/src/hal_mmcsd.c\000"
 178      2E2F6368 
 178      6962696F 
 178      735F7472 
 178      756E6B2F 
 179              	.LASF4:
 180 00c2 756E7369 		.ascii	"unsigned char\000"
 180      676E6564 
 180      20636861 
 180      7200
 181              	.LASF10:
 182 00d0 63686172 		.ascii	"char\000"
 182      00
 183              	.LASF12:
 184 00d5 474E5520 		.ascii	"GNU C17 11.3.1 20220712 -mcpu=cortex-m4 -mthumb -mf"
 184      43313720 
 184      31312E33 
 184      2E312032 
 184      30323230 
 185 0108 6C6F6174 		.ascii	"loat-abi=soft -march=armv7e-m -ggdb -O2 -fomit-fram"
 185      2D616269 
 185      3D736F66 
 185      74202D6D 
 185      61726368 
 186 013b 652D706F 		.ascii	"e-pointer -falign-functions=16 -ffunction-sections "
 186      696E7465 
 186      72202D66 
 186      616C6967 
 186      6E2D6675 
ARM GAS  /tmp/ccUJTmrK.s 			page 5


 187 016e 2D666461 		.ascii	"-fdata-sections -fno-common -flto\000"
 187      74612D73 
 187      65637469 
 187      6F6E7320 
 187      2D666E6F 
 188              	.LASF7:
 189 0190 6C6F6E67 		.ascii	"long int\000"
 189      20696E74 
 189      00
 190              	.LASF11:
 191 0199 5F426F6F 		.ascii	"_Bool\000"
 191      6C00
 192              	.LASF6:
 193 019f 73686F72 		.ascii	"short unsigned int\000"
 193      7420756E 
 193      7369676E 
 193      65642069 
 193      6E7400
 194              	.LASF3:
 195 01b2 7369676E 		.ascii	"signed char\000"
 195      65642063 
 195      68617200 
 196              	.LASF2:
 197 01be 6C6F6E67 		.ascii	"long double\000"
 197      20646F75 
 197      626C6500 
 198              	.LASF5:
 199 01ca 73686F72 		.ascii	"short int\000"
 199      7420696E 
 199      7400
 200              		.section	.gnu.debuglto_.debug_line_str,"eMS",%progbits,1
 201              	.LASF16:
 202 0000 2E2E2F2E 		.ascii	"../../chibios_trunk/os/hal/src/hal_mmcsd.c\000"
 202      2E2F6368 
 202      6962696F 
 202      735F7472 
 202      756E6B2F 
 203              	.LASF15:
 204 002b 2F686F6D 		.ascii	"/home/rob/Projects/ChibiStudio/ChibiStudio_23/works"
 204      652F726F 
 204      622F5072 
 204      6F6A6563 
 204      74732F43 
 205 005e 70616365 		.ascii	"pace_trunk/STM32_GPIB_firmware/\000"
 205      5F747275 
 205      6E6B2F53 
 205      544D3332 
 205      5F475049 
 206              		.text
 207              		.section	.gnu.lto_.profile.62d3f2e1b62574fc,"e",%progbits
 208 0000 789C6362 		.ascii	"x\234cb\000\001\000\000\022\000\003"
 208      00010000 
 208      120003
 209              		.text
 210              		.section	.gnu.lto_.icf.62d3f2e1b62574fc,"e",%progbits
 211 0000 789C6362 		.ascii	"x\234cb@\006\000\000*\000\003"
 211      40060000 
ARM GAS  /tmp/ccUJTmrK.s 			page 6


 211      2A0003
 212              		.text
 213              		.section	.gnu.lto_.ipa_sra.62d3f2e1b62574fc,"e",%progbits
 214 0000 789C6362 		.ascii	"x\234cb@\006\000\000*\000\003"
 214      40060000 
 214      2A0003
 215              		.text
 216              		.section	.gnu.lto_.inline.62d3f2e1b62574fc,"e",%progbits
 217 0000 789C6362 		.ascii	"x\234cb@\006\000\000*\000\003"
 217      40060000 
 217      2A0003
 218              		.text
 219              		.section	.gnu.lto_.jmpfuncs.62d3f2e1b62574fc,"e",%progbits
 220 0000 789C6362 		.ascii	"x\234cb@\006\000\000*\000\003"
 220      40060000 
 220      2A0003
 221              		.text
 222              		.section	.gnu.lto_.pureconst.62d3f2e1b62574fc,"e",%progbits
 223 0000 789C6364 		.ascii	"x\234cd\000\002\000\000\012\000\002"
 223      00020000 
 223      0A0002
 224              		.text
 225              		.section	.gnu.lto_.ipa_modref.62d3f2e1b62574fc,"e",%progbits
 226 0000 789C6362 		.ascii	"x\234cb@\006\000\000*\000\003"
 226      40060000 
 226      2A0003
 227              		.text
 228              		.section	.gnu.lto_.lto.62d3f2e1b62574fc,"e",%progbits
 229 0000 0B000300 		.ascii	"\013\000\003\000\001\000\000\000"
 229      01000000 
 230              		.text
 231              		.section	.gnu.lto_.symbol_nodes.62d3f2e1b62574fc,"e",%progbits
 232 0000 789C6362 		.ascii	"x\234cb\000\001\000\000\022\000\003"
 232      00010000 
 232      120003
 233              		.text
 234              		.section	.gnu.lto_.refs.62d3f2e1b62574fc,"e",%progbits
 235 0000 789C6364 		.ascii	"x\234cd\000\002\000\000\012\000\002"
 235      00020000 
 235      0A0002
 236              		.text
 237              		.section	.gnu.lto_.decls.62d3f2e1b62574fc,"e",%progbits
 238 0000 789C6360 		.ascii	"x\234c````\004b\036 \376\017\004 \366e\006(\000\000"
 238      60606004 
 238      621E20FE 
 238      0F0420F6 
 238      65062800 
 239 0015 466C04DE 		.ascii	"Fl\004\336"
 240              		.text
 241              		.section	.gnu.lto_.symtab.62d3f2e1b62574fc,"e",%progbits
 242              		.text
 243              		.section	.gnu.lto_.ext_symtab.62d3f2e1b62574fc,"e",%progbits
 244 0000 01       		.ascii	"\001"
 245              		.text
 246              		.section	.gnu.lto_.opts,"e",%progbits
 247 0000 272D666E 		.ascii	"'-fno-openmp' '-fno-openacc' '-fno-pie' '-fcf-prote"
 247      6F2D6F70 
ARM GAS  /tmp/ccUJTmrK.s 			page 7


 247      656E6D70 
 247      2720272D 
 247      666E6F2D 
 248 0033 6374696F 		.ascii	"ction=none' '-g' '-mcpu=cortex-m4' '-mthumb' '-mflo"
 248      6E3D6E6F 
 248      6E652720 
 248      272D6727 
 248      20272D6D 
 249 0066 61742D61 		.ascii	"at-abi=soft' '-mlibarch=armv7e-m' '-march=armv7e-m'"
 249      62693D73 
 249      6F667427 
 249      20272D6D 
 249      6C696261 
 250 0099 20272D4F 		.ascii	" '-O2' '-fomit-frame-pointer' '-falign-functions=16"
 250      32272027 
 250      2D666F6D 
 250      69742D66 
 250      72616D65 
 251 00cc 2720272D 		.ascii	"' '-ffunction-sections' '-fdata-sections' '-fno-com"
 251      6666756E 
 251      6374696F 
 251      6E2D7365 
 251      6374696F 
 252 00ff 6D6F6E27 		.ascii	"mon' '-flto' '-Xassembler' '-alms=./build/lst/hal_m"
 252      20272D66 
 252      6C746F27 
 252      20272D58 
 252      61737365 
 253 0132 6D637364 		.ascii	"mcsd.lst'\000"
 253      2E6C7374 
 253      2700
 254              		.text
 255              		.comm	__gnu_lto_slim,1,1
 256              		.ident	"GCC: (Arm GNU Toolchain 11.3.Rel1) 11.3.1 20220712"
ARM GAS  /tmp/ccUJTmrK.s 			page 8


DEFINED SYMBOLS
                            *ABS*:0000000000000000 hal_mmcsd.c
     /tmp/ccUJTmrK.s:18     .gnu.debuglto_.debug_info:0000000000000000 hal_mmcsd.c.28f886fe
                            *COM*:0000000000000001 __gnu_lto_slim

NO UNDEFINED SYMBOLS
