ARM GAS  /tmp/ccBOX9kp.s 			page 1


   1              		.cpu cortex-m4
   2              		.arch armv7e-m
   3              		.fpu softvfp
   4              		.eabi_attribute 20, 1
   5              		.eabi_attribute 21, 1
   6              		.eabi_attribute 23, 3
   7              		.eabi_attribute 24, 1
   8              		.eabi_attribute 25, 1
   9              		.eabi_attribute 26, 1
  10              		.eabi_attribute 30, 2
  11              		.eabi_attribute 34, 1
  12              		.eabi_attribute 18, 4
  13              		.file	"nullstreams.c"
  14              		.file 1 "/home/rob/Projects/ChibiStudio/ChibiStudio_23/tools/GNU Tools ARM Embedded/11.3.1 2022q3/
  15              		.file 2 "/home/rob/Projects/ChibiStudio/ChibiStudio_23/tools/GNU Tools ARM Embedded/11.3.1 2022q3/
  16              		.file 3 "/home/rob/Projects/ChibiStudio/ChibiStudio_23/tools/GNU Tools ARM Embedded/11.3.1 2022q3/
  17              		.file 4 "../../chibios_trunk/os/rt/include/chearly.h"
  18              		.file 5 "../../chibios_trunk/os/hal/lib/streams/nullstreams.h"
  19              		.file 6 "../../chibios_trunk/os/hal/lib/streams/nullstreams.c"
  20              		.section	.gnu.debuglto_.debug_info,"e",%progbits
  21              	.Ldebug_info0:
  22              		.hidden	nullstreams.c.d3dd59ca
  23              		.weak	nullstreams.c.d3dd59ca
  24              	nullstreams.c.d3dd59ca:
  25 0000 90020000 		.4byte	0x290
  26 0004 0500     		.2byte	0x5
  27 0006 01       		.byte	0x1
  28 0007 04       		.byte	0x4
  29 0008 00000000 		.4byte	.Ldebug_abbrev0
  30 000c 0C       		.uleb128 0xc
  31 000d 98010000 		.4byte	.LASF24
  32 0011 1D       		.byte	0x1d
  33 0012 DF000000 		.4byte	.LASF25
  34 0016 46000000 		.4byte	.LASF26
  35 001a 00000000 		.4byte	.Ldebug_line0
  36 001e 0D       		.uleb128 0xd
  37 001f 04       		.byte	0x4
  38 0020 05       		.byte	0x5
  39 0021 696E7400 		.ascii	"int\000"
  40 0025 05       		.uleb128 0x5
  41 0026 0A000000 		.4byte	.LASF4
  42 002a 01       		.byte	0x1
  43 002b D1       		.byte	0xd1
  44 002c 17       		.byte	0x17
  45 002d 31000000 		.4byte	0x31
  46 0031 01       		.uleb128 0x1
  47 0032 04       		.byte	0x4
  48 0033 07       		.byte	0x7
  49 0034 39000000 		.4byte	.LASF0
  50 0038 01       		.uleb128 0x1
  51 0039 08       		.byte	0x8
  52 003a 05       		.byte	0x5
  53 003b 6C010000 		.4byte	.LASF1
  54 003f 01       		.uleb128 0x1
  55 0040 08       		.byte	0x8
  56 0041 04       		.byte	0x4
  57 0042 3A010000 		.4byte	.LASF2
ARM GAS  /tmp/ccBOX9kp.s 			page 2


  58 0046 01       		.uleb128 0x1
  59 0047 01       		.byte	0x1
  60 0048 06       		.byte	0x6
  61 0049 53020000 		.4byte	.LASF3
  62 004d 05       		.uleb128 0x5
  63 004e 00000000 		.4byte	.LASF5
  64 0052 02       		.byte	0x2
  65 0053 2B       		.byte	0x2b
  66 0054 18       		.byte	0x18
  67 0055 59000000 		.4byte	0x59
  68 0059 01       		.uleb128 0x1
  69 005a 01       		.byte	0x1
  70 005b 08       		.byte	0x8
  71 005c 1A010000 		.4byte	.LASF6
  72 0060 01       		.uleb128 0x1
  73 0061 02       		.byte	0x2
  74 0062 05       		.byte	0x5
  75 0063 7A010000 		.4byte	.LASF7
  76 0067 01       		.uleb128 0x1
  77 0068 02       		.byte	0x2
  78 0069 07       		.byte	0x7
  79 006a CC000000 		.4byte	.LASF8
  80 006e 05       		.uleb128 0x5
  81 006f 1F000000 		.4byte	.LASF9
  82 0073 02       		.byte	0x2
  83 0074 4D       		.byte	0x4d
  84 0075 18       		.byte	0x18
  85 0076 7A000000 		.4byte	0x7a
  86 007a 01       		.uleb128 0x1
  87 007b 04       		.byte	0x4
  88 007c 05       		.byte	0x5
  89 007d 8F010000 		.4byte	.LASF10
  90 0081 01       		.uleb128 0x1
  91 0082 04       		.byte	0x4
  92 0083 07       		.byte	0x7
  93 0084 28010000 		.4byte	.LASF11
  94 0088 01       		.uleb128 0x1
  95 0089 08       		.byte	0x8
  96 008a 07       		.byte	0x7
  97 008b AF000000 		.4byte	.LASF12
  98 008f 05       		.uleb128 0x5
  99 0090 56010000 		.4byte	.LASF13
 100 0094 03       		.byte	0x3
 101 0095 18       		.byte	0x18
 102 0096 13       		.byte	0x13
 103 0097 4D000000 		.4byte	0x4d
 104 009b 09       		.uleb128 0x9
 105 009c 8F000000 		.4byte	0x8f
 106 00a0 05       		.uleb128 0x5
 107 00a1 64010000 		.4byte	.LASF14
 108 00a5 03       		.byte	0x3
 109 00a6 2C       		.byte	0x2c
 110 00a7 13       		.byte	0x13
 111 00a8 6E000000 		.4byte	0x6e
 112 00ac 05       		.uleb128 0x5
 113 00ad 5E010000 		.4byte	.LASF15
 114 00b1 04       		.byte	0x4
ARM GAS  /tmp/ccBOX9kp.s 			page 3


 115 00b2 58       		.byte	0x58
 116 00b3 19       		.byte	0x19
 117 00b4 A0000000 		.4byte	0xa0
 118 00b8 01       		.uleb128 0x1
 119 00b9 01       		.byte	0x1
 120 00ba 08       		.byte	0x8
 121 00bb 51010000 		.4byte	.LASF16
 122 00bf 0E       		.uleb128 0xe
 123 00c0 04       		.byte	0x4
 124 00c1 04       		.uleb128 0x4
 125 00c2 8F000000 		.4byte	0x8f
 126 00c6 01       		.uleb128 0x1
 127 00c7 01       		.byte	0x1
 128 00c8 02       		.byte	0x2
 129 00c9 5F020000 		.4byte	.LASF17
 130 00cd 06       		.uleb128 0x6
 131 00ce 25000000 		.4byte	0x25
 132 00d2 E6000000 		.4byte	0xe6
 133 00d6 03       		.uleb128 0x3
 134 00d7 BF000000 		.4byte	0xbf
 135 00db 03       		.uleb128 0x3
 136 00dc E6000000 		.4byte	0xe6
 137 00e0 03       		.uleb128 0x3
 138 00e1 25000000 		.4byte	0x25
 139 00e5 00       		.byte	0
 140 00e6 04       		.uleb128 0x4
 141 00e7 9B000000 		.4byte	0x9b
 142 00eb 04       		.uleb128 0x4
 143 00ec CD000000 		.4byte	0xcd
 144 00f0 06       		.uleb128 0x6
 145 00f1 25000000 		.4byte	0x25
 146 00f5 09010000 		.4byte	0x109
 147 00f9 03       		.uleb128 0x3
 148 00fa BF000000 		.4byte	0xbf
 149 00fe 03       		.uleb128 0x3
 150 00ff C1000000 		.4byte	0xc1
 151 0103 03       		.uleb128 0x3
 152 0104 25000000 		.4byte	0x25
 153 0108 00       		.byte	0
 154 0109 04       		.uleb128 0x4
 155 010a F0000000 		.4byte	0xf0
 156 010e 06       		.uleb128 0x6
 157 010f AC000000 		.4byte	0xac
 158 0113 22010000 		.4byte	0x122
 159 0117 03       		.uleb128 0x3
 160 0118 BF000000 		.4byte	0xbf
 161 011c 03       		.uleb128 0x3
 162 011d 8F000000 		.4byte	0x8f
 163 0121 00       		.byte	0
 164 0122 04       		.uleb128 0x4
 165 0123 0E010000 		.4byte	0x10e
 166 0127 06       		.uleb128 0x6
 167 0128 AC000000 		.4byte	0xac
 168 012c 36010000 		.4byte	0x136
 169 0130 03       		.uleb128 0x3
 170 0131 BF000000 		.4byte	0xbf
 171 0135 00       		.byte	0
ARM GAS  /tmp/ccBOX9kp.s 			page 4


 172 0136 04       		.uleb128 0x4
 173 0137 27010000 		.4byte	0x127
 174 013b 0F       		.uleb128 0xf
 175 013c 11000000 		.4byte	.LASF27
 176 0140 18       		.byte	0x18
 177 0141 05       		.byte	0x5
 178 0142 35       		.byte	0x35
 179 0143 08       		.byte	0x8
 180 0144 89010000 		.4byte	0x189
 181 0148 07       		.uleb128 0x7
 182 0149 29000000 		.4byte	.LASF18
 183 014d 25000000 		.4byte	0x25
 184 0151 00       		.byte	0
 185 0152 07       		.uleb128 0x7
 186 0153 14010000 		.4byte	.LASF19
 187 0157 EB000000 		.4byte	0xeb
 188 015b 04       		.byte	0x4
 189 015c 07       		.uleb128 0x7
 190 015d 46010000 		.4byte	.LASF20
 191 0161 09010000 		.4byte	0x109
 192 0165 08       		.byte	0x8
 193 0166 08       		.uleb128 0x8
 194 0167 70757400 		.ascii	"put\000"
 195 016b 36       		.byte	0x36
 196 016c 03       		.byte	0x3
 197 016d 22010000 		.4byte	0x122
 198 0171 0C       		.byte	0xc
 199 0172 08       		.uleb128 0x8
 200 0173 67657400 		.ascii	"get\000"
 201 0177 36       		.byte	0x36
 202 0178 03       		.byte	0x3
 203 0179 36010000 		.4byte	0x136
 204 017d 10       		.byte	0x10
 205 017e 07       		.uleb128 0x7
 206 017f 4B010000 		.4byte	.LASF21
 207 0183 22010000 		.4byte	0x122
 208 0187 14       		.byte	0x14
 209 0188 00       		.byte	0
 210 0189 09       		.uleb128 0x9
 211 018a 3B010000 		.4byte	0x13b
 212 018e 10       		.uleb128 0x10
 213 018f 04       		.byte	0x4
 214 0190 05       		.byte	0x5
 215 0191 3E       		.byte	0x3e
 216 0192 09       		.byte	0x9
 217 0193 A4010000 		.4byte	0x1a4
 218 0197 08       		.uleb128 0x8
 219 0198 766D7400 		.ascii	"vmt\000"
 220 019c 40       		.byte	0x40
 221 019d 1F       		.byte	0x1f
 222 019e A4010000 		.4byte	0x1a4
 223 01a2 00       		.byte	0
 224 01a3 00       		.byte	0
 225 01a4 04       		.uleb128 0x4
 226 01a5 89010000 		.4byte	0x189
 227 01a9 05       		.uleb128 0x5
 228 01aa 84010000 		.4byte	.LASF22
ARM GAS  /tmp/ccBOX9kp.s 			page 5


 229 01ae 05       		.byte	0x5
 230 01af 42       		.byte	0x42
 231 01b0 03       		.byte	0x3
 232 01b1 8E010000 		.4byte	0x18e
 233 01b5 11       		.uleb128 0x11
 234 01b6 766D7400 		.ascii	"vmt\000"
 235 01ba 06       		.byte	0x6
 236 01bb 56       		.byte	0x56
 237 01bc 23       		.byte	0x23
 238 01bd 89010000 		.4byte	0x189
 239 01c1 12       		.uleb128 0x12
 240 01c2 A0000000 		.4byte	.LASF28
 241 01c6 06       		.byte	0x6
 242 01c7 61       		.byte	0x61
 243 01c8 06       		.byte	0x6
 244 01c9 D9010000 		.4byte	0x1d9
 245 01cd 02       		.uleb128 0x2
 246 01ce 6E737000 		.ascii	"nsp\000"
 247 01d2 61       		.byte	0x61
 248 01d3 21       		.byte	0x21
 249 01d4 D9010000 		.4byte	0x1d9
 250 01d8 00       		.byte	0
 251 01d9 04       		.uleb128 0x4
 252 01da A9010000 		.4byte	0x1a9
 253 01de 0A       		.uleb128 0xa
 254 01df 4B010000 		.4byte	.LASF21
 255 01e3 4D       		.byte	0x4d
 256 01e4 0E       		.byte	0xe
 257 01e5 AC000000 		.4byte	0xac
 258 01e9 01020000 		.4byte	0x201
 259 01ed 02       		.uleb128 0x2
 260 01ee 697000   		.ascii	"ip\000"
 261 01f1 4D       		.byte	0x4d
 262 01f2 1A       		.byte	0x1a
 263 01f3 BF000000 		.4byte	0xbf
 264 01f7 02       		.uleb128 0x2
 265 01f8 6200     		.ascii	"b\000"
 266 01fa 4D       		.byte	0x4d
 267 01fb 26       		.byte	0x26
 268 01fc 8F000000 		.4byte	0x8f
 269 0200 00       		.byte	0
 270 0201 0B       		.uleb128 0xb
 271 0202 67657400 		.ascii	"get\000"
 272 0206 46       		.byte	0x46
 273 0207 AC000000 		.4byte	0xac
 274 020b 1A020000 		.4byte	0x21a
 275 020f 02       		.uleb128 0x2
 276 0210 697000   		.ascii	"ip\000"
 277 0213 46       		.byte	0x46
 278 0214 18       		.byte	0x18
 279 0215 BF000000 		.4byte	0xbf
 280 0219 00       		.byte	0
 281 021a 0B       		.uleb128 0xb
 282 021b 70757400 		.ascii	"put\000"
 283 021f 3E       		.byte	0x3e
 284 0220 AC000000 		.4byte	0xac
 285 0224 3C020000 		.4byte	0x23c
ARM GAS  /tmp/ccBOX9kp.s 			page 6


 286 0228 02       		.uleb128 0x2
 287 0229 697000   		.ascii	"ip\000"
 288 022c 3E       		.byte	0x3e
 289 022d 18       		.byte	0x18
 290 022e BF000000 		.4byte	0xbf
 291 0232 02       		.uleb128 0x2
 292 0233 6200     		.ascii	"b\000"
 293 0235 3E       		.byte	0x3e
 294 0236 24       		.byte	0x24
 295 0237 8F000000 		.4byte	0x8f
 296 023b 00       		.byte	0
 297 023c 0A       		.uleb128 0xa
 298 023d C6000000 		.4byte	.LASF23
 299 0241 35       		.byte	0x35
 300 0242 0F       		.byte	0xf
 301 0243 25000000 		.4byte	0x25
 302 0247 69020000 		.4byte	0x269
 303 024b 02       		.uleb128 0x2
 304 024c 697000   		.ascii	"ip\000"
 305 024f 35       		.byte	0x35
 306 0250 1B       		.byte	0x1b
 307 0251 BF000000 		.4byte	0xbf
 308 0255 02       		.uleb128 0x2
 309 0256 627000   		.ascii	"bp\000"
 310 0259 35       		.byte	0x35
 311 025a 28       		.byte	0x28
 312 025b C1000000 		.4byte	0xc1
 313 025f 02       		.uleb128 0x2
 314 0260 6E00     		.ascii	"n\000"
 315 0262 35       		.byte	0x35
 316 0263 33       		.byte	0x33
 317 0264 25000000 		.4byte	0x25
 318 0268 00       		.byte	0
 319 0269 13       		.uleb128 0x13
 320 026a 99000000 		.4byte	.LASF29
 321 026e 06       		.byte	0x6
 322 026f 2D       		.byte	0x2d
 323 0270 0F       		.byte	0xf
 324 0271 25000000 		.4byte	0x25
 325 0275 02       		.uleb128 0x2
 326 0276 697000   		.ascii	"ip\000"
 327 0279 2D       		.byte	0x2d
 328 027a 1C       		.byte	0x1c
 329 027b BF000000 		.4byte	0xbf
 330 027f 02       		.uleb128 0x2
 331 0280 627000   		.ascii	"bp\000"
 332 0283 2D       		.byte	0x2d
 333 0284 2F       		.byte	0x2f
 334 0285 E6000000 		.4byte	0xe6
 335 0289 02       		.uleb128 0x2
 336 028a 6E00     		.ascii	"n\000"
 337 028c 2D       		.byte	0x2d
 338 028d 3A       		.byte	0x3a
 339 028e 25000000 		.4byte	0x25
 340 0292 00       		.byte	0
 341 0293 00       		.byte	0
 342              		.section	.gnu.debuglto_.debug_abbrev,"e",%progbits
ARM GAS  /tmp/ccBOX9kp.s 			page 7


 343              	.Ldebug_abbrev0:
 344 0000 01       		.uleb128 0x1
 345 0001 24       		.uleb128 0x24
 346 0002 00       		.byte	0
 347 0003 0B       		.uleb128 0xb
 348 0004 0B       		.uleb128 0xb
 349 0005 3E       		.uleb128 0x3e
 350 0006 0B       		.uleb128 0xb
 351 0007 03       		.uleb128 0x3
 352 0008 0E       		.uleb128 0xe
 353 0009 00       		.byte	0
 354 000a 00       		.byte	0
 355 000b 02       		.uleb128 0x2
 356 000c 05       		.uleb128 0x5
 357 000d 00       		.byte	0
 358 000e 03       		.uleb128 0x3
 359 000f 08       		.uleb128 0x8
 360 0010 3A       		.uleb128 0x3a
 361 0011 21       		.uleb128 0x21
 362 0012 06       		.sleb128 6
 363 0013 3B       		.uleb128 0x3b
 364 0014 0B       		.uleb128 0xb
 365 0015 39       		.uleb128 0x39
 366 0016 0B       		.uleb128 0xb
 367 0017 49       		.uleb128 0x49
 368 0018 13       		.uleb128 0x13
 369 0019 00       		.byte	0
 370 001a 00       		.byte	0
 371 001b 03       		.uleb128 0x3
 372 001c 05       		.uleb128 0x5
 373 001d 00       		.byte	0
 374 001e 49       		.uleb128 0x49
 375 001f 13       		.uleb128 0x13
 376 0020 00       		.byte	0
 377 0021 00       		.byte	0
 378 0022 04       		.uleb128 0x4
 379 0023 0F       		.uleb128 0xf
 380 0024 00       		.byte	0
 381 0025 0B       		.uleb128 0xb
 382 0026 21       		.uleb128 0x21
 383 0027 04       		.sleb128 4
 384 0028 49       		.uleb128 0x49
 385 0029 13       		.uleb128 0x13
 386 002a 00       		.byte	0
 387 002b 00       		.byte	0
 388 002c 05       		.uleb128 0x5
 389 002d 16       		.uleb128 0x16
 390 002e 00       		.byte	0
 391 002f 03       		.uleb128 0x3
 392 0030 0E       		.uleb128 0xe
 393 0031 3A       		.uleb128 0x3a
 394 0032 0B       		.uleb128 0xb
 395 0033 3B       		.uleb128 0x3b
 396 0034 0B       		.uleb128 0xb
 397 0035 39       		.uleb128 0x39
 398 0036 0B       		.uleb128 0xb
 399 0037 49       		.uleb128 0x49
ARM GAS  /tmp/ccBOX9kp.s 			page 8


 400 0038 13       		.uleb128 0x13
 401 0039 00       		.byte	0
 402 003a 00       		.byte	0
 403 003b 06       		.uleb128 0x6
 404 003c 15       		.uleb128 0x15
 405 003d 01       		.byte	0x1
 406 003e 27       		.uleb128 0x27
 407 003f 19       		.uleb128 0x19
 408 0040 49       		.uleb128 0x49
 409 0041 13       		.uleb128 0x13
 410 0042 01       		.uleb128 0x1
 411 0043 13       		.uleb128 0x13
 412 0044 00       		.byte	0
 413 0045 00       		.byte	0
 414 0046 07       		.uleb128 0x7
 415 0047 0D       		.uleb128 0xd
 416 0048 00       		.byte	0
 417 0049 03       		.uleb128 0x3
 418 004a 0E       		.uleb128 0xe
 419 004b 3A       		.uleb128 0x3a
 420 004c 21       		.uleb128 0x21
 421 004d 05       		.sleb128 5
 422 004e 3B       		.uleb128 0x3b
 423 004f 21       		.uleb128 0x21
 424 0050 36       		.sleb128 54
 425 0051 39       		.uleb128 0x39
 426 0052 21       		.uleb128 0x21
 427 0053 03       		.sleb128 3
 428 0054 49       		.uleb128 0x49
 429 0055 13       		.uleb128 0x13
 430 0056 38       		.uleb128 0x38
 431 0057 0B       		.uleb128 0xb
 432 0058 00       		.byte	0
 433 0059 00       		.byte	0
 434 005a 08       		.uleb128 0x8
 435 005b 0D       		.uleb128 0xd
 436 005c 00       		.byte	0
 437 005d 03       		.uleb128 0x3
 438 005e 08       		.uleb128 0x8
 439 005f 3A       		.uleb128 0x3a
 440 0060 21       		.uleb128 0x21
 441 0061 05       		.sleb128 5
 442 0062 3B       		.uleb128 0x3b
 443 0063 0B       		.uleb128 0xb
 444 0064 39       		.uleb128 0x39
 445 0065 0B       		.uleb128 0xb
 446 0066 49       		.uleb128 0x49
 447 0067 13       		.uleb128 0x13
 448 0068 38       		.uleb128 0x38
 449 0069 0B       		.uleb128 0xb
 450 006a 00       		.byte	0
 451 006b 00       		.byte	0
 452 006c 09       		.uleb128 0x9
 453 006d 26       		.uleb128 0x26
 454 006e 00       		.byte	0
 455 006f 49       		.uleb128 0x49
 456 0070 13       		.uleb128 0x13
ARM GAS  /tmp/ccBOX9kp.s 			page 9


 457 0071 00       		.byte	0
 458 0072 00       		.byte	0
 459 0073 0A       		.uleb128 0xa
 460 0074 2E       		.uleb128 0x2e
 461 0075 01       		.byte	0x1
 462 0076 03       		.uleb128 0x3
 463 0077 0E       		.uleb128 0xe
 464 0078 3A       		.uleb128 0x3a
 465 0079 21       		.uleb128 0x21
 466 007a 06       		.sleb128 6
 467 007b 3B       		.uleb128 0x3b
 468 007c 0B       		.uleb128 0xb
 469 007d 39       		.uleb128 0x39
 470 007e 0B       		.uleb128 0xb
 471 007f 27       		.uleb128 0x27
 472 0080 19       		.uleb128 0x19
 473 0081 49       		.uleb128 0x49
 474 0082 13       		.uleb128 0x13
 475 0083 01       		.uleb128 0x1
 476 0084 13       		.uleb128 0x13
 477 0085 00       		.byte	0
 478 0086 00       		.byte	0
 479 0087 0B       		.uleb128 0xb
 480 0088 2E       		.uleb128 0x2e
 481 0089 01       		.byte	0x1
 482 008a 03       		.uleb128 0x3
 483 008b 08       		.uleb128 0x8
 484 008c 3A       		.uleb128 0x3a
 485 008d 21       		.uleb128 0x21
 486 008e 06       		.sleb128 6
 487 008f 3B       		.uleb128 0x3b
 488 0090 0B       		.uleb128 0xb
 489 0091 39       		.uleb128 0x39
 490 0092 21       		.uleb128 0x21
 491 0093 0E       		.sleb128 14
 492 0094 27       		.uleb128 0x27
 493 0095 19       		.uleb128 0x19
 494 0096 49       		.uleb128 0x49
 495 0097 13       		.uleb128 0x13
 496 0098 01       		.uleb128 0x1
 497 0099 13       		.uleb128 0x13
 498 009a 00       		.byte	0
 499 009b 00       		.byte	0
 500 009c 0C       		.uleb128 0xc
 501 009d 11       		.uleb128 0x11
 502 009e 01       		.byte	0x1
 503 009f 25       		.uleb128 0x25
 504 00a0 0E       		.uleb128 0xe
 505 00a1 13       		.uleb128 0x13
 506 00a2 0B       		.uleb128 0xb
 507 00a3 03       		.uleb128 0x3
 508 00a4 0E       		.uleb128 0xe
 509 00a5 1B       		.uleb128 0x1b
 510 00a6 0E       		.uleb128 0xe
 511 00a7 10       		.uleb128 0x10
 512 00a8 17       		.uleb128 0x17
 513 00a9 00       		.byte	0
ARM GAS  /tmp/ccBOX9kp.s 			page 10


 514 00aa 00       		.byte	0
 515 00ab 0D       		.uleb128 0xd
 516 00ac 24       		.uleb128 0x24
 517 00ad 00       		.byte	0
 518 00ae 0B       		.uleb128 0xb
 519 00af 0B       		.uleb128 0xb
 520 00b0 3E       		.uleb128 0x3e
 521 00b1 0B       		.uleb128 0xb
 522 00b2 03       		.uleb128 0x3
 523 00b3 08       		.uleb128 0x8
 524 00b4 00       		.byte	0
 525 00b5 00       		.byte	0
 526 00b6 0E       		.uleb128 0xe
 527 00b7 0F       		.uleb128 0xf
 528 00b8 00       		.byte	0
 529 00b9 0B       		.uleb128 0xb
 530 00ba 0B       		.uleb128 0xb
 531 00bb 00       		.byte	0
 532 00bc 00       		.byte	0
 533 00bd 0F       		.uleb128 0xf
 534 00be 13       		.uleb128 0x13
 535 00bf 01       		.byte	0x1
 536 00c0 03       		.uleb128 0x3
 537 00c1 0E       		.uleb128 0xe
 538 00c2 0B       		.uleb128 0xb
 539 00c3 0B       		.uleb128 0xb
 540 00c4 3A       		.uleb128 0x3a
 541 00c5 0B       		.uleb128 0xb
 542 00c6 3B       		.uleb128 0x3b
 543 00c7 0B       		.uleb128 0xb
 544 00c8 39       		.uleb128 0x39
 545 00c9 0B       		.uleb128 0xb
 546 00ca 01       		.uleb128 0x1
 547 00cb 13       		.uleb128 0x13
 548 00cc 00       		.byte	0
 549 00cd 00       		.byte	0
 550 00ce 10       		.uleb128 0x10
 551 00cf 13       		.uleb128 0x13
 552 00d0 01       		.byte	0x1
 553 00d1 0B       		.uleb128 0xb
 554 00d2 0B       		.uleb128 0xb
 555 00d3 3A       		.uleb128 0x3a
 556 00d4 0B       		.uleb128 0xb
 557 00d5 3B       		.uleb128 0x3b
 558 00d6 0B       		.uleb128 0xb
 559 00d7 39       		.uleb128 0x39
 560 00d8 0B       		.uleb128 0xb
 561 00d9 01       		.uleb128 0x1
 562 00da 13       		.uleb128 0x13
 563 00db 00       		.byte	0
 564 00dc 00       		.byte	0
 565 00dd 11       		.uleb128 0x11
 566 00de 34       		.uleb128 0x34
 567 00df 00       		.byte	0
 568 00e0 03       		.uleb128 0x3
 569 00e1 08       		.uleb128 0x8
 570 00e2 3A       		.uleb128 0x3a
ARM GAS  /tmp/ccBOX9kp.s 			page 11


 571 00e3 0B       		.uleb128 0xb
 572 00e4 3B       		.uleb128 0x3b
 573 00e5 0B       		.uleb128 0xb
 574 00e6 39       		.uleb128 0x39
 575 00e7 0B       		.uleb128 0xb
 576 00e8 49       		.uleb128 0x49
 577 00e9 13       		.uleb128 0x13
 578 00ea 00       		.byte	0
 579 00eb 00       		.byte	0
 580 00ec 12       		.uleb128 0x12
 581 00ed 2E       		.uleb128 0x2e
 582 00ee 01       		.byte	0x1
 583 00ef 3F       		.uleb128 0x3f
 584 00f0 19       		.uleb128 0x19
 585 00f1 03       		.uleb128 0x3
 586 00f2 0E       		.uleb128 0xe
 587 00f3 3A       		.uleb128 0x3a
 588 00f4 0B       		.uleb128 0xb
 589 00f5 3B       		.uleb128 0x3b
 590 00f6 0B       		.uleb128 0xb
 591 00f7 39       		.uleb128 0x39
 592 00f8 0B       		.uleb128 0xb
 593 00f9 27       		.uleb128 0x27
 594 00fa 19       		.uleb128 0x19
 595 00fb 01       		.uleb128 0x1
 596 00fc 13       		.uleb128 0x13
 597 00fd 00       		.byte	0
 598 00fe 00       		.byte	0
 599 00ff 13       		.uleb128 0x13
 600 0100 2E       		.uleb128 0x2e
 601 0101 01       		.byte	0x1
 602 0102 03       		.uleb128 0x3
 603 0103 0E       		.uleb128 0xe
 604 0104 3A       		.uleb128 0x3a
 605 0105 0B       		.uleb128 0xb
 606 0106 3B       		.uleb128 0x3b
 607 0107 0B       		.uleb128 0xb
 608 0108 39       		.uleb128 0x39
 609 0109 0B       		.uleb128 0xb
 610 010a 27       		.uleb128 0x27
 611 010b 19       		.uleb128 0x19
 612 010c 49       		.uleb128 0x49
 613 010d 13       		.uleb128 0x13
 614 010e 00       		.byte	0
 615 010f 00       		.byte	0
 616 0110 00       		.byte	0
 617              		.section	.gnu.debuglto_.debug_line,"e",%progbits
 618              	.Ldebug_line0:
 619 0000 5F000000 		.4byte	.LELT0-.LSLT0
 620              	.LSLT0:
 621 0004 0500     		.2byte	0x5
 622 0006 04       		.byte	0x4
 623 0007 00       		.byte	0
 624 0008 57000000 		.4byte	.LELTP0-.LASLTP0
 625              	.LASLTP0:
 626 000c 01       		.byte	0x1
 627 000d 01       		.byte	0x1
ARM GAS  /tmp/ccBOX9kp.s 			page 12


 628 000e 01       		.byte	0x1
 629 000f F6       		.byte	0xf6
 630 0010 F2       		.byte	0xf2
 631 0011 0D       		.byte	0xd
 632 0012 00       		.byte	0
 633 0013 01       		.byte	0x1
 634 0014 01       		.byte	0x1
 635 0015 01       		.byte	0x1
 636 0016 01       		.byte	0x1
 637 0017 00       		.byte	0
 638 0018 00       		.byte	0
 639 0019 00       		.byte	0
 640 001a 01       		.byte	0x1
 641 001b 00       		.byte	0
 642 001c 00       		.byte	0
 643 001d 01       		.byte	0x1
 644 001e 01       		.byte	0x1
 645 001f 01       		.uleb128 0x1
 646 0020 1F       		.uleb128 0x1f
 647 0021 06       		.uleb128 0x6
 648 0022 30020000 		.4byte	.LASF30
 649 0026 6B000000 		.4byte	.LASF31
 650 002a 0A000000 		.4byte	.LASF32
 651 002e B9010000 		.4byte	.LASF33
 652 0032 2F010000 		.4byte	.LASF34
 653 0036 92000000 		.4byte	.LASF35
 654 003a 02       		.byte	0x2
 655 003b 01       		.uleb128 0x1
 656 003c 1F       		.uleb128 0x1f
 657 003d 02       		.uleb128 0x2
 658 003e 0B       		.uleb128 0xb
 659 003f 07       		.uleb128 0x7
 660 0040 2C000000 		.4byte	.LASF36
 661 0044 00       		.byte	0
 662 0045 A2010000 		.4byte	.LASF37
 663 0049 05       		.byte	0x5
 664 004a 10010000 		.4byte	.LASF38
 665 004e 03       		.byte	0x3
 666 004f 00000000 		.4byte	.LASF39
 667 0053 04       		.byte	0x4
 668 0054 61000000 		.4byte	.LASF40
 669 0058 02       		.byte	0x2
 670 0059 AB010000 		.4byte	.LASF41
 671 005d 01       		.byte	0x1
 672 005e 21010000 		.4byte	.LASF42
 673 0062 01       		.byte	0x1
 674              	.LELTP0:
 675              	.LELT0:
 676              		.section	.gnu.debuglto_.debug_str,"eMS",%progbits,1
 677              	.LASF5:
 678 0000 5F5F7569 		.ascii	"__uint8_t\000"
 678      6E74385F 
 678      7400
 679              	.LASF4:
 680 000a 73697A65 		.ascii	"size_t\000"
 680      5F7400
 681              	.LASF27:
ARM GAS  /tmp/ccBOX9kp.s 			page 13


 682 0011 4E756C6C 		.ascii	"NullStreamVMT\000"
 682      53747265 
 682      616D564D 
 682      5400
 683              	.LASF9:
 684 001f 5F5F696E 		.ascii	"__int32_t\000"
 684      7433325F 
 684      7400
 685              	.LASF18:
 686 0029 696E7374 		.ascii	"instance_offset\000"
 686      616E6365 
 686      5F6F6666 
 686      73657400 
 687              	.LASF0:
 688 0039 756E7369 		.ascii	"unsigned int\000"
 688      676E6564 
 688      20696E74 
 688      00
 689              	.LASF26:
 690 0046 2F686F6D 		.ascii	"/home/rob/Projects/ChibiStudio/ChibiStudio_23/works"
 690      652F726F 
 690      622F5072 
 690      6F6A6563 
 690      74732F43 
 691 0079 70616365 		.ascii	"pace_trunk/STM32_GPIB_firmware/\000"
 691      5F747275 
 691      6E6B2F53 
 691      544D3332 
 691      5F475049 
 692              	.LASF29:
 693 0099 77726974 		.ascii	"writes\000"
 693      657300
 694              	.LASF28:
 695 00a0 6E756C6C 		.ascii	"nullObjectInit\000"
 695      4F626A65 
 695      6374496E 
 695      697400
 696              	.LASF12:
 697 00af 6C6F6E67 		.ascii	"long long unsigned int\000"
 697      206C6F6E 
 697      6720756E 
 697      7369676E 
 697      65642069 
 698              	.LASF23:
 699 00c6 72656164 		.ascii	"reads\000"
 699      7300
 700              	.LASF8:
 701 00cc 73686F72 		.ascii	"short unsigned int\000"
 701      7420756E 
 701      7369676E 
 701      65642069 
 701      6E7400
 702              	.LASF25:
 703 00df 2E2E2F2E 		.ascii	"../../chibios_trunk/os/hal/lib/streams/nullstreams."
 703      2E2F6368 
 703      6962696F 
 703      735F7472 
ARM GAS  /tmp/ccBOX9kp.s 			page 14


 703      756E6B2F 
 704 0112 6300     		.ascii	"c\000"
 705              	.LASF19:
 706 0114 77726974 		.ascii	"write\000"
 706      6500
 707              	.LASF6:
 708 011a 756E7369 		.ascii	"unsigned char\000"
 708      676E6564 
 708      20636861 
 708      7200
 709              	.LASF11:
 710 0128 6C6F6E67 		.ascii	"long unsigned int\000"
 710      20756E73 
 710      69676E65 
 710      6420696E 
 710      7400
 711              	.LASF2:
 712 013a 6C6F6E67 		.ascii	"long double\000"
 712      20646F75 
 712      626C6500 
 713              	.LASF20:
 714 0146 72656164 		.ascii	"read\000"
 714      00
 715              	.LASF21:
 716 014b 756E6765 		.ascii	"unget\000"
 716      7400
 717              	.LASF16:
 718 0151 63686172 		.ascii	"char\000"
 718      00
 719              	.LASF13:
 720 0156 75696E74 		.ascii	"uint8_t\000"
 720      385F7400 
 721              	.LASF15:
 722 015e 6D73675F 		.ascii	"msg_t\000"
 722      7400
 723              	.LASF14:
 724 0164 696E7433 		.ascii	"int32_t\000"
 724      325F7400 
 725              	.LASF1:
 726 016c 6C6F6E67 		.ascii	"long long int\000"
 726      206C6F6E 
 726      6720696E 
 726      7400
 727              	.LASF7:
 728 017a 73686F72 		.ascii	"short int\000"
 728      7420696E 
 728      7400
 729              	.LASF22:
 730 0184 4E756C6C 		.ascii	"NullStream\000"
 730      53747265 
 730      616D00
 731              	.LASF10:
 732 018f 6C6F6E67 		.ascii	"long int\000"
 732      20696E74 
 732      00
 733              	.LASF24:
 734 0198 474E5520 		.ascii	"GNU C17 11.3.1 20220712 -mcpu=cortex-m4 -mthumb -mf"
ARM GAS  /tmp/ccBOX9kp.s 			page 15


 734      43313720 
 734      31312E33 
 734      2E312032 
 734      30323230 
 735 01cb 6C6F6174 		.ascii	"loat-abi=soft -march=armv7e-m -ggdb -O2 -fomit-fram"
 735      2D616269 
 735      3D736F66 
 735      74202D6D 
 735      61726368 
 736 01fe 652D706F 		.ascii	"e-pointer -falign-functions=16 -ffunction-sections "
 736      696E7465 
 736      72202D66 
 736      616C6967 
 736      6E2D6675 
 737 0231 2D666461 		.ascii	"-fdata-sections -fno-common -flto\000"
 737      74612D73 
 737      65637469 
 737      6F6E7320 
 737      2D666E6F 
 738              	.LASF3:
 739 0253 7369676E 		.ascii	"signed char\000"
 739      65642063 
 739      68617200 
 740              	.LASF17:
 741 025f 5F426F6F 		.ascii	"_Bool\000"
 741      6C00
 742              		.section	.gnu.debuglto_.debug_line_str,"eMS",%progbits,1
 743              	.LASF39:
 744 0000 5F737464 		.ascii	"_stdint.h\000"
 744      696E742E 
 744      6800
 745              	.LASF32:
 746 000a 2E2E2F2E 		.ascii	"../../chibios_trunk/os/rt/include\000"
 746      2E2F6368 
 746      6962696F 
 746      735F7472 
 746      756E6B2F 
 747              	.LASF36:
 748 002c 2E2E2F2E 		.ascii	"../../chibios_trunk/os/hal/lib/streams/nullstreams."
 748      2E2F6368 
 748      6962696F 
 748      735F7472 
 748      756E6B2F 
 749 005f 6300     		.ascii	"c\000"
 750              	.LASF40:
 751 0061 63686561 		.ascii	"chearly.h\000"
 751      726C792E 
 751      6800
 752              	.LASF31:
 753 006b 2E2E2F2E 		.ascii	"../../chibios_trunk/os/hal/lib/streams\000"
 753      2E2F6368 
 753      6962696F 
 753      735F7472 
 753      756E6B2F 
 754              	.LASF35:
 755 0092 2F686F6D 		.ascii	"/home/rob/Projects/ChibiStudio/ChibiStudio_23/tools"
 755      652F726F 
ARM GAS  /tmp/ccBOX9kp.s 			page 16


 755      622F5072 
 755      6F6A6563 
 755      74732F43 
 756 00c5 2F474E55 		.ascii	"/GNU Tools ARM Embedded/11.3.1 2022q3/lib/gcc/arm-n"
 756      20546F6F 
 756      6C732041 
 756      524D2045 
 756      6D626564 
 757 00f8 6F6E652D 		.ascii	"one-eabi/11.3.1/include\000"
 757      65616269 
 757      2F31312E 
 757      332E312F 
 757      696E636C 
 758              	.LASF38:
 759 0110 5F646566 		.ascii	"_default_types.h\000"
 759      61756C74 
 759      5F747970 
 759      65732E68 
 759      00
 760              	.LASF42:
 761 0121 6E756C6C 		.ascii	"nullstreams.c\000"
 761      73747265 
 761      616D732E 
 761      6300
 762              	.LASF34:
 763 012f 2F686F6D 		.ascii	"/home/rob/Projects/ChibiStudio/ChibiStudio_23/tools"
 763      652F726F 
 763      622F5072 
 763      6F6A6563 
 763      74732F43 
 764 0162 2F474E55 		.ascii	"/GNU Tools ARM Embedded/11.3.1 2022q3/arm-none-eabi"
 764      20546F6F 
 764      6C732041 
 764      524D2045 
 764      6D626564 
 765 0195 2F696E63 		.ascii	"/include/sys\000"
 765      6C756465 
 765      2F737973 
 765      00
 766              	.LASF37:
 767 01a2 73746464 		.ascii	"stddef.h\000"
 767      65662E68 
 767      00
 768              	.LASF41:
 769 01ab 6E756C6C 		.ascii	"nullstreams.h\000"
 769      73747265 
 769      616D732E 
 769      6800
 770              	.LASF33:
 771 01b9 2F686F6D 		.ascii	"/home/rob/Projects/ChibiStudio/ChibiStudio_23/tools"
 771      652F726F 
 771      622F5072 
 771      6F6A6563 
 771      74732F43 
 772 01ec 2F474E55 		.ascii	"/GNU Tools ARM Embedded/11.3.1 2022q3/arm-none-eabi"
 772      20546F6F 
 772      6C732041 
ARM GAS  /tmp/ccBOX9kp.s 			page 17


 772      524D2045 
 772      6D626564 
 773 021f 2F696E63 		.ascii	"/include/machine\000"
 773      6C756465 
 773      2F6D6163 
 773      68696E65 
 773      00
 774              	.LASF30:
 775 0230 2F686F6D 		.ascii	"/home/rob/Projects/ChibiStudio/ChibiStudio_23/works"
 775      652F726F 
 775      622F5072 
 775      6F6A6563 
 775      74732F43 
 776 0263 70616365 		.ascii	"pace_trunk/STM32_GPIB_firmware/\000"
 776      5F747275 
 776      6E6B2F53 
 776      544D3332 
 776      5F475049 
 777              		.text
 778              		.section	.gnu.lto_.profile.c31bf3e367fcebdb,"e",%progbits
 779 0000 789C6362 		.ascii	"x\234cb\000\001\000\000\022\000\003"
 779      00010000 
 779      120003
 780              		.text
 781              		.section	.gnu.lto_.icf.c31bf3e367fcebdb,"e",%progbits
 782 0000 789C3363 		.ascii	"x\2343c@\000v\206\245_\337t\36020^=\321t\232\235\201"
 782      40007686 
 782      A55FDF74 
 782      F032305E 
 782      3DD1749A 
 783 0016 E9D1C5C5 		.ascii	"\351\321\305\305\207x\030\230\027\377\236u\227\211\201"
 783      87781898 
 783      17FF9E75 
 783      978981
 784 0025 05C263DD 		.ascii	"\005\302c\335\374\354|?\037\023\023\003\023#\333\226"
 784      FCEC7C3F 
 784      1F131303 
 784      1323DB96 
 785 0035 D6274D8C 		.ascii	"\326'M\214\014\000~7\025j"
 785      0C007E37 
 785      156A
 786              		.text
 787              		.section	.gnu.lto_.ipa_sra.c31bf3e367fcebdb,"e",%progbits
 788 0000 789C7361 		.ascii	"x\234sa@\0006\006f \311\312\300\301\300\016\34223\""
 788      40003606 
 788      6620C9CA 
 788      C0C1C00E 
 788      E2323322 
 789 0014 73199999 		.ascii	"s\031\231\231\230\300\\\020\223\231\021\304dfA\210\260"
 789      98C05C10 
 789      939911C4 
 789      64664188 
 789      B0
 790 0025 82441818 		.ascii	"\202D\030\030\031\000%\326\000\260"
 790      190025D6 
 790      00B0
 791              		.text
ARM GAS  /tmp/ccBOX9kp.s 			page 18


 792              		.section	.gnu.lto_.inline.c31bf3e367fcebdb,"e",%progbits
 793 0000 789CBBC2 		.ascii	"x\234\273\302\200\000l\014\014\314\015@\300\224\302"
 793      80006C0C 
 793      0CCC0D40 
 793      C094C2
 794 000f C8C0C4C0 		.ascii	"\310\300\304\300\320\010d\326\001E!BL !\006\006F\302"
 794      D00864D6 
 794      01452142 
 794      4C202106 
 794      0646C2
 795 0022 4A98082B 		.ascii	"J\230\010+a&\254\204\205\260\022V\006\026\020\237\031"
 795      6126AC84 
 795      85B01256 
 795      0616109F 
 795      19
 796 0033 A484112C 		.ascii	"\244\204\021,\223\304\300\300\016\244\017\300\2250\000"
 796      93C4C0C0 
 796      0EA40FC0 
 796      953000
 797 0042 0079582D 		.ascii	"\000yX-5"
 797      35
 798              		.text
 799              		.section	.gnu.lto_.jmpfuncs.c31bf3e367fcebdb,"e",%progbits
 800 0000 789C45CA 		.ascii	"x\234E\312\333\015\0000\010\002@@\354d\335\313\325\373"
 800      DB0D0030 
 800      08024040 
 800      EC64DDCB 
 800      D5FB
 801 0012 4A235F1C 		.ascii	"J#_\034a\2423\020$\015\011\212\222y\210\313\204,}\215"
 801      61A23310 
 801      240D098A 
 801      927988CB 
 801      842C7D8D 
 802 0026 78CDBDE4 		.ascii	"x\315\275\344\276\226\210\005B\227\001\264"
 802      BE968805 
 802      429701B4 
 803              		.text
 804              		.section	.gnu.lto_.pureconst.c31bf3e367fcebdb,"e",%progbits
 805 0000 789C1366 		.ascii	"x\234\023f```ch`al`aj`an`ai`a\235\305\002\000 '\003"
 805      60606063 
 805      6860616C 
 805      60616A60 
 805      616E6061 
 806 001e 5B       		.ascii	"["
 807              		.text
 808              		.section	.gnu.lto_.ipa_modref.c31bf3e367fcebdb,"e",%progbits
 809 0000 789C9363 		.ascii	"x\234\223c@\000FVFQ\005\001\001\006\006\020\301\310"
 809      40004656 
 809      46510501 
 809      01060610 
 809      C1C8
 810 0012 C40EC41C 		.ascii	"\304\016\304\034\014\214@\310\240\240\300\300\000\000"
 810      0C8C40C8 
 810      A0A0C0C0 
 810      0000
 811 0020 157F0112 		.ascii	"\025\177\001\022"
 812              		.text
ARM GAS  /tmp/ccBOX9kp.s 			page 19


 813              		.section	.gnu.lto_.lto.c31bf3e367fcebdb,"e",%progbits
 814 0000 0B000300 		.ascii	"\013\000\003\000\001\000\000\000"
 814      01000000 
 815              		.text
 816              		.section	.gnu.lto_writes.385.c31bf3e367fcebdb,"e",%progbits
 817 0000 789C558F 		.ascii	"x\234U\217?H\002q\024\307\337\373\3754\215h\212h\015"
 817      3F480271 
 817      14C7DFFB 
 817      FD348D68 
 817      8A680D
 818 0013 A2317FA0 		.ascii	"\2421\177\2408\264E\015\321\020\010\266\313yw\341\345"
 818      38B4450D 
 818      D11008B6 
 818      CB7977E1 
 818      E5
 819 0024 E9C9DD89 		.ascii	"\351\311\335\2114\210?\333\222\340\2609\254\226\212"
 819      34883FDB 
 819      92E0B039 
 819      AC968A
 820 0033 1A1A9310 		.ascii	"\032\032\223\020\275\245]\"h\014Z\"\2441\214\010\354"
 820      BDA55D22 
 820      680C5A22 
 820      A4318C08 
 820      EC
 821 0044 77D76105 		.ascii	"w\327a\005\277\357\357\375\373\274\307{C\000\270\022"
 821      BFEFEFFD 
 821      FBBCC77B 
 821      4300B812 
 822 0054 5A14420A 		.ascii	"Z\024B\012x\330l\020\340\234\257D\010\326\233\215\307"
 822      78D86C10 
 822      E09CAF44 
 822      08D69B8D 
 822      C7
 823 0065 B305ECA1 		.ascii	"\263\005\354\241\037#\324\010\326\360\224\206qb\006"
 823      1F23D408 
 823      D6F09486 
 823      716206
 824 0074 43E29FC5 		.ascii	"C\342\237\305y\346r\376q7\350\017\"G\027n\250\006\325"
 824      79E672FE 
 824      7137E80F 
 824      2247176E 
 824      A806D5
 825 0087 36DEA018 		.ascii	"6\336\240\030\005a\214\036 ,\211r\277\323\346|\022^"
 825      05618C1E 
 825      202C8972 
 825      BFD3E67C 
 825      125E
 826 0099 E116832A 		.ascii	"\341\026\203*!\016\276\213\001\321\363\200x\362\211"
 826      210EBE8B 
 826      01D1F380 
 826      78F289
 827 00a8 DDCE18A0 		.ascii	"\335\316\030\240\016\216<\3402\000>}\240\326\035\003"
 827      0E8E3CE0 
 827      32003E7D 
 827      A0D61D03 
 828 00b8 E0E07E18 		.ascii	"\340\340~\030`\012\240\352-.t}\037v\371\327\310\341"
 828      600AA0EA 
ARM GAS  /tmp/ccBOX9kp.s 			page 20


 828      2D2E747D 
 828      1F76F9D7 
 828      C8E1
 829 00ca FCED0507 		.ascii	"\374\355\005\007\204\"bW\344[\324\273\206\207\220\273"
 829      84226257 
 829      E45BD4BB 
 829      868790BB 
 830 00da 00C794FC 		.ascii	"\000\307\224\374\004u\021\014\011\177\356M\373\246\217"
 830      0475110C 
 830      097FEE4D 
 830      FBA68F
 831 00e9 BE794018 		.ascii	"\276y@\030\221\275\223$\365/hQ\374\355\004H\263\234"
 831      91BD9324 
 831      F52F6851 
 831      FCED0448 
 831      B39C
 832 00fb 51509969 		.ascii	"QP\231idY\3124vT\331\266\330ZN\313ji\273\254h\306_?"
 832      6459CA34 
 832      7654D9B6 
 832      D85A4ECB 
 832      6A69BBAC 
 833 0113 134FB08A 		.ascii	"\023O\260\212a\346\255\222$\253\031\333,\027\363,\275"
 833      61E6AD92 
 833      24AB19DB 
 833      2C17F32C 
 833      BD
 834 0124 B5998867 		.ascii	"\265\231\210g\326S\033\253\231m\315,T$Se\220\214\305"
 834      D6531BAB 
 834      996DCD2C 
 834      54245365 
 834      908CC5
 835 0137 9878B2D7 		.ascii	"\230x\262\327jX\001iX,'\351L\327\262\314\262MU*X\254"
 835      6A580169 
 835      582C27E9 
 835      4CD7B2CC 
 835      B24D552A 
 836 014d 58D6F5C0 		.ascii	"X\326\365\300\217\311@\264\322\334\277LLI(JrY\226\200"
 836      8FC940B4 
 836      D2DCBF4C 
 836      4C49284A 
 836      72599680 
 837 0161 644B58FC 		.ascii	"dKX\374\006\010\362\226\007"
 837      0608F296 
 837      07
 838              		.text
 839              		.section	.gnu.lto_reads.386.c31bf3e367fcebdb,"e",%progbits
 840 0000 789C558F 		.ascii	"x\234U\217=H\303P\020\307\357^Z[\021'\021WA\034\315"
 840      3D48C350 
 840      10C7EF5E 
 840      5A5B1127 
 840      1157411C 
 841 0015 83960E6E 		.ascii	"\203\226\016n\242\2038\010\205\272\2074\21546mJ\322"
 841      A2833808 
 841      85BA8734 
 841      8D34366D 
 841      4AD2
 842 0027 521C4A5E 		.ascii	"R\034J^\035\213\020\352,~L\025\035\034-*\232\305\311"
ARM GAS  /tmp/ccBOX9kp.s 			page 21


 842      1D8B10EA 
 842      2C7E4C15 
 842      1D1C2D2A 
 842      9AC5C9
 843 003a A508825B 		.ascii	"\245\010\202[\301A\220\"\210\340\007X\250/i\250\012"
 843      C1419022 
 843      88E00758 
 843      A82F69A8 
 843      0A
 844 004b EFDEFFEE 		.ascii	"\357\336\377\356\335\357\376\274\373\006\200\023\036"
 844      DDEFFEBC 
 844      FB068013 
 844      1E
 845 0058 B33C5000 		.ascii	"\263<P\000\334i\324\0110\306\026\"\004k\215z\2479\203"
 845      DC69D409 
 845      30C61622 
 845      046B8D7A 
 845      A73983
 846 006b D7E8D708 		.ascii	"\327\350\327\0106A\033\017\2050\216L`\210\337\2238M"
 846      36411B0F 
 846      85308E4C 
 846      6088DF93 
 846      384D
 847 007d 5DC6BE6E 		.ascii	"]\306\276n\272\355\227\310\356\221\033\262\241\332\302"
 847      BAED97C8 
 847      EE911BB2 
 847      A1DAC2
 848 008c 33E45610 		.ascii	"3\344V\020\306\3506\302\034o\267/Z\214\215\3023\234"
 848      C6E836C2 
 848      1C6FB72F 
 848      5A8C8DC2 
 848      339C
 849 009e 63D025C4 		.ascii	"c\320%\304\301[n\020m\006\304\203Ol^\016\001\301\301"
 849      C15B6E10 
 849      6D06C483 
 849      4F6C5E0E 
 849      01C1C1
 850 00b1 7B0F380E 		.ascii	"{\0178\016\200\256\017\330WC\000\034\354\204\000\306"
 850      80AE0FD8 
 850      5743001C 
 850      EC8400C6 
 851 00c1 00AADEC7 		.ascii	"\000\252\336\307y\234\336\205]\326\353;\214\275?a\217"
 851      799CDE85 
 851      5DD6EB3B 
 851      8CBD3F61 
 851      8F
 852 00d2 10803DC1 		.ascii	"\020\200=\301[\204\205\220\271\000\373\002\031\0245"
 852      5B848590 
 852      B900FB02 
 852      191435
 853 00e1 5E7C12F6 		.ascii	"^|\022\366\330\031\367\345\025}y\033\310\007B\237l\035"
 853      D819F7E5 
 853      157D791B 
 853      C807429F 
 853      6C1D
 854 00f3 24466C7F 		.ascii	"$Fl\177\011n\201\277\026\000)\2325\362*5\2154M\232\306"
 854      096E81BF 
ARM GAS  /tmp/ccBOX9kp.s 			page 22


 854      1600299A 
 854      35F22A35 
 854      8D344D9A 
 855 0108 86AA942C 		.ascii	"\206\252\224,\272\224\325\322Z\252T\316h\306\337\\\212"
 855      BA94D5D2 
 855      5AAA54CE 
 855      68C6DF5C 
 855      8A
 856 0119 C569C530 		.ascii	"\305i\3050sVQVT\251d\226\0139\232Z[\215\307\244\345"
 856      73565156 
 856      54A96496 
 856      0B399A5A 
 856      5B8DC7A4 
 857 012e E4CAA2B4 		.ascii	"\344\312\242\264\256\231\371\212l\252\024\022\242H\371"
 857      AE99F98A 
 857      6CAA1412 
 857      A248F9
 858 013d 51BC51C3 		.ascii	"Q\274Q\303\012H\303\242YY\247\272\226\246V\311T\345"
 858      0A48C3A2 
 858      5959A7BA 
 858      96A656C9 
 858      54E5
 859 014f BC450B65 		.ascii	"\274E\013e]\017rQ\001\242\025\247\376\275\210\231x&"
 859      5D0F7251 
 859      01A215A7 
 859      FEBD8899 
 859      7826
 860 0161 93985764 		.ascii	"\223\230Wd \351\"\026~\000L\302\231\207"
 860      20E92216 
 860      7E004CC2 
 860      9987
 861              		.text
 862              		.section	.gnu.lto_put.387.c31bf3e367fcebdb,"e",%progbits
 863 0000 789C554E 		.ascii	"x\234UN=K\303P\024\275\367%M+\216\"\256\202\340f\036"
 863      3D4BC350 
 863      14BDF725 
 863      4D2B8E22 
 863      AE82E066 
 864 0015 B4647013 		.ascii	"\264dp\023\035\304A\020\352\036\362%\215M\233\222\244"
 864      1DC44110 
 864      EA1EF225 
 864      8D4D9B92 
 864      A4
 865 0026 14879257 		.ascii	"\024\207\222W\307R(\355 \016\342\307d7A\012\026Q\310"
 865      C75228ED 
 865      200EE2C7 
 865      6437410A 
 865      1651C8
 866 0039 A293A0F4 		.ascii	"\242\223\240\364\017(\342\"\376\000\035\224\372\032"
 866      0F28E222 
 866      FE001D94 
 866      FA1A
 867 0047 032ADC73 		.ascii	"\003*\334s\277\316=\2273\004\200\036\307<\007\012\200"
 867      BFCE3D97 
 867      3304801E 
 867      C73C070A 
 867      80
ARM GAS  /tmp/ccBOX9kp.s 			page 23


 868 0058 DD4E9300 		.ascii	"\335N\223\000cl)M\260\321i>\356\367E\274\306x\201\020"
 868      636C294D 
 868      B0D1693E 
 868      EEF745BC 
 868      C6788110 
 869 006c 120CF144 		.ascii	"\022\014\361DH\2414\205\"\317\3238K9\365q\363\366t\237"
 869      48A13485 
 869      22CFD338 
 869      4B39F571 
 869      F3F6749F 
 870 0080 3EE84562 		.ascii	">\350Eb\010\365\001^ \377\005)\314\264\020\026\"\306"
 870      08F5015E 
 870      20FF0529 
 870      CCB41016 
 870      22C6
 871 0092 1E0603C6 		.ascii	"\036\006\003\306&\340\025.1a\011ic\217?\310\234&\027"
 871      26E0152E 
 871      31610969 
 871      638F3FC8 
 871      9C2617
 872 00a5 777DC604 		.ascii	"w}\306\004\330\271\302\272\222\345\264\320\306s\021"
 872      D8B9C2BA 
 872      92E5B4D0 
 872      C67311
 873 00b4 6012A03E 		.ascii	"`\022\240>\266\305q6LE\354s\324f\354\353\005[s\004\340"
 873      B6C57136 
 873      4C45EC73 
 873      D466ECEB 
 873      055B7304 
 874 00c9 5018DB64 		.ascii	"P\030\333d\"\262\010\340H ?C\203\017\357\204=wn1\256"
 874      22B208E0 
 874      48203F43 
 874      830FEF84 
 874      3D776E31 
 875 00de 5D292E7B 		.ascii	"]).{\022\214\310\356\261\"\205\2617.\306_1@\236\026"
 875      128CC8EE 
 875      B12285B1 
 875      372EC65F 
 875      31409E16 
 876 00f2 DC92453D 		.ascii	"\334\222E=W\247\033\236\273m\031\201OW\012\266n\347"
 876      57A71B9E 
 876      BB6D1981 
 876      4F570AB6 
 876      6EE7
 877 0104 83AA69BB 		.ascii	"\203\252i\273\177{5\233\2435\327+\372\025\315\260\324"
 877      7F7B359B 
 877      A335D72B 
 877      FA15CDB0 
 877      D4
 878 0115 C0AB968B 		.ascii	"\300\253\226\2134\277\271\236\313\252\253\033k\313\352"
 878      34BFB99E 
 878      CBAAAB1B 
 878      6BCBEA
 879 0124 96ED956A 		.ascii	"\226\355\225j\232gQPd\231\3620\306R\327O.]\237\0264"
 879      9A675150 
 879      6499F230 
 879      C652D74F 
ARM GAS  /tmp/ccBOX9kp.s 			page 24


 879      2E5D9F16 
 880 0139 873AB64E 		.ascii	"\207:\266N\375\300\263\264\222O\313U\307Iz\331\000b"
 880      FDC0B3B4 
 880      924FCB55 
 880      C7497AD9 
 880      0062
 881 014b 5766FE6D 		.ascii	"Wf\376md3g\232\312\242\241\001\352\337\214\242\210\247"
 881      6433679A 
 881      CAA2A101 
 881      EADF8CA2 
 881      88A7
 882              		.text
 883              		.section	.gnu.lto_get.388.c31bf3e367fcebdb,"e",%progbits
 884 0000 789C5BC3 		.ascii	"x\234[\303\300\300\260\014\210\325\200\230\221\231\201"
 884      C0C0B00C 
 884      88D58098 
 884      919981
 885 000f 71D2C42E 		.ascii	"q\322\304.&\206\206\206\006\007v&\306\306\211]\327g"
 885      26868686 
 885      06077626 
 885      C6C6895D 
 885      D767
 886 0021 6E6161DC 		.ascii	"naa\334\315\010\026`d\250gb\254g\\\310\314\312\310&"
 886      CD081660 
 886      64A86762 
 886      AC675CC8 
 886      CCCAC826 
 887 0035 CCC80224 		.ascii	"\314\310\002$E\031\025\364\201R?\216\276~\260\321\342"
 887      451915F4 
 887      81523F8E 
 887      BE7EB0D1 
 887      E2
 888 0046 6073AB47 		.ascii	"`s\253G=C\355\016\306\355\214@\263\030X\0319z\030\031"
 888      3D43ED0E 
 888      C6ED8C40 
 888      B3185819 
 888      397A1819 
 889 005a 740F3434 		.ascii	"t\01744\\\330\261\243\241\201\223\341%\303.F\250,\023"
 889      5CD8B1A3 
 889      A18193E1 
 889      25C32E46 
 889      A82C13
 890 006d 533F633F 		.ascii	"S?c?\013\003\0037\003C-\310^ ^\177\211\365@\303\237"
 890      0B030337 
 890      03432DC8 
 890      5E205E7F 
 890      89F540C3 
 891 0082 FFFD0D0D 		.ascii	"\377\375\015\015O\0373\316Vfb`\230\307\014rG\003\013"
 891      4F1F33CE 
 891      56666260 
 891      98C70C72 
 891      47030B
 892 0095 63C30106 		.ascii	"c\303\001\006\206\371\314L\020N#\220\363\235\251\341"
 892      86F9CC4C 
 892      104E2390 
 892      F39DA9E1 
 893 00a5 D1C6638C 		.ascii	"\321\306c\214`z\013\033\303\177\246\246\005\246l\365"
ARM GAS  /tmp/ccBOX9kp.s 			page 25


 893      607A0B1B 
 893      C37FA6A6 
 893      05A66CF5 
 894 00b5 8C2C206B 		.ascii	"\214, k\34713\"t10\004\353g\344\347\246\352\027\345"
 894      E7313322 
 894      74313004 
 894      EB67E4E7 
 894      A6EA17E5 
 895 00c9 27E90714 		.ascii	"'\351\007\024\345g\245&\227\024\353;gd&e\006\227\224"
 895      E567A526 
 895      9714EB3B 
 895      67642665 
 895      069794
 896 00dc A664E623 		.ascii	"\246d\346#\263\343\215\214\365\313\363\213\262\213\013"
 896      B3E38D8C 
 896      F5CBF38B 
 896      B28B0B
 897 00eb 129353E3 		.ascii	"\022\223S\343K\212J\363\262\365\203C|\215\215\342\335"
 897      4B8A4AF3 
 897      B2F58343 
 897      7C8D8DE2 
 897      DD
 898 00fc 033C9DE2 		.ascii	"\003<\235\342\3232\213r\313\023\213R\365\031L\365\364"
 898      D3328B72 
 898      CB138B52 
 898      F5194CF5 
 898      F4
 899 010d F4812819 		.ascii	"\364\201(\031\2445\277\030\2522\277X?#1G?'3I\277\270"
 899      A435BF18 
 899      AA32BF58 
 899      3F233147 
 899      3F273349 
 900 0123 A4283531 		.ascii	"\244(51\267X?\2574'\007\312\326Kf`\312,\020G\021\321"
 900      B7583FAF 
 900      342707CA 
 900      D64B6660 
 900      CA2C1047 
 901 0139 4B314E49 		.ascii	"K1NI1\265LNd\000\000\301c|\000"
 901      31B54C4E 
 901      640000C1 
 901      637C00
 902              		.text
 903              		.section	.gnu.lto_unget.389.c31bf3e367fcebdb,"e",%progbits
 904 0000 789C554E 		.ascii	"x\234UN;H\303P\024\275\367\245\215\025G\021qsr3\017"
 904      3B48C350 
 904      14BDF7A5 
 904      8D154711 
 904      71737233 
 905 0015 5A02BA89 		.ascii	"Z\002\272\211\016\352 \024\352\036\362\223\306\246M"
 905      0EEA2014 
 905      EA1EF293 
 905      C6A64D
 906 0024 49528A43 		.ascii	"IR\212C\311\253\342R\204RG\007?\223n\016\026,E\241\016"
 906      C9ABE252 
 906      84524707 
 906      3F936E0E 
 906      162C45A1 
ARM GAS  /tmp/ccBOX9kp.s 			page 26


 907 0039 3A4AED20 		.ascii	":J\355 n\242\233\210s\035\204\372\032\003*\334s\177"
 907      6EA29B88 
 907      731D84FA 
 907      1A032ADC 
 907      737F
 908 004b E79ECBE9 		.ascii	"\347\236\313\351\001\300\031\307\014\007\012\200\373"
 908      01C019C7 
 908      0C070A80 
 908      FB
 909 0058 8D1A01C6 		.ascii	"\215\032\001\306\330\302\010\301j\243\366|\320\214\341"
 909      D8C208C1 
 909      6AA3F67C 
 909      D08CE1
 910 0067 35860B84 		.ascii	"5\206\013\204\200`\200'B\034\305q\214\361<\201\323\224"
 910      80608027 
 910      421CC571 
 910      8CF13C81 
 910      D394
 911 0079 539FB7EF 		.ascii	"S\237\267\357\335\213\271\233\235\335\225\000*-\274"
 911      DD8BB99B 
 911      9DDD9500 
 911      2A2DBC
 912 0088 44FE0BE2 		.ascii	"D\376\013\342\230\330C\230\3550\326m\267\030\033\205"
 912      98D84398 
 912      ED30D66D 
 912      B7181B85 
 913 0098 376863C4 		.ascii	"7hc\304\022R\307\017\376&q\032]\3347\031\023`\353\012"
 913      1252C70F 
 913      FE26711A 
 913      5DDC3719 
 913      1360EB0A 
 914 00ac 2B7292D3 		.ascii	"+r\222\323B\035\373\002\300\030@eh\213\343\274\027\357"
 914      421DFB02 
 914      C0184065 
 914      688BE3BC 
 914      17EF
 915 00be B0AF419D 		.ascii	"\260\257A\235\261\376\324\313\223H\000\016\205\241M"
 915      B1FED4CB 
 915      9348000E 
 915      85A14D
 916 00cd 1643D601 		.ascii	"\026C\326\0018\022\310\317P\345C\237\260\327\207;\014"
 916      3812C8CF 
 916      50E5439F 
 916      B0D7873B 
 916      0C
 917 00de 6B4F0CCB 		.ascii	"kO\014\313\243\010\003\262},\213A\350\215\213\361W\014"
 917      A30803B2 
 917      7D2C8B41 
 917      E88D8BF1 
 917      570C
 918 00f0 90A15927 		.ascii	"\220\241Y'oR\327\321h\332u6M\335\367\350R\326\322\254"
 918      6F52D7D1 
 918      68DA7536 
 918      4DDDF7E8 
 918      52D6D2AC 
 919 0104 8C5F322C 		.ascii	"\214_2,\347o\257$S\264\354\2709\257\250\352\246\342"
 919      E76FAF24 
ARM GAS  /tmp/ccBOX9kp.s 			page 27


 919      53B4ECB8 
 919      39AFA8EA 
 919      A6E2
 920 0116 BBA5428E 		.ascii	"\273\245B\216f\326\327RIe9\275\272\250lXn\276\254\272"
 920      66D6D752 
 920      496539BD 
 920      BAA86C58 
 920      6EBEACBA 
 921 012a 26055992 		.ascii	"&\005Y\222(\017}(u\274\350\322\361hV\265\251mi\324\363"
 921      280F7D28 
 921      75BCE8D2 
 921      F16856B5 
 921      A96D69D4 
 922 013f 5D53CD7B 		.ascii	"]S\315{\264P\262\355\250\227t Vq\362\337F2R\206!\317"
 922      B450B2ED 
 922      A8977420 
 922      5671F2DF 
 922      46325286 
 923 0155 EB2AA0F6 		.ascii	"\353*\240\366\015\027\353\212A"
 923      0D17EB8A 
 923      41
 924              		.text
 925              		.section	.gnu.lto_vmt.390.c31bf3e367fcebdb,"e",%progbits
 926 0000 789C4B62 		.ascii	"x\234Kb``\350f\200\000V\306.\306\246\206\206?\217\266"
 926      6060E866 
 926      800056C6 
 926      2EC6A686 
 926      863F8FB6 
 927 0014 7E982523 		.ascii	"~\230%#Y_\013\023xq\206\261\272\022\306Yq\214\261\276"
 927      595F0B13 
 927      787186B1 
 927      BA12C659 
 927      718CB1BE 
 928 0028 1C2E6357 		.ascii	"\034.cWZ\014g\233\025\346\003\331l\267\031\030\031\354"
 928      5A0C679B 
 928      15E603D9 
 928      6CB71918 
 928      19EC
 929 003a 9B3A1A24 		.ascii	"\233:\032$r\263\3670f\356fL\337\305\230\272\2231y\007"
 929      72B3F730 
 929      66EE664C 
 929      DFC598BA 
 929      93317907 
 930 004e 63E27646 		.ascii	"c\342vF\206`\375\214\374\334T\375\242\374$\375\200\242"
 930      8660FD8C 
 930      FCDC54FD 
 930      A2FC24FD 
 930      80A2
 931 0060 FCACD4E4 		.ascii	"\374\254\324\344\222b}\347\214\314\244\314\340\222\322"
 931      92627DE7 
 931      8CCCA4CC 
 931      E092D2
 932 006f 94CC7C64 		.ascii	"\224\314|dv\274\221\261~y~QvqAbrj|IQi^\266~p\210\257"
 932      76BC91B1 
 932      7E797E51 
 932      76714162 
 932      726A7C49 
ARM GAS  /tmp/ccBOX9kp.s 			page 28


 933 008b B151BC7B 		.ascii	"\261Q\274{\200\247S|ZfQnybQ\252>\203\251\236\236>\020"
 933      80A7537C 
 933      5A66516E 
 933      796251AA 
 933      3E83A99E 
 934 00a2 2583B4E6 		.ascii	"%\203\264\346\027CU\346\027\353g$\346\350\347d&\351"
 934      174355E6 
 934      17EB6724 
 934      E6E8E764 
 934      26E9
 935 00b4 179714A5 		.ascii	"\027\227\024\245&\346\026\353\347\225\346\344@\331z"
 935      26E616EB 
 935      E795E6E4 
 935      40D97A
 936 00c3 C90C0045 		.ascii	"\311\014\000E\"U["
 936      22555B
 937              		.text
 938              		.section	.gnu.lto_nullObjectInit.391.c31bf3e367fcebdb,"e",%progbits
 939 0000 789C554F 		.ascii	"x\234UOAK\002A\030\375\276Y-\245C\207\210:\006\236\333"
 939      414B0241 
 939      18FDBE59 
 939      2DA54387 
 939      883A069E 
 940 0015 01C5A05B 		.ascii	"\001\305\240[\324A:\004\202\335e]7\334\\]\331]\021\013"
 940      D4413A04 
 940      82DD655D 
 940      37DC5C5D 
 940      D95D110B 
 941 0029 71F4D061 		.ascii	"q\364\320a\011\322\016E\027\243S\036\202\256j\024[\020"
 941      09D20E45 
 941      17A3531E 
 941      82AE6A14 
 941      5B10
 942 003b 111444BF 		.ascii	"\021\024D\277 \242.u\352\020\005\0056\256B5\3147\363"
 942      20A22E75 
 942      EA100505 
 942      36AE4235 
 942      CC37F3
 943 004e BD37EFE3 		.ascii	"\2757\357\343\275y\003\200C^\001^(\000n\327m\002\214"
 943      BD790380 
 943      435E015E 
 943      28006ED7 
 943      6D028C
 944 0061 B1B96182 		.ascii	"\261\271a\202\225\272\355\307\023t\021B\231`\031\017"
 944      95BAEDC7 
 944      13741142 
 944      9960190F 
 945 0071 04CAE1E7 		.ascii	"\004\312\341\347\345k\255=\311\232\016\276\000\224\301"
 945      E56BAD3D 
 945      C99A0EBE 
 945      0094C1
 946 0080 5D5E1C1A 		.ascii	"]^\034\032C\017?\307q\312\213\276M\204i\207\261\273"
 946      430F3FC7 
 946      71CA8BBE 
 946      4D846987 
 946      B1BB
 947 0092 EB16637E 		.ascii	"\353\026c~(u\260\334\306\026\002\020\254\341\255\000"
ARM GAS  /tmp/ccBOX9kp.s 			page 29


 947      2875B0DC 
 947      C6160210 
 947      ACE1AD00 
 948 00a2 30D21FE4 		.ascii	"0\322\037\344\014\034\337{\035\366\335\335b\354\375"
 948      0C1CDF7B 
 948      1DF6DDDD 
 948      62ECFD
 949 00b1 096F021E 		.ascii	"\011o\002\036\202\330\341|C\350\345`\036d\016\300\276"
 949      82D8E17C 
 949      43E8E560 
 949      1E640EC0 
 949      BE
 950 00c2 40FAA0C2 		.ascii	"@\372\240\302\301\007a\217\273W\010_\244\272c?#\367"
 950      C107618F 
 950      BB57085F 
 950      A4BA633F 
 950      23F7
 951 00d4 2C21F73F 		.ascii	",!\367?\352%m\012\353k\247\0103\274\365\025\317\260"
 951      EA256D0A 
 951      EB6BA708 
 951      33BCF515 
 951      CFB0
 952 00e6 E0062BF6 		.ascii	"\340\006+\366\236m~\347]\231\307<G\007\301\306\015\256"
 952      9E6D7EE7 
 952      5D99C73C 
 952      4707C1C6 
 952      0DAE
 953 00f8 1F2D5E70 		.ascii	"\037-^p\263.\251>\354E\334\2174\004\374\365\005\210"
 953      B32EA93E 
 953      EC45DC8F 
 953      3404FCF5 
 953      0588
 954 010a D1949E51 		.ascii	"\321\224\236Q\250\241'h\324\320W\025\3312\351BJM\250"
 954      A8A12768 
 954      D4D05715 
 954      D932E942 
 954      4A4DA8
 955 011d 312B9F54 		.ascii	"1+\237T\365\277}<\030\242\005\335H\2339IV\342\226\221"
 955      F5BF7D3C 
 955      18A205DD 
 955      489B3949 
 955      56E29691 
 956 0131 CFA6696C 		.ascii	"\317\246ily)\024\214G\242\213\363\361\025\325\310\024"
 956      7929148C 
 956      47A28BF3 
 956      F115D5C8 
 956      14
 957 0142 2443A110 		.ascii	"$C\241\020\026E\312\267\334\033\325\315\201R7iJ\322"
 957      1645CAB7 
 957      DC1BD5CD 
 957      81523769 
 957      4AD2
 958 0154 A8A626A8 		.ascii	"\250\246&\250i\031\212\2241i6\257i\203^\224A\310\232"
 958      69198A94 
 958      316936AF 
 958      69835E94 
 958      41C89A
ARM GAS  /tmp/ccBOX9kp.s 			page 30


 959 0167 B9897F94 		.ascii	"\271\211\177\224\230\014%\223\341YY\202\037\307\017"
 959      980C2593 
 959      E1595982 
 959      1FC70F
 960 0176 8BF0     		.ascii	"\213\360"
 961              		.text
 962              		.section	.gnu.lto_.symbol_nodes.c31bf3e367fcebdb,"e",%progbits
 963 0000 789C75C9 		.ascii	"x\234u\311\273\031@`\014\005\320\373\273\024\336;Y,"
 963      BB194060 
 963      0C05D0FB 
 963      BB14DE3B 
 963      592C
 964 0012 89676B04 		.ascii	"\211gk\004\275\005|\2060\223(\0259\3559\3412\243\224"
 964      BD057C86 
 964      30932815 
 964      39ED39E1 
 964      32A394
 965 0025 EAF2B43F 		.ascii	"\352\362\264?\200\000\327a\246\374j\244TAM\224:\250"
 965      8000D761 
 965      A6FC6AA4 
 965      54414D94 
 965      3AA8
 966 0037 99D204B5 		.ascii	"\231\322\004\265P\332\2406J\367\253[-y\024+{\035\000"
 966      50DAA036 
 966      4AF7AB5B 
 966      2D79142B 
 966      7B1D00
 967 004a E205FA31 		.ascii	"\342\005\3721/\332"
 967      2FDA
 968              		.text
 969              		.section	.gnu.lto_.refs.c31bf3e367fcebdb,"e",%progbits
 970 0000 789C1366 		.ascii	"x\234\023f```debcb`\005b&F&&&f&\026\006\000\003\320"
 970      60606064 
 970      65626362 
 970      60056226 
 970      46262626 
 971 001b 0043     		.ascii	"\000C"
 972              		.text
 973              		.section	.gnu.lto_.decls.c31bf3e367fcebdb,"e",%progbits
 974 0000 789C9D55 		.ascii	"x\234\235UkL\024W\024\276g\366\301\200\310#\326\224"
 974      6B4C1457 
 974      14BE67F6 
 974      C180C823 
 974      D694
 975 0012 3E6C4C7F 		.ascii	">lL\177\031[\331*R\333?\015\251$\306\244>Rl\177\231"
 975      195BD92A 
 975      52DB3F0D 
 975      A924C6A4 
 975      3E526C7F 
 976 0027 6C782CB2 		.ascii	"lx,\262\025v\351\356\242\306_wy\016ZqWm\003h\233uK\243"
 976      1576E9EE 
 976      A2C65F77 
 976      790E5A71 
 976      576D0368 
 977 003f 4D549646 		.ascii	"MT\226F\021\004\355\000\213\240X\300\212\012\002\026"
 977      1104ED00 
 977      8BA058C0 
ARM GAS  /tmp/ccBOX9kp.s 			page 31


 977      8A0A0216 
 978 004f 1FD40545 		.ascii	"\037\324\005E@E\001Az\356\314\270,\232\364\207\023\316"
 978      40450141 
 978      7AEECCB8 
 978      2C9AF487 
 978      13CE
 979 0061 CCEC39DF 		.ascii	"\314\3549\337\371\316w\316\334{I\017\"\344\010\020\362"
 979      F9CE77CE 
 979      DC7B490F 
 979      22E40810 
 979      F2
 980 0072 31DA0C5E 		.ascii	"1\332\014^<!\344\012Z\004\332\010\332\004Z\032Z\257"
 980      3C21E40A 
 980      5A04DA08 
 980      DA045A1A 
 980      5AAF
 981 0084 E2BF8A76 		.ascii	"\342\277\212v\021m\034m\030m\032m\006\215`>\240qh\301"
 981      116D1C6D 
 981      186D1A6D 
 981      068D603E 
 981      A07168C1 
 982 0098 682168CF 		.ascii	"h!h\317\321\324J\336t\000\317L\200\177F\3613^\340d\177"
 982      D1D44ADE 
 982      7400CF4C 
 982      807F46F1 
 982      335EE064 
 983 00ad BDC297A6 		.ascii	"\275\302\227\246\324R\241_\245\370A\361k\002\260\\\000"
 983      D452A15F 
 983      A5F841F1 
 983      6B02B05C 
 983      00
 984 00be 7621276B 		.ascii	"v!'koU\374^%\207\361u)\365n)z\036\242\015\240=@\033"
 984      6F55FC5E 
 984      2587F175 
 984      29F56E29 
 984      7A1EA20D 
 985 00d6 44BB8F36 		.ascii	"D\273\2176\204v\017m\001\362\340h\244^&\002\372\035"
 985      84760F6D 
 985      01F2E068 
 985      A45E2602 
 985      FA1D
 986 00e8 23726F2C 		.ascii	"#ro,W\273\000\324\332\205\260\030\237\021<G\324\\\017"
 986      57BB00D4 
 986      DA85B018 
 986      9F113C47 
 986      D45C0F
 987 00fb 7DD2A50D 		.ascii	"}\322\245\015\226XGY\224\303h\2046\010\330`\203\360"
 987      96584759 
 987      94C36884 
 987      3608D860 
 987      83F0
 988 010d 49F1DAC1 		.ascii	"I\361\332\301kI,\225\256\333\037\020\221I#$>\224\337"
 988      6B492C95 
 988      AEDB1F10 
 988      91492324 
 988      3E94DF
 989 0120 8CF94383 		.ascii	"\214\371C\203\223\355\332p\214\214P17\230T\301i \365"
ARM GAS  /tmp/ccBOX9kp.s 			page 32


 989      93EDDA70 
 989      8C8C5031 
 989      379854C1 
 989      6920F5
 990 0133 1054077F 		.ascii	"\020T\007\177\3029Pse\027v\265\360\357c\370\001\245"
 990      C2395073 
 990      651776B5 
 990      F0EF63F8 
 990      01A5
 991 0145 6F35C059 		.ascii	"o5\300Y\250e\015\002\251a\363\344\316\225W\024\207F"
 991      A8650D02 
 991      A961F3E4 
 991      CE955714 
 991      8746
 992 0157 8A2CD955 		.ascii	"\212,\331U\257\366\202\224M\032A\322\311\363ID\273\010"
 992      AFF68294 
 992      4D1A41D2 
 992      C9F34944 
 992      BB08
 993 0169 66006F84 		.ascii	"f\000o\204OEx\343\324\215c\241\341\010\367\321z\273"
 993      4F4578E3 
 993      D48D63A1 
 993      E108F7D1 
 993      7ABB
 994 017b 8AC4AE20 		.ascii	"\212\304\256 \027aQ\035\\\200f\254t\266\357\350\030"
 994      1761511D 
 994      5C8066AC 
 994      74B6EFE8 
 994      18
 995 018c CF1A6981 		.ascii	"\317\032i\201Q\304v\374\326t4D\356\353\022F/O\225?\014"
 995      51C476FC 
 995      D6743444 
 995      EEEB1246 
 995      2F4F953F 
 996 01a1 7D55472B 		.ascii	"}UG+\220\277$\035\236\312\032\373|\277\216VEG\033\032"
 996      90BF241D 
 996      9ECA1AFB 
 996      7CBF8E56 
 996      45471B1A 
 997 01b5 6F22DA6E 		.ascii	"o\"\332n\"M#\234\275\020\336\212\370Za\260-,\\\234\323"
 997      224D239C 
 997      BD10DE8A 
 997      F85A61B0 
 997      2D2C5C9C 
 998 01ca F415E826 		.ascii	"\364\025\350&u\3607\\\306j\317KN\357\226\206\332!ii"
 998      75F0375C 
 998      C66ACF4B 
 998      4EEF9686 
 998      DA216969 
 999 01de AA3CEEE6 		.ascii	"\252<\356\346\375\364-\012\3755\251\364\225\302\352"
 999      FDF42D0A 
 999      FD35A9F4 
 999      95C2EA
 1000 01ed 660D835E 		.ascii	"f\015\203^\203\253\230YSt)\037d\331\327\361g\373\340"
 1000      83AB9859 
 1000      5374291F 
 1000      64D9D7F1 
ARM GAS  /tmp/ccBOX9kp.s 			page 33


 1000      67FBE0
 1001 0200 E1EBEA97 		.ascii	"\341\353\352\227\262;\024\331]@:\245\334\202\262\216"
 1001      B23B14D9 
 1001      5D403AA5 
 1001      DC82B28E 
 1002 0210 EA59DE2E 		.ascii	"\352Y\336.\205\367\006\223\275\223\274\246\242\350\330"
 1002      85F70693 
 1002      BD93BCA6 
 1002      A2E8D8
 1003 021f C85349B4 		.ascii	"\310SI\264O|}z\223\007\317Vp~\252^\205\352\246T\246"
 1003      4F7C7D7A 
 1003      9307CF56 
 1003      707EAA5E 
 1003      85EAA654 
 1004 0234 B0B7204F 		.ascii	"\260\267 O\305xnB\017B+[\355\215\234,\361\037\374\371"
 1004      C5786E42 
 1004      0F422B5B 
 1004      ED8D9C2C 
 1004      F11FFCF9 
 1005 0248 7BE14C7F 		.ascii	"{\341L\177\330\253\022o\001\351\223r\313\007\366\264"
 1005      D8AB126F 
 1005      01E99372 
 1005      CB07F6B4 
 1006 0258 87F9796F 		.ascii	"\207\371yo)\274\267\231D\212\303t\000\373\322Q\270\346"
 1006      29BCB799 
 1006      448AC374 
 1006      00FBD251 
 1006      B8E6
 1007 026a 44E07F01 		.ascii	"D\340\177\001\242\016\363\364\214\357\322.\215Z\312"
 1007      A20EF3F4 
 1007      8CEFD22E 
 1007      8D5ACA
 1008 0279 2E4C1B2F 		.ascii	".L\033/\331=\325\360^C\016m\026\241\015\356\301\200"
 1008      D93DD5F0 
 1008      5E430E6D 
 1008      16A10DEE 
 1008      C180
 1009 028b C2508D56 		.ascii	"\302P\215V\005\004\313\346R*\252\311\277\320\017\344"
 1009      0504CBE6 
 1009      522AAAC9 
 1009      BFD00FE4 
 1010 029b 2E86EB60 		.ascii	".\206\353`\020\206\340><\200\207\340c+\025I\034\207"
 1010      1086E03E 
 1010      3C8087E0 
 1010      632B1549 
 1010      1C87
 1011 02ad 10A2ED80 		.ascii	"\020\242\355\200;\376\364\345\204\304\314Fn@\273?r\036"
 1011      3BFEF4E5 
 1011      84C4CC46 
 1011      6E40BB3F 
 1011      721E
 1012 02bf E684DAA0 		.ascii	"\346\204\332\240iN\010k\372c\267\241;\22000\324\010"
 1012      694E086B 
 1012      FA63B7A1 
 1012      3B903030 
 1012      D408
 1013 02d1 67E6488D 		.ascii	"g\346H\215\301Q\374Xr\270s^\024S,\376\277b5Wq\267s8"
ARM GAS  /tmp/ccBOX9kp.s 			page 34


 1013      C151FC58 
 1013      72B8735E 
 1013      14532CFE 
 1013      BF623557 
 1014 02e9 C43FB561 		.ascii	"\304?\265a\205hD\232\350S\337\305i\225?6\242\304F\331"
 1014      8568449A 
 1014      E853DFC5 
 1014      69953F36 
 1014      A2C446D9 
 1015 02fd 444FB00D 		.ascii	"DO\260\015\335\2747\373>D\311\273U\336\252w\3411\026"
 1015      DDBC37FB 
 1015      3E44C9BB 
 1015      55DEAA77 
 1015      E13116
 1016 0310 91888FF4 		.ascii	"\221\210\217\364\267T\206JA\361\365\340\311\027\023"
 1016      B754864A 
 1016      41F1F5E0 
 1016      C91713
 1017 031f 9DB3DFEA 		.ascii	"\235\263\337\352\211\302<\306\252\252\275\247\307\217"
 1017      89C23CC6 
 1017      AAAABDA7 
 1017      C78F
 1018 032d 6B9646B1 		.ascii	"k\226F\261\240pgo\230\303\256\032\203G\360,p\234\322"
 1018      A070676F 
 1018      98C3AE1A 
 1018      8347F02C 
 1018      709CD2
 1019 0340 19C03A93 		.ascii	"\031\300:\223}\317\220\366)#\346\377`\262.\367?\026"
 1019      7DCF90F6 
 1019      2923E6FF 
 1019      60B22EF7 
 1019      3F16
 1020 0352 42A2E662 		.ascii	"B\242\346b\306\301\017Rs\373\253\235\015\032\177\365"
 1020      C6C10F52 
 1020      73FBAB9D 
 1020      0D1A7FF5 
 1021 0362 09857952 		.ascii	"\011\205yR\352\271\253\365H57\312\316\"\201\212v/\357"
 1021      EAB9ABF5 
 1021      483537CA 
 1021      CE22818A 
 1021      762FEF
 1022 0375 70FBA887 		.ascii	"p\373\250\207\322Lz\336W\\\232\357\023\"\235\331\030"
 1022      D24C7ADE 
 1022      575C9AEF 
 1022      13229DD9 
 1022      18
 1023 0386 F308F4DD 		.ascii	"\363\010\364\335bt\227\226\36698\227\212\255\014JsB"
 1023      62749796 
 1023      F6393897 
 1023      8AAD0C4A 
 1023      7342
 1024 0398 E9497C64 		.ascii	"\351I|d\247\321\234|\366\373\207(W\216<\234v\240b>\365"
 1024      A7D19C7C 
 1024      F6FB8728 
 1024      578E3C9C 
 1024      76A0623E 
 1025 03ad 885A7703 		.ascii	"\210Zw\003\315/\246_\225\226\372\232\245\343n_\337\241"
ARM GAS  /tmp/ccBOX9kp.s 			page 35


 1025      CD2FA65F 
 1025      9596FA9A 
 1025      A5E36E5F 
 1025      DFA1
 1026 03bf 8270574E 		.ascii	"\202pWN\217\340j\240\357\270\220\245\030?\231\023\354"
 1026      8FE06AA0 
 1026      EFB890A5 
 1026      183F9913 
 1026      EC
 1027 03d0 986217A9 		.ascii	"\230b\027\251S\004\207\353\320\236\242\\\257o\203=;"
 1027      530487EB 
 1027      D09EA25C 
 1027      AF6F833D 
 1027      3B
 1028 03e1 57A0D95E 		.ascii	"W\240\331^!\302\2017\352\246U\221N\304;\312D\032A]^"
 1028      21C28137 
 1028      EAA65591 
 1028      4EC43BCA 
 1028      441A415D 
 1029 03f6 C1EEF60A 		.ascii	"\301\356\366\012\340t\347\012N\267\227\302>\304,v\242"
 1029      E074E70A 
 1029      4EB797C2 
 1029      3EC42C76 
 1029      A2
 1030 0407 2ABB3BCE 		.ascii	"*\273;\316\331\227\207\205\2744\222e;\335\361v\227\227"
 1030      D9978785 
 1030      BC349265 
 1030      3BDDF176 
 1030      9797
 1031 0419 2D0C01EC 		.ascii	"-\014\001\354.*8\262ia\244\303-\010\016\314\217\304"
 1031      2E2A38B2 
 1031      6961A4C3 
 1031      2D080ECC 
 1031      8FC4
 1032 042b FC2A67B6 		.ascii	"\374*g\266H\361E\024\234\037b\025\252\225\016`L\340"
 1032      48F14514 
 1032      9C1F6215 
 1032      AA950E60 
 1032      4CE0
 1033 043d F016A7E6 		.ascii	"\360\026\247\346\3168\232\272\265\217\230\366\262c\007"
 1033      CE389ABA 
 1033      B58F98F6 
 1033      B26307
 1034 044c E7C14247 		.ascii	"\347\301BG\034\201O\"\370k\034Yr\240\230\216O\376\324"
 1034      1C814F22 
 1034      F86B1C59 
 1034      72A0988E 
 1034      4FFED4
 1035 045f FB05AE4A 		.ascii	"\373\005\256J6\"\334\201\323\362\347&\323@\246\3409"
 1035      3622DC81 
 1035      D3F2E726 
 1035      D340A6E0 
 1035      39
 1036 0470 C40FA8F9 		.ascii	"\304\017\250\371\375*\011\350\031\252\242T\303P]x\352"
 1036      FD2A09E8 
 1036      19AAA254 
 1036      C3505D78 
ARM GAS  /tmp/ccBOX9kp.s 			page 36


 1036      EA
 1037 0481 CAA81905 		.ascii	"\312\250\031\005U\253f\210\221\027\265\231G\021\020"
 1037      55AB6688 
 1037      9117B599 
 1037      471110
 1038 0490 D78ADB42 		.ascii	"\327\212\333B\0064)\200R\011\340)\312)\240\021R%/n\001"
 1038      06342980 
 1038      5209E029 
 1038      CA29A011 
 1038      52252F6E 
 1039 04a5 19724681 		.ascii	"\031rF\201\330e\310\317~H+nh\031rO\201\334T\361%*\374"
 1039      D865C8CF 
 1039      7E482B6E 
 1039      6819724F 
 1039      81DC54F1 
 1040 04bc E0DD7915 		.ascii	"\340\335y\025Es\0271\311\343\224eZz\275\351W\355\234"
 1040      45731731 
 1040      C9E39465 
 1040      5A7ABDE9 
 1040      57ED9C
 1041 04cf D838F883 		.ascii	"\3308\370\203\345\303\256\303\263;'\237\223WQ\001\373"
 1041      E5C3AEC3 
 1041      B33B279F 
 1041      93575101 
 1041      FB
 1042 04e0 CFCBED76 		.ascii	"\317\313\355v\225V\004\263\203\253\200c\347\341DakO"
 1042      955604B3 
 1042      83AB8063 
 1042      E7E14461 
 1042      6B4F
 1043 04f2 F0CB836B 		.ascii	"\360\313\203k\220\310\007W!G\004\011|\274\306\263yI"
 1043      90C80757 
 1043      21470409 
 1043      7CBCC6B3 
 1043      7949
 1044 0504 31B67CA1 		.ascii	"1\266|\241\341{\251\345B.W.Br9Yl\235\352\243\003\016"
 1044      E17BA9E5 
 1044      422E572E 
 1044      42723959 
 1044      6C9DEAA3 
 1045 051a 3A72E2CE 		.ascii	":r\342\316\327\016\030\306\335P\007\322\236&\217\000"
 1045      D70E18C6 
 1045      DD5007D2 
 1045      9E268F00 
 1046 052a 4E41FC29 		.ascii	"NA\374)\025Qm1\330VFG\353\360/9\315\230d4[\3656K\226"
 1046      15516D31 
 1046      D8564647 
 1046      EBF02F39 
 1046      CD986434 
 1047 0543 69ABCE6C 		.ascii	"i\253\316l\325\245%\246\353\322\215I:\253\315bH\314"
 1047      D5A525A6 
 1047      EBD28D49 
 1047      3AABCD62 
 1047      48CC
 1048 0555 B0EA4C59 		.ascii	"\260\352LY\351\351\312{t2\277f\3757\213W/_E\336\236"
 1048      E9E9CA7B 
 1048      7432BF66 
ARM GAS  /tmp/ccBOX9kp.s 			page 37


 1048      FD378B57 
 1048      2F5F45DE 
 1049 056a E38E4E89 		.ascii	"\343\216N\211II\211\375<9\221h2\254[\3646Uf\226-(\313"
 1049      494989FD 
 1049      3C399168 
 1049      32AC5BF4 
 1049      36556696 
 1050 0581 68B27DA6 		.ascii	"h\262}\246\267\251\021\223\242\265\032w\032\3646\315"
 1050      B7A91193 
 1050      A2B51A77 
 1050      1AF436CD 
 1051 0591 768BD166 		.ascii	"v\213\321f\0107\232\254\266DS\262AoNM\265\032l\363\327"
 1051      08379AAC 
 1051      B64453B2 
 1051      416F4E4D 
 1051      B51A6CF3 
 1052 05a6 235782C4 		.ascii	"#W\202\304\365\355\272M\232,\023\252K\320\245\2313\014"
 1052      F5EDBA4D 
 1052      9A2C13AA 
 1052      4BD0A599 
 1052      330C
 1053 05b8 3A8B3949 		.ascii	":\2139I\267\321b\376\316\220l\263\352V3\251\011\266"
 1053      B7D162FE 
 1053      CE906CB3 
 1053      EA5633A9 
 1053      09B6
 1054 05ca AC14A339 		.ascii	"\254\024\2439\360]\277\"F\267\335l\331j\315LDJ\271\217"
 1054      F05DBF22 
 1054      46B7DD6C 
 1054      D96ACD4C 
 1054      444AB98F 
 1055 05de 844DEB62 		.ascii	"\204M\353bV\350\327l\\\373\245>\325h\311\330\236h1\350"
 1055      56E8D76C 
 1055      5CFBA53E 
 1055      D568C9D8 
 1055      9E6831E8 
 1056 05f2 48EC1B74 		.ascii	"H\354\033t\234FT\3332l!\263\012U\313?%\301\211\226\214"
 1056      9C4654DB 
 1056      326C21B3 
 1056      0A55CB3F 
 1056      25C18996 
 1057 0607 6DAB0CCB 		.ascii	"m\253\014\3132HH\262\331b3\354X\226\261\222h\245\336"
 1057      324848B2 
 1057      D96233EC 
 1057      5896B192 
 1057      68A5DE
 1058 061a AC6F5224 		.ascii	"\254oR$\231h\330\220\254a\314\271!\211u\273\326d\264"
 1058      9968D890 
 1058      AC61CCB9 
 1058      218975BB 
 1058      D664B4
 1059 062d FD07F9FB 		.ascii	"\375\007\371\373\211\262"
 1059      89B2
 1060              		.text
 1061              		.section	.gnu.lto_.symtab.c31bf3e367fcebdb,"e",%progbits
 1062 0000 6E756C6C 		.ascii	"nullObjectInit\000"
 1062      4F626A65 
ARM GAS  /tmp/ccBOX9kp.s 			page 38


 1062      6374496E 
 1062      697400
 1063 000f 00       		.ascii	"\000"
 1064 0010 00       		.ascii	"\000"
 1065 0011 00       		.ascii	"\000"
 1066 0012 00000000 		.ascii	"\000\000\000\000\000\000\000\000"
 1066      00000000 
 1067 001a 09010000 		.ascii	"\011\001\000\000"
 1068              		.text
 1069              		.section	.gnu.lto_.ext_symtab.c31bf3e367fcebdb,"e",%progbits
 1070 0000 01       		.ascii	"\001"
 1071 0001 01       		.ascii	"\001"
 1072 0002 00       		.ascii	"\000"
 1073              		.text
 1074              		.section	.gnu.lto_.opts,"e",%progbits
 1075 0000 272D666E 		.ascii	"'-fno-openmp' '-fno-openacc' '-fno-pie' '-fcf-prote"
 1075      6F2D6F70 
 1075      656E6D70 
 1075      2720272D 
 1075      666E6F2D 
 1076 0033 6374696F 		.ascii	"ction=none' '-g' '-mcpu=cortex-m4' '-mthumb' '-mflo"
 1076      6E3D6E6F 
 1076      6E652720 
 1076      272D6727 
 1076      20272D6D 
 1077 0066 61742D61 		.ascii	"at-abi=soft' '-mlibarch=armv7e-m' '-march=armv7e-m'"
 1077      62693D73 
 1077      6F667427 
 1077      20272D6D 
 1077      6C696261 
 1078 0099 20272D4F 		.ascii	" '-O2' '-fomit-frame-pointer' '-falign-functions=16"
 1078      32272027 
 1078      2D666F6D 
 1078      69742D66 
 1078      72616D65 
 1079 00cc 2720272D 		.ascii	"' '-ffunction-sections' '-fdata-sections' '-fno-com"
 1079      6666756E 
 1079      6374696F 
 1079      6E2D7365 
 1079      6374696F 
 1080 00ff 6D6F6E27 		.ascii	"mon' '-flto' '-Xassembler' '-alms=./build/lst/nulls"
 1080      20272D66 
 1080      6C746F27 
 1080      20272D58 
 1080      61737365 
 1081 0132 74726561 		.ascii	"treams.lst'\000"
 1081      6D732E6C 
 1081      73742700 
 1082              		.text
 1083              		.comm	__gnu_lto_slim,1,1
 1084              		.ident	"GCC: (Arm GNU Toolchain 11.3.Rel1) 11.3.1 20220712"
ARM GAS  /tmp/ccBOX9kp.s 			page 39


DEFINED SYMBOLS
                            *ABS*:0000000000000000 nullstreams.c
     /tmp/ccBOX9kp.s:24     .gnu.debuglto_.debug_info:0000000000000000 nullstreams.c.d3dd59ca
                            *COM*:0000000000000001 __gnu_lto_slim

NO UNDEFINED SYMBOLS
