ARM GAS  /tmp/ccixpI0E.s 			page 1


   1              		.cpu cortex-m4
   2              		.arch armv7e-m
   3              		.fpu softvfp
   4              		.eabi_attribute 20, 1
   5              		.eabi_attribute 21, 1
   6              		.eabi_attribute 23, 3
   7              		.eabi_attribute 24, 1
   8              		.eabi_attribute 25, 1
   9              		.eabi_attribute 26, 1
  10              		.eabi_attribute 30, 2
  11              		.eabi_attribute 34, 1
  12              		.eabi_attribute 18, 4
  13              		.file	"portab.c"
  14              		.file 1 "./cfg/portab.c"
  15              		.section	.gnu.debuglto_.debug_info,"e",%progbits
  16              	.Ldebug_info0:
  17              		.hidden	portab.c.1cd953f7
  18              		.weak	portab.c.1cd953f7
  19              	portab.c.1cd953f7:
  20 0000 23000000 		.4byte	0x23
  21 0004 0500     		.2byte	0x5
  22 0006 01       		.byte	0x1
  23 0007 04       		.byte	0x4
  24 0008 00000000 		.4byte	.Ldebug_abbrev0
  25 000c 01       		.uleb128 0x1
  26 000d 0D000000 		.4byte	.LASF0
  27 0011 1D       		.byte	0x1d
  28 0012 C8000000 		.4byte	.LASF1
  29 0016 D7000000 		.4byte	.LASF2
  30 001a 00000000 		.4byte	.Ldebug_line0
  31 001e 02       		.uleb128 0x2
  32 001f 00000000 		.4byte	.LASF3
  33 0023 01       		.byte	0x1
  34 0024 33       		.byte	0x33
  35 0025 06       		.byte	0x6
  36 0026 00       		.byte	0
  37              		.section	.gnu.debuglto_.debug_abbrev,"e",%progbits
  38              	.Ldebug_abbrev0:
  39 0000 01       		.uleb128 0x1
  40 0001 11       		.uleb128 0x11
  41 0002 01       		.byte	0x1
  42 0003 25       		.uleb128 0x25
  43 0004 0E       		.uleb128 0xe
  44 0005 13       		.uleb128 0x13
  45 0006 0B       		.uleb128 0xb
  46 0007 03       		.uleb128 0x3
  47 0008 0E       		.uleb128 0xe
  48 0009 1B       		.uleb128 0x1b
  49 000a 0E       		.uleb128 0xe
  50 000b 10       		.uleb128 0x10
  51 000c 17       		.uleb128 0x17
  52 000d 00       		.byte	0
  53 000e 00       		.byte	0
  54 000f 02       		.uleb128 0x2
  55 0010 2E       		.uleb128 0x2e
  56 0011 00       		.byte	0
  57 0012 3F       		.uleb128 0x3f
ARM GAS  /tmp/ccixpI0E.s 			page 2


  58 0013 19       		.uleb128 0x19
  59 0014 03       		.uleb128 0x3
  60 0015 0E       		.uleb128 0xe
  61 0016 3A       		.uleb128 0x3a
  62 0017 0B       		.uleb128 0xb
  63 0018 3B       		.uleb128 0x3b
  64 0019 0B       		.uleb128 0xb
  65 001a 39       		.uleb128 0x39
  66 001b 0B       		.uleb128 0xb
  67 001c 27       		.uleb128 0x27
  68 001d 19       		.uleb128 0x19
  69 001e 00       		.byte	0
  70 001f 00       		.byte	0
  71 0020 00       		.byte	0
  72              		.section	.gnu.debuglto_.debug_line,"e",%progbits
  73              	.Ldebug_line0:
  74 0000 36000000 		.4byte	.LELT0-.LSLT0
  75              	.LSLT0:
  76 0004 0500     		.2byte	0x5
  77 0006 04       		.byte	0x4
  78 0007 00       		.byte	0
  79 0008 2E000000 		.4byte	.LELTP0-.LASLTP0
  80              	.LASLTP0:
  81 000c 01       		.byte	0x1
  82 000d 01       		.byte	0x1
  83 000e 01       		.byte	0x1
  84 000f F6       		.byte	0xf6
  85 0010 F2       		.byte	0xf2
  86 0011 0D       		.byte	0xd
  87 0012 00       		.byte	0
  88 0013 01       		.byte	0x1
  89 0014 01       		.byte	0x1
  90 0015 01       		.byte	0x1
  91 0016 01       		.byte	0x1
  92 0017 00       		.byte	0
  93 0018 00       		.byte	0
  94 0019 00       		.byte	0
  95 001a 01       		.byte	0x1
  96 001b 00       		.byte	0
  97 001c 00       		.byte	0
  98 001d 01       		.byte	0x1
  99 001e 01       		.byte	0x1
 100 001f 01       		.uleb128 0x1
 101 0020 1F       		.uleb128 0x1f
 102 0021 02       		.uleb128 0x2
 103 0022 0F000000 		.4byte	.LASF4
 104 0026 6B000000 		.4byte	.LASF5
 105 002a 02       		.byte	0x2
 106 002b 01       		.uleb128 0x1
 107 002c 1F       		.uleb128 0x1f
 108 002d 02       		.uleb128 0x2
 109 002e 0B       		.uleb128 0xb
 110 002f 02       		.uleb128 0x2
 111 0030 00000000 		.4byte	.LASF6
 112 0034 00       		.byte	0
 113 0035 62000000 		.4byte	.LASF7
 114 0039 01       		.byte	0x1
ARM GAS  /tmp/ccixpI0E.s 			page 3


 115              	.LELTP0:
 116              	.LELT0:
 117              		.section	.gnu.debuglto_.debug_str,"eMS",%progbits,1
 118              	.LASF3:
 119 0000 706F7274 		.ascii	"portab_setup\000"
 119      61625F73 
 119      65747570 
 119      00
 120              	.LASF0:
 121 000d 474E5520 		.ascii	"GNU C17 11.3.1 20220712 -mcpu=cortex-m4 -mthumb -mf"
 121      43313720 
 121      31312E33 
 121      2E312032 
 121      30323230 
 122 0040 6C6F6174 		.ascii	"loat-abi=soft -march=armv7e-m -ggdb -O2 -fomit-fram"
 122      2D616269 
 122      3D736F66 
 122      74202D6D 
 122      61726368 
 123 0073 652D706F 		.ascii	"e-pointer -falign-functions=16 -ffunction-sections "
 123      696E7465 
 123      72202D66 
 123      616C6967 
 123      6E2D6675 
 124 00a6 2D666461 		.ascii	"-fdata-sections -fno-common -flto\000"
 124      74612D73 
 124      65637469 
 124      6F6E7320 
 124      2D666E6F 
 125              	.LASF1:
 126 00c8 2E2F6366 		.ascii	"./cfg/portab.c\000"
 126      672F706F 
 126      72746162 
 126      2E6300
 127              	.LASF2:
 128 00d7 2F686F6D 		.ascii	"/home/rob/Projects/ChibiStudio/ChibiStudio_23/works"
 128      652F726F 
 128      622F5072 
 128      6F6A6563 
 128      74732F43 
 129 010a 70616365 		.ascii	"pace_trunk/STM32_GPIB_firmware/\000"
 129      5F747275 
 129      6E6B2F53 
 129      544D3332 
 129      5F475049 
 130              		.section	.gnu.debuglto_.debug_line_str,"eMS",%progbits,1
 131              	.LASF6:
 132 0000 2E2F6366 		.ascii	"./cfg/portab.c\000"
 132      672F706F 
 132      72746162 
 132      2E6300
 133              	.LASF4:
 134 000f 2F686F6D 		.ascii	"/home/rob/Projects/ChibiStudio/ChibiStudio_23/works"
 134      652F726F 
 134      622F5072 
 134      6F6A6563 
 134      74732F43 
ARM GAS  /tmp/ccixpI0E.s 			page 4


 135 0042 70616365 		.ascii	"pace_trunk/STM32_GPIB_firmware/\000"
 135      5F747275 
 135      6E6B2F53 
 135      544D3332 
 135      5F475049 
 136              	.LASF7:
 137 0062 706F7274 		.ascii	"portab.c\000"
 137      61622E63 
 137      00
 138              	.LASF5:
 139 006b 63666700 		.ascii	"cfg\000"
 140              		.text
 141              		.section	.gnu.lto_.profile.1a7b329525f8d8c0,"e",%progbits
 142 0000 789C6362 		.ascii	"x\234cb\000\001\000\000\022\000\003"
 142      00010000 
 142      120003
 143              		.text
 144              		.section	.gnu.lto_.icf.1a7b329525f8d8c0,"e",%progbits
 145 0000 789CE364 		.ascii	"x\234\343d@\000F\2063\223\272z\330\031\030\000\016\322"
 145      40004686 
 145      3393BA7A 
 145      D8191800 
 145      0ED2
 146 0012 0286     		.ascii	"\002\206"
 147              		.text
 148              		.section	.gnu.lto_.ipa_sra.1a7b329525f8d8c0,"e",%progbits
 149 0000 789C6365 		.ascii	"x\234ce@\000F\020\002\000\000m\000\010"
 149      40004610 
 149      0200006D 
 149      0008
 150              		.text
 151              		.section	.gnu.lto_.inline.1a7b329525f8d8c0,"e",%progbits
 152 0000 789C5365 		.ascii	"x\234Se@\000F\006\006\346\006 `Jad`b`h\0042\353\030"
 152      40004606 
 152      06E60620 
 152      604A6164 
 152      60626068 
 153 0018 18D82042 		.ascii	"\030\330 BL ! \000\000\241H\007\202"
 153      4C202120 
 153      0000A148 
 153      0782
 154              		.text
 155              		.section	.gnu.lto_.jmpfuncs.1a7b329525f8d8c0,"e",%progbits
 156 0000 789C6365 		.ascii	"x\234ce@\000F\020\001\000\000k\000\007"
 156      40004610 
 156      0100006B 
 156      0007
 157              		.text
 158              		.section	.gnu.lto_.pureconst.1a7b329525f8d8c0,"e",%progbits
 159 0000 789C6361 		.ascii	"x\234ca```dh`\001\000\0010\000\212"
 159      60606064 
 159      68600100 
 159      0130008A 
 160              		.text
 161              		.section	.gnu.lto_.ipa_modref.1a7b329525f8d8c0,"e",%progbits
 162 0000 789C6362 		.ascii	"x\234cb@\006\000\000*\000\003"
 162      40060000 
ARM GAS  /tmp/ccixpI0E.s 			page 5


 162      2A0003
 163              		.text
 164              		.section	.gnu.lto_.lto.1a7b329525f8d8c0,"e",%progbits
 165 0000 0B000300 		.ascii	"\013\000\003\000\001\000\000\000"
 165      01000000 
 166              		.text
 167              		.section	.gnu.lto_portab_setup.0.1a7b329525f8d8c0,"e",%progbits
 168 0000 789CCB67 		.ascii	"x\234\313g``H\005be fdf`\2344\261\213\211\241\241\241"
 168      60604805 
 168      62652066 
 168      6466609C 
 168      34B18B89 
 169 0017 C1819D89 		.ascii	"\301\201\235\211\261qb\027'\343vF0\217\221\241\236\211"
 169      B1716217 
 169      27E37646 
 169      308F91A1 
 169      9E89
 170 0029 B19E7121 		.ascii	"\261\236q!\263>\220\373\343\350\353\015g\031\033V\034"
 170      B33E90FB 
 170      E3E8EB0D 
 170      67191B56 
 170      1C
 171 003a 607CC5C0 		.ascii	"`|\305\300P\317\000\005\334\0206#\020\257\277\304z\240"
 171      50CF0005 
 171      DC103623 
 171      10AFBFC4 
 171      7AA0
 172 004c E1CFFFFE 		.ascii	"\341\317\377\376\206\206\263\217\031\3372110\314c\006"
 172      8686B38F 
 172      19DF3231 
 172      3130CC63 
 172      06
 173 005d 99DAC0C2 		.ascii	"\231\332\300\302\330p\200\201a>3\023\204\323\010\344"
 173      D8708081 
 173      613E3313 
 173      84D308E4 
 174 006d 7C676A50 		.ascii	"|gjPb\370\317\324\244\0006d\0363#B\035\003C\260~F~n"
 174      62F8CFD4 
 174      A4003664 
 174      1E332342 
 174      1D0343B0 
 175 0085 AA7E517E 		.ascii	"\252~Q~\222~@Q~VjrI\261\276sFfRfpIiJf>2;\336\310X\277"
 175      927E4051 
 175      7E566A72 
 175      49B1BE73 
 175      46665266 
 176 00a5 3CBF28BB 		.ascii	"<\277(\273\270 195\276\244\2504/[?8\304\327\330(\336"
 176      B8203139 
 176      35BEA4A8 
 176      342F5B3F 
 176      38C4D7D8 
 177 00bb 3DC0D329 		.ascii	"=\300\323)>-\263(\267<\261(U\237\201_O?9-]\277 \277"
 177      3E2DB328 
 177      B73CB128 
 177      559F815F 
 177      4F3F392D 
 178 00d3 A8243149 		.ascii	"\250$1I/\231\001\000\213\012O*"
ARM GAS  /tmp/ccixpI0E.s 			page 6


 178      2F990100 
 178      8B0A4F2A 
 179              		.text
 180              		.section	.gnu.lto_.symbol_nodes.1a7b329525f8d8c0,"e",%progbits
 181 0000 789C9362 		.ascii	"x\234\223b\000\002&\206z\206\006 `a\234p\216\001\310"
 181      00022686 
 181      7A860620 
 181      60619C70 
 181      8E01C8
 182 0013 66D8D5D0 		.ascii	"f\330\325\320\310\010\222\000\000[\235\006:"
 182      C8089200 
 182      005B9D06 
 182      3A
 183              		.text
 184              		.section	.gnu.lto_.refs.1a7b329525f8d8c0,"e",%progbits
 185 0000 789C6364 		.ascii	"x\234cd\000\002\000\000\012\000\002"
 185      00020000 
 185      0A0002
 186              		.text
 187              		.section	.gnu.lto_.decls.1a7b329525f8d8c0,"e",%progbits
 188 0000 789C5550 		.ascii	"x\234UPAh\023A\024\235\331\204\0205\330\244\266\240"
 188      41681341 
 188      149DD984 
 188      1035D8A4 
 188      B6A0
 189 0012 6D118FBD 		.ascii	"m\021\217\2754k\032k\360\026\354\241\010*\205\350yI"
 189      346B1A6B 
 189      F016ECA1 
 189      082A85E8 
 189      7949
 190 0024 B61B134B 		.ascii	"\266\033\023K\334\260I\254\027\341o\262\3049\250\354"
 190      DCB049AC 
 190      17E16FB2 
 190      C439A8EC 
 191 0034 F6B4841C 		.ascii	"\366\264\204\034\226EPo9\210\232\252a$K\364$\202\007"
 191      9645506F 
 191      39889AAA 
 191      61244BF4 
 191      248207
 192 0047 117328BD 		.ascii	"\021s(\275\030\244\007\353)7\375\233\"\352\207?\377"
 192      18A407EB 
 192      2937FD9B 
 192      22EA873F 
 192      FF
 193 0058 CDFB6FFE 		.ascii	"\315\373o\376\274\231G\224\220\347\204\220\005\314_"
 193      BC994794 
 193      90E78490 
 193      05CC5F
 194 0067 1802D64F 		.ascii	"\030\002\326O\230H\223\036\346]\372\027\007\205/\037"
 194      9848931E 
 194      E65DFA17 
 194      07852F1F 
 195 0077 1E778503 		.ascii	"\036w\205\003\012\000\014\270\356\205Mw\004\035\200"
 195      0A000CB8 
 195      EE854D77 
 195      041D80
 196 0086 320C4676 		.ascii	"2\014Fv\2539b1\253\216\275\016\2039\033\351Vk\327\024"
ARM GAS  /tmp/ccixpI0E.s 			page 7


 196      AB396231 
 196      AB8EBD0E 
 196      83391BE9 
 196      566BD714 
 197 009a 9C0018C8 		.ascii	"\234\000\030\310A#\002\317\260\324\013\320h\372\373"
 197      412302CF 
 197      B0D40BD0 
 197      68FAFB
 198 00a9 FB279D06 		.ascii	"\373'\235\006L\342#\005\336\204\016\017\271}h\332p\271"
 198      4CE22305 
 198      DE840E0F 
 198      B97D68DA 
 198      70B9
 199 00bb D51ABDF7 		.ascii	"\325\032\275\367\257\200\355\335\366\275)\2471dN\037"
 199      AF80EDDD 
 199      F6BD29A7 
 199      31644E1F 
 200 00cb 4E3938C5 		.ascii	"N98\305\006\203[T\307#:\007\213S\323i?xhx&\325\353\006"
 200      06835B54 
 200      C7233A07 
 200      8B53D369 
 200      3F786878 
 201 00e3 E8AEC1A2 		.ascii	"\350\256\301\242\270\200\005C\0263\353\300\266\035@"
 201      B8800543 
 201      1633EBC0 
 201      B61D40
 202 00f2 871E5898 		.ascii	"\207\036X\230\350\314c\226\313a\032%\246?=\006u\034"
 202      E8CC6396 
 202      CB611A25 
 202      A63F3D06 
 202      751C
 203 0104 E220F8E1 		.ascii	"\342 \370\341\233vyXw}\011\0005]\337\251\207\000\014"
 203      9B767958 
 203      777D0900 
 203      355DDFA9 
 203      87000C
 204 0117 A6738F45 		.ascii	"\246s\217E-\303\300\226\347?p\310t\207#p\374\035@\200"
 204      2DC3C096 
 204      E73F70C8 
 204      74872370 
 204      FC1D4080 
 205 012b F8817A01 		.ascii	"\370\201z\001\227tP\3301\337}\015\375\364\375\3333t"
 205      977450D8 
 205      31DF7D0D 
 205      FDF4FDDB 
 205      3374
 206 013d D64C137A 		.ascii	"\326L\023z6\032\236'\341E\262r\370\334\275y\262C'\207"
 206      361A9E27 
 206      E145B272 
 206      F8DCBD79 
 206      B2432787 
 207 0151 D291D009 		.ascii	"\322\221\320\011*\204fi4(<\035\017\373\201\005l\357"
 207      2A846669 
 207      34283C1D 
 207      0FFB8105 
 207      6CEF
 208 0163 03CC7C27 		.ascii	"\003\314|'o\350k\324\364(9\230\374;\177;\336?\266\330"
ARM GAS  /tmp/ccixpI0E.s 			page 8


 208      6FE86BD4 
 208      F4283998 
 208      FC3B7F3B 
 208      DE3FB6D8 
 209 0177 B661FC79 		.ascii	"\266a\374y\360mon\320\200'(M\367h\227\276\232\314\352"
 209      F06D6F6E 
 209      D0802728 
 209      4DF76897 
 209      BE9ACCEA 
 210 018b 52F292BE 		.ascii	"R\362\222\276\240\351\323$\2208O\216d\265\322\355\224"
 210      A0E9D324 
 210      90384F8E 
 210      64B5D2ED 
 210      94
 211 019c B2542247 		.ascii	"\262T\"GeU\253*w\226J\347H\244\2140\233\223*J\265V>"
 211      6555AB2A 
 211      77964AE7 
 211      48A48C30 
 211      9B932A4A 
 212 01b3 1E17E5FC 		.ascii	"\036\027\345\374\015\361\220\212\313\341\265\253\327"
 212      0DF1908A 
 212      CBE1B5AB 
 212      D7
 213 01c0 CFAC2652 		.ascii	"\317\254&Rd\372\017\023O\310\033\027V\222\371\024\311"
 213      64FA0F13 
 213      4FC81B17 
 213      5692F914 
 213      C9
 214 01d1 8805B5A4 		.ascii	"\210\005\265\244\210\232\232\023\3275\365\246\"W+\342"
 214      889A9A13 
 214      D735F5A6 
 214      22572BE2 
 215 01e1 6AA1982B 		.ascii	"j\241\230+f\252\265\215\242\372/\226\226\223\342\226"
 215      66AAB58D 
 215      A2FA2F96 
 215      9693E296 
 216 01f1 AA6D56CA 		.ascii	"\252mV\312YY\221\252Z\355\326\246\230\271v%\271,\255"
 216      595991AA 
 216      5AEDD6A6 
 216      98B97625 
 216      B92CAD
 217 0204 AD5FBA28 		.ascii	"\255_\272(\345\213Zi+\253)\"\231\372\377z\362\033e'"
 217      E58B5A69 
 217      2BAB2922 
 217      99FAFF7A 
 217      F21B6527 
 218 0218 007F     		.ascii	"\000\177"
 219              		.text
 220              		.section	.gnu.lto_.symtab.1a7b329525f8d8c0,"e",%progbits
 221 0000 706F7274 		.ascii	"portab_setup\000"
 221      61625F73 
 221      65747570 
 221      00
 222 000d 00       		.ascii	"\000"
 223 000e 00       		.ascii	"\000"
 224 000f 00       		.ascii	"\000"
 225 0010 00000000 		.ascii	"\000\000\000\000\000\000\000\000"
ARM GAS  /tmp/ccixpI0E.s 			page 9


 225      00000000 
 226 0018 BE000000 		.ascii	"\276\000\000\000"
 227              		.text
 228              		.section	.gnu.lto_.ext_symtab.1a7b329525f8d8c0,"e",%progbits
 229 0000 01       		.ascii	"\001"
 230 0001 01       		.ascii	"\001"
 231 0002 00       		.ascii	"\000"
 232              		.text
 233              		.section	.gnu.lto_.opts,"e",%progbits
 234 0000 272D666E 		.ascii	"'-fno-openmp' '-fno-openacc' '-fno-pie' '-fcf-prote"
 234      6F2D6F70 
 234      656E6D70 
 234      2720272D 
 234      666E6F2D 
 235 0033 6374696F 		.ascii	"ction=none' '-g' '-mcpu=cortex-m4' '-mthumb' '-mflo"
 235      6E3D6E6F 
 235      6E652720 
 235      272D6727 
 235      20272D6D 
 236 0066 61742D61 		.ascii	"at-abi=soft' '-mlibarch=armv7e-m' '-march=armv7e-m'"
 236      62693D73 
 236      6F667427 
 236      20272D6D 
 236      6C696261 
 237 0099 20272D4F 		.ascii	" '-O2' '-fomit-frame-pointer' '-falign-functions=16"
 237      32272027 
 237      2D666F6D 
 237      69742D66 
 237      72616D65 
 238 00cc 2720272D 		.ascii	"' '-ffunction-sections' '-fdata-sections' '-fno-com"
 238      6666756E 
 238      6374696F 
 238      6E2D7365 
 238      6374696F 
 239 00ff 6D6F6E27 		.ascii	"mon' '-flto' '-Xassembler' '-alms=./build/lst/porta"
 239      20272D66 
 239      6C746F27 
 239      20272D58 
 239      61737365 
 240 0132 622E6C73 		.ascii	"b.lst'\000"
 240      742700
 241              		.text
 242              		.comm	__gnu_lto_slim,1,1
 243              		.ident	"GCC: (Arm GNU Toolchain 11.3.Rel1) 11.3.1 20220712"
ARM GAS  /tmp/ccixpI0E.s 			page 10


DEFINED SYMBOLS
                            *ABS*:0000000000000000 portab.c
     /tmp/ccixpI0E.s:19     .gnu.debuglto_.debug_info:0000000000000000 portab.c.1cd953f7
                            *COM*:0000000000000001 __gnu_lto_slim

NO UNDEFINED SYMBOLS
