ARM GAS  /tmp/ccHtfd41.s 			page 1


   1              		.cpu cortex-m4
   2              		.arch armv7e-m
   3              		.fpu softvfp
   4              		.eabi_attribute 20, 1
   5              		.eabi_attribute 21, 1
   6              		.eabi_attribute 23, 3
   7              		.eabi_attribute 24, 1
   8              		.eabi_attribute 25, 1
   9              		.eabi_attribute 26, 1
  10              		.eabi_attribute 30, 2
  11              		.eabi_attribute 34, 1
  12              		.eabi_attribute 18, 4
  13              		.file	"shell_cmd.c"
  14              		.file 1 "/home/rob/Projects/ChibiStudio/ChibiStudio_23/tools/GNU Tools ARM Embedded/11.3.1 2022q3/
  15              		.file 2 "/home/rob/Projects/ChibiStudio/ChibiStudio_23/tools/GNU Tools ARM Embedded/11.3.1 2022q3/
  16              		.file 3 "/home/rob/Projects/ChibiStudio/ChibiStudio_23/tools/GNU Tools ARM Embedded/11.3.1 2022q3/
  17              		.file 4 "../../chibios_trunk/os/rt/include/chearly.h"
  18              		.file 5 "../../chibios_trunk/os/hal/include/hal_streams.h"
  19              		.file 6 "../../chibios_trunk/os/various/shell/shell.h"
  20              		.file 7 "../../chibios_trunk/os/various/shell/shell_cmd.h"
  21              		.file 8 "../../chibios_trunk/os/various/shell/shell_cmd.c"
  22              		.section	.gnu.debuglto_.debug_info,"e",%progbits
  23              	.Ldebug_info0:
  24              		.hidden	shell_cmd.c.9c375c5f
  25              		.weak	shell_cmd.c.9c375c5f
  26              	shell_cmd.c.9c375c5f:
  27 0000 61020000 		.4byte	0x261
  28 0004 0500     		.2byte	0x5
  29 0006 01       		.byte	0x1
  30 0007 04       		.byte	0x4
  31 0008 00000000 		.4byte	.Ldebug_abbrev0
  32 000c 0B       		.uleb128 0xb
  33 000d A3010000 		.4byte	.LASF26
  34 0011 1D       		.byte	0x1d
  35 0012 76000000 		.4byte	.LASF27
  36 0016 23000000 		.4byte	.LASF28
  37 001a 00000000 		.4byte	.Ldebug_line0
  38 001e 0C       		.uleb128 0xc
  39 001f 04       		.byte	0x4
  40 0020 05       		.byte	0x5
  41 0021 696E7400 		.ascii	"int\000"
  42 0025 04       		.uleb128 0x4
  43 0026 0A000000 		.4byte	.LASF4
  44 002a 01       		.byte	0x1
  45 002b D1       		.byte	0xd1
  46 002c 17       		.byte	0x17
  47 002d 31000000 		.4byte	0x31
  48 0031 01       		.uleb128 0x1
  49 0032 04       		.byte	0x4
  50 0033 07       		.byte	0x7
  51 0034 5A010000 		.4byte	.LASF0
  52 0038 01       		.uleb128 0x1
  53 0039 08       		.byte	0x8
  54 003a 05       		.byte	0x5
  55 003b 82010000 		.4byte	.LASF1
  56 003f 01       		.uleb128 0x1
  57 0040 08       		.byte	0x8
ARM GAS  /tmp/ccHtfd41.s 			page 2


  58 0041 04       		.byte	0x4
  59 0042 5E020000 		.4byte	.LASF2
  60 0046 01       		.uleb128 0x1
  61 0047 01       		.byte	0x1
  62 0048 06       		.byte	0x6
  63 0049 6A020000 		.4byte	.LASF3
  64 004d 04       		.uleb128 0x4
  65 004e 00000000 		.4byte	.LASF5
  66 0052 02       		.byte	0x2
  67 0053 2B       		.byte	0x2b
  68 0054 18       		.byte	0x18
  69 0055 59000000 		.4byte	0x59
  70 0059 01       		.uleb128 0x1
  71 005a 01       		.byte	0x1
  72 005b 08       		.byte	0x8
  73 005c D3000000 		.4byte	.LASF6
  74 0060 01       		.uleb128 0x1
  75 0061 02       		.byte	0x2
  76 0062 05       		.byte	0x5
  77 0063 90010000 		.4byte	.LASF7
  78 0067 01       		.uleb128 0x1
  79 0068 02       		.byte	0x2
  80 0069 07       		.byte	0x7
  81 006a 05010000 		.4byte	.LASF8
  82 006e 04       		.uleb128 0x4
  83 006f 19000000 		.4byte	.LASF9
  84 0073 02       		.byte	0x2
  85 0074 4D       		.byte	0x4d
  86 0075 18       		.byte	0x18
  87 0076 7A000000 		.4byte	0x7a
  88 007a 01       		.uleb128 0x1
  89 007b 04       		.byte	0x4
  90 007c 05       		.byte	0x5
  91 007d 9A010000 		.4byte	.LASF10
  92 0081 01       		.uleb128 0x1
  93 0082 04       		.byte	0x4
  94 0083 07       		.byte	0x7
  95 0084 1E010000 		.4byte	.LASF11
  96 0088 01       		.uleb128 0x1
  97 0089 08       		.byte	0x8
  98 008a 07       		.byte	0x7
  99 008b A7000000 		.4byte	.LASF12
 100 008f 0D       		.uleb128 0xd
 101 0090 04       		.byte	0x4
 102 0091 02       		.uleb128 0x2
 103 0092 96000000 		.4byte	0x96
 104 0096 01       		.uleb128 0x1
 105 0097 01       		.byte	0x1
 106 0098 08       		.byte	0x8
 107 0099 67010000 		.4byte	.LASF13
 108 009d 05       		.uleb128 0x5
 109 009e 96000000 		.4byte	0x96
 110 00a2 02       		.uleb128 0x2
 111 00a3 9D000000 		.4byte	0x9d
 112 00a7 04       		.uleb128 0x4
 113 00a8 6C010000 		.4byte	.LASF14
 114 00ac 03       		.byte	0x3
ARM GAS  /tmp/ccHtfd41.s 			page 3


 115 00ad 18       		.byte	0x18
 116 00ae 13       		.byte	0x13
 117 00af 4D000000 		.4byte	0x4d
 118 00b3 05       		.uleb128 0x5
 119 00b4 A7000000 		.4byte	0xa7
 120 00b8 04       		.uleb128 0x4
 121 00b9 7A010000 		.4byte	.LASF15
 122 00bd 03       		.byte	0x3
 123 00be 2C       		.byte	0x2c
 124 00bf 13       		.byte	0x13
 125 00c0 6E000000 		.4byte	0x6e
 126 00c4 04       		.uleb128 0x4
 127 00c5 74010000 		.4byte	.LASF16
 128 00c9 04       		.byte	0x4
 129 00ca 58       		.byte	0x58
 130 00cb 19       		.byte	0x19
 131 00cc B8000000 		.4byte	0xb8
 132 00d0 02       		.uleb128 0x2
 133 00d1 A7000000 		.4byte	0xa7
 134 00d5 01       		.uleb128 0x1
 135 00d6 01       		.byte	0x1
 136 00d7 02       		.byte	0x2
 137 00d8 76020000 		.4byte	.LASF17
 138 00dc 0E       		.uleb128 0xe
 139 00dd 7C020000 		.4byte	.LASF29
 140 00e1 14       		.byte	0x14
 141 00e2 05       		.byte	0x5
 142 00e3 48       		.byte	0x48
 143 00e4 08       		.byte	0x8
 144 00e5 29010000 		.4byte	0x129
 145 00e9 06       		.uleb128 0x6
 146 00ea 30010000 		.4byte	.LASF18
 147 00ee 05       		.byte	0x5
 148 00ef 49       		.byte	0x49
 149 00f0 03       		.byte	0x3
 150 00f1 25000000 		.4byte	0x25
 151 00f5 00       		.byte	0
 152 00f6 06       		.uleb128 0x6
 153 00f7 18010000 		.4byte	.LASF19
 154 00fb 05       		.byte	0x5
 155 00fc 49       		.byte	0x49
 156 00fd 03       		.byte	0x3
 157 00fe 4C010000 		.4byte	0x14c
 158 0102 04       		.byte	0x4
 159 0103 06       		.uleb128 0x6
 160 0104 40010000 		.4byte	.LASF20
 161 0108 05       		.byte	0x5
 162 0109 49       		.byte	0x49
 163 010a 03       		.byte	0x3
 164 010b 6A010000 		.4byte	0x16a
 165 010f 08       		.byte	0x8
 166 0110 08       		.uleb128 0x8
 167 0111 70757400 		.ascii	"put\000"
 168 0115 49       		.byte	0x49
 169 0116 03       		.byte	0x3
 170 0117 83010000 		.4byte	0x183
 171 011b 0C       		.byte	0xc
ARM GAS  /tmp/ccHtfd41.s 			page 4


 172 011c 08       		.uleb128 0x8
 173 011d 67657400 		.ascii	"get\000"
 174 0121 49       		.byte	0x49
 175 0122 03       		.byte	0x3
 176 0123 97010000 		.4byte	0x197
 177 0127 10       		.byte	0x10
 178 0128 00       		.byte	0
 179 0129 05       		.uleb128 0x5
 180 012a DC000000 		.4byte	0xdc
 181 012e 07       		.uleb128 0x7
 182 012f 25000000 		.4byte	0x25
 183 0133 47010000 		.4byte	0x147
 184 0137 03       		.uleb128 0x3
 185 0138 8F000000 		.4byte	0x8f
 186 013c 03       		.uleb128 0x3
 187 013d 47010000 		.4byte	0x147
 188 0141 03       		.uleb128 0x3
 189 0142 25000000 		.4byte	0x25
 190 0146 00       		.byte	0
 191 0147 02       		.uleb128 0x2
 192 0148 B3000000 		.4byte	0xb3
 193 014c 02       		.uleb128 0x2
 194 014d 2E010000 		.4byte	0x12e
 195 0151 07       		.uleb128 0x7
 196 0152 25000000 		.4byte	0x25
 197 0156 6A010000 		.4byte	0x16a
 198 015a 03       		.uleb128 0x3
 199 015b 8F000000 		.4byte	0x8f
 200 015f 03       		.uleb128 0x3
 201 0160 D0000000 		.4byte	0xd0
 202 0164 03       		.uleb128 0x3
 203 0165 25000000 		.4byte	0x25
 204 0169 00       		.byte	0
 205 016a 02       		.uleb128 0x2
 206 016b 51010000 		.4byte	0x151
 207 016f 07       		.uleb128 0x7
 208 0170 C4000000 		.4byte	0xc4
 209 0174 83010000 		.4byte	0x183
 210 0178 03       		.uleb128 0x3
 211 0179 8F000000 		.4byte	0x8f
 212 017d 03       		.uleb128 0x3
 213 017e A7000000 		.4byte	0xa7
 214 0182 00       		.byte	0
 215 0183 02       		.uleb128 0x2
 216 0184 6F010000 		.4byte	0x16f
 217 0188 07       		.uleb128 0x7
 218 0189 C4000000 		.4byte	0xc4
 219 018d 97010000 		.4byte	0x197
 220 0191 03       		.uleb128 0x3
 221 0192 8F000000 		.4byte	0x8f
 222 0196 00       		.byte	0
 223 0197 02       		.uleb128 0x2
 224 0198 88010000 		.4byte	0x188
 225 019c 09       		.uleb128 0x9
 226 019d 04       		.byte	0x4
 227 019e 05       		.byte	0x5
 228 019f 53       		.byte	0x53
ARM GAS  /tmp/ccHtfd41.s 			page 5


 229 01a0 B1010000 		.4byte	0x1b1
 230 01a4 08       		.uleb128 0x8
 231 01a5 766D7400 		.ascii	"vmt\000"
 232 01a9 55       		.byte	0x55
 233 01aa 29       		.byte	0x29
 234 01ab B1010000 		.4byte	0x1b1
 235 01af 00       		.byte	0
 236 01b0 00       		.byte	0
 237 01b1 02       		.uleb128 0x2
 238 01b2 29010000 		.4byte	0x129
 239 01b6 04       		.uleb128 0x4
 240 01b7 BE000000 		.4byte	.LASF21
 241 01bb 05       		.byte	0x5
 242 01bc 57       		.byte	0x57
 243 01bd 03       		.byte	0x3
 244 01be 9C010000 		.4byte	0x19c
 245 01c2 04       		.uleb128 0x4
 246 01c3 EE000000 		.4byte	.LASF22
 247 01c7 06       		.byte	0x6
 248 01c8 7F       		.byte	0x7f
 249 01c9 10       		.byte	0x10
 250 01ca CE010000 		.4byte	0x1ce
 251 01ce 02       		.uleb128 0x2
 252 01cf D3010000 		.4byte	0x1d3
 253 01d3 0F       		.uleb128 0xf
 254 01d4 E8010000 		.4byte	0x1e8
 255 01d8 03       		.uleb128 0x3
 256 01d9 E8010000 		.4byte	0x1e8
 257 01dd 03       		.uleb128 0x3
 258 01de 1E000000 		.4byte	0x1e
 259 01e2 03       		.uleb128 0x3
 260 01e3 ED010000 		.4byte	0x1ed
 261 01e7 00       		.byte	0
 262 01e8 02       		.uleb128 0x2
 263 01e9 B6010000 		.4byte	0x1b6
 264 01ed 02       		.uleb128 0x2
 265 01ee 91000000 		.4byte	0x91
 266 01f2 09       		.uleb128 0x9
 267 01f3 08       		.byte	0x8
 268 01f4 06       		.byte	0x6
 269 01f5 84       		.byte	0x84
 270 01f6 15020000 		.4byte	0x215
 271 01fa 06       		.uleb128 0x6
 272 01fb 11000000 		.4byte	.LASF23
 273 01ff 06       		.byte	0x6
 274 0200 85       		.byte	0x85
 275 0201 1A       		.byte	0x1a
 276 0202 A2000000 		.4byte	0xa2
 277 0206 00       		.byte	0
 278 0207 06       		.uleb128 0x6
 279 0208 F9000000 		.4byte	.LASF24
 280 020c 06       		.byte	0x6
 281 020d 86       		.byte	0x86
 282 020e 19       		.byte	0x19
 283 020f C2010000 		.4byte	0x1c2
 284 0213 04       		.byte	0x4
 285 0214 00       		.byte	0
ARM GAS  /tmp/ccHtfd41.s 			page 6


 286 0215 04       		.uleb128 0x4
 287 0216 E1000000 		.4byte	.LASF25
 288 021a 06       		.byte	0x6
 289 021b 87       		.byte	0x87
 290 021c 03       		.byte	0x3
 291 021d F2010000 		.4byte	0x1f2
 292 0221 05       		.uleb128 0x5
 293 0222 15020000 		.4byte	0x215
 294 0226 0A       		.uleb128 0xa
 295 0227 21020000 		.4byte	0x221
 296 022b 31020000 		.4byte	0x231
 297 022f 10       		.uleb128 0x10
 298 0230 00       		.byte	0
 299 0231 05       		.uleb128 0x5
 300 0232 26020000 		.4byte	0x226
 301 0236 11       		.uleb128 0x11
 302 0237 45010000 		.4byte	.LASF30
 303 023b 07       		.byte	0x7
 304 023c 69       		.byte	0x69
 305 023d 1B       		.byte	0x1b
 306 023e 31020000 		.4byte	0x231
 307 0242 0A       		.uleb128 0xa
 308 0243 21020000 		.4byte	0x221
 309 0247 52020000 		.4byte	0x252
 310 024b 12       		.uleb128 0x12
 311 024c 31000000 		.4byte	0x31
 312 0250 00       		.byte	0
 313 0251 00       		.byte	0
 314 0252 05       		.uleb128 0x5
 315 0253 42020000 		.4byte	0x242
 316 0257 13       		.uleb128 0x13
 317 0258 36020000 		.4byte	0x236
 318 025c 08       		.byte	0x8
 319 025d 0002     		.2byte	0x200
 320 025f 14       		.byte	0x14
 321 0260 52020000 		.4byte	0x252
 322 0264 00       		.byte	0
 323              		.section	.gnu.debuglto_.debug_abbrev,"e",%progbits
 324              	.Ldebug_abbrev0:
 325 0000 01       		.uleb128 0x1
 326 0001 24       		.uleb128 0x24
 327 0002 00       		.byte	0
 328 0003 0B       		.uleb128 0xb
 329 0004 0B       		.uleb128 0xb
 330 0005 3E       		.uleb128 0x3e
 331 0006 0B       		.uleb128 0xb
 332 0007 03       		.uleb128 0x3
 333 0008 0E       		.uleb128 0xe
 334 0009 00       		.byte	0
 335 000a 00       		.byte	0
 336 000b 02       		.uleb128 0x2
 337 000c 0F       		.uleb128 0xf
 338 000d 00       		.byte	0
 339 000e 0B       		.uleb128 0xb
 340 000f 21       		.uleb128 0x21
 341 0010 04       		.sleb128 4
 342 0011 49       		.uleb128 0x49
ARM GAS  /tmp/ccHtfd41.s 			page 7


 343 0012 13       		.uleb128 0x13
 344 0013 00       		.byte	0
 345 0014 00       		.byte	0
 346 0015 03       		.uleb128 0x3
 347 0016 05       		.uleb128 0x5
 348 0017 00       		.byte	0
 349 0018 49       		.uleb128 0x49
 350 0019 13       		.uleb128 0x13
 351 001a 00       		.byte	0
 352 001b 00       		.byte	0
 353 001c 04       		.uleb128 0x4
 354 001d 16       		.uleb128 0x16
 355 001e 00       		.byte	0
 356 001f 03       		.uleb128 0x3
 357 0020 0E       		.uleb128 0xe
 358 0021 3A       		.uleb128 0x3a
 359 0022 0B       		.uleb128 0xb
 360 0023 3B       		.uleb128 0x3b
 361 0024 0B       		.uleb128 0xb
 362 0025 39       		.uleb128 0x39
 363 0026 0B       		.uleb128 0xb
 364 0027 49       		.uleb128 0x49
 365 0028 13       		.uleb128 0x13
 366 0029 00       		.byte	0
 367 002a 00       		.byte	0
 368 002b 05       		.uleb128 0x5
 369 002c 26       		.uleb128 0x26
 370 002d 00       		.byte	0
 371 002e 49       		.uleb128 0x49
 372 002f 13       		.uleb128 0x13
 373 0030 00       		.byte	0
 374 0031 00       		.byte	0
 375 0032 06       		.uleb128 0x6
 376 0033 0D       		.uleb128 0xd
 377 0034 00       		.byte	0
 378 0035 03       		.uleb128 0x3
 379 0036 0E       		.uleb128 0xe
 380 0037 3A       		.uleb128 0x3a
 381 0038 0B       		.uleb128 0xb
 382 0039 3B       		.uleb128 0x3b
 383 003a 0B       		.uleb128 0xb
 384 003b 39       		.uleb128 0x39
 385 003c 0B       		.uleb128 0xb
 386 003d 49       		.uleb128 0x49
 387 003e 13       		.uleb128 0x13
 388 003f 38       		.uleb128 0x38
 389 0040 0B       		.uleb128 0xb
 390 0041 00       		.byte	0
 391 0042 00       		.byte	0
 392 0043 07       		.uleb128 0x7
 393 0044 15       		.uleb128 0x15
 394 0045 01       		.byte	0x1
 395 0046 27       		.uleb128 0x27
 396 0047 19       		.uleb128 0x19
 397 0048 49       		.uleb128 0x49
 398 0049 13       		.uleb128 0x13
 399 004a 01       		.uleb128 0x1
ARM GAS  /tmp/ccHtfd41.s 			page 8


 400 004b 13       		.uleb128 0x13
 401 004c 00       		.byte	0
 402 004d 00       		.byte	0
 403 004e 08       		.uleb128 0x8
 404 004f 0D       		.uleb128 0xd
 405 0050 00       		.byte	0
 406 0051 03       		.uleb128 0x3
 407 0052 08       		.uleb128 0x8
 408 0053 3A       		.uleb128 0x3a
 409 0054 21       		.uleb128 0x21
 410 0055 05       		.sleb128 5
 411 0056 3B       		.uleb128 0x3b
 412 0057 0B       		.uleb128 0xb
 413 0058 39       		.uleb128 0x39
 414 0059 0B       		.uleb128 0xb
 415 005a 49       		.uleb128 0x49
 416 005b 13       		.uleb128 0x13
 417 005c 38       		.uleb128 0x38
 418 005d 0B       		.uleb128 0xb
 419 005e 00       		.byte	0
 420 005f 00       		.byte	0
 421 0060 09       		.uleb128 0x9
 422 0061 13       		.uleb128 0x13
 423 0062 01       		.byte	0x1
 424 0063 0B       		.uleb128 0xb
 425 0064 0B       		.uleb128 0xb
 426 0065 3A       		.uleb128 0x3a
 427 0066 0B       		.uleb128 0xb
 428 0067 3B       		.uleb128 0x3b
 429 0068 0B       		.uleb128 0xb
 430 0069 39       		.uleb128 0x39
 431 006a 21       		.uleb128 0x21
 432 006b 09       		.sleb128 9
 433 006c 01       		.uleb128 0x1
 434 006d 13       		.uleb128 0x13
 435 006e 00       		.byte	0
 436 006f 00       		.byte	0
 437 0070 0A       		.uleb128 0xa
 438 0071 01       		.uleb128 0x1
 439 0072 01       		.byte	0x1
 440 0073 49       		.uleb128 0x49
 441 0074 13       		.uleb128 0x13
 442 0075 01       		.uleb128 0x1
 443 0076 13       		.uleb128 0x13
 444 0077 00       		.byte	0
 445 0078 00       		.byte	0
 446 0079 0B       		.uleb128 0xb
 447 007a 11       		.uleb128 0x11
 448 007b 01       		.byte	0x1
 449 007c 25       		.uleb128 0x25
 450 007d 0E       		.uleb128 0xe
 451 007e 13       		.uleb128 0x13
 452 007f 0B       		.uleb128 0xb
 453 0080 03       		.uleb128 0x3
 454 0081 0E       		.uleb128 0xe
 455 0082 1B       		.uleb128 0x1b
 456 0083 0E       		.uleb128 0xe
ARM GAS  /tmp/ccHtfd41.s 			page 9


 457 0084 10       		.uleb128 0x10
 458 0085 17       		.uleb128 0x17
 459 0086 00       		.byte	0
 460 0087 00       		.byte	0
 461 0088 0C       		.uleb128 0xc
 462 0089 24       		.uleb128 0x24
 463 008a 00       		.byte	0
 464 008b 0B       		.uleb128 0xb
 465 008c 0B       		.uleb128 0xb
 466 008d 3E       		.uleb128 0x3e
 467 008e 0B       		.uleb128 0xb
 468 008f 03       		.uleb128 0x3
 469 0090 08       		.uleb128 0x8
 470 0091 00       		.byte	0
 471 0092 00       		.byte	0
 472 0093 0D       		.uleb128 0xd
 473 0094 0F       		.uleb128 0xf
 474 0095 00       		.byte	0
 475 0096 0B       		.uleb128 0xb
 476 0097 0B       		.uleb128 0xb
 477 0098 00       		.byte	0
 478 0099 00       		.byte	0
 479 009a 0E       		.uleb128 0xe
 480 009b 13       		.uleb128 0x13
 481 009c 01       		.byte	0x1
 482 009d 03       		.uleb128 0x3
 483 009e 0E       		.uleb128 0xe
 484 009f 0B       		.uleb128 0xb
 485 00a0 0B       		.uleb128 0xb
 486 00a1 3A       		.uleb128 0x3a
 487 00a2 0B       		.uleb128 0xb
 488 00a3 3B       		.uleb128 0x3b
 489 00a4 0B       		.uleb128 0xb
 490 00a5 39       		.uleb128 0x39
 491 00a6 0B       		.uleb128 0xb
 492 00a7 01       		.uleb128 0x1
 493 00a8 13       		.uleb128 0x13
 494 00a9 00       		.byte	0
 495 00aa 00       		.byte	0
 496 00ab 0F       		.uleb128 0xf
 497 00ac 15       		.uleb128 0x15
 498 00ad 01       		.byte	0x1
 499 00ae 27       		.uleb128 0x27
 500 00af 19       		.uleb128 0x19
 501 00b0 01       		.uleb128 0x1
 502 00b1 13       		.uleb128 0x13
 503 00b2 00       		.byte	0
 504 00b3 00       		.byte	0
 505 00b4 10       		.uleb128 0x10
 506 00b5 21       		.uleb128 0x21
 507 00b6 00       		.byte	0
 508 00b7 00       		.byte	0
 509 00b8 00       		.byte	0
 510 00b9 11       		.uleb128 0x11
 511 00ba 34       		.uleb128 0x34
 512 00bb 00       		.byte	0
 513 00bc 03       		.uleb128 0x3
ARM GAS  /tmp/ccHtfd41.s 			page 10


 514 00bd 0E       		.uleb128 0xe
 515 00be 3A       		.uleb128 0x3a
 516 00bf 0B       		.uleb128 0xb
 517 00c0 3B       		.uleb128 0x3b
 518 00c1 0B       		.uleb128 0xb
 519 00c2 39       		.uleb128 0x39
 520 00c3 0B       		.uleb128 0xb
 521 00c4 49       		.uleb128 0x49
 522 00c5 13       		.uleb128 0x13
 523 00c6 3F       		.uleb128 0x3f
 524 00c7 19       		.uleb128 0x19
 525 00c8 3C       		.uleb128 0x3c
 526 00c9 19       		.uleb128 0x19
 527 00ca 00       		.byte	0
 528 00cb 00       		.byte	0
 529 00cc 12       		.uleb128 0x12
 530 00cd 21       		.uleb128 0x21
 531 00ce 00       		.byte	0
 532 00cf 49       		.uleb128 0x49
 533 00d0 13       		.uleb128 0x13
 534 00d1 2F       		.uleb128 0x2f
 535 00d2 0B       		.uleb128 0xb
 536 00d3 00       		.byte	0
 537 00d4 00       		.byte	0
 538 00d5 13       		.uleb128 0x13
 539 00d6 34       		.uleb128 0x34
 540 00d7 00       		.byte	0
 541 00d8 47       		.uleb128 0x47
 542 00d9 13       		.uleb128 0x13
 543 00da 3A       		.uleb128 0x3a
 544 00db 0B       		.uleb128 0xb
 545 00dc 3B       		.uleb128 0x3b
 546 00dd 05       		.uleb128 0x5
 547 00de 39       		.uleb128 0x39
 548 00df 0B       		.uleb128 0xb
 549 00e0 49       		.uleb128 0x49
 550 00e1 13       		.uleb128 0x13
 551 00e2 00       		.byte	0
 552 00e3 00       		.byte	0
 553 00e4 00       		.byte	0
 554              		.section	.gnu.debuglto_.debug_line,"e",%progbits
 555              	.Ldebug_line0:
 556 0000 6D000000 		.4byte	.LELT0-.LSLT0
 557              	.LSLT0:
 558 0004 0500     		.2byte	0x5
 559 0006 04       		.byte	0x4
 560 0007 00       		.byte	0
 561 0008 65000000 		.4byte	.LELTP0-.LASLTP0
 562              	.LASLTP0:
 563 000c 01       		.byte	0x1
 564 000d 01       		.byte	0x1
 565 000e 01       		.byte	0x1
 566 000f F6       		.byte	0xf6
 567 0010 F2       		.byte	0xf2
 568 0011 0D       		.byte	0xd
 569 0012 00       		.byte	0
 570 0013 01       		.byte	0x1
ARM GAS  /tmp/ccHtfd41.s 			page 11


 571 0014 01       		.byte	0x1
 572 0015 01       		.byte	0x1
 573 0016 01       		.byte	0x1
 574 0017 00       		.byte	0
 575 0018 00       		.byte	0
 576 0019 00       		.byte	0
 577 001a 01       		.byte	0x1
 578 001b 00       		.byte	0
 579 001c 00       		.byte	0
 580 001d 01       		.byte	0x1
 581 001e 01       		.byte	0x1
 582 001f 01       		.uleb128 0x1
 583 0020 1F       		.uleb128 0x1f
 584 0021 07       		.uleb128 0x7
 585 0022 57020000 		.4byte	.LASF31
 586 0026 83010000 		.4byte	.LASF32
 587 002a 0A000000 		.4byte	.LASF33
 588 002e 36000000 		.4byte	.LASF34
 589 0032 E0010000 		.4byte	.LASF35
 590 0036 10010000 		.4byte	.LASF36
 591 003a 5B000000 		.4byte	.LASF37
 592 003e 02       		.byte	0x2
 593 003f 01       		.uleb128 0x1
 594 0040 1F       		.uleb128 0x1f
 595 0041 02       		.uleb128 0x2
 596 0042 0B       		.uleb128 0xb
 597 0043 09       		.uleb128 0x9
 598 0044 A6010000 		.4byte	.LASF38
 599 0048 00       		.byte	0
 600 0049 D7010000 		.4byte	.LASF39
 601 004d 06       		.byte	0x6
 602 004e E5000000 		.4byte	.LASF40
 603 0052 04       		.byte	0x4
 604 0053 00000000 		.4byte	.LASF41
 605 0057 05       		.byte	0x5
 606 0058 2C000000 		.4byte	.LASF42
 607 005c 02       		.byte	0x2
 608 005d F6000000 		.4byte	.LASF43
 609 0061 01       		.byte	0x1
 610 0062 AA020000 		.4byte	.LASF44
 611 0066 03       		.byte	0x3
 612 0067 04010000 		.4byte	.LASF45
 613 006b 03       		.byte	0x3
 614 006c D9000000 		.4byte	.LASF46
 615 0070 03       		.byte	0x3
 616              	.LELTP0:
 617              	.LELT0:
 618              		.section	.gnu.debuglto_.debug_str,"eMS",%progbits,1
 619              	.LASF5:
 620 0000 5F5F7569 		.ascii	"__uint8_t\000"
 620      6E74385F 
 620      7400
 621              	.LASF4:
 622 000a 73697A65 		.ascii	"size_t\000"
 622      5F7400
 623              	.LASF23:
 624 0011 73635F6E 		.ascii	"sc_name\000"
ARM GAS  /tmp/ccHtfd41.s 			page 12


 624      616D6500 
 625              	.LASF9:
 626 0019 5F5F696E 		.ascii	"__int32_t\000"
 626      7433325F 
 626      7400
 627              	.LASF28:
 628 0023 2F686F6D 		.ascii	"/home/rob/Projects/ChibiStudio/ChibiStudio_23/works"
 628      652F726F 
 628      622F5072 
 628      6F6A6563 
 628      74732F43 
 629 0056 70616365 		.ascii	"pace_trunk/STM32_GPIB_firmware/\000"
 629      5F747275 
 629      6E6B2F53 
 629      544D3332 
 629      5F475049 
 630              	.LASF27:
 631 0076 2E2E2F2E 		.ascii	"../../chibios_trunk/os/various/shell/shell_cmd.c\000"
 631      2E2F6368 
 631      6962696F 
 631      735F7472 
 631      756E6B2F 
 632              	.LASF12:
 633 00a7 6C6F6E67 		.ascii	"long long unsigned int\000"
 633      206C6F6E 
 633      6720756E 
 633      7369676E 
 633      65642069 
 634              	.LASF21:
 635 00be 42617365 		.ascii	"BaseSequentialStream\000"
 635      53657175 
 635      656E7469 
 635      616C5374 
 635      7265616D 
 636              	.LASF6:
 637 00d3 756E7369 		.ascii	"unsigned char\000"
 637      676E6564 
 637      20636861 
 637      7200
 638              	.LASF25:
 639 00e1 5368656C 		.ascii	"ShellCommand\000"
 639      6C436F6D 
 639      6D616E64 
 639      00
 640              	.LASF22:
 641 00ee 7368656C 		.ascii	"shellcmd_t\000"
 641      6C636D64 
 641      5F7400
 642              	.LASF24:
 643 00f9 73635F66 		.ascii	"sc_function\000"
 643      756E6374 
 643      696F6E00 
 644              	.LASF8:
 645 0105 73686F72 		.ascii	"short unsigned int\000"
 645      7420756E 
 645      7369676E 
 645      65642069 
ARM GAS  /tmp/ccHtfd41.s 			page 13


 645      6E7400
 646              	.LASF19:
 647 0118 77726974 		.ascii	"write\000"
 647      6500
 648              	.LASF11:
 649 011e 6C6F6E67 		.ascii	"long unsigned int\000"
 649      20756E73 
 649      69676E65 
 649      6420696E 
 649      7400
 650              	.LASF18:
 651 0130 696E7374 		.ascii	"instance_offset\000"
 651      616E6365 
 651      5F6F6666 
 651      73657400 
 652              	.LASF20:
 653 0140 72656164 		.ascii	"read\000"
 653      00
 654              	.LASF30:
 655 0145 7368656C 		.ascii	"shell_local_commands\000"
 655      6C5F6C6F 
 655      63616C5F 
 655      636F6D6D 
 655      616E6473 
 656              	.LASF0:
 657 015a 756E7369 		.ascii	"unsigned int\000"
 657      676E6564 
 657      20696E74 
 657      00
 658              	.LASF13:
 659 0167 63686172 		.ascii	"char\000"
 659      00
 660              	.LASF14:
 661 016c 75696E74 		.ascii	"uint8_t\000"
 661      385F7400 
 662              	.LASF16:
 663 0174 6D73675F 		.ascii	"msg_t\000"
 663      7400
 664              	.LASF15:
 665 017a 696E7433 		.ascii	"int32_t\000"
 665      325F7400 
 666              	.LASF1:
 667 0182 6C6F6E67 		.ascii	"long long int\000"
 667      206C6F6E 
 667      6720696E 
 667      7400
 668              	.LASF7:
 669 0190 73686F72 		.ascii	"short int\000"
 669      7420696E 
 669      7400
 670              	.LASF10:
 671 019a 6C6F6E67 		.ascii	"long int\000"
 671      20696E74 
 671      00
 672              	.LASF26:
 673 01a3 474E5520 		.ascii	"GNU C17 11.3.1 20220712 -mcpu=cortex-m4 -mthumb -mf"
 673      43313720 
ARM GAS  /tmp/ccHtfd41.s 			page 14


 673      31312E33 
 673      2E312032 
 673      30323230 
 674 01d6 6C6F6174 		.ascii	"loat-abi=soft -march=armv7e-m -ggdb -O2 -fomit-fram"
 674      2D616269 
 674      3D736F66 
 674      74202D6D 
 674      61726368 
 675 0209 652D706F 		.ascii	"e-pointer -falign-functions=16 -ffunction-sections "
 675      696E7465 
 675      72202D66 
 675      616C6967 
 675      6E2D6675 
 676 023c 2D666461 		.ascii	"-fdata-sections -fno-common -flto\000"
 676      74612D73 
 676      65637469 
 676      6F6E7320 
 676      2D666E6F 
 677              	.LASF2:
 678 025e 6C6F6E67 		.ascii	"long double\000"
 678      20646F75 
 678      626C6500 
 679              	.LASF3:
 680 026a 7369676E 		.ascii	"signed char\000"
 680      65642063 
 680      68617200 
 681              	.LASF17:
 682 0276 5F426F6F 		.ascii	"_Bool\000"
 682      6C00
 683              	.LASF29:
 684 027c 42617365 		.ascii	"BaseSequentialStreamVMT\000"
 684      53657175 
 684      656E7469 
 684      616C5374 
 684      7265616D 
 685              		.section	.gnu.debuglto_.debug_line_str,"eMS",%progbits,1
 686              	.LASF41:
 687 0000 5F737464 		.ascii	"_stdint.h\000"
 687      696E742E 
 687      6800
 688              	.LASF33:
 689 000a 2E2E2F2E 		.ascii	"../../chibios_trunk/os/rt/include\000"
 689      2E2F6368 
 689      6962696F 
 689      735F7472 
 689      756E6B2F 
 690              	.LASF42:
 691 002c 63686561 		.ascii	"chearly.h\000"
 691      726C792E 
 691      6800
 692              	.LASF34:
 693 0036 2E2E2F2E 		.ascii	"../../chibios_trunk/os/various/shell\000"
 693      2E2F6368 
 693      6962696F 
 693      735F7472 
 693      756E6B2F 
 694              	.LASF37:
ARM GAS  /tmp/ccHtfd41.s 			page 15


 695 005b 2F686F6D 		.ascii	"/home/rob/Projects/ChibiStudio/ChibiStudio_23/tools"
 695      652F726F 
 695      622F5072 
 695      6F6A6563 
 695      74732F43 
 696 008e 2F474E55 		.ascii	"/GNU Tools ARM Embedded/11.3.1 2022q3/lib/gcc/arm-n"
 696      20546F6F 
 696      6C732041 
 696      524D2045 
 696      6D626564 
 697 00c1 6F6E652D 		.ascii	"one-eabi/11.3.1/include\000"
 697      65616269 
 697      2F31312E 
 697      332E312F 
 697      696E636C 
 698              	.LASF46:
 699 00d9 7368656C 		.ascii	"shell_cmd.c\000"
 699      6C5F636D 
 699      642E6300 
 700              	.LASF40:
 701 00e5 5F646566 		.ascii	"_default_types.h\000"
 701      61756C74 
 701      5F747970 
 701      65732E68 
 701      00
 702              	.LASF43:
 703 00f6 68616C5F 		.ascii	"hal_streams.h\000"
 703      73747265 
 703      616D732E 
 703      6800
 704              	.LASF45:
 705 0104 7368656C 		.ascii	"shell_cmd.h\000"
 705      6C5F636D 
 705      642E6800 
 706              	.LASF36:
 707 0110 2F686F6D 		.ascii	"/home/rob/Projects/ChibiStudio/ChibiStudio_23/tools"
 707      652F726F 
 707      622F5072 
 707      6F6A6563 
 707      74732F43 
 708 0143 2F474E55 		.ascii	"/GNU Tools ARM Embedded/11.3.1 2022q3/arm-none-eabi"
 708      20546F6F 
 708      6C732041 
 708      524D2045 
 708      6D626564 
 709 0176 2F696E63 		.ascii	"/include/sys\000"
 709      6C756465 
 709      2F737973 
 709      00
 710              	.LASF32:
 711 0183 2E2E2F2E 		.ascii	"../../chibios_trunk/os/hal/include\000"
 711      2E2F6368 
 711      6962696F 
 711      735F7472 
 711      756E6B2F 
 712              	.LASF38:
 713 01a6 2E2E2F2E 		.ascii	"../../chibios_trunk/os/various/shell/shell_cmd.c\000"
ARM GAS  /tmp/ccHtfd41.s 			page 16


 713      2E2F6368 
 713      6962696F 
 713      735F7472 
 713      756E6B2F 
 714              	.LASF39:
 715 01d7 73746464 		.ascii	"stddef.h\000"
 715      65662E68 
 715      00
 716              	.LASF35:
 717 01e0 2F686F6D 		.ascii	"/home/rob/Projects/ChibiStudio/ChibiStudio_23/tools"
 717      652F726F 
 717      622F5072 
 717      6F6A6563 
 717      74732F43 
 718 0213 2F474E55 		.ascii	"/GNU Tools ARM Embedded/11.3.1 2022q3/arm-none-eabi"
 718      20546F6F 
 718      6C732041 
 718      524D2045 
 718      6D626564 
 719 0246 2F696E63 		.ascii	"/include/machine\000"
 719      6C756465 
 719      2F6D6163 
 719      68696E65 
 719      00
 720              	.LASF31:
 721 0257 2F686F6D 		.ascii	"/home/rob/Projects/ChibiStudio/ChibiStudio_23/works"
 721      652F726F 
 721      622F5072 
 721      6F6A6563 
 721      74732F43 
 722 028a 70616365 		.ascii	"pace_trunk/STM32_GPIB_firmware/\000"
 722      5F747275 
 722      6E6B2F53 
 722      544D3332 
 722      5F475049 
 723              	.LASF44:
 724 02aa 7368656C 		.ascii	"shell.h\000"
 724      6C2E6800 
 725              		.text
 726              		.section	.gnu.lto_.profile.bbf0b2137edf63a1,"e",%progbits
 727 0000 789C6362 		.ascii	"x\234cb\000\001\000\000\022\000\003"
 727      00010000 
 727      120003
 728              		.text
 729              		.section	.gnu.lto_.icf.bbf0b2137edf63a1,"e",%progbits
 730 0000 789CE360 		.ascii	"x\234\343`@\000F\206\326i\035oX\031\000\013\266\002"
 730      40004686 
 730      D6691D6F 
 730      5819000B 
 730      B602
 731 0012 9E       		.ascii	"\236"
 732              		.text
 733              		.section	.gnu.lto_.ipa_sra.bbf0b2137edf63a1,"e",%progbits
 734 0000 789C6362 		.ascii	"x\234cb@\006\000\000*\000\003"
 734      40060000 
 734      2A0003
 735              		.text
ARM GAS  /tmp/ccHtfd41.s 			page 17


 736              		.section	.gnu.lto_.inline.bbf0b2137edf63a1,"e",%progbits
 737 0000 789C6362 		.ascii	"x\234cb@\006\000\000*\000\003"
 737      40060000 
 737      2A0003
 738              		.text
 739              		.section	.gnu.lto_.jmpfuncs.bbf0b2137edf63a1,"e",%progbits
 740 0000 789C6362 		.ascii	"x\234cb@\006\000\000*\000\003"
 740      40060000 
 740      2A0003
 741              		.text
 742              		.section	.gnu.lto_.pureconst.bbf0b2137edf63a1,"e",%progbits
 743 0000 789C6364 		.ascii	"x\234cd\000\002\000\000\012\000\002"
 743      00020000 
 743      0A0002
 744              		.text
 745              		.section	.gnu.lto_.ipa_modref.bbf0b2137edf63a1,"e",%progbits
 746 0000 789C6362 		.ascii	"x\234cb@\006\000\000*\000\003"
 746      40060000 
 746      2A0003
 747              		.text
 748              		.section	.gnu.lto_.lto.bbf0b2137edf63a1,"e",%progbits
 749 0000 0B000300 		.ascii	"\013\000\003\000\001\000\000\000"
 749      01000000 
 750              		.text
 751              		.section	.gnu.lto_shell_local_commands.385.bbf0b2137edf63a1,"e",%progbits
 752 0000 789C5366 		.ascii	"x\234Sf```d\200\000VF\266zF\020Y\013\"\355\233:\032"
 752      60606064 
 752      80005646 
 752      B67A4610 
 752      590B22ED 
 753 0017 38AA2B77 		.ascii	"8\252+w0\226o\007\263YJ\215w22\000\000\212b\011\035"
 753      30966F07 
 753      B3594A8D 
 753      77323200 
 753      008A6209 
 754              		.text
 755              		.section	.gnu.lto_.symbol_nodes.bbf0b2137edf63a1,"e",%progbits
 756 0000 789CE366 		.ascii	"x\234\343f\000\002\326Ff\206F'\020\013\000\011\327\001"
 756      0002D646 
 756      66864627 
 756      100B0009 
 756      D701
 757 0012 58       		.ascii	"X"
 758              		.text
 759              		.section	.gnu.lto_.refs.bbf0b2137edf63a1,"e",%progbits
 760 0000 789C6364 		.ascii	"x\234cd\000\002\000\000\012\000\002"
 760      00020000 
 760      0A0002
 761              		.text
 762              		.section	.gnu.lto_.decls.bbf0b2137edf63a1,"e",%progbits
 763 0000 789C9552 		.ascii	"x\234\225RKL\023Q\024\275wx\226)\032\321\010\221\205"
 763      4B4C1351 
 763      14BD7778 
 763      96291AD1 
 763      089185
 764 0013 891A771A 		.ascii	"\211\032w\032;\024\322\030\267\260@\027\032Hu=\216\303"
 764      3B14D218 
ARM GAS  /tmp/ccHtfd41.s 			page 18


 764      B7B04017 
 764      1A48753D 
 764      8EC3
 765 0025 60AB6D47 		.ascii	"`\253mGgZ\335\016\004\004#\020\305\030]\2700~\022\027"
 765      675ADD0E 
 765      04042310 
 765      C5185DB8 
 765      307E1217 
 766 0039 BA50A388 		.ascii	"\272P\243\210\337\261\200\010(j\261U>\376\022T$,4(\326"
 766      DFB18008 
 766      286AB155 
 766      3EFE1254 
 766      242C3428 
 767 004e 68C43B33 		.ascii	"h\304;3ME\022\023}\2313\363\356=\347\235{\337\315Lp"
 767      4D451213 
 767      7D9933F3 
 767      EE3DE79D 
 767      7BDFCD4C 
 768 0063 00DB10A0 		.ascii	"\000\333\020\240\030\000fhQ\010\203\004J\301\013\302"
 768      18006668 
 768      51088304 
 768      4AC10BC2 
 769 0073 0DDAB8E8 		.ascii	"\015\332\270\350\233 t\021F\010)B\2220J\3409p-A\336"
 769      9B207411 
 769      46082942 
 769      92304AE0 
 769      39702D41 
 770 0088 558826F0 		.ascii	"U\210&\360K\301g\330\253\256\006\256[\016\000U\013\210"
 770      4BC167D8 
 770      ABAE06AE 
 770      5B0E0055 
 770      0B88
 771 009a 6644AF60 		.ascii	"fD\257`\\Kj\354xn>\321\037\015\263\336\275\344\026\336"
 771      5C4B6AEC 
 771      786E3ED1 
 771      1F0DB3DE 
 771      BDE416DE 
 772 00ae 24CD6D04 		.ascii	"$\315m\004\257\227\337\001\274\012\314un\374\314[\266"
 772      AF97DF01 
 772      BC0ACC75 
 772      6EFCCC5B 
 772      B6
 773 00bf 12319F50 		.ascii	"\0221\237Pg\030?\226\307\3214\214q#^\233\003\276\022"
 773      67183F96 
 773      C7D1348C 
 773      71235E9B 
 773      03BE12
 774 00d2 30318ED0 		.ascii	"01\216\320\211w\221\213#\343\272\032\206/\273\363-\336"
 774      8977918B 
 774      23E3BA1A 
 774      862FBBF3 
 774      2DDE
 775 00e4 9CCB33AE 		.ascii	"\234\3133\256\343\354\211\372\274\305\246U\353d\234"
 775      E3EC89FA 
 775      BCC5A655 
 775      EB649C
 776 00f3 75A153AC 		.ascii	"u\241S\254\233\300G\201q\223\351\221\276yY:\236\241"
ARM GAS  /tmp/ccHtfd41.s 			page 19


 776      9BC04781 
 776      7193E991 
 776      BE79593A 
 776      9EA1
 777 0105 7B088C6B 		.ascii	"{\010\214k\356\2777\305e\271\236\014w\337\346\016$S"
 777      EEBF37C5 
 777      65B99E0C 
 777      77DFE60E 
 777      2453
 778 0117 BD0BDD60 		.ascii	"\275\013\335`\205\237(L\014\364\214\331\341(\364R\321"
 778      859F284C 
 778      0CF48CD9 
 778      E128F452 
 778      D1
 779 0128 91868BAD 		.ascii	"\221\206\213\255X\344\214\300t\356\337\217\326\004\201"
 779      58E48CC0 
 779      74EEDF8F 
 779      D60481
 780 0137 3790E41F 		.ascii	"7\220\344\037R\027\206\330\037\374\003\314\010\030\367"
 780      521786D8 
 780      1FFC03CC 
 780      0818F7
 781 0146 75FAFCE7 		.ascii	"u\372\374\347\337\035?\314\224\035\260\313\266\017~"
 781      DF1D3FCC 
 781      941DB0CB 
 781      B60F7E
 782 0155 BF69D719 		.ascii	"\277i\327\031\300>\244\201r4\320E\214\033:\232|\223"
 782      C03EA481 
 782      7234D045 
 782      8C1B3A9A 
 782      7C93
 783 0167 B38CCC26 		.ascii	"\263\214\314&\015\243`\002\236\340cR'\020\036\331\207"
 783      0DA36002 
 783      9EE06352 
 783      27101ED9 
 783      87
 784 0178 2EFC34EE 		.ascii	".\3744\356\347f\015\023\031\303A\253\036\177\324j\347"
 784      E7660D13 
 784      19C341AB 
 784      1E7FD46A 
 784      E7
 785 0189 CCC7F7FB 		.ascii	"\314\307\367\373q\256\340)\332\012\346:\326\321\373"
 785      71AEE029 
 785      DA0AE63A 
 785      D6D1FB
 786 0198 D3BD7A75 		.ascii	"\323\275zu\021\361\351\303\007\247;W\26556\032\207j"
 786      11F1E9C3 
 786      07A73B57 
 786      B535361A 
 786      876A
 787 01aa 7392780F 		.ascii	"s\222x\017\237g\314\274\000\267\020,\207\226\356\326"
 787      9F67CCBC 
 787      00B7102C 
 787      8796EED6 
 788 01ba 854476E3 		.ascii	"\205Dv\343\235\331d)Ps\365tY\006\035x\215r\317\311\373"
 788      9DD96429 
 788      5073F574 
ARM GAS  /tmp/ccHtfd41.s 			page 20


 788      59061D78 
 788      8D72CFC9 
 789 01cf 19A6EC91 		.ascii	"\031\246\354\221\234\342\250\207\357\337\246v\027\375"
 789      9CE2A887 
 789      EFDFA676 
 789      17FD
 790 01dd 291AC259 		.ascii	")\032\302Y*\306]\032\2368=\177\251#9\311\015\243c4\202"
 790      2AC65D1A 
 790      9E383D7F 
 790      A92339C9 
 790      0DA36334 
 791 01f2 D69F4374 		.ascii	"\326\237Ct\372\364\314k\336v0\377\346\360\345]\363+"
 791      FAF4CC6B 
 791      DE7630FF 
 791      E6F0E55D 
 791      F32B
 792 0204 57D66174 		.ascii	"W\326at\256\203\371\262\351\252k\315\211CF\372\366\221"
 792      AE83F9B2 
 792      E9AA6BCD 
 792      894346FA 
 792      F691
 793 0216 A68BC56D 		.ascii	"\246\213\305m\206\261\341\005\266\223\201\243kG\274"
 793      86B1E105 
 793      B69381A3 
 793      6B47BC
 794 0225 8255CF18 		.ascii	"\202U\317\030\024\350\001%\024\022C\252,\205DY\015\207"
 794      14E80125 
 794      141243AA 
 794      2C854459 
 794      0D87
 795 0237 A548B55E 		.ascii	"\245H\265^\354\361\010\364\310\201\340\366\240\252\213"
 795      ECF108F4 
 795      C881E0F6 
 795      A0AA8B
 796 0246 512D16D9 		.ascii	"Q-\026\331%\250\272\260W\322\202jL\027\3543\316[\224"
 796      25A8BAB0 
 796      57D2826A 
 796      4C17EC33 
 796      CE5B94
 797 0259 C3D51E99 		.ascii	"\303\325\036\231\257\330\274uE\271w\035\024\316Jz\326"
 797      AFD8BC75 
 797      45B9771D 
 797      14CE4A7A 
 797      D6
 798 026a CBA5EB7C 		.ascii	"\313\245\353|\262\257\006ruY\214Ha\205\311\001I\233"
 798      B2AF0672 
 798      75598C48 
 798      6185C901 
 798      499B
 799 027c 4F414D2C 		.ascii	"OAM,\"G\203j\244\240L\322\025\277\262'\246D\242A)\344"
 799      2247836A 
 799      A4A04CD2 
 799      15BFB227 
 799      A644A241 
 800 0292 8F6A8A14 		.ascii	"\217j\212\024\316\263=\310B\214\372\205\200\032V\004"
 800      CEB33DC8 
 800      428CFA85 
ARM GAS  /tmp/ccHtfd41.s 			page 21


 800      801A5604 
 801 02a2 4DDD2E54 		.ascii	"M\335.Tj\352NE\216\352B\271\325\225?\032\253\016\252"
 801      6AEA4E45 
 801      8EEA42B9 
 801      D5953F1A 
 801      AB0EAA
 802 02b5 B3F76249 		.ascii	"\263\367bI\251\260O\325v\351\273%Y\311\264\354\337\262"
 802      A9B04FD5 
 802      76E9BB25 
 802      59C9B4EC 
 802      DFB2
 803 02c7 A9B444AC 		.ascii	"\251\264D\254\250\334X&\326\004\265\360>IS\004X\373"
 803      A8DC5826 
 803      D604B5F0 
 803      3E495304 
 803      58FB
 804 02d9 EF97F304 		.ascii	"\357\227\363\004`\201\337\332\224;\203\361\376\357\\"
 804      6081DFDA 
 804      943B83F1 
 804      FEEF5C
 805 02e8 E0178621 		.ascii	"\340\027\206!\213\246"
 805      8BA6
 806              		.text
 807              		.section	.gnu.lto_.symtab.bbf0b2137edf63a1,"e",%progbits
 808 0000 7368656C 		.ascii	"shell_local_commands\000"
 808      6C5F6C6F 
 808      63616C5F 
 808      636F6D6D 
 808      616E6473 
 809 0015 00       		.ascii	"\000"
 810 0016 00       		.ascii	"\000"
 811 0017 00       		.ascii	"\000"
 812 0018 00000000 		.ascii	"\000\000\000\000\000\000\000\000"
 812      00000000 
 813 0020 DD000000 		.ascii	"\335\000\000\000"
 814              		.text
 815              		.section	.gnu.lto_.ext_symtab.bbf0b2137edf63a1,"e",%progbits
 816 0000 01       		.ascii	"\001"
 817 0001 02       		.ascii	"\002"
 818 0002 00       		.ascii	"\000"
 819              		.text
 820              		.section	.gnu.lto_.opts,"e",%progbits
 821 0000 272D666E 		.ascii	"'-fno-openmp' '-fno-openacc' '-fno-pie' '-fcf-prote"
 821      6F2D6F70 
 821      656E6D70 
 821      2720272D 
 821      666E6F2D 
 822 0033 6374696F 		.ascii	"ction=none' '-g' '-mcpu=cortex-m4' '-mthumb' '-mflo"
 822      6E3D6E6F 
 822      6E652720 
 822      272D6727 
 822      20272D6D 
 823 0066 61742D61 		.ascii	"at-abi=soft' '-mlibarch=armv7e-m' '-march=armv7e-m'"
 823      62693D73 
 823      6F667427 
 823      20272D6D 
 823      6C696261 
ARM GAS  /tmp/ccHtfd41.s 			page 22


 824 0099 20272D4F 		.ascii	" '-O2' '-fomit-frame-pointer' '-falign-functions=16"
 824      32272027 
 824      2D666F6D 
 824      69742D66 
 824      72616D65 
 825 00cc 2720272D 		.ascii	"' '-ffunction-sections' '-fdata-sections' '-fno-com"
 825      6666756E 
 825      6374696F 
 825      6E2D7365 
 825      6374696F 
 826 00ff 6D6F6E27 		.ascii	"mon' '-flto' '-Xassembler' '-alms=./build/lst/shell"
 826      20272D66 
 826      6C746F27 
 826      20272D58 
 826      61737365 
 827 0132 5F636D64 		.ascii	"_cmd.lst'\000"
 827      2E6C7374 
 827      2700
 828              		.text
 829              		.comm	__gnu_lto_slim,1,1
 830              		.ident	"GCC: (Arm GNU Toolchain 11.3.Rel1) 11.3.1 20220712"
ARM GAS  /tmp/ccHtfd41.s 			page 23


DEFINED SYMBOLS
                            *ABS*:0000000000000000 shell_cmd.c
     /tmp/ccHtfd41.s:26     .gnu.debuglto_.debug_info:0000000000000000 shell_cmd.c.9c375c5f
                            *COM*:0000000000000001 __gnu_lto_slim

NO UNDEFINED SYMBOLS
