Archive member included to satisfy reference by file (symbol)

/home/rob/Data/no_sync/ChibiOS/ChibiStudio/tools/GNU Tools ARM Embedded/11.3.1 2022q3/bin/../lib/gcc/arm-none-eabi/11.3.1/../../../../arm-none-eabi/lib/thumb/v7e-m/nofp/libg.a(libc_a-strtol.o)
                              ./build/obj/comm.o (symbol from plugin) (strtol)
/home/rob/Data/no_sync/ChibiOS/ChibiStudio/tools/GNU Tools ARM Embedded/11.3.1 2022q3/bin/../lib/gcc/arm-none-eabi/11.3.1/../../../../arm-none-eabi/lib/thumb/v7e-m/nofp/libg.a(libc_a-errno.o)
                              /home/rob/Data/no_sync/ChibiOS/ChibiStudio/tools/GNU Tools ARM Embedded/11.3.1 2022q3/bin/../lib/gcc/arm-none-eabi/11.3.1/../../../../arm-none-eabi/lib/thumb/v7e-m/nofp/libg.a(libc_a-strtol.o) (__errno)
/home/rob/Data/no_sync/ChibiOS/ChibiStudio/tools/GNU Tools ARM Embedded/11.3.1 2022q3/bin/../lib/gcc/arm-none-eabi/11.3.1/../../../../arm-none-eabi/lib/thumb/v7e-m/nofp/libg.a(libc_a-ctype_.o)
                              /home/rob/Data/no_sync/ChibiOS/ChibiStudio/tools/GNU Tools ARM Embedded/11.3.1 2022q3/bin/../lib/gcc/arm-none-eabi/11.3.1/../../../../arm-none-eabi/lib/thumb/v7e-m/nofp/libg.a(libc_a-strtol.o) (_ctype_)
/home/rob/Data/no_sync/ChibiOS/ChibiStudio/tools/GNU Tools ARM Embedded/11.3.1 2022q3/bin/../lib/gcc/arm-none-eabi/11.3.1/../../../../arm-none-eabi/lib/thumb/v7e-m/nofp/libg.a(libc_a-impure.o)
                              /home/rob/Data/no_sync/ChibiOS/ChibiStudio/tools/GNU Tools ARM Embedded/11.3.1 2022q3/bin/../lib/gcc/arm-none-eabi/11.3.1/../../../../arm-none-eabi/lib/thumb/v7e-m/nofp/libg.a(libc_a-strtol.o) (_impure_ptr)
/home/rob/Data/no_sync/ChibiOS/ChibiStudio/tools/GNU Tools ARM Embedded/11.3.1 2022q3/bin/../lib/gcc/arm-none-eabi/11.3.1/../../../../arm-none-eabi/lib/thumb/v7e-m/nofp/libg.a(libc_a-findfp.o)
                              /home/rob/Data/no_sync/ChibiOS/ChibiStudio/tools/GNU Tools ARM Embedded/11.3.1 2022q3/bin/../lib/gcc/arm-none-eabi/11.3.1/../../../../arm-none-eabi/lib/thumb/v7e-m/nofp/libg.a(libc_a-impure.o) (__sf)
/home/rob/Data/no_sync/ChibiOS/ChibiStudio/tools/GNU Tools ARM Embedded/11.3.1 2022q3/bin/../lib/gcc/arm-none-eabi/11.3.1/../../../../arm-none-eabi/lib/thumb/v7e-m/nofp/libg.a(libc_a-stdio.o)
                              /home/rob/Data/no_sync/ChibiOS/ChibiStudio/tools/GNU Tools ARM Embedded/11.3.1 2022q3/bin/../lib/gcc/arm-none-eabi/11.3.1/../../../../arm-none-eabi/lib/thumb/v7e-m/nofp/libg.a(libc_a-findfp.o) (__sread)
/home/rob/Data/no_sync/ChibiOS/ChibiStudio/tools/GNU Tools ARM Embedded/11.3.1 2022q3/bin/../lib/gcc/arm-none-eabi/11.3.1/../../../../arm-none-eabi/lib/thumb/v7e-m/nofp/libg.a(libc_a-fwalk.o)
                              /home/rob/Data/no_sync/ChibiOS/ChibiStudio/tools/GNU Tools ARM Embedded/11.3.1 2022q3/bin/../lib/gcc/arm-none-eabi/11.3.1/../../../../arm-none-eabi/lib/thumb/v7e-m/nofp/libg.a(libc_a-findfp.o) (_fwalk_sglue)
/home/rob/Data/no_sync/ChibiOS/ChibiStudio/tools/GNU Tools ARM Embedded/11.3.1 2022q3/bin/../lib/gcc/arm-none-eabi/11.3.1/../../../../arm-none-eabi/lib/thumb/v7e-m/nofp/libg.a(libc_a-writer.o)
                              /home/rob/Data/no_sync/ChibiOS/ChibiStudio/tools/GNU Tools ARM Embedded/11.3.1 2022q3/bin/../lib/gcc/arm-none-eabi/11.3.1/../../../../arm-none-eabi/lib/thumb/v7e-m/nofp/libg.a(libc_a-stdio.o) (_write_r)
/home/rob/Data/no_sync/ChibiOS/ChibiStudio/tools/GNU Tools ARM Embedded/11.3.1 2022q3/bin/../lib/gcc/arm-none-eabi/11.3.1/../../../../arm-none-eabi/lib/thumb/v7e-m/nofp/libg.a(libc_a-mallocr.o)
                              /home/rob/Data/no_sync/ChibiOS/ChibiStudio/tools/GNU Tools ARM Embedded/11.3.1 2022q3/bin/../lib/gcc/arm-none-eabi/11.3.1/../../../../arm-none-eabi/lib/thumb/v7e-m/nofp/libg.a(libc_a-findfp.o) (_malloc_r)
/home/rob/Data/no_sync/ChibiOS/ChibiStudio/tools/GNU Tools ARM Embedded/11.3.1 2022q3/bin/../lib/gcc/arm-none-eabi/11.3.1/../../../../arm-none-eabi/lib/thumb/v7e-m/nofp/libg.a(libc_a-memset.o)
                              /home/rob/Data/no_sync/ChibiOS/ChibiStudio/tools/GNU Tools ARM Embedded/11.3.1 2022q3/bin/../lib/gcc/arm-none-eabi/11.3.1/../../../../arm-none-eabi/lib/thumb/v7e-m/nofp/libg.a(libc_a-findfp.o) (memset)
/home/rob/Data/no_sync/ChibiOS/ChibiStudio/tools/GNU Tools ARM Embedded/11.3.1 2022q3/bin/../lib/gcc/arm-none-eabi/11.3.1/../../../../arm-none-eabi/lib/thumb/v7e-m/nofp/libg.a(libc_a-lock.o)
                              /home/rob/Data/no_sync/ChibiOS/ChibiStudio/tools/GNU Tools ARM Embedded/11.3.1 2022q3/bin/../lib/gcc/arm-none-eabi/11.3.1/../../../../arm-none-eabi/lib/thumb/v7e-m/nofp/libg.a(libc_a-findfp.o) (__retarget_lock_init_recursive)
/home/rob/Data/no_sync/ChibiOS/ChibiStudio/tools/GNU Tools ARM Embedded/11.3.1 2022q3/bin/../lib/gcc/arm-none-eabi/11.3.1/../../../../arm-none-eabi/lib/thumb/v7e-m/nofp/libg.a(libc_a-fclose.o)
[...]
Memory Configuration

Name             Origin             Length             Attributes
flash0           0x0000000008000000 0x0000000000040000 xr
flash1           0x0000000000000000 0x0000000000000000 xr
flash2           0x0000000000000000 0x0000000000000000 xr
flash3           0x0000000000000000 0x0000000000000000 xr
flash4           0x0000000000000000 0x0000000000000000 xr
flash5           0x0000000000000000 0x0000000000000000 xr
flash6           0x0000000000000000 0x0000000000000000 xr
flash7           0x0000000000000000 0x0000000000000000 xr
ram0             0x0000000020000000 0x0000000000010000 xw
ram1             0x0000000000000000 0x0000000000000000 xw
ram2             0x0000000000000000 0x0000000000000000 xw
ram3             0x0000000000000000 0x0000000000000000 xw
ram4             0x0000000000000000 0x0000000000000000 xw
ram5             0x0000000000000000 0x0000000000000000 xw
ram6             0x0000000000000000 0x0000000000000000 xw
ram7             0x0000000000000000 0x0000000000000000 xw
*default*        0x0000000000000000 0xffffffffffffffff

Linker script and memory map

LOAD ./build/obj/crt0_v7m.o
LOAD ./build/obj/vectors.o
LOAD ./build/obj/chcoreasm.o
LOAD ./build/obj/crt1.o
LOAD /tmp/cchJ08e9.ltrans0.ltrans.o
LOAD /tmp/ccXyJ78W.debug.temp.o
LOAD /tmp/ccKVycQ9.debug.temp.o
LOAD /tmp/ccmggQZx.debug.temp.o
LOAD /tmp/ccIWFDZJ.debug.temp.o
LOAD /tmp/cc6y3puG.debug.temp.o
LOAD /tmp/ccxlHxKd.debug.temp.o
LOAD /tmp/ccaKUxYn.debug.temp.o
LOAD /tmp/ccMhmkbD.debug.temp.o
LOAD /tmp/cc1U8HaG.debug.temp.o
LOAD /tmp/cct2kx33.debug.temp.o
LOAD /tmp/cckh0AxF.debug.temp.o
LOAD /tmp/ccVxnl4H.debug.temp.o
LOAD /tmp/cczwmkRI.debug.temp.o
LOAD /tmp/ccbk4Hpa.debug.temp.o
LOAD /tmp/ccfUI7lo.debug.temp.o
LOAD /tmp/cc0UNYaZ.debug.temp.o
LOAD /tmp/ccLgrxyd.debug.temp.o
LOAD /tmp/cc9pxU7z.debug.temp.o
LOAD /tmp/ccYLGl9s.debug.temp.o
LOAD /tmp/ccy93xza.debug.temp.o
LOAD /tmp/ccq2owVH.debug.temp.o
LOAD /tmp/cceDeHvd.debug.temp.o
LOAD /tmp/ccJuWZ7m.debug.temp.o
LOAD /tmp/cc0MC5CY.debug.temp.o
LOAD /tmp/ccUOBiq1.debug.temp.o
LOAD /tmp/cce47JlO.debug.temp.o
LOAD /tmp/cci95W6O.debug.temp.o
LOAD /tmp/ccdlxVu8.debug.temp.o
LOAD /tmp/ccDL4MEF.debug.temp.o
LOAD /tmp/ccPqUGwp.debug.temp.o
LOAD /tmp/cc8QZAO6.debug.temp.o
LOAD /tmp/cccnOaIy.debug.temp.o
LOAD /tmp/ccoyRPR4.debug.temp.o
LOAD /tmp/ccYzxWL9.debug.temp.o
LOAD /tmp/cca77wDc.debug.temp.o
LOAD /tmp/ccDr7EIz.debug.temp.o
LOAD /tmp/ccUo2GFG.debug.temp.o
LOAD /tmp/cc02vxIi.debug.temp.o
LOAD /tmp/ccMsELm7.debug.temp.o
LOAD /tmp/cc7CV0eU.debug.temp.o
LOAD /tmp/ccY4J5q0.debug.temp.o
LOAD /tmp/ccz3f8XM.debug.temp.o
LOAD /tmp/ccaGMW2i.debug.temp.o
LOAD /tmp/cc2IVWYc.debug.temp.o
LOAD /tmp/cc6t9Srn.debug.temp.o
LOAD /tmp/ccfCAoKR.debug.temp.o
LOAD /tmp/ccY2XnOc.debug.temp.o
LOAD /tmp/ccdPJpkW.debug.temp.o
LOAD /tmp/cc7otHno.debug.temp.o
LOAD /tmp/cct2w7xE.debug.temp.o
LOAD /tmp/ccH1zf2f.debug.temp.o
LOAD /tmp/ccb0pL9L.debug.temp.o
LOAD /tmp/ccPAO57z.debug.temp.o
LOAD /tmp/ccbWQk1s.debug.temp.o
LOAD /tmp/ccayP6pu.debug.temp.o
LOAD /tmp/ccB4If6z.debug.temp.o
LOAD /tmp/ccP6kIu2.debug.temp.o
LOAD /tmp/cc9l9cE9.debug.temp.o
LOAD /tmp/cchqHSpC.debug.temp.o
LOAD /tmp/cc8xVUdN.debug.temp.o
LOAD /tmp/cctHFVA2.debug.temp.o
LOAD /tmp/ccBLSvRM.debug.temp.o
LOAD ./build/obj/hal.o
LOAD ./build/obj/hal_st.o
LOAD ./build/obj/hal_buffered_serial.o
LOAD ./build/obj/hal_buffers.o
LOAD ./build/obj/hal_queues.o
LOAD ./build/obj/hal_flash.o
LOAD ./build/obj/hal_mmcsd.o
LOAD ./build/obj/hal_icu.o
LOAD ./build/obj/hal_pal.o
LOAD ./build/obj/hal_serial_usb.o
LOAD ./build/obj/hal_usb.o
LOAD ./build/obj/nvic.o
LOAD ./build/obj/stm32_isr.o
LOAD ./build/obj/hal_lld.o
LOAD ./build/obj/hal_efl_lld.o
LOAD ./build/obj/stm32_dma.o
LOAD ./build/obj/stm32_exti.o
LOAD ./build/obj/hal_pal_lld.o
LOAD ./build/obj/hal_usb_lld.o
LOAD ./build/obj/hal_st_lld.o
LOAD ./build/obj/hal_icu_lld.o
LOAD ./build/obj/board.o
LOAD ./build/obj/osal.o
LOAD ./build/obj/chsys.o
LOAD ./build/obj/chrfcu.o
LOAD ./build/obj/chdebug.o
LOAD ./build/obj/chtrace.o
LOAD ./build/obj/chvt.o
LOAD ./build/obj/chschd.o
LOAD ./build/obj/chinstances.o
LOAD ./build/obj/chthreads.o
LOAD ./build/obj/chtm.o
LOAD ./build/obj/chregistry.o
LOAD ./build/obj/chsem.o
LOAD ./build/obj/chmtx.o
LOAD ./build/obj/chcond.o
LOAD ./build/obj/chevents.o
LOAD ./build/obj/chmsg.o
LOAD ./build/obj/chdynamic.o
LOAD ./build/obj/chmemchecks.o
LOAD ./build/obj/chmboxes.o
LOAD ./build/obj/chmemcore.o
LOAD ./build/obj/chmemheaps.o
LOAD ./build/obj/chmempools.o
LOAD ./build/obj/chpipes.o
LOAD ./build/obj/chobjcaches.o
LOAD ./build/obj/chdelegates.o
LOAD ./build/obj/chfactory.o
LOAD ./build/obj/chcore.o
LOAD ./build/obj/chprintf.o
LOAD ./build/obj/chscanf.o
LOAD ./build/obj/memstreams.o
LOAD ./build/obj/nullstreams.o
LOAD ./build/obj/bufstreams.o
LOAD ./build/obj/shell.o
LOAD ./build/obj/shell_cmd.o
LOAD ./build/obj/portab.o
LOAD ./build/obj/comm.o
LOAD ./build/obj/gpib.o
LOAD ./build/obj/usbcfg.o
LOAD ./build/obj/main.o

.mstack         0x0000000020000000      0x400
                0x0000000020000000                . = ALIGN (0x8)
                0x0000000020000000                __main_stack_base__ = .
                0x0000000020000400                . = (. + __main_stack_size__)
 *fill*         0x0000000020000000      0x400 
                0x0000000020000400                . = ALIGN (0x8)
                0x0000000020000400                __main_stack_end__ = .

.pstack         0x0000000020000400      0x400
                0x0000000020000400                . = ALIGN (0x8)
                0x0000000020000400                __process_stack_base__ = .
                0x0000000020000400                __main_thread_stack_base__ = .
                0x0000000020000800                . = (. + __process_stack_size__)
 *fill*         0x0000000020000400      0x400 
                0x0000000020000800                . = ALIGN (0x8)
                0x0000000020000800                __process_stack_end__ = .
                0x0000000020000800                __main_thread_stack_end__ = .

.vectors        0x0000000008000000      0x1e0
                0x0000000008000000                __textvectors_base__ = LOADADDR (.vectors)
                0x0000000008000000                __vectors_base__ = .
 *(.vectors)
 .vectors       0x0000000008000000      0x1e0 ./build/obj/vectors.o
                0x0000000008000000                _vectors
                0x00000000080001e0                __vectors_end__ = .

.xtors          0x00000000080001e0        0x0
                0x00000000080001e0                __init_array_base__ = .
 *(SORT_BY_NAME(.init_array.*))
 *(.init_array)
                0x00000000080001e0                __init_array_end__ = .
                0x00000000080001e0                __fini_array_base__ = .
 *(.fini_array)
 *(SORT_BY_NAME(.fini_array.*))
                0x00000000080001e0                __fini_array_end__ = .

.text           0x0000000008000200     0x70dc
                0x0000000008000200                __text_base__ = .
 *(.text)
 .text          0x0000000008000200       0xd8 ./build/obj/crt0_v7m.o
                0x0000000008000200                _crt0_entry
 .text          0x00000000080002d8        0x8 ./build/obj/vectors.o
                0x00000000080002d8                Reset_Handler
                0x00000000080002da                VectorE8
                0x00000000080002da                DebugMon_Handler
                0x00000000080002da                Vector1A0
                0x00000000080002da                Vector11C
                0x00000000080002da                HardFault_Handler
                0x00000000080002da                Vector1B8
                0x00000000080002da                Vector19C
                0x00000000080002da                Vector8C
                0x00000000080002da                SysTick_Handler
                0x00000000080002da                VectorDC
                0x00000000080002da                PendSV_Handler
                0x00000000080002da                Vector168
                0x00000000080002da                NMI_Handler
                0x00000000080002da                Vector110
                0x00000000080002da                Vector120
                0x00000000080002da                Vector1D8
                0x00000000080002da                VectorC8
                0x00000000080002da                Vector94
                0x00000000080002da                VectorB4
                0x00000000080002da                Vector74
                0x00000000080002da                Vector160
                0x00000000080002da                Vector1B0
                0x00000000080002da                UsageFault_Handler
                0x00000000080002da                VectorEC
                0x00000000080002da                Vector40
                0x00000000080002da                VectorF8
                0x00000000080002da                Vector108
                0x00000000080002da                VectorBC
                0x00000000080002da                Vector190
                0x00000000080002da                Vector150
                0x00000000080002da                Vector124
                0x00000000080002da                Vector1C4
                0x00000000080002da                Vector1CC
                0x00000000080002da                Vector148
                0x00000000080002da                Vector188
                0x00000000080002da                Vector198
                0x00000000080002da                Vector118
                0x00000000080002da                VectorCC
                0x00000000080002da                Vector54
                0x00000000080002da                Vector98
                0x00000000080002da                VectorD8
                0x00000000080002da                Vector138
                0x00000000080002da                Vector24
                0x00000000080002da                Vector1AC
                0x00000000080002da                Vector178
                0x00000000080002da                Vector84
                0x00000000080002da                SecureFault_Handler
                0x00000000080002da                Vector1A4
                0x00000000080002da                VectorD0
                0x00000000080002da                Vector1B4
                0x00000000080002da                Vector140
                0x00000000080002da                VectorE4
                0x00000000080002da                VectorC0
                0x00000000080002da                Vector158
                0x00000000080002da                Vector130
                0x00000000080002da                Vector1C0
                0x00000000080002da                Vector134
                0x00000000080002da                Vector1D0
                0x00000000080002da                VectorF0
                0x00000000080002da                Vector12C
                0x00000000080002da                Vector13C
                0x00000000080002da                Vector100
                0x00000000080002da                VectorF4
                0x00000000080002da                MemManage_Handler
                0x00000000080002da                Vector6C
                0x00000000080002da                VectorC4
                0x00000000080002da                Vector7C
                0x00000000080002da                Vector180
                0x00000000080002da                Vector90
                0x00000000080002da                Vector114
                0x00000000080002da                Vector164
                0x00000000080002da                Vector1BC
                0x00000000080002da                Vector1D4
                0x00000000080002da                Vector17C
                0x00000000080002da                Vector48
                0x00000000080002da                Vector1A8
                0x00000000080002da                Vector16C
                0x00000000080002da                Vector70
                0x00000000080002da                VectorD4
                0x00000000080002da                Vector4C
                0x00000000080002da                Vector144
                0x00000000080002da                Vector80
                0x00000000080002da                Vector15C
                0x00000000080002da                Vector78
                0x00000000080002da                Vector170
                0x00000000080002da                Vector88
                0x00000000080002da                Vector104
                0x00000000080002da                Vector184
                0x00000000080002da                Vector10C
                0x00000000080002da                BusFault_Handler
                0x00000000080002da                Vector50
                0x00000000080002da                Vector1C8
                0x00000000080002da                Vector194
                0x00000000080002da                Vector1DC
                0x00000000080002da                Vector154
                0x00000000080002da                Vector44
                0x00000000080002da                Vector28
                0x00000000080002da                VectorB8
                0x00000000080002da                VectorFC
                0x00000000080002da                Vector34
                0x00000000080002da                Vector128
                0x00000000080002da                Vector20
                0x00000000080002da                Vector18C
                0x00000000080002da                Vector174
                0x00000000080002de                _unhandled_exception
 .text          0x00000000080002e0       0x36 ./build/obj/chcoreasm.o
                0x00000000080002e0                __port_switch
                0x00000000080002f0                __port_thread_start
                0x0000000008000306                __port_switch_from_isr
                0x0000000008000312                __port_exit_from_isr
 *fill*         0x0000000008000316        0xa 
 .text          0x0000000008000320      0x2dc /home/rob/Data/no_sync/ChibiOS/ChibiStudio/tools/GNU Tools ARM Embedded/11.3.1 2022q3/bin/../lib/gcc/arm-none-eabi/11.3.1/../../../../arm-none-eabi/lib/thumb/v7e-m/nofp/libg.a(libc_a-strcmp.o)
                0x0000000008000328                strcmp
 .text          0x00000000080005fc      0x134 /home/rob/Data/no_sync/ChibiOS/ChibiStudio/tools/GNU Tools ARM Embedded/11.3.1 2022q3/bin/../lib/gcc/arm-none-eabi/11.3.1/../../../../arm-none-eabi/lib/thumb/v7e-m/nofp/libg.a(libc_a-memcpy.o)
                0x00000000080005fc                memcpy
 *fill*         0x0000000008000730       0x10 
 .text          0x0000000008000740       0xdc /home/rob/Data/no_sync/ChibiOS/ChibiStudio/tools/GNU Tools ARM Embedded/11.3.1 2022q3/bin/../lib/gcc/arm-none-eabi/11.3.1/../../../../arm-none-eabi/lib/thumb/v7e-m/nofp/libg.a(libc_a-strlen.o)
                0x0000000008000740                strlen
 *(.text.*)
 *fill*         0x000000000800081c        0x4 
 .text.sduInterruptTransmitted
                0x0000000008000820        0x4 /tmp/cchJ08e9.ltrans0.ltrans.o
 *fill*         0x0000000008000824        0xc 
 .text._pal_lld_setgroupmode
                0x0000000008000830       0x84 /tmp/cchJ08e9.ltrans0.ltrans.o
 *fill*         0x00000000080008b4        0xc 
 .text.usb_lld_start_out
                0x00000000080008c0       0x84 /tmp/cchJ08e9.ltrans0.ltrans.o
 *fill*         0x0000000008000944        0xc 
 .text.usb_lld_start_in
                0x0000000008000950       0xa4 /tmp/cchJ08e9.ltrans0.ltrans.o
 *fill*         0x00000000080009f4        0xc 
 .text.__idle_thread
                0x0000000008000a00        0x4 /tmp/cchJ08e9.ltrans0.ltrans.o
 *fill*         0x0000000008000a04        0xc 
 .text.chTMStartMeasurementX
                0x0000000008000a10        0xc /tmp/cchJ08e9.ltrans0.ltrans.o
 *fill*         0x0000000008000a1c        0x4 
 .text.chTMStopMeasurementX
                0x0000000008000a20       0x44 /tmp/cchJ08e9.ltrans0.ltrans.o
 *fill*         0x0000000008000a64        0xc 
 .text.__port_irq_epilogue
                0x0000000008000a70       0x4c /tmp/cchJ08e9.ltrans0.ltrans.o
 *fill*         0x0000000008000abc        0x4 
 .text.cmd_default
                0x0000000008000ac0       0x40 /tmp/cchJ08e9.ltrans0.ltrans.o
 .text.get_descriptor
                0x0000000008000b00       0x34 /tmp/cchJ08e9.ltrans0.ltrans.o
 *fill*         0x0000000008000b34        0xc 
 .text.requests_hook
                0x0000000008000b40       0x5c /tmp/cchJ08e9.ltrans0.ltrans.o
 *fill*         0x0000000008000b9c        0x4 
 .text.icu_lld_serve_interrupt.constprop.0
                0x0000000008000ba0       0x94 /tmp/cchJ08e9.ltrans0.ltrans.o
 *fill*         0x0000000008000c34        0xc 
 .text.trace_next.constprop.0
                0x0000000008000c40       0x38 /tmp/cchJ08e9.ltrans0.ltrans.o
 *fill*         0x0000000008000c78        0x8 
 .text.chSysHalt
                0x0000000008000c80       0x34 /tmp/cchJ08e9.ltrans0.ltrans.o
 *fill*         0x0000000008000cb4        0xc 
 .text.otg_disable_ep.isra.0
                0x0000000008000cc0       0x58 /tmp/cchJ08e9.ltrans0.ltrans.o
 *fill*         0x0000000008000d18        0x8 
 .text.ibqReleaseEmptyBufferS
                0x0000000008000d20       0x58 /tmp/cchJ08e9.ltrans0.ltrans.o
 *fill*         0x0000000008000d78        0x8 
 .text.obqPostFullBufferS
                0x0000000008000d80       0x64 /tmp/cchJ08e9.ltrans0.ltrans.o
 *fill*         0x0000000008000de4        0xc 
 .text._ctl     0x0000000008000df0       0x1c /tmp/cchJ08e9.ltrans0.ltrans.o
 *fill*         0x0000000008000e0c        0x4 
 .text.usbDisableEndpointsI
                0x0000000008000e10       0x58 /tmp/cchJ08e9.ltrans0.ltrans.o
 *fill*         0x0000000008000e68        0x8 
 .text.usbStartReceiveI
                0x0000000008000e70       0x60 /tmp/cchJ08e9.ltrans0.ltrans.o
 .text.usbStartTransmitI
                0x0000000008000ed0       0x60 /tmp/cchJ08e9.ltrans0.ltrans.o
 .text.obnotify
                0x0000000008000f30       0x6c /tmp/cchJ08e9.ltrans0.ltrans.o
 *fill*         0x0000000008000f9c        0x4 
 .text._usb_ep0in
                0x0000000008000fa0       0xf4 /tmp/cchJ08e9.ltrans0.ltrans.o
 *fill*         0x0000000008001094        0xc 
 .text._usb_ep0out
                0x00000000080010a0       0xa4 /tmp/cchJ08e9.ltrans0.ltrans.o
 *fill*         0x0000000008001144        0xc 
 .text.vt_set_alarm
                0x0000000008001150       0x5c /tmp/cchJ08e9.ltrans0.ltrans.o
 *fill*         0x00000000080011ac        0x4 
 .text.chVTDoResetI
                0x00000000080011b0       0x8c /tmp/cchJ08e9.ltrans0.ltrans.o
 *fill*         0x000000000800123c        0x4 
 .text.__sch_ready_ahead
                0x0000000008001240       0x60 /tmp/cchJ08e9.ltrans0.ltrans.o
 .text.chThdCreateSuspendedI
                0x00000000080012a0       0xc8 /tmp/cchJ08e9.ltrans0.ltrans.o
 *fill*         0x0000000008001368        0x8 
 .text.chCoreAllocFromTop
                0x0000000008001370       0x88 /tmp/cchJ08e9.ltrans0.ltrans.o
 *fill*         0x00000000080013f8        0x8 
 .text.chCoreAllocAlignedI
                0x0000000008001400       0x54 /tmp/cchJ08e9.ltrans0.ltrans.o
 *fill*         0x0000000008001454        0xc 
 .text.sof_handler
                0x0000000008001460       0xe4 /tmp/cchJ08e9.ltrans0.ltrans.o
 *fill*         0x0000000008001544        0xc 
 .text.otg_epin_handler.constprop.0
                0x0000000008001550      0x138 /tmp/cchJ08e9.ltrans0.ltrans.o
 *fill*         0x0000000008001688        0x8 
 .text.otg_epout_handler.constprop.0
                0x0000000008001690       0xbc /tmp/cchJ08e9.ltrans0.ltrans.o
 *fill*         0x000000000800174c        0x4 
 .text._pal_lld_enablepadevent.constprop.0
                0x0000000008001750       0x64 /tmp/cchJ08e9.ltrans0.ltrans.o
 *fill*         0x00000000080017b4        0xc 
 .text.vt_cb    0x00000000080017c0       0x5c /tmp/cchJ08e9.ltrans0.ltrans.o
 *fill*         0x000000000800181c        0x4 
 .text.vt_insert_first.constprop.0
                0x0000000008001820       0x80 /tmp/cchJ08e9.ltrans0.ltrans.o
 .text.vt_enqueue.constprop.0
                0x00000000080018a0       0x80 /tmp/cchJ08e9.ltrans0.ltrans.o
 .text.button_cb
                0x0000000008001920      0x14c /tmp/cchJ08e9.ltrans0.ltrans.o
 *fill*         0x0000000008001a6c        0x4 
 .text.__sch_ready_behind.isra.0
                0x0000000008001a70       0x5c /tmp/cchJ08e9.ltrans0.ltrans.o
 *fill*         0x0000000008001acc        0x4 
 .text.__sch_wakeup
                0x0000000008001ad0       0x94 /tmp/cchJ08e9.ltrans0.ltrans.o
 *fill*         0x0000000008001b64        0xc 
 .text.chEvtBroadcastFlagsI
                0x0000000008001b70       0xa4 /tmp/cchJ08e9.ltrans0.ltrans.o
 *fill*         0x0000000008001c14        0xc 
 .text.sduDataTransmitted
                0x0000000008001c20      0x134 /tmp/cchJ08e9.ltrans0.ltrans.o
 *fill*         0x0000000008001d54        0xc 
 .text.chThdDequeueAllI.constprop.0
                0x0000000008001d60       0x54 /tmp/cchJ08e9.ltrans0.ltrans.o
 *fill*         0x0000000008001db4        0xc 
 .text.chMBPostI.constprop.0.isra.0
                0x0000000008001dc0       0x94 /tmp/cchJ08e9.ltrans0.ltrans.o
 *fill*         0x0000000008001e54        0xc 
 .text.vt2_cb   0x0000000008001e60       0xa0 /tmp/cchJ08e9.ltrans0.ltrans.o
 .text.sdu_start_receive.isra.0
                0x0000000008001f00       0x64 /tmp/cchJ08e9.ltrans0.ltrans.o
 *fill*         0x0000000008001f64        0xc 
 .text.ibnotify
                0x0000000008001f70        0x8 /tmp/cchJ08e9.ltrans0.ltrans.o
 *fill*         0x0000000008001f78        0x8 
 .text.sduDataReceived
                0x0000000008001f80      0x110 /tmp/cchJ08e9.ltrans0.ltrans.o
 .text._usb_ep0setup
                0x0000000008002090      0x3f8 /tmp/cchJ08e9.ltrans0.ltrans.o
 *fill*         0x0000000008002488        0x8 
 .text.usbInitEndpointI
                0x0000000008002490      0x1b8 /tmp/cchJ08e9.ltrans0.ltrans.o
 *fill*         0x0000000008002648        0x8 
 .text.usb_event
                0x0000000008002650      0x1a8 /tmp/cchJ08e9.ltrans0.ltrans.o
 *fill*         0x00000000080027f8        0x8 
 .text.get_history
                0x0000000008002800      0x10c /tmp/cchJ08e9.ltrans0.ltrans.o
 *fill*         0x000000000800290c        0x4 
 .text.chSchGoSleepS
                0x0000000008002910       0xb0 /tmp/cchJ08e9.ltrans0.ltrans.o
 .text.chSchGoSleepTimeoutS
                0x00000000080029c0       0x84 /tmp/cchJ08e9.ltrans0.ltrans.o
 *fill*         0x0000000008002a44        0xc 
 .text.ibqGetFullBufferTimeoutS
                0x0000000008002a50       0x7c /tmp/cchJ08e9.ltrans0.ltrans.o
 *fill*         0x0000000008002acc        0x4 
 .text.ibqReadTimeout
                0x0000000008002ad0      0x154 /tmp/cchJ08e9.ltrans0.ltrans.o
 *fill*         0x0000000008002c24        0xc 
 .text._read    0x0000000008002c30        0xc /tmp/cchJ08e9.ltrans0.ltrans.o
 *fill*         0x0000000008002c3c        0x4 
 .text._readt   0x0000000008002c40        0x8 /tmp/cchJ08e9.ltrans0.ltrans.o
 *fill*         0x0000000008002c48        0x8 
 .text._get     0x0000000008002c50       0x98 /tmp/cchJ08e9.ltrans0.ltrans.o
 *fill*         0x0000000008002ce8        0x8 
 .text._gett    0x0000000008002cf0       0x94 /tmp/cchJ08e9.ltrans0.ltrans.o
 *fill*         0x0000000008002d84        0xc 
 .text.obqGetEmptyBufferTimeoutS
                0x0000000008002d90       0x7c /tmp/cchJ08e9.ltrans0.ltrans.o
 *fill*         0x0000000008002e0c        0x4 
 .text.obqWriteTimeout
                0x0000000008002e10      0x150 /tmp/cchJ08e9.ltrans0.ltrans.o
 .text._write   0x0000000008002f60        0xc /tmp/cchJ08e9.ltrans0.ltrans.o
 *fill*         0x0000000008002f6c        0x4 
 .text._writet  0x0000000008002f70        0x8 /tmp/cchJ08e9.ltrans0.ltrans.o
 *fill*         0x0000000008002f78        0x8 
 .text._put     0x0000000008002f80       0xc0 /tmp/cchJ08e9.ltrans0.ltrans.o
 .text._putt    0x0000000008003040       0xc0 /tmp/cchJ08e9.ltrans0.ltrans.o
 .text.chThdSleep
                0x0000000008003100       0x6c /tmp/cchJ08e9.ltrans0.ltrans.o
 *fill*         0x000000000800316c        0x4 
 .text.GPIB_Thread
                0x0000000008003170       0x88 /tmp/cchJ08e9.ltrans0.ltrans.o
 *fill*         0x00000000080031f8        0x8 
 .text.Thread1  0x0000000008003200       0xec /tmp/cchJ08e9.ltrans0.ltrans.o
 *fill*         0x00000000080032ec        0x4 
 .text.chThdExitS
                0x00000000080032f0       0x6c /tmp/cchJ08e9.ltrans0.ltrans.o
 *fill*         0x000000000800335c        0x4 
 .text.chMtxLockS
                0x0000000008003360      0x100 /tmp/cchJ08e9.ltrans0.ltrans.o
 .text.chSchWakeupS.constprop.0
                0x0000000008003460       0xb4 /tmp/cchJ08e9.ltrans0.ltrans.o
 *fill*         0x0000000008003514        0xc 
 .text.chprintf
                0x0000000008003520      0x438 /tmp/cchJ08e9.ltrans0.ltrans.o
 *fill*         0x0000000008003958        0x8 
 .text.cmd_gpib_cmd
                0x0000000008003960       0x48 /tmp/cchJ08e9.ltrans0.ltrans.o
 *fill*         0x00000000080039a8        0x8 
 .text.cmd_help
                0x00000000080039b0       0x80 /tmp/cchJ08e9.ltrans0.ltrans.o
 .text.cmd_ver  0x0000000008003a30       0x10 /tmp/cchJ08e9.ltrans0.ltrans.o
 .text.cmd_srq  0x0000000008003a40       0x3c /tmp/cchJ08e9.ltrans0.ltrans.o
 *fill*         0x0000000008003a7c        0x4 
 .text.cmd_trg  0x0000000008003a80        0xc /tmp/cchJ08e9.ltrans0.ltrans.o
 *fill*         0x0000000008003a8c        0x4 
 .text.cmd_spoll
                0x0000000008003a90        0xc /tmp/cchJ08e9.ltrans0.ltrans.o
 *fill*         0x0000000008003a9c        0x4 
 .text.cmd_ifc  0x0000000008003aa0        0xc /tmp/cchJ08e9.ltrans0.ltrans.o
 *fill*         0x0000000008003aac        0x4 
 .text.cmd_llc  0x0000000008003ab0        0xc /tmp/cchJ08e9.ltrans0.ltrans.o
 *fill*         0x0000000008003abc        0x4 
 .text.cmd_loc  0x0000000008003ac0        0xc /tmp/cchJ08e9.ltrans0.ltrans.o
 *fill*         0x0000000008003acc        0x4 
 .text.cmd_clr  0x0000000008003ad0        0xc /tmp/cchJ08e9.ltrans0.ltrans.o
 *fill*         0x0000000008003adc        0x4 
 .text.parse_arguments
                0x0000000008003ae0       0x58 /tmp/cchJ08e9.ltrans0.ltrans.o
 *fill*         0x0000000008003b38        0x8 
 .text.cmdexec  0x0000000008003b40       0x58 /tmp/cchJ08e9.ltrans0.ltrans.o
 *fill*         0x0000000008003b98        0x8 
 .text.shellThread
                0x0000000008003ba0      0x570 /tmp/cchJ08e9.ltrans0.ltrans.o
 .text.cmd_addr
                0x0000000008004110       0x5c /tmp/cchJ08e9.ltrans0.ltrans.o
 *fill*         0x000000000800416c        0x4 
 .text.cmd_auto
                0x0000000008004170       0x5c /tmp/cchJ08e9.ltrans0.ltrans.o
 *fill*         0x00000000080041cc        0x4 
 .text.cmd_localecho
                0x00000000080041d0       0x5c /tmp/cchJ08e9.ltrans0.ltrans.o
 *fill*         0x000000000800422c        0x4 
 .text.cmd_eoi  0x0000000008004230       0x5c /tmp/cchJ08e9.ltrans0.ltrans.o
 *fill*         0x000000000800428c        0x4 
 .text.cmd_eos  0x0000000008004290       0x68 /tmp/cchJ08e9.ltrans0.ltrans.o
 *fill*         0x00000000080042f8        0x8 
 .text.cmd_eot  0x0000000008004300       0x5c /tmp/cchJ08e9.ltrans0.ltrans.o
 *fill*         0x000000000800435c        0x4 
 .text.cmd_eot_en
                0x0000000008004360       0x5c /tmp/cchJ08e9.ltrans0.ltrans.o
 *fill*         0x00000000080043bc        0x4 
 .text.cmd_mode
                0x00000000080043c0       0x5c /tmp/cchJ08e9.ltrans0.ltrans.o
 *fill*         0x000000000800441c        0x4 
 .text.cmd_test
                0x0000000008004420       0x40 /tmp/cchJ08e9.ltrans0.ltrans.o
 .text.cmd_debug
                0x0000000008004460      0x10c /tmp/cchJ08e9.ltrans0.ltrans.o
 *fill*         0x000000000800456c        0x4 
 .text.__cpu_init
                0x0000000008004570        0x4 /tmp/cchJ08e9.ltrans0.ltrans.o
                0x0000000008004570                __cpu_init
 *fill*         0x0000000008004574        0xc 
 .text.__late_init
                0x0000000008004580        0x4 /tmp/cchJ08e9.ltrans0.ltrans.o
                0x0000000008004580                __late_init
 *fill*         0x0000000008004584        0xc 
 .text.__default_exit
                0x0000000008004590        0x4 /tmp/cchJ08e9.ltrans0.ltrans.o
                0x0000000008004590                __default_exit
 *fill*         0x0000000008004594        0xc 
 .text.__init_ram_areas
                0x00000000080045a0       0x6c /tmp/cchJ08e9.ltrans0.ltrans.o
                0x00000000080045a0                __init_ram_areas
 *fill*         0x000000000800460c        0x4 
 .text.__dbg_check_lock
                0x0000000008004610       0x24 /tmp/cchJ08e9.ltrans0.ltrans.o
                0x0000000008004610                __dbg_check_lock
 *fill*         0x0000000008004634        0xc 
 .text.__dbg_check_unlock
                0x0000000008004640       0x28 /tmp/cchJ08e9.ltrans0.ltrans.o
                0x0000000008004640                __dbg_check_unlock
 *fill*         0x0000000008004668        0x8 
 .text.chSysUnlock.lto_priv.12
                0x0000000008004670       0x30 /tmp/cchJ08e9.ltrans0.ltrans.o
 .text.Vector58
                0x00000000080046a0       0xe8 /tmp/cchJ08e9.ltrans0.ltrans.o
                0x00000000080046a0                Vector58
 *fill*         0x0000000008004788        0x8 
 .text.Vector5C
                0x0000000008004790       0xe8 /tmp/cchJ08e9.ltrans0.ltrans.o
                0x0000000008004790                Vector5C
 *fill*         0x0000000008004878        0x8 
 .text.Vector60
                0x0000000008004880       0xe8 /tmp/cchJ08e9.ltrans0.ltrans.o
                0x0000000008004880                Vector60
 *fill*         0x0000000008004968        0x8 
 .text.Vector64
                0x0000000008004970       0xe8 /tmp/cchJ08e9.ltrans0.ltrans.o
                0x0000000008004970                Vector64
 *fill*         0x0000000008004a58        0x8 
 .text.Vector68
                0x0000000008004a60       0xe8 /tmp/cchJ08e9.ltrans0.ltrans.o
                0x0000000008004a60                Vector68
 *fill*         0x0000000008004b48        0x8 
 .text.Vector9C
                0x0000000008004b50      0x120 /tmp/cchJ08e9.ltrans0.ltrans.o
                0x0000000008004b50                Vector9C
 .text.VectorE0
                0x0000000008004c70      0x130 /tmp/cchJ08e9.ltrans0.ltrans.o
                0x0000000008004c70                VectorE0
 .text.VectorA0
                0x0000000008004da0       0xc0 /tmp/cchJ08e9.ltrans0.ltrans.o
                0x0000000008004da0                VectorA0
 .text.VectorA4
                0x0000000008004e60       0xc4 /tmp/cchJ08e9.ltrans0.ltrans.o
                0x0000000008004e60                VectorA4
 *fill*         0x0000000008004f24        0xc 
 .text.VectorA8
                0x0000000008004f30       0xc0 /tmp/cchJ08e9.ltrans0.ltrans.o
                0x0000000008004f30                VectorA8
 .text.VectorAC
                0x0000000008004ff0       0xc4 /tmp/cchJ08e9.ltrans0.ltrans.o
                0x0000000008004ff0                VectorAC
 *fill*         0x00000000080050b4        0xc 
 .text.VectorB0
                0x00000000080050c0      0x214 /tmp/cchJ08e9.ltrans0.ltrans.o
                0x00000000080050c0                VectorB0
 *fill*         0x00000000080052d4        0xc 
 .text.Vector14C
                0x00000000080052e0      0x4b0 /tmp/cchJ08e9.ltrans0.ltrans.o
                0x00000000080052e0                Vector14C
 .text.__early_init
                0x0000000008005790      0x204 /tmp/cchJ08e9.ltrans0.ltrans.o
                0x0000000008005790                __early_init
 *fill*         0x0000000008005994        0xc 
 .text.__sch_reschedule_ahead
                0x00000000080059a0       0x70 /tmp/cchJ08e9.ltrans0.ltrans.o
                0x00000000080059a0                chSchDoPreemption
 .text.chMtxUnlock
                0x0000000008005a10       0xe8 /tmp/cchJ08e9.ltrans0.ltrans.o
 *fill*         0x0000000008005af8        0x8 
 .text.chThdRelease
                0x0000000008005b00      0x1f0 /tmp/cchJ08e9.ltrans0.ltrans.o
 .text.chThdCreateStatic.constprop.0.isra.0
                0x0000000008005cf0      0x1a0 /tmp/cchJ08e9.ltrans0.ltrans.o
 .text.DebugThread1
                0x0000000008005e90      0x214 /tmp/cchJ08e9.ltrans0.ltrans.o
 *fill*         0x00000000080060a4        0xc 
 .text.chThdExit
                0x00000000080060b0       0x2c /tmp/cchJ08e9.ltrans0.ltrans.o
                0x00000000080060b0                chThdExit
 *fill*         0x00000000080060dc        0x4 
 .text.SVC_Handler
                0x00000000080060e0       0x14 /tmp/cchJ08e9.ltrans0.ltrans.o
                0x00000000080060e0                SVC_Handler
 *fill*         0x00000000080060f4        0xc 
 .text.startup.main
                0x0000000008006100      0x9ec /tmp/cchJ08e9.ltrans0.ltrans.o
                0x0000000008006100                main
 .text._strtol_l.constprop.0
                0x0000000008006aec      0x140 /home/rob/Data/no_sync/ChibiOS/ChibiStudio/tools/GNU Tools ARM Embedded/11.3.1 2022q3/bin/../lib/gcc/arm-none-eabi/11.3.1/../../../../arm-none-eabi/lib/thumb/v7e-m/nofp/libg.a(libc_a-strtol.o)
 .text.strtol   0x0000000008006c2c       0x18 /home/rob/Data/no_sync/ChibiOS/ChibiStudio/tools/GNU Tools ARM Embedded/11.3.1 2022q3/bin/../lib/gcc/arm-none-eabi/11.3.1/../../../../arm-none-eabi/lib/thumb/v7e-m/nofp/libg.a(libc_a-strtol.o)
                0x0000000008006c2c                strtol
 .text.__errno  0x0000000008006c44        0xc /home/rob/Data/no_sync/ChibiOS/ChibiStudio/tools/GNU Tools ARM Embedded/11.3.1 2022q3/bin/../lib/gcc/arm-none-eabi/11.3.1/../../../../arm-none-eabi/lib/thumb/v7e-m/nofp/libg.a(libc_a-errno.o)
                0x0000000008006c44                __errno
 .text.memset   0x0000000008006c50       0xa4 /home/rob/Data/no_sync/ChibiOS/ChibiStudio/tools/GNU Tools ARM Embedded/11.3.1 2022q3/bin/../lib/gcc/arm-none-eabi/11.3.1/../../../../arm-none-eabi/lib/thumb/v7e-m/nofp/libg.a(libc_a-memset.o)
                0x0000000008006c50                memset
 .text.strpbrk  0x0000000008006cf4       0x38 /home/rob/Data/no_sync/ChibiOS/ChibiStudio/tools/GNU Tools ARM Embedded/11.3.1 2022q3/bin/../lib/gcc/arm-none-eabi/11.3.1/../../../../arm-none-eabi/lib/thumb/v7e-m/nofp/libg.a(libc_a-strpbrk.o)
                0x0000000008006cf4                strpbrk
 .text.strspn   0x0000000008006d2c       0x30 /home/rob/Data/no_sync/ChibiOS/ChibiStudio/tools/GNU Tools ARM Embedded/11.3.1 2022q3/bin/../lib/gcc/arm-none-eabi/11.3.1/../../../../arm-none-eabi/lib/thumb/v7e-m/nofp/libg.a(libc_a-strspn.o)
                0x0000000008006d2c                strspn
 .text.critical_factorization
                0x0000000008006d5c       0xc8 /home/rob/Data/no_sync/ChibiOS/ChibiStudio/tools/GNU Tools ARM Embedded/11.3.1 2022q3/bin/../lib/gcc/arm-none-eabi/11.3.1/../../../../arm-none-eabi/lib/thumb/v7e-m/nofp/libg.a(libc_a-strstr.o)
 .text.two_way_long_needle
                0x0000000008006e24      0x1fc /home/rob/Data/no_sync/ChibiOS/ChibiStudio/tools/GNU Tools ARM Embedded/11.3.1 2022q3/bin/../lib/gcc/arm-none-eabi/11.3.1/../../../../arm-none-eabi/lib/thumb/v7e-m/nofp/libg.a(libc_a-strstr.o)
 .text.strstr   0x0000000008007020      0x168 /home/rob/Data/no_sync/ChibiOS/ChibiStudio/tools/GNU Tools ARM Embedded/11.3.1 2022q3/bin/../lib/gcc/arm-none-eabi/11.3.1/../../../../arm-none-eabi/lib/thumb/v7e-m/nofp/libg.a(libc_a-strstr.o)
                0x0000000008007020                strstr
 .text.memcmp   0x0000000008007188       0x64 /home/rob/Data/no_sync/ChibiOS/ChibiStudio/tools/GNU Tools ARM Embedded/11.3.1 2022q3/bin/../lib/gcc/arm-none-eabi/11.3.1/../../../../arm-none-eabi/lib/thumb/v7e-m/nofp/libg.a(libc_a-memcmp.o)
                0x0000000008007188                memcmp
 .text.strchr   0x00000000080071ec       0xcc /home/rob/Data/no_sync/ChibiOS/ChibiStudio/tools/GNU Tools ARM Embedded/11.3.1 2022q3/bin/../lib/gcc/arm-none-eabi/11.3.1/../../../../arm-none-eabi/lib/thumb/v7e-m/nofp/libg.a(libc_a-strchr.o)
                0x00000000080071ec                strchr
 .text.strnlen  0x00000000080072b8       0x24 /home/rob/Data/no_sync/ChibiOS/ChibiStudio/tools/GNU Tools ARM Embedded/11.3.1 2022q3/bin/../lib/gcc/arm-none-eabi/11.3.1/../../../../arm-none-eabi/lib/thumb/v7e-m/nofp/libg.a(libc_a-strnlen.o)
                0x00000000080072b8                strnlen
 *(.glue_7t)
 .glue_7t       0x00000000080072dc        0x0 linker stubs
 *(.glue_7)
 .glue_7        0x00000000080072dc        0x0 linker stubs
 *(.gcc*)
                0x00000000080072dc                __text_end__ = .

.vfp11_veneer   0x00000000080072dc        0x0
 .vfp11_veneer  0x00000000080072dc        0x0 linker stubs

.v4_bx          0x00000000080072dc        0x0
 .v4_bx         0x00000000080072dc        0x0 linker stubs

.iplt           0x00000000080072dc        0x0
 .iplt          0x00000000080072dc        0x0 ./build/obj/crt0_v7m.o

.rodata         0x00000000080072dc     0x1268
                0x00000000080072dc                __rodata_base__ = .
 *(.rodata)
 *(.rodata.*)
 .rodata.ibqReleaseEmptyBufferS.str1.4
                0x00000000080072dc        0x6 /tmp/cchJ08e9.ltrans0.ltrans.o
 *fill*         0x00000000080072e2        0x2 
 .rodata.usbDisableEndpointsI.str1.4
                0x00000000080072e4        0x6 /tmp/cchJ08e9.ltrans0.ltrans.o
 *fill*         0x00000000080072ea        0x2 
 .rodata._usb_ep0in.str1.4
                0x00000000080072ec        0x5 /tmp/cchJ08e9.ltrans0.ltrans.o
 *fill*         0x00000000080072f1        0x3 
 .rodata.chCoreAllocFromTop.str1.4
                0x00000000080072f4        0x5 /tmp/cchJ08e9.ltrans0.ltrans.o
 *fill*         0x00000000080072f9        0x3 
 .rodata.sof_handler.str1.4
                0x00000000080072fc        0x5 /tmp/cchJ08e9.ltrans0.ltrans.o
 *fill*         0x0000000008007301        0x3 
 .rodata.chSchGoSleepS.str1.4
                0x0000000008007304        0xf /tmp/cchJ08e9.ltrans0.ltrans.o
 *fill*         0x0000000008007313        0x1 
 .rodata.ibqReadTimeout.str1.4
                0x0000000008007314        0x5 /tmp/cchJ08e9.ltrans0.ltrans.o
 *fill*         0x0000000008007319        0x3 
 .rodata.GPIB_Thread.str1.4
                0x000000000800731c        0xc /tmp/cchJ08e9.ltrans0.ltrans.o
 .rodata.Thread1.str1.4
                0x0000000008007328        0x8 /tmp/cchJ08e9.ltrans0.ltrans.o
 .rodata.chprintf.str1.4
                0x0000000008007330        0x7 /tmp/cchJ08e9.ltrans0.ltrans.o
 *fill*         0x0000000008007337        0x1 
 .rodata.cmd_gpib_cmd.str1.4
                0x0000000008007338       0x2e /tmp/cchJ08e9.ltrans0.ltrans.o
 *fill*         0x0000000008007366        0x2 
 .rodata.cmd_help.str1.4
                0x0000000008007368      0x29c /tmp/cchJ08e9.ltrans0.ltrans.o
 .rodata.cmd_ver.str1.4
                0x0000000008007604       0x2d /tmp/cchJ08e9.ltrans0.ltrans.o
 *fill*         0x0000000008007631        0x3 
 .rodata.cmd_srq.str1.4
                0x0000000008007634       0x23 /tmp/cchJ08e9.ltrans0.ltrans.o
 *fill*         0x0000000008007657        0x1 
 .rodata.cmd_trg.str1.4
                0x0000000008007658        0xb /tmp/cchJ08e9.ltrans0.ltrans.o
 *fill*         0x0000000008007663        0x1 
 .rodata.cmd_spoll.str1.4
                0x0000000008007664        0xd /tmp/cchJ08e9.ltrans0.ltrans.o
 *fill*         0x0000000008007671        0x3 
 .rodata.cmd_ifc.str1.4
                0x0000000008007674        0xb /tmp/cchJ08e9.ltrans0.ltrans.o
 *fill*         0x000000000800767f        0x1 
 .rodata.cmd_llc.str1.4
                0x0000000008007680        0xb /tmp/cchJ08e9.ltrans0.ltrans.o
 *fill*         0x000000000800768b        0x1 
 .rodata.cmd_loc.str1.4
                0x000000000800768c        0xb /tmp/cchJ08e9.ltrans0.ltrans.o
 *fill*         0x0000000008007697        0x1 
 .rodata.cmd_clr.str1.4
                0x0000000008007698        0xb /tmp/cchJ08e9.ltrans0.ltrans.o
 *fill*         0x00000000080076a3        0x1 
 .rodata.parse_arguments.str1.4
                0x00000000080076a4        0x3 /tmp/cchJ08e9.ltrans0.ltrans.o
 *fill*         0x00000000080076a7        0x1 
 .rodata.shellThread.str1.4
                0x00000000080076a8       0x6d /tmp/cchJ08e9.ltrans0.ltrans.o
                                         0x71 (size before relaxing)
 *fill*         0x0000000008007715        0x3 
 .rodata.cmd_addr.str1.4
                0x0000000008007718       0x81 /tmp/cchJ08e9.ltrans0.ltrans.o
 *fill*         0x0000000008007799        0x3 
 .rodata.cmd_auto.str1.4
                0x000000000800779c       0x56 /tmp/cchJ08e9.ltrans0.ltrans.o
 *fill*         0x00000000080077f2        0x2 
 .rodata.cmd_localecho.str1.4
                0x00000000080077f4       0x53 /tmp/cchJ08e9.ltrans0.ltrans.o
 *fill*         0x0000000008007847        0x1 
 .rodata.cmd_eoi.str1.4
                0x0000000008007848       0x45 /tmp/cchJ08e9.ltrans0.ltrans.o
 *fill*         0x000000000800788d        0x3 
 .rodata.cmd_eos.str1.4
                0x0000000008007890       0x22 /tmp/cchJ08e9.ltrans0.ltrans.o
 *fill*         0x00000000080078b2        0x2 
 .rodata.cmd_eot.str1.4
                0x00000000080078b4       0x53 /tmp/cchJ08e9.ltrans0.ltrans.o
 *fill*         0x0000000008007907        0x1 
 .rodata.cmd_eot_en.str1.4
                0x0000000008007908       0x45 /tmp/cchJ08e9.ltrans0.ltrans.o
 *fill*         0x000000000800794d        0x3 
 .rodata.cmd_mode.str1.4
                0x0000000008007950       0x46 /tmp/cchJ08e9.ltrans0.ltrans.o
 *fill*         0x0000000008007996        0x2 
 .rodata.cmd_test.str1.4
                0x0000000008007998       0x49 /tmp/cchJ08e9.ltrans0.ltrans.o
 *fill*         0x00000000080079e1        0x3 
 .rodata.cmd_debug.str1.4
                0x00000000080079e4      0x180 /tmp/cchJ08e9.ltrans0.ltrans.o
 .rodata.Vector58.str1.4
                0x0000000008007b64        0xd /tmp/cchJ08e9.ltrans0.ltrans.o
 *fill*         0x0000000008007b71        0x3 
 .rodata.chThdCreateStatic.constprop.0.isra.0.str1.4
                0x0000000008007b74        0x7 /tmp/cchJ08e9.ltrans0.ltrans.o
 *fill*         0x0000000008007b7b        0x1 
 .rodata.DebugThread1.str1.4
                0x0000000008007b7c       0x4a /tmp/cchJ08e9.ltrans0.ltrans.o
 *fill*         0x0000000008007bc6        0x2 
 .rodata.main.str1.4
                0x0000000008007bc8        0xf /tmp/cchJ08e9.ltrans0.ltrans.o
 *fill*         0x0000000008007bd7        0x1 
 .rodata.str1.4
                0x0000000008007bd8       0xb3 /tmp/cchJ08e9.ltrans0.ltrans.o
 *fill*         0x0000000008007c8b        0x1 
 .rodata.__func__.0.lto_priv.0
                0x0000000008007c8c       0x10 /tmp/cchJ08e9.ltrans0.ltrans.o
 .rodata.__func__.0.lto_priv.1
                0x0000000008007c9c        0xc /tmp/cchJ08e9.ltrans0.ltrans.o
 .rodata.__func__.0.lto_priv.10
                0x0000000008007ca8       0x10 /tmp/cchJ08e9.ltrans0.ltrans.o
 .rodata.__func__.0.lto_priv.11
                0x0000000008007cb8        0xc /tmp/cchJ08e9.ltrans0.ltrans.o
 .rodata.__func__.0.lto_priv.12
                0x0000000008007cc4        0xc /tmp/cchJ08e9.ltrans0.ltrans.o
 .rodata.__func__.0.lto_priv.2
                0x0000000008007cd0        0xc /tmp/cchJ08e9.ltrans0.ltrans.o
 .rodata.__func__.0.lto_priv.3
                0x0000000008007cdc        0x9 /tmp/cchJ08e9.ltrans0.ltrans.o
 *fill*         0x0000000008007ce5        0x3 
 .rodata.__func__.0.lto_priv.4
                0x0000000008007ce8       0x19 /tmp/cchJ08e9.ltrans0.ltrans.o
 *fill*         0x0000000008007d01        0x3 
 .rodata.__func__.0.lto_priv.5
                0x0000000008007d04        0xe /tmp/cchJ08e9.ltrans0.ltrans.o
 *fill*         0x0000000008007d12        0x2 
 .rodata.__func__.0.lto_priv.6
                0x0000000008007d14       0x14 /tmp/cchJ08e9.ltrans0.ltrans.o
 .rodata.__func__.0.lto_priv.7
                0x0000000008007d28       0x12 /tmp/cchJ08e9.ltrans0.ltrans.o
 *fill*         0x0000000008007d3a        0x2 
 .rodata.__func__.0.lto_priv.9
                0x0000000008007d3c       0x14 /tmp/cchJ08e9.ltrans0.ltrans.o
 .rodata.__func__.1.lto_priv.0
                0x0000000008007d50        0xb /tmp/cchJ08e9.ltrans0.ltrans.o
 *fill*         0x0000000008007d5b        0x1 
 .rodata.__func__.1.lto_priv.1
                0x0000000008007d5c       0x13 /tmp/cchJ08e9.ltrans0.ltrans.o
 *fill*         0x0000000008007d6f        0x1 
 .rodata.__func__.1.lto_priv.10
                0x0000000008007d70        0xc /tmp/cchJ08e9.ltrans0.ltrans.o
 .rodata.__func__.1.lto_priv.12
                0x0000000008007d7c        0xc /tmp/cchJ08e9.ltrans0.ltrans.o
 .rodata.__func__.1.lto_priv.14
                0x0000000008007d88       0x14 /tmp/cchJ08e9.ltrans0.ltrans.o
 .rodata.__func__.1.lto_priv.15
                0x0000000008007d9c        0xb /tmp/cchJ08e9.ltrans0.ltrans.o
 *fill*         0x0000000008007da7        0x1 
 .rodata.__func__.1.lto_priv.16
                0x0000000008007da8        0xc /tmp/cchJ08e9.ltrans0.ltrans.o
 .rodata.__func__.1.lto_priv.2
                0x0000000008007db4        0xb /tmp/cchJ08e9.ltrans0.ltrans.o
 *fill*         0x0000000008007dbf        0x1 
 .rodata.__func__.1.lto_priv.3
                0x0000000008007dc0        0x9 /tmp/cchJ08e9.ltrans0.ltrans.o
 *fill*         0x0000000008007dc9        0x3 
 .rodata.__func__.1.lto_priv.4
                0x0000000008007dcc       0x18 /tmp/cchJ08e9.ltrans0.ltrans.o
 .rodata.__func__.1.lto_priv.5
                0x0000000008007de4       0x1b /tmp/cchJ08e9.ltrans0.ltrans.o
 *fill*         0x0000000008007dff        0x1 
 .rodata.__func__.1.lto_priv.6
                0x0000000008007e00        0xc /tmp/cchJ08e9.ltrans0.ltrans.o
 .rodata.__func__.1.lto_priv.7
                0x0000000008007e0c        0xc /tmp/cchJ08e9.ltrans0.ltrans.o
 .rodata.__func__.1.lto_priv.8
                0x0000000008007e18        0xd /tmp/cchJ08e9.ltrans0.ltrans.o
 *fill*         0x0000000008007e25        0x3 
 .rodata.__func__.1.lto_priv.9
                0x0000000008007e28        0xc /tmp/cchJ08e9.ltrans0.ltrans.o
 .rodata.__func__.10.lto_priv.1
                0x0000000008007e34        0x9 /tmp/cchJ08e9.ltrans0.ltrans.o
 *fill*         0x0000000008007e3d        0x3 
 .rodata.__func__.10.lto_priv.2
                0x0000000008007e40        0x9 /tmp/cchJ08e9.ltrans0.ltrans.o
 *fill*         0x0000000008007e49        0x3 
 .rodata.__func__.10.lto_priv.3
                0x0000000008007e4c        0xb /tmp/cchJ08e9.ltrans0.ltrans.o
 *fill*         0x0000000008007e57        0x1 
 .rodata.__func__.11.lto_priv.0
                0x0000000008007e58        0x9 /tmp/cchJ08e9.ltrans0.ltrans.o
 *fill*         0x0000000008007e61        0x3 
 .rodata.__func__.11.lto_priv.1
                0x0000000008007e64        0xd /tmp/cchJ08e9.ltrans0.ltrans.o
 *fill*         0x0000000008007e71        0x3 
 .rodata.__func__.14
                0x0000000008007e74       0x12 /tmp/cchJ08e9.ltrans0.ltrans.o
 *fill*         0x0000000008007e86        0x2 
 .rodata.__func__.16
                0x0000000008007e88        0xc /tmp/cchJ08e9.ltrans0.ltrans.o
 .rodata.__func__.18
                0x0000000008007e94       0x16 /tmp/cchJ08e9.ltrans0.ltrans.o
 *fill*         0x0000000008007eaa        0x2 
 .rodata.__func__.2.lto_priv.0
                0x0000000008007eac        0xd /tmp/cchJ08e9.ltrans0.ltrans.o
 *fill*         0x0000000008007eb9        0x3 
 .rodata.__func__.2.lto_priv.1
                0x0000000008007ebc       0x1a /tmp/cchJ08e9.ltrans0.ltrans.o
 *fill*         0x0000000008007ed6        0x2 
 .rodata.__func__.2.lto_priv.2
                0x0000000008007ed8        0xc /tmp/cchJ08e9.ltrans0.ltrans.o
 .rodata.__func__.2.lto_priv.3
                0x0000000008007ee4        0x9 /tmp/cchJ08e9.ltrans0.ltrans.o
 *fill*         0x0000000008007eed        0x3 
 .rodata.__func__.2.lto_priv.4
                0x0000000008007ef0        0xa /tmp/cchJ08e9.ltrans0.ltrans.o
 *fill*         0x0000000008007efa        0x2 
 .rodata.__func__.2.lto_priv.5
                0x0000000008007efc        0xe /tmp/cchJ08e9.ltrans0.ltrans.o
 *fill*         0x0000000008007f0a        0x2 
 .rodata.__func__.2.lto_priv.8
                0x0000000008007f0c        0xc /tmp/cchJ08e9.ltrans0.ltrans.o
 .rodata.__func__.3.lto_priv.0
                0x0000000008007f18       0x17 /tmp/cchJ08e9.ltrans0.ltrans.o
 *fill*         0x0000000008007f2f        0x1 
 .rodata.__func__.3.lto_priv.1
                0x0000000008007f30        0x9 /tmp/cchJ08e9.ltrans0.ltrans.o
 *fill*         0x0000000008007f39        0x3 
 .rodata.__func__.3.lto_priv.2
                0x0000000008007f3c        0x9 /tmp/cchJ08e9.ltrans0.ltrans.o
 *fill*         0x0000000008007f45        0x3 
 .rodata.__func__.3.lto_priv.3
                0x0000000008007f48        0xd /tmp/cchJ08e9.ltrans0.ltrans.o
 *fill*         0x0000000008007f55        0x3 
 .rodata.__func__.3.lto_priv.4
                0x0000000008007f58       0x13 /tmp/cchJ08e9.ltrans0.ltrans.o
 *fill*         0x0000000008007f6b        0x1 
 .rodata.__func__.3.lto_priv.5
                0x0000000008007f6c        0xb /tmp/cchJ08e9.ltrans0.ltrans.o
 *fill*         0x0000000008007f77        0x1 
 .rodata.__func__.3.lto_priv.6
                0x0000000008007f78        0xd /tmp/cchJ08e9.ltrans0.ltrans.o
 *fill*         0x0000000008007f85        0x3 
 .rodata.__func__.4.lto_priv.1
                0x0000000008007f88        0x5 /tmp/cchJ08e9.ltrans0.ltrans.o
 *fill*         0x0000000008007f8d        0x3 
 .rodata.__func__.4.lto_priv.2
                0x0000000008007f90       0x12 /tmp/cchJ08e9.ltrans0.ltrans.o
 *fill*         0x0000000008007fa2        0x2 
 .rodata.__func__.4.lto_priv.3
                0x0000000008007fa4        0x9 /tmp/cchJ08e9.ltrans0.ltrans.o
 *fill*         0x0000000008007fad        0x3 
 .rodata.__func__.4.lto_priv.4
                0x0000000008007fb0        0xc /tmp/cchJ08e9.ltrans0.ltrans.o
 .rodata.__func__.4.lto_priv.5
                0x0000000008007fbc        0xc /tmp/cchJ08e9.ltrans0.ltrans.o
 .rodata.__func__.5.lto_priv.0
                0x0000000008007fc8        0xf /tmp/cchJ08e9.ltrans0.ltrans.o
 *fill*         0x0000000008007fd7        0x1 
 .rodata.__func__.5.lto_priv.1
                0x0000000008007fd8        0x9 /tmp/cchJ08e9.ltrans0.ltrans.o
 *fill*         0x0000000008007fe1        0x3 
 .rodata.__func__.5.lto_priv.2
                0x0000000008007fe4       0x11 /tmp/cchJ08e9.ltrans0.ltrans.o
 *fill*         0x0000000008007ff5        0x3 
 .rodata.__func__.5.lto_priv.3
                0x0000000008007ff8        0x9 /tmp/cchJ08e9.ltrans0.ltrans.o
 *fill*         0x0000000008008001        0x3 
 .rodata.__func__.5.lto_priv.4
                0x0000000008008004       0x10 /tmp/cchJ08e9.ltrans0.ltrans.o
 .rodata.__func__.6.lto_priv.0
                0x0000000008008014       0x17 /tmp/cchJ08e9.ltrans0.ltrans.o
 *fill*         0x000000000800802b        0x1 
 .rodata.__func__.6.lto_priv.1
                0x000000000800802c       0x15 /tmp/cchJ08e9.ltrans0.ltrans.o
 *fill*         0x0000000008008041        0x3 
 .rodata.__func__.6.lto_priv.2
                0x0000000008008044        0x9 /tmp/cchJ08e9.ltrans0.ltrans.o
 *fill*         0x000000000800804d        0x3 
 .rodata.__func__.6.lto_priv.3
                0x0000000008008050        0xb /tmp/cchJ08e9.ltrans0.ltrans.o
 *fill*         0x000000000800805b        0x1 
 .rodata.__func__.7.lto_priv.0
                0x000000000800805c       0x19 /tmp/cchJ08e9.ltrans0.ltrans.o
 *fill*         0x0000000008008075        0x3 
 .rodata.__func__.7.lto_priv.1
                0x0000000008008078       0x11 /tmp/cchJ08e9.ltrans0.ltrans.o
 *fill*         0x0000000008008089        0x3 
 .rodata.__func__.7.lto_priv.2
                0x000000000800808c        0x9 /tmp/cchJ08e9.ltrans0.ltrans.o
 *fill*         0x0000000008008095        0x3 
 .rodata.__func__.7.lto_priv.4
                0x0000000008008098        0xc /tmp/cchJ08e9.ltrans0.ltrans.o
 .rodata.__func__.7.lto_priv.5
                0x00000000080080a4        0xc /tmp/cchJ08e9.ltrans0.ltrans.o
 .rodata.__func__.8.lto_priv.0
                0x00000000080080b0        0xc /tmp/cchJ08e9.ltrans0.ltrans.o
 .rodata.__func__.8.lto_priv.1
                0x00000000080080bc        0x9 /tmp/cchJ08e9.ltrans0.ltrans.o
 *fill*         0x00000000080080c5        0x3 
 .rodata.__func__.9.lto_priv.0
                0x00000000080080c8       0x13 /tmp/cchJ08e9.ltrans0.ltrans.o
 *fill*         0x00000000080080db        0x1 
 .rodata.__func__.9.lto_priv.1
                0x00000000080080dc        0xc /tmp/cchJ08e9.ltrans0.ltrans.o
 .rodata.__func__.9.lto_priv.2
                0x00000000080080e8        0x9 /tmp/cchJ08e9.ltrans0.ltrans.o
 *fill*         0x00000000080080f1        0x3 
 .rodata.active_status
                0x00000000080080f4        0x2 /tmp/cchJ08e9.ltrans0.ltrans.o
 *fill*         0x00000000080080f6        0x2 
 .rodata.ch_core0_cfg
                0x00000000080080f8       0x14 /tmp/cchJ08e9.ltrans0.ltrans.o
 .rodata.ch_debug
                0x000000000800810c       0x2c /tmp/cchJ08e9.ltrans0.ltrans.o
 .rodata.commands
                0x0000000008008138       0xb0 /tmp/cchJ08e9.ltrans0.ltrans.o
 .rodata.ep0config
                0x00000000080081e8       0x24 /tmp/cchJ08e9.ltrans0.ltrans.o
 .rodata.ep1config
                0x000000000800820c       0x24 /tmp/cchJ08e9.ltrans0.ltrans.o
 .rodata.ep2config
                0x0000000008008230       0x24 /tmp/cchJ08e9.ltrans0.ltrans.o
 .rodata.fsparams
                0x0000000008008254        0xc /tmp/cchJ08e9.ltrans0.ltrans.o
 .rodata.halted_status
                0x0000000008008260        0x2 /tmp/cchJ08e9.ltrans0.ltrans.o
 *fill*         0x0000000008008262        0x2 
 .rodata.ram_areas
                0x0000000008008264       0x80 /tmp/cchJ08e9.ltrans0.ltrans.o
 .rodata.serusbcfg1
                0x00000000080082e4        0x8 /tmp/cchJ08e9.ltrans0.ltrans.o
 .rodata.shell_cfg1
                0x00000000080082ec       0x14 /tmp/cchJ08e9.ltrans0.ltrans.o
 .rodata.shell_local_commands
                0x0000000008008300        0x8 /tmp/cchJ08e9.ltrans0.ltrans.o
 .rodata.usbcfg
                0x0000000008008308       0x10 /tmp/cchJ08e9.ltrans0.ltrans.o
 .rodata.vcom_configuration_descriptor
                0x0000000008008318        0x8 /tmp/cchJ08e9.ltrans0.ltrans.o
 .rodata.vcom_configuration_descriptor_data
                0x0000000008008320       0x4b /tmp/cchJ08e9.ltrans0.ltrans.o
 *fill*         0x000000000800836b        0x1 
 .rodata.vcom_device_descriptor
                0x000000000800836c        0x8 /tmp/cchJ08e9.ltrans0.ltrans.o
 .rodata.vcom_device_descriptor_data
                0x0000000008008374       0x12 /tmp/cchJ08e9.ltrans0.ltrans.o
 *fill*         0x0000000008008386        0x2 
 .rodata.vcom_string0
                0x0000000008008388        0x4 /tmp/cchJ08e9.ltrans0.ltrans.o
 .rodata.vcom_string1
                0x000000000800838c       0x26 /tmp/cchJ08e9.ltrans0.ltrans.o
 *fill*         0x00000000080083b2        0x2 
 .rodata.vcom_string2
                0x00000000080083b4       0x38 /tmp/cchJ08e9.ltrans0.ltrans.o
 .rodata.vcom_string3
                0x00000000080083ec        0x8 /tmp/cchJ08e9.ltrans0.ltrans.o
 .rodata.vcom_strings
                0x00000000080083f4       0x20 /tmp/cchJ08e9.ltrans0.ltrans.o
 .rodata.vmt    0x0000000008008414       0x28 /tmp/cchJ08e9.ltrans0.ltrans.o
 .rodata.zero_status
                0x000000000800843c        0x2 /tmp/cchJ08e9.ltrans0.ltrans.o
 *fill*         0x000000000800843e        0x2 
 .rodata._ctype_
                0x0000000008008440      0x101 /home/rob/Data/no_sync/ChibiOS/ChibiStudio/tools/GNU Tools ARM Embedded/11.3.1 2022q3/bin/../lib/gcc/arm-none-eabi/11.3.1/../../../../arm-none-eabi/lib/thumb/v7e-m/nofp/libg.a(libc_a-ctype_.o)
                0x0000000008008440                _ctype_
                0x0000000008008544                . = ALIGN (0x4)
 *fill*         0x0000000008008541        0x3 
                0x0000000008008544                __rodata_end__ = .

.rel.dyn        0x0000000008008544        0x0
 .rel.iplt      0x0000000008008544        0x0 ./build/obj/crt0_v7m.o

.ARM.extab
 *(.ARM.extab* .gnu.linkonce.armextab.*)

.ARM.exidx      0x0000000008008544        0x0
                0x0000000008008544                __exidx_base__ = .
                0x0000000008008544                __exidx_start = .
 *(.ARM.exidx* .gnu.linkonce.armexidx.*)
                0x0000000008008544                __exidx_end__ = .
                0x0000000008008544                __exidx_end = .

.eh_frame_hdr
 *(.eh_frame_hdr)

.eh_frame
 *(.eh_frame)

.data           0x0000000020000800      0x134 load address 0x0000000008008544
                [!provide]                        PROVIDE (_textdata = LOADADDR (.data))
                [!provide]                        PROVIDE (_data = .)
                0x0000000008008544                __textdata_base__ = LOADADDR (.data)
                0x0000000020000800                __data_base__ = .
 *(.data)
 *(.data.*)
 .data.autoread
                0x0000000020000800        0x1 /tmp/cchJ08e9.ltrans0.ltrans.o
 *fill*         0x0000000020000801        0x3 
 .data.linecoding
                0x0000000020000804        0x7 /tmp/cchJ08e9.ltrans0.ltrans.o
 .data.localecho
                0x000000002000080b        0x1 /tmp/cchJ08e9.ltrans0.ltrans.o
 *fill*         0x000000002000080c        0x4 
 .data._impure_data
                0x0000000020000810      0x120 /home/rob/Data/no_sync/ChibiOS/ChibiStudio/tools/GNU Tools ARM Embedded/11.3.1 2022q3/bin/../lib/gcc/arm-none-eabi/11.3.1/../../../../arm-none-eabi/lib/thumb/v7e-m/nofp/libg.a(libc_a-impure.o)
                0x0000000020000810                _impure_data
 .data._impure_ptr
                0x0000000020000930        0x4 /home/rob/Data/no_sync/ChibiOS/ChibiStudio/tools/GNU Tools ARM Embedded/11.3.1 2022q3/bin/../lib/gcc/arm-none-eabi/11.3.1/../../../../arm-none-eabi/lib/thumb/v7e-m/nofp/libg.a(libc_a-impure.o)
                0x0000000020000930                _impure_ptr
 *(.ramtext)
                0x0000000020000934                . = ALIGN (0x4)
                [!provide]                        PROVIDE (_edata = .)
                0x0000000020000934                __data_end__ = .

.igot.plt       0x0000000020000934        0x0 load address 0x0000000008008678
 .igot.plt      0x0000000020000934        0x0 ./build/obj/crt0_v7m.o

.bss            0x0000000020000938     0x1850 load address 0x0000000008008678
                0x0000000020000938                __bss_base__ = .
 *(.bss)
 *(.bss.*)
 .bss.ICUD1     0x0000000020000938       0x18 /tmp/cchJ08e9.ltrans0.ltrans.o
 .bss.SDU1      0x0000000020000950      0x490 /tmp/cchJ08e9.ltrans0.ltrans.o
 .bss.USBD1     0x0000000020000de0       0x60 /tmp/cchJ08e9.ltrans0.ltrans.o
 .bss._pal_events
                0x0000000020000e40       0x80 /tmp/cchJ08e9.ltrans0.ltrans.o
 .bss.btn_cnt   0x0000000020000ec0        0x1 /tmp/cchJ08e9.ltrans0.ltrans.o
 .bss.btn_second_edge
                0x0000000020000ec1        0x1 /tmp/cchJ08e9.ltrans0.ltrans.o
 *fill*         0x0000000020000ec2        0x6 
 .bss.ch0       0x0000000020000ec8      0x8a0 /tmp/cchJ08e9.ltrans0.ltrans.o
 .bss.ch_c0_idle_thread_wa
                0x0000000020001768      0x130 /tmp/cchJ08e9.ltrans0.ltrans.o
 .bss.ch_factory
                0x0000000020001898       0x48 /tmp/cchJ08e9.ltrans0.ltrans.o
 .bss.ch_memcore
                0x00000000200018e0        0x8 /tmp/cchJ08e9.ltrans0.ltrans.o
 .bss.ch_system
                0x00000000200018e8        0xc /tmp/cchJ08e9.ltrans0.ltrans.o
 .bss.completion_buffer
                0x00000000200018f4       0x10 /tmp/cchJ08e9.ltrans0.ltrans.o
 .bss.debuglevel
                0x0000000020001904        0x1 /tmp/cchJ08e9.ltrans0.ltrans.o
 *fill*         0x0000000020001905        0x3 
 .bss.default_heap
                0x0000000020001908       0x24 /tmp/cchJ08e9.ltrans0.ltrans.o
 .bss.eoiUse    0x000000002000192c        0x1 /tmp/cchJ08e9.ltrans0.ltrans.o
 .bss.eos_code  0x000000002000192d        0x1 /tmp/cchJ08e9.ltrans0.ltrans.o
 .bss.eot_char  0x000000002000192e        0x1 /tmp/cchJ08e9.ltrans0.ltrans.o
 .bss.eot_enable
                0x000000002000192f        0x1 /tmp/cchJ08e9.ltrans0.ltrans.o
 .bss.ep0_state
                0x0000000020001930       0x10 /tmp/cchJ08e9.ltrans0.ltrans.o
 .bss.ep0setup_buffer
                0x0000000020001940        0x8 /tmp/cchJ08e9.ltrans0.ltrans.o
 .bss.ep1instate
                0x0000000020001948       0x10 /tmp/cchJ08e9.ltrans0.ltrans.o
 .bss.ep2instate
                0x0000000020001958       0x10 /tmp/cchJ08e9.ltrans0.ltrans.o
 .bss.ep2outstate
                0x0000000020001968       0x10 /tmp/cchJ08e9.ltrans0.ltrans.o
 .bss.history_buffer
                0x0000000020001978      0x200 /tmp/cchJ08e9.ltrans0.ltrans.o
 .bss.mb_dbg    0x0000000020001b78       0x28 /tmp/cchJ08e9.ltrans0.ltrans.o
 .bss.mode      0x0000000020001ba0        0x1 /tmp/cchJ08e9.ltrans0.ltrans.o
 *fill*         0x0000000020001ba1        0x3 
 .bss.msgbuf_dbg
                0x0000000020001ba4       0x20 /tmp/cchJ08e9.ltrans0.ltrans.o
 .bss.partnerAddress
                0x0000000020001bc4        0x1 /tmp/cchJ08e9.ltrans0.ltrans.o
 *fill*         0x0000000020001bc5        0x3 
 .bss.shell_terminated
                0x0000000020001bc8        0x4 /tmp/cchJ08e9.ltrans0.ltrans.o
 .bss.vt        0x0000000020001bcc       0x18 /tmp/cchJ08e9.ltrans0.ltrans.o
 .bss.vt2       0x0000000020001be4       0x18 /tmp/cchJ08e9.ltrans0.ltrans.o
 *fill*         0x0000000020001bfc        0x4 
 .bss.waDebugThread1
                0x0000000020001c00      0x170 /tmp/cchJ08e9.ltrans0.ltrans.o
 .bss.waGPIB_Thread
                0x0000000020001d70      0x170 /tmp/cchJ08e9.ltrans0.ltrans.o
 .bss.waThread1
                0x0000000020001ee0      0x170 /tmp/cchJ08e9.ltrans0.ltrans.o
 .bss.__sf      0x0000000020002050      0x138 /home/rob/Data/no_sync/ChibiOS/ChibiStudio/tools/GNU Tools ARM Embedded/11.3.1 2022q3/bin/../lib/gcc/arm-none-eabi/11.3.1/../../../../arm-none-eabi/lib/thumb/v7e-m/nofp/libg.a(libc_a-findfp.o)
                0x0000000020002050                __sf
 *(COMMON)
                0x0000000020002188                . = ALIGN (0x4)
                0x0000000020002188                __bss_end__ = .
                [!provide]                        PROVIDE (end = .)
                0x0000000020000000                __ram0_base__ = ORIGIN (ram0)
                0x0000000000010000                __ram0_size__ = LENGTH (ram0)
                0x0000000020010000                __ram0_end__ = (__ram0_base__ + __ram0_size__)
                0x0000000000000000                __ram1_base__ = ORIGIN (ram1)
                0x0000000000000000                __ram1_size__ = LENGTH (ram1)
                0x0000000000000000                __ram1_end__ = (__ram1_base__ + __ram1_size__)
                0x0000000000000000                __ram2_base__ = ORIGIN (ram2)
                0x0000000000000000                __ram2_size__ = LENGTH (ram2)
                0x0000000000000000                __ram2_end__ = (__ram2_base__ + __ram2_size__)
                0x0000000000000000                __ram3_base__ = ORIGIN (ram3)
                0x0000000000000000                __ram3_size__ = LENGTH (ram3)
                0x0000000000000000                __ram3_end__ = (__ram3_base__ + __ram3_size__)
                0x0000000000000000                __ram4_base__ = ORIGIN (ram4)
                0x0000000000000000                __ram4_size__ = LENGTH (ram4)
                0x0000000000000000                __ram4_end__ = (__ram4_base__ + __ram4_size__)
                0x0000000000000000                __ram5_base__ = ORIGIN (ram5)
                0x0000000000000000                __ram5_size__ = LENGTH (ram5)
                0x0000000000000000                __ram5_end__ = (__ram5_base__ + __ram5_size__)
                0x0000000000000000                __ram6_base__ = ORIGIN (ram6)
                0x0000000000000000                __ram6_size__ = LENGTH (ram6)
                0x0000000000000000                __ram6_end__ = (__ram6_base__ + __ram6_size__)
                0x0000000000000000                __ram7_base__ = ORIGIN (ram7)
                0x0000000000000000                __ram7_size__ = LENGTH (ram7)
                0x0000000000000000                __ram7_end__ = (__ram7_base__ + __ram7_size__)
                0x0000000008000000                __flash0_base__ = ORIGIN (flash0)
                0x0000000000040000                __flash0_size__ = LENGTH (flash0)
                0x0000000008040000                __flash0_end__ = (__flash0_base__ + __flash0_size__)
                0x0000000000000000                __flash1_base__ = ORIGIN (flash1)
                0x0000000000000000                __flash1_size__ = LENGTH (flash1)
                0x0000000000000000                __flash1_end__ = (__flash1_base__ + __flash1_size__)
                0x0000000000000000                __flash2_base__ = ORIGIN (flash2)
                0x0000000000000000                __flash2_size__ = LENGTH (flash2)
                0x0000000000000000                __flash2_end__ = (__flash2_base__ + __flash2_size__)
                0x0000000000000000                __flash3_base__ = ORIGIN (flash3)
                0x0000000000000000                __flash3_size__ = LENGTH (flash3)
                0x0000000000000000                __flash3_end__ = (__flash3_base__ + __flash3_size__)
                0x0000000000000000                __flash4_base__ = ORIGIN (flash4)
                0x0000000000000000                __flash4_size__ = LENGTH (flash4)
                0x0000000000000000                __flash4_end__ = (__flash4_base__ + __flash4_size__)
                0x0000000000000000                __flash5_base__ = ORIGIN (flash5)
                0x0000000000000000                __flash5_size__ = LENGTH (flash5)
                0x0000000000000000                __flash5_end__ = (__flash5_base__ + __flash5_size__)
                0x0000000000000000                __flash6_base__ = ORIGIN (flash6)
                0x0000000000000000                __flash6_size__ = LENGTH (flash6)
                0x0000000000000000                __flash6_end__ = (__flash6_base__ + __flash6_size__)
                0x0000000000000000                __flash7_base__ = ORIGIN (flash7)
                0x0000000000000000                __flash7_size__ = LENGTH (flash7)
                0x0000000000000000                __flash7_end__ = (__flash7_base__ + __flash7_size__)

.ram0_init      0x0000000020002188        0x0 load address 0x0000000008008678
                0x0000000008008678                __ram0_init_text__ = LOADADDR (.ram0_init)
                0x0000000020002188                __ram0_init__ = .
 *(.ram0_init)
 *(.ram0_init.*)
                0x0000000020002188                . = ALIGN (0x4)

.ram0           0x0000000020002188        0x0 load address 0x0000000008008678
                0x0000000020002188                __ram0_clear__ = .
 *(.ram0_clear)
 *(.ram0_clear.*)
                0x0000000020002188                . = ALIGN (0x4)
                0x0000000020002188                __ram0_noinit__ = .
 *(.ram0)
 *(.ram0.*)
                0x0000000020002188                . = ALIGN (0x4)
                0x0000000020002188                __ram0_free__ = .

.ram1_init      0x0000000000000000        0x0 load address 0x0000000008008678
                0x0000000008008678                __ram1_init_text__ = LOADADDR (.ram1_init)
                0x0000000000000000                __ram1_init__ = .
 *(.ram1_init)
 *(.ram1_init.*)
                0x0000000000000000                . = ALIGN (0x4)

.ram1           0x0000000000000000        0x0 load address 0x0000000008008678
                0x0000000000000000                __ram1_clear__ = .
 *(.ram1_clear)
 *(.ram1_clear.*)
                0x0000000000000000                . = ALIGN (0x4)
                0x0000000000000000                __ram1_noinit__ = .
 *(.ram1)
 *(.ram1.*)
                0x0000000000000000                . = ALIGN (0x4)
                0x0000000000000000                __ram1_free__ = .

.ram2_init      0x0000000000000000        0x0 load address 0x0000000008008678
                0x0000000008008678                __ram2_init_text__ = LOADADDR (.ram2_init)
                0x0000000000000000                __ram2_init__ = .
 *(.ram2_init)
 *(.ram2_init.*)
                0x0000000000000000                . = ALIGN (0x4)

.ram2           0x0000000000000000        0x0 load address 0x0000000008008678
                0x0000000000000000                __ram2_clear__ = .
 *(.ram2_clear)
 *(.ram2_clear.*)
                0x0000000000000000                . = ALIGN (0x4)
                0x0000000000000000                __ram2_noinit__ = .
 *(.ram2)
 *(.ram2.*)
                0x0000000000000000                . = ALIGN (0x4)
                0x0000000000000000                __ram2_free__ = .

.ram3_init      0x0000000000000000        0x0 load address 0x0000000008008678
                0x0000000008008678                __ram3_init_text__ = LOADADDR (.ram3_init)
                0x0000000000000000                __ram3_init__ = .
 *(.ram3_init)
 *(.ram3_init.*)
                0x0000000000000000                . = ALIGN (0x4)

.ram3           0x0000000000000000        0x0 load address 0x0000000008008678
                0x0000000000000000                __ram3_clear__ = .
 *(.ram3_clear)
 *(.ram3_clear.*)
                0x0000000000000000                . = ALIGN (0x4)
                0x0000000000000000                __ram3_noinit__ = .
 *(.ram3)
 *(.ram3.*)
                0x0000000000000000                . = ALIGN (0x4)
                0x0000000000000000                __ram3_free__ = .

.ram4_init      0x0000000000000000        0x0 load address 0x0000000008008678
                0x0000000008008678                __ram4_init_text__ = LOADADDR (.ram4_init)
                0x0000000000000000                __ram4_init__ = .
 *(.ram4_init)
 *(.ram4_init.*)
                0x0000000000000000                . = ALIGN (0x4)

.ram4           0x0000000000000000        0x0 load address 0x0000000008008678
                0x0000000000000000                __ram4_clear__ = .
 *(.ram4_clear)
 *(.ram4_clear.*)
                0x0000000000000000                . = ALIGN (0x4)
                0x0000000000000000                __ram4_noinit__ = .
 *(.ram4)
 *(.ram4.*)
                0x0000000000000000                . = ALIGN (0x4)
                0x0000000000000000                __ram4_free__ = .

.ram5_init      0x0000000000000000        0x0 load address 0x0000000008008678
                0x0000000008008678                __ram5_init_text__ = LOADADDR (.ram5_init)
                0x0000000000000000                __ram5_init__ = .
 *(.ram5_init)
 *(.ram5_init.*)
                0x0000000000000000                . = ALIGN (0x4)

.ram5           0x0000000000000000        0x0 load address 0x0000000008008678
                0x0000000000000000                __ram5_clear__ = .
 *(.ram5_clear)
 *(.ram5_clear.*)
                0x0000000000000000                . = ALIGN (0x4)
                0x0000000000000000                __ram5_noinit__ = .
 *(.ram5)
 *(.ram5.*)
                0x0000000000000000                . = ALIGN (0x4)
                0x0000000000000000                __ram5_free__ = .

.ram6_init      0x0000000000000000        0x0 load address 0x0000000008008678
                0x0000000008008678                __ram6_init_text__ = LOADADDR (.ram6_init)
                0x0000000000000000                __ram6_init__ = .
 *(.ram6_init)
 *(.ram6_init.*)
                0x0000000000000000                . = ALIGN (0x4)

.ram6           0x0000000000000000        0x0 load address 0x0000000008008678
                0x0000000000000000                __ram6_clear__ = .
 *(.ram6_clear)
 *(.ram6_clear.*)
                0x0000000000000000                . = ALIGN (0x4)
                0x0000000000000000                __ram6_noinit__ = .
 *(.ram6)
 *(.ram6.*)
                0x0000000000000000                . = ALIGN (0x4)
                0x0000000000000000                __ram6_free__ = .

.ram7_init      0x0000000000000000        0x0 load address 0x0000000008008678
                0x0000000008008678                __ram7_init_text__ = LOADADDR (.ram7_init)
                0x0000000000000000                __ram7_init__ = .
 *(.ram7_init)
 *(.ram7_init.*)
                0x0000000000000000                . = ALIGN (0x4)

.ram7           0x0000000000000000        0x0 load address 0x0000000008008678
                0x0000000000000000                __ram7_clear__ = .
 *(.ram7_clear)
 *(.ram7_clear.*)
                0x0000000000000000                . = ALIGN (0x4)
                0x0000000000000000                __ram7_noinit__ = .
 *(.ram7)
 *(.ram7.*)
                0x0000000000000000                . = ALIGN (0x4)
                0x0000000000000000                __ram7_free__ = .

.flash0         0x0000000008008678        0x0
                0x0000000008008678                __flash0_init__ = .
 *(.flash0_init)
 *(.flash0_init.*)
                0x0000000008008678                __flash0_free__ = .

.flash1         0x0000000000000000        0x0
                0x0000000000000000                __flash1_init__ = .
 *(.flash1_init)
 *(.flash1_init.*)
                0x0000000000000000                __flash1_free__ = .

.flash2         0x0000000000000000        0x0
                0x0000000000000000                __flash2_init__ = .
 *(.flash2_init)
 *(.flash2_init.*)
                0x0000000000000000                __flash2_free__ = .

.flash3         0x0000000000000000        0x0
                0x0000000000000000                __flash3_init__ = .
 *(.flash3_init)
 *(.flash3_init.*)
                0x0000000000000000                __flash3_free__ = .

.flash4         0x0000000000000000        0x0
                0x0000000000000000                __flash4_init__ = .
 *(.flash4_init)
 *(.flash4_init.*)
                0x0000000000000000                __flash4_free__ = .

.flash5         0x0000000000000000        0x0
                0x0000000000000000                __flash5_init__ = .
 *(.flash5_init)
 *(.flash5_init.*)
                0x0000000000000000                __flash5_free__ = .

.flash6         0x0000000000000000        0x0
                0x0000000000000000                __flash6_init__ = .
 *(.flash6_init)
 *(.flash6_init.*)
                0x0000000000000000                __flash6_free__ = .

.flash7         0x0000000000000000        0x0
                0x0000000000000000                __flash7_init__ = .
 *(.flash7_init)
 *(.flash7_init.*)
                0x0000000000000000                __flash7_free__ = .

.heap           0x0000000020002188     0xde78
                0x0000000020002188                . = ALIGN (0x8)
                0x0000000020002188                __heap_base__ = .
                0x0000000020010000                . = (ORIGIN (HEAP_RAM) + LENGTH (HEAP_RAM))
 *fill*         0x0000000020002188     0xde78 
                0x0000000020010000                __heap_end__ = .
                0x0000000000000400                __process_stack_size__ = 0x400
                0x0000000000000400                __main_stack_size__ = 0x400
START GROUP
LOAD /home/rob/Data/no_sync/ChibiOS/ChibiStudio/tools/GNU Tools ARM Embedded/11.3.1 2022q3/bin/../lib/gcc/arm-none-eabi/11.3.1/thumb/v7e-m/nofp/libgcc.a
LOAD /home/rob/Data/no_sync/ChibiOS/ChibiStudio/tools/GNU Tools ARM Embedded/11.3.1 2022q3/bin/../lib/gcc/arm-none-eabi/11.3.1/../../../../arm-none-eabi/lib/thumb/v7e-m/nofp/libg.a
LOAD /home/rob/Data/no_sync/ChibiOS/ChibiStudio/tools/GNU Tools ARM Embedded/11.3.1 2022q3/bin/../lib/gcc/arm-none-eabi/11.3.1/../../../../arm-none-eabi/lib/thumb/v7e-m/nofp/libc.a
END GROUP
OUTPUT(build/ch.elf elf32-littlearm)
LOAD linker stubs

.ARM.attributes
                0x0000000000000000       0x2f
 .ARM.attributes
                0x0000000000000000       0x21 ./build/obj/crt0_v7m.o
 .ARM.attributes
                0x0000000000000021       0x21 ./build/obj/vectors.o
 .ARM.attributes
                0x0000000000000042       0x21 ./build/obj/chcoreasm.o
 .ARM.attributes
                0x0000000000000063       0x2c /tmp/cchJ08e9.ltrans0.ltrans.o
 .ARM.attributes
                0x000000000000008f       0x2e /home/rob/Data/no_sync/ChibiOS/ChibiStudio/tools/GNU Tools ARM Embedded/11.3.1 2022q3/bin/../lib/gcc/arm-none-eabi/11.3.1/../../../../arm-none-eabi/lib/thumb/v7e-m/nofp/libg.a(libc_a-strtol.o)
 .ARM.attributes
                0x00000000000000bd       0x2e /home/rob/Data/no_sync/ChibiOS/ChibiStudio/tools/GNU Tools ARM Embedded/11.3.1 2022q3/bin/../lib/gcc/arm-none-eabi/11.3.1/../../../../arm-none-eabi/lib/thumb/v7e-m/nofp/libg.a(libc_a-errno.o)
 .ARM.attributes
                0x00000000000000eb       0x2e /home/rob/Data/no_sync/ChibiOS/ChibiStudio/tools/GNU Tools ARM Embedded/11.3.1 2022q3/bin/../lib/gcc/arm-none-eabi/11.3.1/../../../../arm-none-eabi/lib/thumb/v7e-m/nofp/libg.a(libc_a-ctype_.o)
 .ARM.attributes
                0x0000000000000119       0x2e /home/rob/Data/no_sync/ChibiOS/ChibiStudio/tools/GNU Tools ARM Embedded/11.3.1 2022q3/bin/../lib/gcc/arm-none-eabi/11.3.1/../../../../arm-none-eabi/lib/thumb/v7e-m/nofp/libg.a(libc_a-impure.o)
 .ARM.attributes
                0x0000000000000147       0x2e /home/rob/Data/no_sync/ChibiOS/ChibiStudio/tools/GNU Tools ARM Embedded/11.3.1 2022q3/bin/../lib/gcc/arm-none-eabi/11.3.1/../../../../arm-none-eabi/lib/thumb/v7e-m/nofp/libg.a(libc_a-findfp.o)
 .ARM.attributes
                0x0000000000000175       0x2e /home/rob/Data/no_sync/ChibiOS/ChibiStudio/tools/GNU Tools ARM Embedded/11.3.1 2022q3/bin/../lib/gcc/arm-none-eabi/11.3.1/../../../../arm-none-eabi/lib/thumb/v7e-m/nofp/libg.a(libc_a-memset.o)
 .ARM.attributes
                0x00000000000001a3       0x2e /home/rob/Data/no_sync/ChibiOS/ChibiStudio/tools/GNU Tools ARM Embedded/11.3.1 2022q3/bin/../lib/gcc/arm-none-eabi/11.3.1/../../../../arm-none-eabi/lib/thumb/v7e-m/nofp/libg.a(libc_a-strpbrk.o)
 .ARM.attributes
                0x00000000000001d1       0x2e /home/rob/Data/no_sync/ChibiOS/ChibiStudio/tools/GNU Tools ARM Embedded/11.3.1 2022q3/bin/../lib/gcc/arm-none-eabi/11.3.1/../../../../arm-none-eabi/lib/thumb/v7e-m/nofp/libg.a(libc_a-strspn.o)
 .ARM.attributes
                0x00000000000001ff       0x2e /home/rob/Data/no_sync/ChibiOS/ChibiStudio/tools/GNU Tools ARM Embedded/11.3.1 2022q3/bin/../lib/gcc/arm-none-eabi/11.3.1/../../../../arm-none-eabi/lib/thumb/v7e-m/nofp/libg.a(libc_a-strstr.o)
 .ARM.attributes
                0x000000000000022d       0x2e /home/rob/Data/no_sync/ChibiOS/ChibiStudio/tools/GNU Tools ARM Embedded/11.3.1 2022q3/bin/../lib/gcc/arm-none-eabi/11.3.1/../../../../arm-none-eabi/lib/thumb/v7e-m/nofp/libg.a(libc_a-memcmp.o)
 .ARM.attributes
                0x000000000000025b       0x1c /home/rob/Data/no_sync/ChibiOS/ChibiStudio/tools/GNU Tools ARM Embedded/11.3.1 2022q3/bin/../lib/gcc/arm-none-eabi/11.3.1/../../../../arm-none-eabi/lib/thumb/v7e-m/nofp/libg.a(libc_a-strcmp.o)
 .ARM.attributes
                0x0000000000000277       0x2e /home/rob/Data/no_sync/ChibiOS/ChibiStudio/tools/GNU Tools ARM Embedded/11.3.1 2022q3/bin/../lib/gcc/arm-none-eabi/11.3.1/../../../../arm-none-eabi/lib/thumb/v7e-m/nofp/libg.a(libc_a-strchr.o)
 .ARM.attributes
                0x00000000000002a5       0x1c /home/rob/Data/no_sync/ChibiOS/ChibiStudio/tools/GNU Tools ARM Embedded/11.3.1 2022q3/bin/../lib/gcc/arm-none-eabi/11.3.1/../../../../arm-none-eabi/lib/thumb/v7e-m/nofp/libg.a(libc_a-memcpy.o)
 .ARM.attributes
                0x00000000000002c1       0x1c /home/rob/Data/no_sync/ChibiOS/ChibiStudio/tools/GNU Tools ARM Embedded/11.3.1 2022q3/bin/../lib/gcc/arm-none-eabi/11.3.1/../../../../arm-none-eabi/lib/thumb/v7e-m/nofp/libg.a(libc_a-strlen.o)
 .ARM.attributes
                0x00000000000002dd       0x2e /home/rob/Data/no_sync/ChibiOS/ChibiStudio/tools/GNU Tools ARM Embedded/11.3.1 2022q3/bin/../lib/gcc/arm-none-eabi/11.3.1/../../../../arm-none-eabi/lib/thumb/v7e-m/nofp/libg.a(libc_a-strnlen.o)

.comment        0x0000000000000000       0x33
 .comment       0x0000000000000000       0x34 /tmp/cchJ08e9.ltrans0.ltrans.o
 .comment       0x0000000000000000       0x33 /home/rob/Data/no_sync/ChibiOS/ChibiStudio/tools/GNU Tools ARM Embedded/11.3.1 2022q3/bin/../lib/gcc/arm-none-eabi/11.3.1/../../../../arm-none-eabi/lib/thumb/v7e-m/nofp/libg.a(libc_a-strtol.o)
                                         0x34 (size before relaxing)
 .comment       0x0000000000000033       0x34 /home/rob/Data/no_sync/ChibiOS/ChibiStudio/tools/GNU Tools ARM Embedded/11.3.1 2022q3/bin/../lib/gcc/arm-none-eabi/11.3.1/../../../../arm-none-eabi/lib/thumb/v7e-m/nofp/libg.a(libc_a-errno.o)
 .comment       0x0000000000000033       0x34 /home/rob/Data/no_sync/ChibiOS/ChibiStudio/tools/GNU Tools ARM Embedded/11.3.1 2022q3/bin/../lib/gcc/arm-none-eabi/11.3.1/../../../../arm-none-eabi/lib/thumb/v7e-m/nofp/libg.a(libc_a-ctype_.o)
 .comment       0x0000000000000033       0x34 /home/rob/Data/no_sync/ChibiOS/ChibiStudio/tools/GNU Tools ARM Embedded/11.3.1 2022q3/bin/../lib/gcc/arm-none-eabi/11.3.1/../../../../arm-none-eabi/lib/thumb/v7e-m/nofp/libg.a(libc_a-impure.o)
 .comment       0x0000000000000033       0x34 /home/rob/Data/no_sync/ChibiOS/ChibiStudio/tools/GNU Tools ARM Embedded/11.3.1 2022q3/bin/../lib/gcc/arm-none-eabi/11.3.1/../../../../arm-none-eabi/lib/thumb/v7e-m/nofp/libg.a(libc_a-findfp.o)
 .comment       0x0000000000000033       0x34 /home/rob/Data/no_sync/ChibiOS/ChibiStudio/tools/GNU Tools ARM Embedded/11.3.1 2022q3/bin/../lib/gcc/arm-none-eabi/11.3.1/../../../../arm-none-eabi/lib/thumb/v7e-m/nofp/libg.a(libc_a-memset.o)
 .comment       0x0000000000000033       0x34 /home/rob/Data/no_sync/ChibiOS/ChibiStudio/tools/GNU Tools ARM Embedded/11.3.1 2022q3/bin/../lib/gcc/arm-none-eabi/11.3.1/../../../../arm-none-eabi/lib/thumb/v7e-m/nofp/libg.a(libc_a-strpbrk.o)
 .comment       0x0000000000000033       0x34 /home/rob/Data/no_sync/ChibiOS/ChibiStudio/tools/GNU Tools ARM Embedded/11.3.1 2022q3/bin/../lib/gcc/arm-none-eabi/11.3.1/../../../../arm-none-eabi/lib/thumb/v7e-m/nofp/libg.a(libc_a-strspn.o)
 .comment       0x0000000000000033       0x34 /home/rob/Data/no_sync/ChibiOS/ChibiStudio/tools/GNU Tools ARM Embedded/11.3.1 2022q3/bin/../lib/gcc/arm-none-eabi/11.3.1/../../../../arm-none-eabi/lib/thumb/v7e-m/nofp/libg.a(libc_a-strstr.o)
 .comment       0x0000000000000033       0x34 /home/rob/Data/no_sync/ChibiOS/ChibiStudio/tools/GNU Tools ARM Embedded/11.3.1 2022q3/bin/../lib/gcc/arm-none-eabi/11.3.1/../../../../arm-none-eabi/lib/thumb/v7e-m/nofp/libg.a(libc_a-memcmp.o)
 .comment       0x0000000000000033       0x34 /home/rob/Data/no_sync/ChibiOS/ChibiStudio/tools/GNU Tools ARM Embedded/11.3.1 2022q3/bin/../lib/gcc/arm-none-eabi/11.3.1/../../../../arm-none-eabi/lib/thumb/v7e-m/nofp/libg.a(libc_a-strchr.o)
 .comment       0x0000000000000033       0x34 /home/rob/Data/no_sync/ChibiOS/ChibiStudio/tools/GNU Tools ARM Embedded/11.3.1 2022q3/bin/../lib/gcc/arm-none-eabi/11.3.1/../../../../arm-none-eabi/lib/thumb/v7e-m/nofp/libg.a(libc_a-strnlen.o)

.debug_line     0x0000000000000000    0x10f35
 .debug_line    0x0000000000000000       0xa6 ./build/obj/crt0_v7m.o
 .debug_line    0x00000000000000a6       0x4f ./build/obj/vectors.o
 .debug_line    0x00000000000000f5       0x63 ./build/obj/chcoreasm.o
 .debug_line    0x0000000000000158     0xcac1 /tmp/cchJ08e9.ltrans0.ltrans.o
 .debug_line    0x000000000000cc19       0x4c /tmp/ccXyJ78W.debug.temp.o
 .debug_line    0x000000000000cc65       0x76 /tmp/ccKVycQ9.debug.temp.o
 .debug_line    0x000000000000ccdb       0x6c /tmp/ccmggQZx.debug.temp.o
 .debug_line    0x000000000000cd47       0xc6 /tmp/cc6y3puG.debug.temp.o
 .debug_line    0x000000000000ce0d       0xbd /tmp/cc1U8HaG.debug.temp.o
 .debug_line    0x000000000000ceca       0x75 /tmp/cct2kx33.debug.temp.o
 .debug_line    0x000000000000cf3f       0xe4 /tmp/cckh0AxF.debug.temp.o
 .debug_line    0x000000000000d023       0xd9 /tmp/ccVxnl4H.debug.temp.o
 .debug_line    0x000000000000d0fc       0x5e /tmp/cczwmkRI.debug.temp.o
 .debug_line    0x000000000000d15a      0x14b /tmp/ccbk4Hpa.debug.temp.o
 .debug_line    0x000000000000d2a5       0x71 /tmp/ccfUI7lo.debug.temp.o
 .debug_line    0x000000000000d316       0x7a /tmp/ccYLGl9s.debug.temp.o
 .debug_line    0x000000000000d390       0xbf /tmp/ccy93xza.debug.temp.o
 .debug_line    0x000000000000d44f       0x87 /tmp/ccq2owVH.debug.temp.o
 .debug_line    0x000000000000d4d6       0xcb /tmp/cceDeHvd.debug.temp.o
 .debug_line    0x000000000000d5a1       0x70 /tmp/ccJuWZ7m.debug.temp.o
 .debug_line    0x000000000000d611       0xd7 /tmp/ccUOBiq1.debug.temp.o
 .debug_line    0x000000000000d6e8       0x94 /tmp/cce47JlO.debug.temp.o
 .debug_line    0x000000000000d77c       0x9d /tmp/cci95W6O.debug.temp.o
 .debug_line    0x000000000000d819       0xb0 /tmp/ccdlxVu8.debug.temp.o
 .debug_line    0x000000000000d8c9       0xab /tmp/ccDL4MEF.debug.temp.o
 .debug_line    0x000000000000d974       0xa2 /tmp/ccPqUGwp.debug.temp.o
 .debug_line    0x000000000000da16       0xb1 /tmp/cc8QZAO6.debug.temp.o
 .debug_line    0x000000000000dac7       0xd6 /tmp/cccnOaIy.debug.temp.o
 .debug_line    0x000000000000db9d       0xa2 /tmp/ccoyRPR4.debug.temp.o
 .debug_line    0x000000000000dc3f       0xbe /tmp/ccYzxWL9.debug.temp.o
 .debug_line    0x000000000000dcfd       0xa7 /tmp/ccDr7EIz.debug.temp.o
 .debug_line    0x000000000000dda4       0xac /tmp/cc02vxIi.debug.temp.o
 .debug_line    0x000000000000de50       0xc8 /tmp/cc7CV0eU.debug.temp.o
 .debug_line    0x000000000000df18       0xb9 /tmp/ccz3f8XM.debug.temp.o
 .debug_line    0x000000000000dfd1       0xb4 /tmp/ccaGMW2i.debug.temp.o
 .debug_line    0x000000000000e085       0xab /tmp/cc2IVWYc.debug.temp.o
 .debug_line    0x000000000000e130       0xb9 /tmp/cc6t9Srn.debug.temp.o
 .debug_line    0x000000000000e1e9       0xcd /tmp/cc7otHno.debug.temp.o
 .debug_line    0x000000000000e2b6       0xa7 /tmp/cct2w7xE.debug.temp.o
 .debug_line    0x000000000000e35d       0x76 /tmp/ccH1zf2f.debug.temp.o
 .debug_line    0x000000000000e3d3       0xe3 /tmp/ccB4If6z.debug.temp.o
 .debug_line    0x000000000000e4b6       0x71 /tmp/ccP6kIu2.debug.temp.o
 .debug_line    0x000000000000e527       0x82 /tmp/cchqHSpC.debug.temp.o
 .debug_line    0x000000000000e5a9       0xb5 /tmp/cc8xVUdN.debug.temp.o
 .debug_line    0x000000000000e65e       0xd5 /tmp/cctHFVA2.debug.temp.o
 .debug_line    0x000000000000e733      0x13f /tmp/ccBLSvRM.debug.temp.o
 .debug_line    0x000000000000e872      0x49b /home/rob/Data/no_sync/ChibiOS/ChibiStudio/tools/GNU Tools ARM Embedded/11.3.1 2022q3/bin/../lib/gcc/arm-none-eabi/11.3.1/../../../../arm-none-eabi/lib/thumb/v7e-m/nofp/libg.a(libc_a-strtol.o)
 .debug_line    0x000000000000ed0d      0x179 /home/rob/Data/no_sync/ChibiOS/ChibiStudio/tools/GNU Tools ARM Embedded/11.3.1 2022q3/bin/../lib/gcc/arm-none-eabi/11.3.1/../../../../arm-none-eabi/lib/thumb/v7e-m/nofp/libg.a(libc_a-errno.o)
 .debug_line    0x000000000000ee86      0x25e /home/rob/Data/no_sync/ChibiOS/ChibiStudio/tools/GNU Tools ARM Embedded/11.3.1 2022q3/bin/../lib/gcc/arm-none-eabi/11.3.1/../../../../arm-none-eabi/lib/thumb/v7e-m/nofp/libg.a(libc_a-ctype_.o)
 .debug_line    0x000000000000f0e4       0xf7 /home/rob/Data/no_sync/ChibiOS/ChibiStudio/tools/GNU Tools ARM Embedded/11.3.1 2022q3/bin/../lib/gcc/arm-none-eabi/11.3.1/../../../../arm-none-eabi/lib/thumb/v7e-m/nofp/libg.a(libc_a-impure.o)
 .debug_line    0x000000000000f1db      0x6a6 /home/rob/Data/no_sync/ChibiOS/ChibiStudio/tools/GNU Tools ARM Embedded/11.3.1 2022q3/bin/../lib/gcc/arm-none-eabi/11.3.1/../../../../arm-none-eabi/lib/thumb/v7e-m/nofp/libg.a(libc_a-findfp.o)
 .debug_line    0x000000000000f881      0x236 /home/rob/Data/no_sync/ChibiOS/ChibiStudio/tools/GNU Tools ARM Embedded/11.3.1 2022q3/bin/../lib/gcc/arm-none-eabi/11.3.1/../../../../arm-none-eabi/lib/thumb/v7e-m/nofp/libg.a(libc_a-memset.o)
 .debug_line    0x000000000000fab7      0x13f /home/rob/Data/no_sync/ChibiOS/ChibiStudio/tools/GNU Tools ARM Embedded/11.3.1 2022q3/bin/../lib/gcc/arm-none-eabi/11.3.1/../../../../arm-none-eabi/lib/thumb/v7e-m/nofp/libg.a(libc_a-strpbrk.o)
 .debug_line    0x000000000000fbf6      0x190 /home/rob/Data/no_sync/ChibiOS/ChibiStudio/tools/GNU Tools ARM Embedded/11.3.1 2022q3/bin/../lib/gcc/arm-none-eabi/11.3.1/../../../../arm-none-eabi/lib/thumb/v7e-m/nofp/libg.a(libc_a-strspn.o)
 .debug_line    0x000000000000fd86      0xa28 /home/rob/Data/no_sync/ChibiOS/ChibiStudio/tools/GNU Tools ARM Embedded/11.3.1 2022q3/bin/../lib/gcc/arm-none-eabi/11.3.1/../../../../arm-none-eabi/lib/thumb/v7e-m/nofp/libg.a(libc_a-strstr.o)
 .debug_line    0x00000000000107ae      0x1e0 /home/rob/Data/no_sync/ChibiOS/ChibiStudio/tools/GNU Tools ARM Embedded/11.3.1 2022q3/bin/../lib/gcc/arm-none-eabi/11.3.1/../../../../arm-none-eabi/lib/thumb/v7e-m/nofp/libg.a(libc_a-memcmp.o)
 .debug_line    0x000000000001098e      0x10f /home/rob/Data/no_sync/ChibiOS/ChibiStudio/tools/GNU Tools ARM Embedded/11.3.1 2022q3/bin/../lib/gcc/arm-none-eabi/11.3.1/../../../../arm-none-eabi/lib/thumb/v7e-m/nofp/libg.a(libc_a-strcmp.o)
 .debug_line    0x0000000000010a9d      0x1f0 /home/rob/Data/no_sync/ChibiOS/ChibiStudio/tools/GNU Tools ARM Embedded/11.3.1 2022q3/bin/../lib/gcc/arm-none-eabi/11.3.1/../../../../arm-none-eabi/lib/thumb/v7e-m/nofp/libg.a(libc_a-strchr.o)
 .debug_line    0x0000000000010c8d       0x95 /home/rob/Data/no_sync/ChibiOS/ChibiStudio/tools/GNU Tools ARM Embedded/11.3.1 2022q3/bin/../lib/gcc/arm-none-eabi/11.3.1/../../../../arm-none-eabi/lib/thumb/v7e-m/nofp/libg.a(libc_a-memcpy.o)
 .debug_line    0x0000000000010d22       0x87 /home/rob/Data/no_sync/ChibiOS/ChibiStudio/tools/GNU Tools ARM Embedded/11.3.1 2022q3/bin/../lib/gcc/arm-none-eabi/11.3.1/../../../../arm-none-eabi/lib/thumb/v7e-m/nofp/libg.a(libc_a-strlen.o)
 .debug_line    0x0000000000010da9      0x18c /home/rob/Data/no_sync/ChibiOS/ChibiStudio/tools/GNU Tools ARM Embedded/11.3.1 2022q3/bin/../lib/gcc/arm-none-eabi/11.3.1/../../../../arm-none-eabi/lib/thumb/v7e-m/nofp/libg.a(libc_a-strnlen.o)

.debug_line_str
                0x0000000000000000     0x13a7
 .debug_line_str
                0x0000000000000000       0x96 ./build/obj/crt0_v7m.o
                                         0xa1 (size before relaxing)
 .debug_line_str
                0x0000000000000096        0xa ./build/obj/vectors.o
                                         0x9f (size before relaxing)
 .debug_line_str
                0x00000000000000a0       0x46 ./build/obj/chcoreasm.o
                                         0xa2 (size before relaxing)
 .debug_line_str
                0x00000000000000e6      0x141 /tmp/ccXyJ78W.debug.temp.o
                                        0x1d3 (size before relaxing)
 .debug_line_str
                0x0000000000000227      0x164 /tmp/ccKVycQ9.debug.temp.o
                                        0x1ba (size before relaxing)
 .debug_line_str
                0x000000000000038b       0xdc /tmp/ccmggQZx.debug.temp.o
                                        0x253 (size before relaxing)
 .debug_line_str
                0x0000000000000467      0x23e /tmp/cc6y3puG.debug.temp.o
                                        0x440 (size before relaxing)
 .debug_line_str
                0x00000000000006a5       0x37 /tmp/cc1U8HaG.debug.temp.o
                                        0x37a (size before relaxing)
 .debug_line_str
                0x00000000000006dc       0x40 /tmp/cct2kx33.debug.temp.o
                                        0x2bc (size before relaxing)
 .debug_line_str
                0x000000000000071c       0x9d /tmp/cckh0AxF.debug.temp.o
                                        0x459 (size before relaxing)
 .debug_line_str
                0x00000000000007b9       0x29 /tmp/ccVxnl4H.debug.temp.o
                                        0x488 (size before relaxing)
 .debug_line_str
                0x00000000000007e2       0x70 /tmp/cczwmkRI.debug.temp.o
                                        0x22b (size before relaxing)
 .debug_line_str
                0x0000000000000852      0x2ff /tmp/ccbk4Hpa.debug.temp.o
                                        0x629 (size before relaxing)
 .debug_line_str
                0x0000000000000b51       0x5a /tmp/ccfUI7lo.debug.temp.o
                                        0x2e9 (size before relaxing)
 .debug_line_str
                0x0000000000000bab       0x40 /tmp/ccYLGl9s.debug.temp.o
                                        0x304 (size before relaxing)
 .debug_line_str
                0x0000000000000beb       0x3f /tmp/ccy93xza.debug.temp.o
                                        0x4a9 (size before relaxing)
 .debug_line_str
                0x0000000000000c2a       0x42 /tmp/ccq2owVH.debug.temp.o
                                        0x329 (size before relaxing)
 .debug_line_str
                0x0000000000000c6c       0x3f /tmp/cceDeHvd.debug.temp.o
                                        0x436 (size before relaxing)
 .debug_line_str
                0x0000000000000cab       0x20 /tmp/ccJuWZ7m.debug.temp.o
                                        0x2d0 (size before relaxing)
 .debug_line_str
                0x0000000000000ccb       0xb2 /tmp/ccUOBiq1.debug.temp.o
                                        0x3d4 (size before relaxing)
 .debug_line_str
                0x0000000000000d7d       0x27 /tmp/cce47JlO.debug.temp.o
                                        0x28b (size before relaxing)
 .debug_line_str
                0x0000000000000da4       0x28 /tmp/cci95W6O.debug.temp.o
                                        0x2d2 (size before relaxing)
 .debug_line_str
                0x0000000000000dcc       0x37 /tmp/ccdlxVu8.debug.temp.o
                                        0x31a (size before relaxing)
 .debug_line_str
                0x0000000000000e03       0x25 /tmp/ccDL4MEF.debug.temp.o
                                        0x309 (size before relaxing)
 .debug_line_str
                0x0000000000000e28       0x27 /tmp/ccPqUGwp.debug.temp.o
                                        0x2d7 (size before relaxing)
 .debug_line_str
                0x0000000000000e4f       0x39 /tmp/cc8QZAO6.debug.temp.o
                                        0x2f2 (size before relaxing)
 .debug_line_str
                0x0000000000000e88       0x37 /tmp/cccnOaIy.debug.temp.o
                                        0x404 (size before relaxing)
 .debug_line_str
                0x0000000000000ebf       0x25 /tmp/ccoyRPR4.debug.temp.o
                                        0x2d2 (size before relaxing)
 .debug_line_str
                0x0000000000000ee4       0x2b /tmp/ccYzxWL9.debug.temp.o
                                        0x3f1 (size before relaxing)
 .debug_line_str