Archive member included to satisfy reference by file (symbol)

/home/rob/Projects/ChibiStudio/ChibiStudio_23/tools/GNU Tools ARM Embedded/11.3.1 2022q3/bin/../lib/gcc/arm-none-eabi/11.3.1/../../../../arm-none-eabi/lib/thumb/v7e-m/nofp/libg.a(libc_a-strtol.o)
                              ./build/obj/comm.o (symbol from plugin) (strtol)
/home/rob/Projects/ChibiStudio/ChibiStudio_23/tools/GNU Tools ARM Embedded/11.3.1 2022q3/bin/../lib/gcc/arm-none-eabi/11.3.1/../../../../arm-none-eabi/lib/thumb/v7e-m/nofp/libg.a(libc_a-errno.o)
                              /home/rob/Projects/ChibiStudio/ChibiStudio_23/tools/GNU Tools ARM Embedded/11.3.1 2022q3/bin/../lib/gcc/arm-none-eabi/11.3.1/../../../../arm-none-eabi/lib/thumb/v7e-m/nofp/libg.a(libc_a-strtol.o) (__errno)
/home/rob/Projects/ChibiStudio/ChibiStudio_23/tools/GNU Tools ARM Embedded/11.3.1 2022q3/bin/../lib/gcc/arm-none-eabi/11.3.1/../../../../arm-none-eabi/lib/thumb/v7e-m/nofp/libg.a(libc_a-ctype_.o)
                              /home/rob/Projects/ChibiStudio/ChibiStudio_23/tools/GNU Tools ARM Embedded/11.3.1 2022q3/bin/../lib/gcc/arm-none-eabi/11.3.1/../../../../arm-none-eabi/lib/thumb/v7e-m/nofp/libg.a(libc_a-strtol.o) (_ctype_)
/home/rob/Projects/ChibiStudio/ChibiStudio_23/tools/GNU Tools ARM Embedded/11.3.1 2022q3/bin/../lib/gcc/arm-none-eabi/11.3.1/../../../../arm-none-eabi/lib/thumb/v7e-m/nofp/libg.a(libc_a-impure.o)
                              /home/rob/Projects/ChibiStudio/ChibiStudio_23/tools/GNU Tools ARM Embedded/11.3.1 2022q3/bin/../lib/gcc/arm-none-eabi/11.3.1/../../../../arm-none-eabi/lib/thumb/v7e-m/nofp/libg.a(libc_a-strtol.o) (_impure_ptr)
/home/rob/Projects/ChibiStudio/ChibiStudio_23/tools/GNU Tools ARM Embedded/11.3.1 2022q3/bin/../lib/gcc/arm-none-eabi/11.3.1/../../../../arm-none-eabi/lib/thumb/v7e-m/nofp/libg.a(libc_a-findfp.o)
                              /home/rob/Projects/ChibiStudio/ChibiStudio_23/tools/GNU Tools ARM Embedded/11.3.1 2022q3/bin/../lib/gcc/arm-none-eabi/11.3.1/../../../../arm-none-eabi/lib/thumb/v7e-m/nofp/libg.a(libc_a-impure.o) (__sf)
/home/rob/Projects/ChibiStudio/ChibiStudio_23/tools/GNU Tools ARM Embedded/11.3.1 2022q3/bin/../lib/gcc/arm-none-eabi/11.3.1/../../../../arm-none-eabi/lib/thumb/v7e-m/nofp/libg.a(libc_a-stdio.o)
                              /home/rob/Projects/ChibiStudio/ChibiStudio_23/tools/GNU Tools ARM Embedded/11.3.1 2022q3/bin/../lib/gcc/arm-none-eabi/11.3.1/../../../../arm-none-eabi/lib/thumb/v7e-m/nofp/libg.a(libc_a-findfp.o) (__sread)
/home/rob/Projects/ChibiStudio/ChibiStudio_23/tools/GNU Tools ARM Embedded/11.3.1 2022q3/bin/../lib/gcc/arm-none-eabi/11.3.1/../../../../arm-none-eabi/lib/thumb/v7e-m/nofp/libg.a(libc_a-fwalk.o)
                              /home/rob/Projects/ChibiStudio/ChibiStudio_23/tools/GNU Tools ARM Embedded/11.3.1 2022q3/bin/../lib/gcc/arm-none-eabi/11.3.1/../../../../arm-none-eabi/lib/thumb/v7e-m/nofp/libg.a(libc_a-findfp.o) (_fwalk_sglue)
/home/rob/Projects/ChibiStudio/ChibiStudio_23/tools/GNU Tools ARM Embedded/11.3.1 2022q3/bin/../lib/gcc/arm-none-eabi/11.3.1/../../../../arm-none-eabi/lib/thumb/v7e-m/nofp/libg.a(libc_a-writer.o)
                              /home/rob/Projects/ChibiStudio/ChibiStudio_23/tools/GNU Tools ARM Embedded/11.3.1 2022q3/bin/../lib/gcc/arm-none-eabi/11.3.1/../../../../arm-none-eabi/lib/thumb/v7e-m/nofp/libg.a(libc_a-stdio.o) (_write_r)
/home/rob/Projects/ChibiStudio/ChibiStudio_23/tools/GNU Tools ARM Embedded/11.3.1 2022q3/bin/../lib/gcc/arm-none-eabi/11.3.1/../../../../arm-none-eabi/lib/thumb/v7e-m/nofp/libg.a(libc_a-mallocr.o)
                              /home/rob/Projects/ChibiStudio/ChibiStudio_23/tools/GNU Tools ARM Embedded/11.3.1 2022q3/bin/../lib/gcc/arm-none-eabi/11.3.1/../../../../arm-none-eabi/lib/thumb/v7e-m/nofp/libg.a(libc_a-findfp.o) (_malloc_r)
/home/rob/Projects/ChibiStudio/ChibiStudio_23/tools/GNU Tools ARM Embedded/11.3.1 2022q3/bin/../lib/gcc/arm-none-eabi/11.3.1/../../../../arm-none-eabi/lib/thumb/v7e-m/nofp/libg.a(libc_a-memset.o)
                              /home/rob/Projects/ChibiStudio/ChibiStudio_23/tools/GNU Tools ARM Embedded/11.3.1 2022q3/bin/../lib/gcc/arm-none-eabi/11.3.1/../../../../arm-none-eabi/lib/thumb/v7e-m/nofp/libg.a(libc_a-findfp.o) (memset)
/home/rob/Projects/ChibiStudio/ChibiStudio_23/tools/GNU Tools ARM Embedded/11.3.1 2022q3/bin/../lib/gcc/arm-none-eabi/11.3.1/../../../../arm-none-eabi/lib/thumb/v7e-m/nofp/libg.a(libc_a-lock.o)
                              /home/rob/Projects/ChibiStudio/ChibiStudio_23/tools/GNU Tools ARM Embedded/11.3.1 2022q3/bin/../lib/gcc/arm-none-eabi/11.3.1/../../../../arm-none-eabi/lib/thumb/v7e-m/nofp/libg.a(libc_a-findfp.o) (__retarget_lock_init_recursive)
/home/rob/Projects/ChibiStudio/ChibiStudio_23/tools/GNU Tools ARM Embedded/11.3.1 2022q3/bin/../lib/gcc/arm-none-eabi/11.3.1/../../../../arm-none-eabi/lib/thumb/v7e-m/nofp/libg.a(libc_a-fclose.o)
[...]
Memory Configuration

Name             Origin             Length             Attributes
flash0           0x0000000008000000 0x0000000000040000 xr
flash1           0x0000000000000000 0x0000000000000000 xr
flash2           0x0000000000000000 0x0000000000000000 xr
flash3           0x0000000000000000 0x0000000000000000 xr
flash4           0x0000000000000000 0x0000000000000000 xr
flash5           0x0000000000000000 0x0000000000000000 xr
flash6           0x0000000000000000 0x0000000000000000 xr
flash7           0x0000000000000000 0x0000000000000000 xr
ram0             0x0000000020000000 0x0000000000010000 xw
ram1             0x0000000000000000 0x0000000000000000 xw
ram2             0x0000000000000000 0x0000000000000000 xw
ram3             0x0000000000000000 0x0000000000000000 xw
ram4             0x0000000000000000 0x0000000000000000 xw
ram5             0x0000000000000000 0x0000000000000000 xw
ram6             0x0000000000000000 0x0000000000000000 xw
ram7             0x0000000000000000 0x0000000000000000 xw
*default*        0x0000000000000000 0xffffffffffffffff

Linker script and memory map

LOAD ./build/obj/crt0_v7m.o
LOAD ./build/obj/vectors.o
LOAD ./build/obj/chcoreasm.o
LOAD ./build/obj/crt1.o
LOAD /tmp/ccEmxrUl.ltrans0.ltrans.o
LOAD /tmp/ccDBiDys.debug.temp.o
LOAD /tmp/cc7gA86O.debug.temp.o
LOAD /tmp/ccMagQc1.debug.temp.o
LOAD /tmp/ccCV0vRg.debug.temp.o
LOAD /tmp/ccmZJVYy.debug.temp.o
LOAD /tmp/ccRcrFcc.debug.temp.o
LOAD /tmp/ccvBzW9f.debug.temp.o
LOAD /tmp/ccXzWv5K.debug.temp.o
LOAD /tmp/ccQvZdlV.debug.temp.o
LOAD /tmp/cc2n68pz.debug.temp.o
LOAD /tmp/cc6hLzDK.debug.temp.o
LOAD /tmp/ccUpuY7L.debug.temp.o
LOAD /tmp/ccRzNyil.debug.temp.o
LOAD /tmp/ccffsxLu.debug.temp.o
LOAD /tmp/cc1vuLdA.debug.temp.o
LOAD /tmp/ccKF3Ig6.debug.temp.o
LOAD /tmp/cccD0WQy.debug.temp.o
LOAD /tmp/ccU0Epho.debug.temp.o
LOAD /tmp/ccp1VXfg.debug.temp.o
LOAD /tmp/cc7uM0sf.debug.temp.o
LOAD /tmp/ccMA0etz.debug.temp.o
LOAD /tmp/ccVmLK5H.debug.temp.o
LOAD /tmp/cc0FsmY1.debug.temp.o
LOAD /tmp/ccqdCgsN.debug.temp.o
LOAD /tmp/cc9BDgMb.debug.temp.o
LOAD /tmp/cchYgZjD.debug.temp.o
LOAD /tmp/ccJztZ9T.debug.temp.o
LOAD /tmp/cc6TSWix.debug.temp.o
LOAD /tmp/ccJ14Wb6.debug.temp.o
LOAD /tmp/cc7ockwt.debug.temp.o
LOAD /tmp/ccutJ5Wx.debug.temp.o
LOAD /tmp/ccCAolmI.debug.temp.o
LOAD /tmp/ccBwMMVC.debug.temp.o
LOAD /tmp/ccB1tbUh.debug.temp.o
LOAD /tmp/ccKzIOgH.debug.temp.o
LOAD /tmp/ccMBmHHv.debug.temp.o
LOAD /tmp/cc0PJ8HD.debug.temp.o
LOAD /tmp/cc0m45nI.debug.temp.o
LOAD /tmp/ccJhQt8d.debug.temp.o
LOAD /tmp/cchk109s.debug.temp.o
LOAD /tmp/ccNmSt39.debug.temp.o
LOAD /tmp/ccHbTGMv.debug.temp.o
LOAD /tmp/cctJfHPH.debug.temp.o
LOAD /tmp/cceK6a1d.debug.temp.o
LOAD /tmp/ccxqcORt.debug.temp.o
LOAD /tmp/cczbrbnS.debug.temp.o
LOAD /tmp/ccbeWDBH.debug.temp.o
LOAD /tmp/cc0yIxNe.debug.temp.o
LOAD /tmp/cc7gZfxM.debug.temp.o
LOAD /tmp/cc01Lxeo.debug.temp.o
LOAD /tmp/ccZGEjnV.debug.temp.o
LOAD /tmp/cc37cA41.debug.temp.o
LOAD /tmp/ccUbH48U.debug.temp.o
LOAD /tmp/cc2uXYGM.debug.temp.o
LOAD /tmp/cceCPqrh.debug.temp.o
LOAD /tmp/ccWHoQ57.debug.temp.o
LOAD /tmp/ccZKSKXG.debug.temp.o
LOAD /tmp/cc2FewH6.debug.temp.o
LOAD /tmp/ccLWNNTX.debug.temp.o
LOAD /tmp/ccY3rKg4.debug.temp.o
LOAD /tmp/ccJKrmu8.debug.temp.o
LOAD /tmp/ccgCp5uW.debug.temp.o
LOAD ./build/obj/hal.o
LOAD ./build/obj/hal_st.o
LOAD ./build/obj/hal_buffered_serial.o
LOAD ./build/obj/hal_buffers.o
LOAD ./build/obj/hal_queues.o
LOAD ./build/obj/hal_flash.o
LOAD ./build/obj/hal_mmcsd.o
LOAD ./build/obj/hal_gpt.o
LOAD ./build/obj/hal_pal.o
LOAD ./build/obj/hal_serial_usb.o
LOAD ./build/obj/hal_usb.o
LOAD ./build/obj/nvic.o
LOAD ./build/obj/stm32_isr.o
LOAD ./build/obj/hal_lld.o
LOAD ./build/obj/hal_efl_lld.o
LOAD ./build/obj/stm32_dma.o
LOAD ./build/obj/stm32_exti.o
LOAD ./build/obj/hal_pal_lld.o
LOAD ./build/obj/hal_usb_lld.o
LOAD ./build/obj/hal_st_lld.o
LOAD ./build/obj/hal_gpt_lld.o
LOAD ./build/obj/board.o
LOAD ./build/obj/osal.o
LOAD ./build/obj/chsys.o
LOAD ./build/obj/chrfcu.o
LOAD ./build/obj/chdebug.o
LOAD ./build/obj/chtrace.o
LOAD ./build/obj/chvt.o
LOAD ./build/obj/chschd.o
LOAD ./build/obj/chinstances.o
LOAD ./build/obj/chthreads.o
LOAD ./build/obj/chtm.o
LOAD ./build/obj/chregistry.o
LOAD ./build/obj/chsem.o
LOAD ./build/obj/chmtx.o
LOAD ./build/obj/chcond.o
LOAD ./build/obj/chevents.o
LOAD ./build/obj/chmsg.o
LOAD ./build/obj/chdynamic.o
LOAD ./build/obj/chmemchecks.o
LOAD ./build/obj/chmboxes.o
LOAD ./build/obj/chmemcore.o
LOAD ./build/obj/chmemheaps.o
LOAD ./build/obj/chmempools.o
LOAD ./build/obj/chpipes.o
LOAD ./build/obj/chobjcaches.o
LOAD ./build/obj/chdelegates.o
LOAD ./build/obj/chfactory.o
LOAD ./build/obj/chcore.o
LOAD ./build/obj/chprintf.o
LOAD ./build/obj/chscanf.o
LOAD ./build/obj/memstreams.o
LOAD ./build/obj/nullstreams.o
LOAD ./build/obj/bufstreams.o
LOAD ./build/obj/shell.o
LOAD ./build/obj/shell_cmd.o
LOAD ./build/obj/portab.o
LOAD ./build/obj/comm.o
LOAD ./build/obj/gpib.o
LOAD ./build/obj/usbcfg.o
LOAD ./build/obj/main.o

.mstack         0x0000000020000000      0x400
                0x0000000020000000                . = ALIGN (0x8)
                0x0000000020000000                __main_stack_base__ = .
                0x0000000020000400                . = (. + __main_stack_size__)
 *fill*         0x0000000020000000      0x400 
                0x0000000020000400                . = ALIGN (0x8)
                0x0000000020000400                __main_stack_end__ = .

.pstack         0x0000000020000400      0x400
                0x0000000020000400                . = ALIGN (0x8)
                0x0000000020000400                __process_stack_base__ = .
                0x0000000020000400                __main_thread_stack_base__ = .
                0x0000000020000800                . = (. + __process_stack_size__)
 *fill*         0x0000000020000400      0x400 
                0x0000000020000800                . = ALIGN (0x8)
                0x0000000020000800                __process_stack_end__ = .
                0x0000000020000800                __main_thread_stack_end__ = .

.vectors        0x0000000008000000      0x1e0
                0x0000000008000000                __textvectors_base__ = LOADADDR (.vectors)
                0x0000000008000000                __vectors_base__ = .
 *(.vectors)
 .vectors       0x0000000008000000      0x1e0 ./build/obj/vectors.o
                0x0000000008000000                _vectors
                0x00000000080001e0                __vectors_end__ = .

.xtors          0x00000000080001e0        0x0
                0x00000000080001e0                __init_array_base__ = .
 *(SORT_BY_NAME(.init_array.*))
 *(.init_array)
                0x00000000080001e0                __init_array_end__ = .
                0x00000000080001e0                __fini_array_base__ = .
 *(.fini_array)
 *(SORT_BY_NAME(.fini_array.*))
                0x00000000080001e0                __fini_array_end__ = .

.text           0x0000000008000200     0x8218
                0x0000000008000200                __text_base__ = .
 *(.text)
 .text          0x0000000008000200       0xd8 ./build/obj/crt0_v7m.o
                0x0000000008000200                _crt0_entry
 .text          0x00000000080002d8        0x8 ./build/obj/vectors.o
                0x00000000080002d8                Reset_Handler
                0x00000000080002da                VectorE8
                0x00000000080002da                VectorAC
                0x00000000080002da                DebugMon_Handler
                0x00000000080002da                Vector1A0
                0x00000000080002da                Vector11C
                0x00000000080002da                HardFault_Handler
                0x00000000080002da                Vector1B8
                0x00000000080002da                Vector19C
                0x00000000080002da                Vector8C
                0x00000000080002da                SysTick_Handler
                0x00000000080002da                VectorDC
                0x00000000080002da                PendSV_Handler
                0x00000000080002da                Vector168
                0x00000000080002da                NMI_Handler
                0x00000000080002da                Vector110
                0x00000000080002da                Vector120
                0x00000000080002da                Vector1D8
                0x00000000080002da                VectorC8
                0x00000000080002da                Vector94
                0x00000000080002da                VectorA8
                0x00000000080002da                VectorB4
                0x00000000080002da                Vector74
                0x00000000080002da                Vector160
                0x00000000080002da                Vector1B0
                0x00000000080002da                UsageFault_Handler
                0x00000000080002da                VectorEC
                0x00000000080002da                Vector40
                0x00000000080002da                VectorF8
                0x00000000080002da                Vector108
                0x00000000080002da                VectorBC
                0x00000000080002da                Vector190
                0x00000000080002da                Vector150
                0x00000000080002da                Vector124
                0x00000000080002da                Vector1C4
                0x00000000080002da                Vector1CC
                0x00000000080002da                Vector148
                0x00000000080002da                Vector188
                0x00000000080002da                Vector198
                0x00000000080002da                Vector118
                0x00000000080002da                VectorCC
                0x00000000080002da                Vector54
                0x00000000080002da                Vector98
                0x00000000080002da                VectorD8
                0x00000000080002da                Vector138
                0x00000000080002da                Vector24
                0x00000000080002da                Vector1AC
                0x00000000080002da                Vector178
                0x00000000080002da                Vector84
                0x00000000080002da                SecureFault_Handler
                0x00000000080002da                Vector1A4
                0x00000000080002da                VectorD0
                0x00000000080002da                Vector1B4
                0x00000000080002da                Vector140
                0x00000000080002da                VectorE4
                0x00000000080002da                VectorC0
                0x00000000080002da                Vector158
                0x00000000080002da                Vector130
                0x00000000080002da                Vector1C0
                0x00000000080002da                Vector134
                0x00000000080002da                Vector1D0
                0x00000000080002da                VectorF0
                0x00000000080002da                Vector12C
                0x00000000080002da                Vector13C
                0x00000000080002da                Vector100
                0x00000000080002da                VectorF4
                0x00000000080002da                MemManage_Handler
                0x00000000080002da                Vector6C
                0x00000000080002da                VectorA0
                0x00000000080002da                VectorC4
                0x00000000080002da                Vector7C
                0x00000000080002da                Vector180
                0x00000000080002da                Vector90
                0x00000000080002da                Vector114
                0x00000000080002da                Vector164
                0x00000000080002da                Vector1BC
                0x00000000080002da                Vector1D4
                0x00000000080002da                Vector17C
                0x00000000080002da                Vector48
                0x00000000080002da                Vector1A8
                0x00000000080002da                Vector16C
                0x00000000080002da                Vector70
                0x00000000080002da                VectorD4
                0x00000000080002da                Vector4C
                0x00000000080002da                Vector144
                0x00000000080002da                Vector80
                0x00000000080002da                Vector15C
                0x00000000080002da                Vector78
                0x00000000080002da                Vector170
                0x00000000080002da                Vector88
                0x00000000080002da                Vector104
                0x00000000080002da                Vector184
                0x00000000080002da                Vector10C
                0x00000000080002da                BusFault_Handler
                0x00000000080002da                Vector50
                0x00000000080002da                Vector1C8
                0x00000000080002da                Vector194
                0x00000000080002da                Vector1DC
                0x00000000080002da                Vector154
                0x00000000080002da                Vector44
                0x00000000080002da                Vector28
                0x00000000080002da                VectorFC
                0x00000000080002da                Vector34
                0x00000000080002da                Vector128
                0x00000000080002da                VectorA4
                0x00000000080002da                Vector20
                0x00000000080002da                Vector18C
                0x00000000080002da                Vector174
                0x00000000080002de                _unhandled_exception
 .text          0x00000000080002e0       0x36 ./build/obj/chcoreasm.o
                0x00000000080002e0                __port_switch
                0x00000000080002f0                __port_thread_start
                0x0000000008000306                __port_switch_from_isr
                0x0000000008000312                __port_exit_from_isr
 *fill*         0x0000000008000316        0xa 
 .text          0x0000000008000320      0x2dc /home/rob/Projects/ChibiStudio/ChibiStudio_23/tools/GNU Tools ARM Embedded/11.3.1 2022q3/bin/../lib/gcc/arm-none-eabi/11.3.1/../../../../arm-none-eabi/lib/thumb/v7e-m/nofp/libg.a(libc_a-strcmp.o)
                0x0000000008000328                strcmp
 .text          0x00000000080005fc      0x134 /home/rob/Projects/ChibiStudio/ChibiStudio_23/tools/GNU Tools ARM Embedded/11.3.1 2022q3/bin/../lib/gcc/arm-none-eabi/11.3.1/../../../../arm-none-eabi/lib/thumb/v7e-m/nofp/libg.a(libc_a-memcpy.o)
                0x00000000080005fc                memcpy
 *fill*         0x0000000008000730       0x10 
 .text          0x0000000008000740       0xdc /home/rob/Projects/ChibiStudio/ChibiStudio_23/tools/GNU Tools ARM Embedded/11.3.1 2022q3/bin/../lib/gcc/arm-none-eabi/11.3.1/../../../../arm-none-eabi/lib/thumb/v7e-m/nofp/libg.a(libc_a-strlen.o)
                0x0000000008000740                strlen
 *(.text.*)
 *fill*         0x000000000800081c        0x4 
 .text.sduInterruptTransmitted
                0x0000000008000820        0x4 /tmp/ccEmxrUl.ltrans0.ltrans.o
 *fill*         0x0000000008000824        0xc 
 .text._pal_lld_setgroupmode
                0x0000000008000830       0x84 /tmp/ccEmxrUl.ltrans0.ltrans.o
 *fill*         0x00000000080008b4        0xc 
 .text.usb_lld_start_out
                0x00000000080008c0       0x84 /tmp/ccEmxrUl.ltrans0.ltrans.o
 *fill*         0x0000000008000944        0xc 
 .text.usb_lld_start_in
                0x0000000008000950       0xa4 /tmp/ccEmxrUl.ltrans0.ltrans.o
 *fill*         0x00000000080009f4        0xc 
 .text.__idle_thread
                0x0000000008000a00        0x4 /tmp/ccEmxrUl.ltrans0.ltrans.o
 *fill*         0x0000000008000a04        0xc 
 .text.chTMStartMeasurementX
                0x0000000008000a10        0xc /tmp/ccEmxrUl.ltrans0.ltrans.o
 *fill*         0x0000000008000a1c        0x4 
 .text.chTMStopMeasurementX
                0x0000000008000a20       0x44 /tmp/ccEmxrUl.ltrans0.ltrans.o
 *fill*         0x0000000008000a64        0xc 
 .text.__port_irq_epilogue
                0x0000000008000a70       0x4c /tmp/ccEmxrUl.ltrans0.ltrans.o
 *fill*         0x0000000008000abc        0x4 
 .text.set_eos_string
                0x0000000008000ac0       0x48 /tmp/ccEmxrUl.ltrans0.ltrans.o
 *fill*         0x0000000008000b08        0x8 
 .text.cmd_default
                0x0000000008000b10       0x60 /tmp/ccEmxrUl.ltrans0.ltrans.o
 .text.gptcb    0x0000000008000b70        0xc /tmp/ccEmxrUl.ltrans0.ltrans.o
 *fill*         0x0000000008000b7c        0x4 
 .text.prep_gpib_pins
                0x0000000008000b80      0x160 /tmp/ccEmxrUl.ltrans0.ltrans.o
 .text.get_descriptor
                0x0000000008000ce0       0x34 /tmp/ccEmxrUl.ltrans0.ltrans.o
 *fill*         0x0000000008000d14        0xc 
 .text.requests_hook
                0x0000000008000d20       0x5c /tmp/ccEmxrUl.ltrans0.ltrans.o
 *fill*         0x0000000008000d7c        0x4 
 .text.trace_next.constprop.0
                0x0000000008000d80       0x38 /tmp/ccEmxrUl.ltrans0.ltrans.o
 *fill*         0x0000000008000db8        0x8 
 .text.chSysHalt
                0x0000000008000dc0       0x34 /tmp/ccEmxrUl.ltrans0.ltrans.o
 *fill*         0x0000000008000df4        0xc 
 .text.otg_disable_ep.isra.0
                0x0000000008000e00       0x58 /tmp/ccEmxrUl.ltrans0.ltrans.o
 *fill*         0x0000000008000e58        0x8 
 .text.ibqReleaseEmptyBufferS
                0x0000000008000e60       0x58 /tmp/ccEmxrUl.ltrans0.ltrans.o
 *fill*         0x0000000008000eb8        0x8 
 .text.obqPostFullBufferS
                0x0000000008000ec0       0x64 /tmp/ccEmxrUl.ltrans0.ltrans.o
 *fill*         0x0000000008000f24        0xc 
 .text._ctl     0x0000000008000f30       0x1c /tmp/ccEmxrUl.ltrans0.ltrans.o
 *fill*         0x0000000008000f4c        0x4 
 .text.usbDisableEndpointsI
                0x0000000008000f50       0x58 /tmp/ccEmxrUl.ltrans0.ltrans.o
 *fill*         0x0000000008000fa8        0x8 
 .text.usbStartReceiveI
                0x0000000008000fb0       0x60 /tmp/ccEmxrUl.ltrans0.ltrans.o
 .text.usbStartTransmitI
                0x0000000008001010       0x60 /tmp/ccEmxrUl.ltrans0.ltrans.o
 .text.obnotify
                0x0000000008001070       0x6c /tmp/ccEmxrUl.ltrans0.ltrans.o
 *fill*         0x00000000080010dc        0x4 
 .text._usb_ep0in
                0x00000000080010e0       0xf4 /tmp/ccEmxrUl.ltrans0.ltrans.o
 *fill*         0x00000000080011d4        0xc 
 .text._usb_ep0out
                0x00000000080011e0       0xa4 /tmp/ccEmxrUl.ltrans0.ltrans.o
 *fill*         0x0000000008001284        0xc 
 .text.vt_set_alarm
                0x0000000008001290       0x5c /tmp/ccEmxrUl.ltrans0.ltrans.o
 *fill*         0x00000000080012ec        0x4 
 .text.chVTDoResetI
                0x00000000080012f0       0x8c /tmp/ccEmxrUl.ltrans0.ltrans.o
 *fill*         0x000000000800137c        0x4 
 .text.__sch_ready_ahead
                0x0000000008001380       0x60 /tmp/ccEmxrUl.ltrans0.ltrans.o
 .text.chThdCreateSuspendedI
                0x00000000080013e0       0xc8 /tmp/ccEmxrUl.ltrans0.ltrans.o
 *fill*         0x00000000080014a8        0x8 
 .text.chCoreAllocFromTop
                0x00000000080014b0       0x88 /tmp/ccEmxrUl.ltrans0.ltrans.o
 *fill*         0x0000000008001538        0x8 
 .text.chCoreAllocAlignedI
                0x0000000008001540       0x54 /tmp/ccEmxrUl.ltrans0.ltrans.o
 *fill*         0x0000000008001594        0xc 
 .text.sof_handler
                0x00000000080015a0       0xe4 /tmp/ccEmxrUl.ltrans0.ltrans.o
 *fill*         0x0000000008001684        0xc 
 .text.otg_epin_handler.constprop.0
                0x0000000008001690      0x138 /tmp/ccEmxrUl.ltrans0.ltrans.o
 *fill*         0x00000000080017c8        0x8 
 .text.otg_epout_handler.constprop.0
                0x00000000080017d0       0xbc /tmp/ccEmxrUl.ltrans0.ltrans.o
 *fill*         0x000000000800188c        0x4 
 .text._pal_lld_enablepadevent.constprop.0
                0x0000000008001890       0x64 /tmp/ccEmxrUl.ltrans0.ltrans.o
 *fill*         0x00000000080018f4        0xc 
 .text.vt_cb    0x0000000008001900       0x5c /tmp/ccEmxrUl.ltrans0.ltrans.o
 *fill*         0x000000000800195c        0x4 
 .text.gptStopTimer.constprop.0
                0x0000000008001960       0x78 /tmp/ccEmxrUl.ltrans0.ltrans.o
 *fill*         0x00000000080019d8        0x8 
 .text.gptStartContinuous.constprop.0
                0x00000000080019e0       0x88 /tmp/ccEmxrUl.ltrans0.ltrans.o
 *fill*         0x0000000008001a68        0x8 
 .text.vt_insert_first.constprop.0
                0x0000000008001a70       0x80 /tmp/ccEmxrUl.ltrans0.ltrans.o
 .text.vt_enqueue.constprop.0
                0x0000000008001af0       0x80 /tmp/ccEmxrUl.ltrans0.ltrans.o
 .text.button_cb
                0x0000000008001b70      0x14c /tmp/ccEmxrUl.ltrans0.ltrans.o
 *fill*         0x0000000008001cbc        0x4 
 .text.__sch_ready_behind.isra.0
                0x0000000008001cc0       0x5c /tmp/ccEmxrUl.ltrans0.ltrans.o
 *fill*         0x0000000008001d1c        0x4 
 .text.__sch_wakeup
                0x0000000008001d20       0x94 /tmp/ccEmxrUl.ltrans0.ltrans.o
 *fill*         0x0000000008001db4        0xc 
 .text.chEvtBroadcastFlagsI
                0x0000000008001dc0       0xa4 /tmp/ccEmxrUl.ltrans0.ltrans.o
 *fill*         0x0000000008001e64        0xc 
 .text.sduDataTransmitted
                0x0000000008001e70      0x134 /tmp/ccEmxrUl.ltrans0.ltrans.o
 *fill*         0x0000000008001fa4        0xc 
 .text.chThdDequeueAllI.constprop.0
                0x0000000008001fb0       0x54 /tmp/ccEmxrUl.ltrans0.ltrans.o
 *fill*         0x0000000008002004        0xc 
 .text.chMBPostI.constprop.0.isra.0
                0x0000000008002010       0x94 /tmp/ccEmxrUl.ltrans0.ltrans.o
 *fill*         0x00000000080020a4        0xc 
 .text.vt2_cb   0x00000000080020b0       0xa0 /tmp/ccEmxrUl.ltrans0.ltrans.o
 .text.sdu_start_receive.isra.0
                0x0000000008002150       0x64 /tmp/ccEmxrUl.ltrans0.ltrans.o
 *fill*         0x00000000080021b4        0xc 
 .text.ibnotify
                0x00000000080021c0        0x8 /tmp/ccEmxrUl.ltrans0.ltrans.o
 *fill*         0x00000000080021c8        0x8 
 .text.sduDataReceived
                0x00000000080021d0      0x110 /tmp/ccEmxrUl.ltrans0.ltrans.o
 .text._usb_ep0setup
                0x00000000080022e0      0x3f8 /tmp/ccEmxrUl.ltrans0.ltrans.o
 *fill*         0x00000000080026d8        0x8 
 .text.usbInitEndpointI
                0x00000000080026e0      0x1b8 /tmp/ccEmxrUl.ltrans0.ltrans.o
 *fill*         0x0000000008002898        0x8 
 .text.usb_event
                0x00000000080028a0      0x1a8 /tmp/ccEmxrUl.ltrans0.ltrans.o
 *fill*         0x0000000008002a48        0x8 
 .text.get_history
                0x0000000008002a50      0x10c /tmp/ccEmxrUl.ltrans0.ltrans.o
 *fill*         0x0000000008002b5c        0x4 
 .text.chSchGoSleepS
                0x0000000008002b60       0xb0 /tmp/ccEmxrUl.ltrans0.ltrans.o
 .text.chSchGoSleepTimeoutS
                0x0000000008002c10       0x84 /tmp/ccEmxrUl.ltrans0.ltrans.o
 *fill*         0x0000000008002c94        0xc 
 .text.ibqGetFullBufferTimeoutS
                0x0000000008002ca0       0x7c /tmp/ccEmxrUl.ltrans0.ltrans.o
 *fill*         0x0000000008002d1c        0x4 
 .text.ibqReadTimeout
                0x0000000008002d20      0x154 /tmp/ccEmxrUl.ltrans0.ltrans.o
 *fill*         0x0000000008002e74        0xc 
 .text._read    0x0000000008002e80        0xc /tmp/ccEmxrUl.ltrans0.ltrans.o
 *fill*         0x0000000008002e8c        0x4 
 .text._readt   0x0000000008002e90        0x8 /tmp/ccEmxrUl.ltrans0.ltrans.o
 *fill*         0x0000000008002e98        0x8 
 .text._get     0x0000000008002ea0       0x98 /tmp/ccEmxrUl.ltrans0.ltrans.o
 *fill*         0x0000000008002f38        0x8 
 .text._gett    0x0000000008002f40       0x94 /tmp/ccEmxrUl.ltrans0.ltrans.o
 *fill*         0x0000000008002fd4        0xc 
 .text.obqGetEmptyBufferTimeoutS
                0x0000000008002fe0       0x7c /tmp/ccEmxrUl.ltrans0.ltrans.o
 *fill*         0x000000000800305c        0x4 
 .text.obqWriteTimeout
                0x0000000008003060      0x150 /tmp/ccEmxrUl.ltrans0.ltrans.o
 .text._write   0x00000000080031b0        0xc /tmp/ccEmxrUl.ltrans0.ltrans.o
 *fill*         0x00000000080031bc        0x4 
 .text._writet  0x00000000080031c0        0x8 /tmp/ccEmxrUl.ltrans0.ltrans.o
 *fill*         0x00000000080031c8        0x8 
 .text._put     0x00000000080031d0       0xc0 /tmp/ccEmxrUl.ltrans0.ltrans.o
 .text._putt    0x0000000008003290       0xc0 /tmp/ccEmxrUl.ltrans0.ltrans.o
 .text.chThdSleep
                0x0000000008003350       0x6c /tmp/ccEmxrUl.ltrans0.ltrans.o
 *fill*         0x00000000080033bc        0x4 
 .text.Thread1  0x00000000080033c0       0xec /tmp/ccEmxrUl.ltrans0.ltrans.o
 *fill*         0x00000000080034ac        0x4 
 .text.chThdExitS
                0x00000000080034b0       0x6c /tmp/ccEmxrUl.ltrans0.ltrans.o
 *fill*         0x000000000800351c        0x4 
 .text.chMtxLockS
                0x0000000008003520      0x100 /tmp/ccEmxrUl.ltrans0.ltrans.o
 .text.chSchWakeupS.constprop.0
                0x0000000008003620       0xb4 /tmp/ccEmxrUl.ltrans0.ltrans.o
 *fill*         0x00000000080036d4        0xc 
 .text.chprintf
                0x00000000080036e0      0x438 /tmp/ccEmxrUl.ltrans0.ltrans.o
 *fill*         0x0000000008003b18        0x8 
 .text.cmd_help
                0x0000000008003b20      0x128 /tmp/ccEmxrUl.ltrans0.ltrans.o
 *fill*         0x0000000008003c48        0x8 
 .text.cmd_ifc  0x0000000008003c50       0x4c /tmp/ccEmxrUl.ltrans0.ltrans.o
 *fill*         0x0000000008003c9c        0x4 
 .text.cmd_srq  0x0000000008003ca0       0x3c /tmp/ccEmxrUl.ltrans0.ltrans.o
 *fill*         0x0000000008003cdc        0x4 
 .text.cmd_ver  0x0000000008003ce0       0x10 /tmp/ccEmxrUl.ltrans0.ltrans.o
 .text.gpib_receive
                0x0000000008003cf0      0x1bc /tmp/ccEmxrUl.ltrans0.ltrans.o
 *fill*         0x0000000008003eac        0x4 
 .text.parse_arguments
                0x0000000008003eb0       0x58 /tmp/ccEmxrUl.ltrans0.ltrans.o
 *fill*         0x0000000008003f08        0x8 
 .text.cmdexec  0x0000000008003f10       0x58 /tmp/ccEmxrUl.ltrans0.ltrans.o
 *fill*         0x0000000008003f68        0x8 
 .text.shellThread
                0x0000000008003f70      0x570 /tmp/ccEmxrUl.ltrans0.ltrans.o
 .text._gpib_write
                0x00000000080044e0      0x41c /tmp/ccEmxrUl.ltrans0.ltrans.o
 *fill*         0x00000000080048fc        0x4 
 .text.cmd_clr  0x0000000008004900       0xa4 /tmp/ccEmxrUl.ltrans0.ltrans.o
 *fill*         0x00000000080049a4        0xc 
 .text.cmd_llo  0x00000000080049b0       0xa4 /tmp/ccEmxrUl.ltrans0.ltrans.o
 *fill*         0x0000000008004a54        0xc 
 .text.cmd_loc  0x0000000008004a60       0xa4 /tmp/ccEmxrUl.ltrans0.ltrans.o
 *fill*         0x0000000008004b04        0xc 
 .text.gpib_read
                0x0000000008004b10      0x1f4 /tmp/ccEmxrUl.ltrans0.ltrans.o
 *fill*         0x0000000008004d04        0xc 
 .text.cmd_gpib_cmd
                0x0000000008004d10      0x1d0 /tmp/ccEmxrUl.ltrans0.ltrans.o
 .text.cmd_read
                0x0000000008004ee0       0x1c /tmp/ccEmxrUl.ltrans0.ltrans.o
 *fill*         0x0000000008004efc        0x4 
 .text.serial_poll
                0x0000000008004f00       0x9c /tmp/ccEmxrUl.ltrans0.ltrans.o
 *fill*         0x0000000008004f9c        0x4 
 .text.gpib_controller_assign.constprop.0.isra.0
                0x0000000008004fa0       0x7c /tmp/ccEmxrUl.ltrans0.ltrans.o
 *fill*         0x000000000800501c        0x4 
 .text.cmd_addr
                0x0000000008005020       0x5c /tmp/ccEmxrUl.ltrans0.ltrans.o
 *fill*         0x000000000800507c        0x4 
 .text.cmd_auto
                0x0000000008005080       0x5c /tmp/ccEmxrUl.ltrans0.ltrans.o
 *fill*         0x00000000080050dc        0x4 
 .text.cmd_debug
                0x00000000080050e0      0x10c /tmp/ccEmxrUl.ltrans0.ltrans.o
 *fill*         0x00000000080051ec        0x4 
 .text.cmd_localecho
                0x00000000080051f0       0x5c /tmp/ccEmxrUl.ltrans0.ltrans.o
 *fill*         0x000000000800524c        0x4 
 .text.cmd_eoi  0x0000000008005250       0x5c /tmp/ccEmxrUl.ltrans0.ltrans.o
 *fill*         0x00000000080052ac        0x4 
 .text.cmd_eos  0x00000000080052b0       0x60 /tmp/ccEmxrUl.ltrans0.ltrans.o
 .text.cmd_eot  0x0000000008005310       0x5c /tmp/ccEmxrUl.ltrans0.ltrans.o
 *fill*         0x000000000800536c        0x4 
 .text.cmd_eot_en
                0x0000000008005370       0x5c /tmp/ccEmxrUl.ltrans0.ltrans.o
 *fill*         0x00000000080053cc        0x4 
 .text.cmd_get  0x00000000080053d0       0xf4 /tmp/ccEmxrUl.ltrans0.ltrans.o
 *fill*         0x00000000080054c4        0xc 
 .text.cmd_lon  0x00000000080054d0       0x78 /tmp/ccEmxrUl.ltrans0.ltrans.o
 *fill*         0x0000000008005548        0x8 
 .text.cmd_mode
                0x0000000008005550       0x78 /tmp/ccEmxrUl.ltrans0.ltrans.o
 *fill*         0x00000000080055c8        0x8 
 .text.cmd_read_tmo_ms
                0x00000000080055d0       0x54 /tmp/ccEmxrUl.ltrans0.ltrans.o
 *fill*         0x0000000008005624        0xc 
 .text.cmd_spoll
                0x0000000008005630       0x34 /tmp/ccEmxrUl.ltrans0.ltrans.o
 *fill*         0x0000000008005664        0xc 
 .text.cmd_status
                0x0000000008005670       0x5c /tmp/ccEmxrUl.ltrans0.ltrans.o
 *fill*         0x00000000080056cc        0x4 
 .text.cmd_trg  0x00000000080056d0       0xd4 /tmp/ccEmxrUl.ltrans0.ltrans.o
 *fill*         0x00000000080057a4        0xc 
 .text.cmd_test
                0x00000000080057b0       0x8c /tmp/ccEmxrUl.ltrans0.ltrans.o
 *fill*         0x000000000800583c        0x4 
 .text.__cpu_init
                0x0000000008005840        0x4 /tmp/ccEmxrUl.ltrans0.ltrans.o
                0x0000000008005840                __cpu_init
 *fill*         0x0000000008005844        0xc 
 .text.__late_init
                0x0000000008005850        0x4 /tmp/ccEmxrUl.ltrans0.ltrans.o
                0x0000000008005850                __late_init
 *fill*         0x0000000008005854        0xc 
 .text.__default_exit
                0x0000000008005860        0x4 /tmp/ccEmxrUl.ltrans0.ltrans.o
                0x0000000008005860                __default_exit
 *fill*         0x0000000008005864        0xc 
 .text.__init_ram_areas
                0x0000000008005870       0x6c /tmp/ccEmxrUl.ltrans0.ltrans.o
                0x0000000008005870                __init_ram_areas
 *fill*         0x00000000080058dc        0x4 
 .text.__dbg_check_lock
                0x00000000080058e0       0x24 /tmp/ccEmxrUl.ltrans0.ltrans.o
                0x00000000080058e0                __dbg_check_lock
 *fill*         0x0000000008005904        0xc 
 .text.__dbg_check_unlock
                0x0000000008005910       0x28 /tmp/ccEmxrUl.ltrans0.ltrans.o
                0x0000000008005910                __dbg_check_unlock
 *fill*         0x0000000008005938        0x8 
 .text.chSysUnlock.lto_priv.13
                0x0000000008005940       0x30 /tmp/ccEmxrUl.ltrans0.ltrans.o
 .text.Vector58
                0x0000000008005970       0xe8 /tmp/ccEmxrUl.ltrans0.ltrans.o
                0x0000000008005970                Vector58
 *fill*         0x0000000008005a58        0x8 
 .text.Vector5C
                0x0000000008005a60       0xe8 /tmp/ccEmxrUl.ltrans0.ltrans.o
                0x0000000008005a60                Vector5C
 *fill*         0x0000000008005b48        0x8 
 .text.Vector60
                0x0000000008005b50       0xe8 /tmp/ccEmxrUl.ltrans0.ltrans.o
                0x0000000008005b50                Vector60
 *fill*         0x0000000008005c38        0x8 
 .text.Vector64
                0x0000000008005c40       0xe8 /tmp/ccEmxrUl.ltrans0.ltrans.o
                0x0000000008005c40                Vector64
 *fill*         0x0000000008005d28        0x8 
 .text.Vector68
                0x0000000008005d30       0xe8 /tmp/ccEmxrUl.ltrans0.ltrans.o
                0x0000000008005d30                Vector68
 *fill*         0x0000000008005e18        0x8 
 .text.Vector9C
                0x0000000008005e20      0x120 /tmp/ccEmxrUl.ltrans0.ltrans.o
                0x0000000008005e20                Vector9C
 .text.VectorE0
                0x0000000008005f40      0x130 /tmp/ccEmxrUl.ltrans0.ltrans.o
                0x0000000008005f40                VectorE0
 .text.VectorB0
                0x0000000008006070      0x214 /tmp/ccEmxrUl.ltrans0.ltrans.o
                0x0000000008006070                VectorB0
 *fill*         0x0000000008006284        0xc 
 .text.VectorB8
                0x0000000008006290      0x100 /tmp/ccEmxrUl.ltrans0.ltrans.o
                0x0000000008006290                VectorB8
 .text.Vector14C
                0x0000000008006390      0x4b0 /tmp/ccEmxrUl.ltrans0.ltrans.o
                0x0000000008006390                Vector14C
 .text.__early_init
                0x0000000008006840      0x204 /tmp/ccEmxrUl.ltrans0.ltrans.o
                0x0000000008006840                __early_init
 *fill*         0x0000000008006a44        0xc 
 .text.__sch_reschedule_ahead
                0x0000000008006a50       0x70 /tmp/ccEmxrUl.ltrans0.ltrans.o
                0x0000000008006a50                chSchDoPreemption
 .text.chMtxUnlock
                0x0000000008006ac0       0xe8 /tmp/ccEmxrUl.ltrans0.ltrans.o
 *fill*         0x0000000008006ba8        0x8 
 .text.chThdRelease
                0x0000000008006bb0      0x1f0 /tmp/ccEmxrUl.ltrans0.ltrans.o
 .text.chThdCreateStatic.constprop.0.isra.0
                0x0000000008006da0      0x1a0 /tmp/ccEmxrUl.ltrans0.ltrans.o
 .text.DebugThread1
                0x0000000008006f40      0x214 /tmp/ccEmxrUl.ltrans0.ltrans.o
 *fill*         0x0000000008007154        0xc 
 .text.chThdExit
                0x0000000008007160       0x2c /tmp/ccEmxrUl.ltrans0.ltrans.o
                0x0000000008007160                chThdExit
 *fill*         0x000000000800718c        0x4 
 .text.SVC_Handler
                0x0000000008007190       0x14 /tmp/ccEmxrUl.ltrans0.ltrans.o
                0x0000000008007190                SVC_Handler
 *fill*         0x00000000080071a4        0xc 
 .text.startup.main
                0x00000000080071b0      0xa78 /tmp/ccEmxrUl.ltrans0.ltrans.o
                0x00000000080071b0                main
 .text._strtol_l.constprop.0
                0x0000000008007c28      0x140 /home/rob/Projects/ChibiStudio/ChibiStudio_23/tools/GNU Tools ARM Embedded/11.3.1 2022q3/bin/../lib/gcc/arm-none-eabi/11.3.1/../../../../arm-none-eabi/lib/thumb/v7e-m/nofp/libg.a(libc_a-strtol.o)
 .text.strtol   0x0000000008007d68       0x18 /home/rob/Projects/ChibiStudio/ChibiStudio_23/tools/GNU Tools ARM Embedded/11.3.1 2022q3/bin/../lib/gcc/arm-none-eabi/11.3.1/../../../../arm-none-eabi/lib/thumb/v7e-m/nofp/libg.a(libc_a-strtol.o)
                0x0000000008007d68                strtol
 .text.__errno  0x0000000008007d80        0xc /home/rob/Projects/ChibiStudio/ChibiStudio_23/tools/GNU Tools ARM Embedded/11.3.1 2022q3/bin/../lib/gcc/arm-none-eabi/11.3.1/../../../../arm-none-eabi/lib/thumb/v7e-m/nofp/libg.a(libc_a-errno.o)
                0x0000000008007d80                __errno
 .text.memset   0x0000000008007d8c       0xa4 /home/rob/Projects/ChibiStudio/ChibiStudio_23/tools/GNU Tools ARM Embedded/11.3.1 2022q3/bin/../lib/gcc/arm-none-eabi/11.3.1/../../../../arm-none-eabi/lib/thumb/v7e-m/nofp/libg.a(libc_a-memset.o)
                0x0000000008007d8c                memset
 .text.strpbrk  0x0000000008007e30       0x38 /home/rob/Projects/ChibiStudio/ChibiStudio_23/tools/GNU Tools ARM Embedded/11.3.1 2022q3/bin/../lib/gcc/arm-none-eabi/11.3.1/../../../../arm-none-eabi/lib/thumb/v7e-m/nofp/libg.a(libc_a-strpbrk.o)
                0x0000000008007e30                strpbrk
 .text.strspn   0x0000000008007e68       0x30 /home/rob/Projects/ChibiStudio/ChibiStudio_23/tools/GNU Tools ARM Embedded/11.3.1 2022q3/bin/../lib/gcc/arm-none-eabi/11.3.1/../../../../arm-none-eabi/lib/thumb/v7e-m/nofp/libg.a(libc_a-strspn.o)
                0x0000000008007e68                strspn
 .text.critical_factorization
                0x0000000008007e98       0xc8 /home/rob/Projects/ChibiStudio/ChibiStudio_23/tools/GNU Tools ARM Embedded/11.3.1 2022q3/bin/../lib/gcc/arm-none-eabi/11.3.1/../../../../arm-none-eabi/lib/thumb/v7e-m/nofp/libg.a(libc_a-strstr.o)
 .text.two_way_long_needle
                0x0000000008007f60      0x1fc /home/rob/Projects/ChibiStudio/ChibiStudio_23/tools/GNU Tools ARM Embedded/11.3.1 2022q3/bin/../lib/gcc/arm-none-eabi/11.3.1/../../../../arm-none-eabi/lib/thumb/v7e-m/nofp/libg.a(libc_a-strstr.o)
 .text.strstr   0x000000000800815c      0x168 /home/rob/Projects/ChibiStudio/ChibiStudio_23/tools/GNU Tools ARM Embedded/11.3.1 2022q3/bin/../lib/gcc/arm-none-eabi/11.3.1/../../../../arm-none-eabi/lib/thumb/v7e-m/nofp/libg.a(libc_a-strstr.o)
                0x000000000800815c                strstr
 .text.memcmp   0x00000000080082c4       0x64 /home/rob/Projects/ChibiStudio/ChibiStudio_23/tools/GNU Tools ARM Embedded/11.3.1 2022q3/bin/../lib/gcc/arm-none-eabi/11.3.1/../../../../arm-none-eabi/lib/thumb/v7e-m/nofp/libg.a(libc_a-memcmp.o)
                0x00000000080082c4                memcmp
 .text.strchr   0x0000000008008328       0xcc /home/rob/Projects/ChibiStudio/ChibiStudio_23/tools/GNU Tools ARM Embedded/11.3.1 2022q3/bin/../lib/gcc/arm-none-eabi/11.3.1/../../../../arm-none-eabi/lib/thumb/v7e-m/nofp/libg.a(libc_a-strchr.o)
                0x0000000008008328                strchr
 .text.strnlen  0x00000000080083f4       0x24 /home/rob/Projects/ChibiStudio/ChibiStudio_23/tools/GNU Tools ARM Embedded/11.3.1 2022q3/bin/../lib/gcc/arm-none-eabi/11.3.1/../../../../arm-none-eabi/lib/thumb/v7e-m/nofp/libg.a(libc_a-strnlen.o)
                0x00000000080083f4                strnlen
 *(.glue_7t)
 .glue_7t       0x0000000008008418        0x0 linker stubs
 *(.glue_7)
 .glue_7        0x0000000008008418        0x0 linker stubs
 *(.gcc*)
                0x0000000008008418                __text_end__ = .

.vfp11_veneer   0x0000000008008418        0x0
 .vfp11_veneer  0x0000000008008418        0x0 linker stubs

.v4_bx          0x0000000008008418        0x0
 .v4_bx         0x0000000008008418        0x0 linker stubs

.iplt           0x0000000008008418        0x0
 .iplt          0x0000000008008418        0x0 ./build/obj/crt0_v7m.o

.rodata         0x0000000008008418     0x1af8
                0x0000000008008418                __rodata_base__ = .
 *(.rodata)
 *(.rodata.*)
 .rodata.ibqReleaseEmptyBufferS.str1.4
                0x0000000008008418        0x6 /tmp/ccEmxrUl.ltrans0.ltrans.o
 *fill*         0x000000000800841e        0x2 
 .rodata.usbDisableEndpointsI.str1.4
                0x0000000008008420        0x6 /tmp/ccEmxrUl.ltrans0.ltrans.o
 *fill*         0x0000000008008426        0x2 
 .rodata._usb_ep0in.str1.4
                0x0000000008008428        0x5 /tmp/ccEmxrUl.ltrans0.ltrans.o
 *fill*         0x000000000800842d        0x3 
 .rodata.chCoreAllocFromTop.str1.4
                0x0000000008008430        0x5 /tmp/ccEmxrUl.ltrans0.ltrans.o
 *fill*         0x0000000008008435        0x3 
 .rodata.sof_handler.str1.4
                0x0000000008008438        0x5 /tmp/ccEmxrUl.ltrans0.ltrans.o
 *fill*         0x000000000800843d        0x3 
 .rodata.chSchGoSleepS.str1.4
                0x0000000008008440        0xf /tmp/ccEmxrUl.ltrans0.ltrans.o
 *fill*         0x000000000800844f        0x1 
 .rodata.ibqReadTimeout.str1.4
                0x0000000008008450        0x5 /tmp/ccEmxrUl.ltrans0.ltrans.o
 *fill*         0x0000000008008455        0x3 
 .rodata.Thread1.str1.4
                0x0000000008008458        0x8 /tmp/ccEmxrUl.ltrans0.ltrans.o
 .rodata.chprintf.str1.4
                0x0000000008008460        0x7 /tmp/ccEmxrUl.ltrans0.ltrans.o
 *fill*         0x0000000008008467        0x1 
 .rodata.cmd_help.str1.4
                0x0000000008008468      0x60d /tmp/ccEmxrUl.ltrans0.ltrans.o
 *fill*         0x0000000008008a75        0x3 
 .rodata.cmd_ifc.str1.4
                0x0000000008008a78        0x5 /tmp/ccEmxrUl.ltrans0.ltrans.o
 *fill*         0x0000000008008a7d        0x3 
 .rodata.cmd_srq.str1.4
                0x0000000008008a80       0x23 /tmp/ccEmxrUl.ltrans0.ltrans.o
 *fill*         0x0000000008008aa3        0x1 
 .rodata.cmd_ver.str1.4
                0x0000000008008aa4       0x2d /tmp/ccEmxrUl.ltrans0.ltrans.o
 *fill*         0x0000000008008ad1        0x3 
 .rodata.gpib_receive.str1.4
                0x0000000008008ad4       0x8a /tmp/ccEmxrUl.ltrans0.ltrans.o
 *fill*         0x0000000008008b5e        0x2 
 .rodata.parse_arguments.str1.4
                0x0000000008008b60        0x3 /tmp/ccEmxrUl.ltrans0.ltrans.o
 *fill*         0x0000000008008b63        0x1 
 .rodata.shellThread.str1.4
                0x0000000008008b64       0x6d /tmp/ccEmxrUl.ltrans0.ltrans.o
                                         0x71 (size before relaxing)
 *fill*         0x0000000008008bd1        0x3 
 .rodata._gpib_write.str1.4
                0x0000000008008bd4      0x139 /tmp/ccEmxrUl.ltrans0.ltrans.o
 *fill*         0x0000000008008d0d        0x3 
 .rodata.cmd_clr.str1.4
                0x0000000008008d10       0x2b /tmp/ccEmxrUl.ltrans0.ltrans.o
 *fill*         0x0000000008008d3b        0x1 
 .rodata.cmd_llo.str1.4
                0x0000000008008d3c        0xf /tmp/ccEmxrUl.ltrans0.ltrans.o
 *fill*         0x0000000008008d4b        0x1 
 .rodata.cmd_loc.str1.4
                0x0000000008008d4c        0xf /tmp/ccEmxrUl.ltrans0.ltrans.o
 *fill*         0x0000000008008d5b        0x1 
 .rodata.gpib_read.str1.4
                0x0000000008008d5c       0x6a /tmp/ccEmxrUl.ltrans0.ltrans.o
 *fill*         0x0000000008008dc6        0x2 
 .rodata.cmd_gpib_cmd.str1.4
                0x0000000008008dc8       0x55 /tmp/ccEmxrUl.ltrans0.ltrans.o
 *fill*         0x0000000008008e1d        0x3 
 .rodata.serial_poll.str1.4
                0x0000000008008e20       0x21 /tmp/ccEmxrUl.ltrans0.ltrans.o
 *fill*         0x0000000008008e41        0x3 
 .rodata.cmd_addr.str1.4
                0x0000000008008e44       0x7d /tmp/ccEmxrUl.ltrans0.ltrans.o
 *fill*         0x0000000008008ec1        0x3 
 .rodata.cmd_auto.str1.4
                0x0000000008008ec4       0x85 /tmp/ccEmxrUl.ltrans0.ltrans.o
 *fill*         0x0000000008008f49        0x3 
 .rodata.cmd_debug.str1.4
                0x0000000008008f4c      0x198 /tmp/ccEmxrUl.ltrans0.ltrans.o
 .rodata.cmd_localecho.str1.4
                0x00000000080090e4       0x53 /tmp/ccEmxrUl.ltrans0.ltrans.o
 *fill*         0x0000000008009137        0x1 
 .rodata.cmd_eoi.str1.4
                0x0000000008009138       0x45 /tmp/ccEmxrUl.ltrans0.ltrans.o
 *fill*         0x000000000800917d        0x3 
 .rodata.cmd_eos.str1.4
                0x0000000008009180       0x45 /tmp/ccEmxrUl.ltrans0.ltrans.o
 *fill*         0x00000000080091c5        0x3 
 .rodata.cmd_eot.str1.4
                0x00000000080091c8       0x53 /tmp/ccEmxrUl.ltrans0.ltrans.o
 *fill*         0x000000000800921b        0x1 
 .rodata.cmd_eot_en.str1.4
                0x000000000800921c       0x45 /tmp/ccEmxrUl.ltrans0.ltrans.o
 *fill*         0x0000000008009261        0x3 
 .rodata.cmd_get.str1.4
                0x0000000008009264       0x57 /tmp/ccEmxrUl.ltrans0.ltrans.o
 *fill*         0x00000000080092bb        0x1 
 .rodata.cmd_lon.str1.4
                0x00000000080092bc       0x9d /tmp/ccEmxrUl.ltrans0.ltrans.o
 *fill*         0x0000000008009359        0x3 
 .rodata.cmd_mode.str1.4
                0x000000000800935c       0x46 /tmp/ccEmxrUl.ltrans0.ltrans.o
 *fill*         0x00000000080093a2        0x2 
 .rodata.cmd_read_tmo_ms.str1.4
                0x00000000080093a4       0x74 /tmp/ccEmxrUl.ltrans0.ltrans.o
 .rodata.cmd_status.str1.4
                0x0000000008009418       0x49 /tmp/ccEmxrUl.ltrans0.ltrans.o
 *fill*         0x0000000008009461        0x3 
 .rodata.cmd_test.str1.4
                0x0000000008009464       0x35 /tmp/ccEmxrUl.ltrans0.ltrans.o
 *fill*         0x0000000008009499        0x3 
 .rodata.Vector58.str1.4
                0x000000000800949c        0xd /tmp/ccEmxrUl.ltrans0.ltrans.o
 *fill*         0x00000000080094a9        0x3 
 .rodata.chThdCreateStatic.constprop.0.isra.0.str1.4
                0x00000000080094ac        0x7 /tmp/ccEmxrUl.ltrans0.ltrans.o
 *fill*         0x00000000080094b3        0x1 
 .rodata.DebugThread1.str1.4
                0x00000000080094b4       0x4a /tmp/ccEmxrUl.ltrans0.ltrans.o
 *fill*         0x00000000080094fe        0x2 
 .rodata.main.str1.4
                0x0000000008009500        0xf /tmp/ccEmxrUl.ltrans0.ltrans.o
 *fill*         0x000000000800950f        0x1 
 .rodata.str1.4
                0x0000000008009510       0xe7 /tmp/ccEmxrUl.ltrans0.ltrans.o
 *fill*         0x00000000080095f7        0x1 
 .rodata.__func__.0.lto_priv.0
                0x00000000080095f8       0x10 /tmp/ccEmxrUl.ltrans0.ltrans.o
 .rodata.__func__.0.lto_priv.1
                0x0000000008009608        0xc /tmp/ccEmxrUl.ltrans0.ltrans.o
 .rodata.__func__.0.lto_priv.10
                0x0000000008009614       0x14 /tmp/ccEmxrUl.ltrans0.ltrans.o
 .rodata.__func__.0.lto_priv.11
                0x0000000008009628       0x10 /tmp/ccEmxrUl.ltrans0.ltrans.o
 .rodata.__func__.0.lto_priv.12
                0x0000000008009638        0xc /tmp/ccEmxrUl.ltrans0.ltrans.o
 .rodata.__func__.0.lto_priv.13
                0x0000000008009644        0xc /tmp/ccEmxrUl.ltrans0.ltrans.o
 .rodata.__func__.0.lto_priv.2
                0x0000000008009650        0xc /tmp/ccEmxrUl.ltrans0.ltrans.o
 .rodata.__func__.0.lto_priv.3
                0x000000000800965c        0x9 /tmp/ccEmxrUl.ltrans0.ltrans.o
 *fill*         0x0000000008009665        0x3 
 .rodata.__func__.0.lto_priv.4
                0x0000000008009668       0x19 /tmp/ccEmxrUl.ltrans0.ltrans.o
 *fill*         0x0000000008009681        0x3 
 .rodata.__func__.0.lto_priv.5
                0x0000000008009684        0xe /tmp/ccEmxrUl.ltrans0.ltrans.o
 *fill*         0x0000000008009692        0x2 
 .rodata.__func__.0.lto_priv.6
                0x0000000008009694        0xe /tmp/ccEmxrUl.ltrans0.ltrans.o
 *fill*         0x00000000080096a2        0x2 
 .rodata.__func__.0.lto_priv.7
                0x00000000080096a4       0x14 /tmp/ccEmxrUl.ltrans0.ltrans.o
 .rodata.__func__.0.lto_priv.8
                0x00000000080096b8       0x12 /tmp/ccEmxrUl.ltrans0.ltrans.o
 *fill*         0x00000000080096ca        0x2 
 .rodata.__func__.1.lto_priv.0
                0x00000000080096cc        0xb /tmp/ccEmxrUl.ltrans0.ltrans.o
 *fill*         0x00000000080096d7        0x1 
 .rodata.__func__.1.lto_priv.1
                0x00000000080096d8       0x13 /tmp/ccEmxrUl.ltrans0.ltrans.o
 *fill*         0x00000000080096eb        0x1 
 .rodata.__func__.1.lto_priv.10
                0x00000000080096ec        0xc /tmp/ccEmxrUl.ltrans0.ltrans.o
 .rodata.__func__.1.lto_priv.11
                0x00000000080096f8        0xc /tmp/ccEmxrUl.ltrans0.ltrans.o
 .rodata.__func__.1.lto_priv.13
                0x0000000008009704        0xc /tmp/ccEmxrUl.ltrans0.ltrans.o
 .rodata.__func__.1.lto_priv.15
                0x0000000008009710       0x14 /tmp/ccEmxrUl.ltrans0.ltrans.o
 .rodata.__func__.1.lto_priv.16
                0x0000000008009724        0xb /tmp/ccEmxrUl.ltrans0.ltrans.o
 *fill*         0x000000000800972f        0x1 
 .rodata.__func__.1.lto_priv.17
                0x0000000008009730        0xc /tmp/ccEmxrUl.ltrans0.ltrans.o
 .rodata.__func__.1.lto_priv.2
                0x000000000800973c        0xe /tmp/ccEmxrUl.ltrans0.ltrans.o
 *fill*         0x000000000800974a        0x2 
 .rodata.__func__.1.lto_priv.3
                0x000000000800974c        0xb /tmp/ccEmxrUl.ltrans0.ltrans.o
 *fill*         0x0000000008009757        0x1 
 .rodata.__func__.1.lto_priv.4
                0x0000000008009758        0x9 /tmp/ccEmxrUl.ltrans0.ltrans.o
 *fill*         0x0000000008009761        0x3 
 .rodata.__func__.1.lto_priv.5
                0x0000000008009764       0x18 /tmp/ccEmxrUl.ltrans0.ltrans.o
 .rodata.__func__.1.lto_priv.6
                0x000000000800977c       0x1b /tmp/ccEmxrUl.ltrans0.ltrans.o
 *fill*         0x0000000008009797        0x1 
 .rodata.__func__.1.lto_priv.7
                0x0000000008009798        0xc /tmp/ccEmxrUl.ltrans0.ltrans.o
 .rodata.__func__.1.lto_priv.8
                0x00000000080097a4        0xc /tmp/ccEmxrUl.ltrans0.ltrans.o
 .rodata.__func__.1.lto_priv.9
                0x00000000080097b0        0xd /tmp/ccEmxrUl.ltrans0.ltrans.o
 *fill*         0x00000000080097bd        0x3 
 .rodata.__func__.10.lto_priv.1
                0x00000000080097c0        0x9 /tmp/ccEmxrUl.ltrans0.ltrans.o
 *fill*         0x00000000080097c9        0x3 
 .rodata.__func__.10.lto_priv.2
                0x00000000080097cc        0xb /tmp/ccEmxrUl.ltrans0.ltrans.o
 *fill*         0x00000000080097d7        0x1 
 .rodata.__func__.11
                0x00000000080097d8        0xd /tmp/ccEmxrUl.ltrans0.ltrans.o
 *fill*         0x00000000080097e5        0x3 
 .rodata.__func__.14
                0x00000000080097e8       0x12 /tmp/ccEmxrUl.ltrans0.ltrans.o
 *fill*         0x00000000080097fa        0x2 
 .rodata.__func__.16
                0x00000000080097fc        0xc /tmp/ccEmxrUl.ltrans0.ltrans.o
 .rodata.__func__.18
                0x0000000008009808       0x16 /tmp/ccEmxrUl.ltrans0.ltrans.o
 *fill*         0x000000000800981e        0x2 
 .rodata.__func__.2.lto_priv.0
                0x0000000008009820        0xd /tmp/ccEmxrUl.ltrans0.ltrans.o
 *fill*         0x000000000800982d        0x3 
 .rodata.__func__.2.lto_priv.1
                0x0000000008009830       0x1a /tmp/ccEmxrUl.ltrans0.ltrans.o
 *fill*         0x000000000800984a        0x2 
 .rodata.__func__.2.lto_priv.2
                0x000000000800984c        0xc /tmp/ccEmxrUl.ltrans0.ltrans.o
 .rodata.__func__.2.lto_priv.3
                0x0000000008009858        0x9 /tmp/ccEmxrUl.ltrans0.ltrans.o
 *fill*         0x0000000008009861        0x3 
 .rodata.__func__.2.lto_priv.4
                0x0000000008009864        0xa /tmp/ccEmxrUl.ltrans0.ltrans.o
 *fill*         0x000000000800986e        0x2 
 .rodata.__func__.2.lto_priv.5
                0x0000000008009870        0xe /tmp/ccEmxrUl.ltrans0.ltrans.o
 *fill*         0x000000000800987e        0x2 
 .rodata.__func__.2.lto_priv.8
                0x0000000008009880        0xc /tmp/ccEmxrUl.ltrans0.ltrans.o
 .rodata.__func__.3.lto_priv.0
                0x000000000800988c       0x17 /tmp/ccEmxrUl.ltrans0.ltrans.o
 *fill*         0x00000000080098a3        0x1 
 .rodata.__func__.3.lto_priv.1
                0x00000000080098a4       0x14 /tmp/ccEmxrUl.ltrans0.ltrans.o
 .rodata.__func__.3.lto_priv.2
                0x00000000080098b8        0x9 /tmp/ccEmxrUl.ltrans0.ltrans.o
 *fill*         0x00000000080098c1        0x3 
 .rodata.__func__.3.lto_priv.3
                0x00000000080098c4        0x9 /tmp/ccEmxrUl.ltrans0.ltrans.o
 *fill*         0x00000000080098cd        0x3 
 .rodata.__func__.3.lto_priv.4
                0x00000000080098d0        0xd /tmp/ccEmxrUl.ltrans0.ltrans.o
 *fill*         0x00000000080098dd        0x3 
 .rodata.__func__.3.lto_priv.5
                0x00000000080098e0       0x13 /tmp/ccEmxrUl.ltrans0.ltrans.o
 *fill*         0x00000000080098f3        0x1 
 .rodata.__func__.3.lto_priv.6
                0x00000000080098f4        0xb /tmp/ccEmxrUl.ltrans0.ltrans.o
 *fill*         0x00000000080098ff        0x1 
 .rodata.__func__.3.lto_priv.7
                0x0000000008009900        0xd /tmp/ccEmxrUl.ltrans0.ltrans.o
 *fill*         0x000000000800990d        0x3 
 .rodata.__func__.4.lto_priv.1
                0x0000000008009910        0x5 /tmp/ccEmxrUl.ltrans0.ltrans.o
 *fill*         0x0000000008009915        0x3 
 .rodata.__func__.4.lto_priv.2
                0x0000000008009918       0x12 /tmp/ccEmxrUl.ltrans0.ltrans.o
 *fill*         0x000000000800992a        0x2 
 .rodata.__func__.4.lto_priv.3
                0x000000000800992c        0x9 /tmp/ccEmxrUl.ltrans0.ltrans.o
 *fill*         0x0000000008009935        0x3 
 .rodata.__func__.4.lto_priv.4
                0x0000000008009938        0xc /tmp/ccEmxrUl.ltrans0.ltrans.o
 .rodata.__func__.4.lto_priv.5
                0x0000000008009944        0xc /tmp/ccEmxrUl.ltrans0.ltrans.o
 .rodata.__func__.5.lto_priv.0
                0x0000000008009950        0xf /tmp/ccEmxrUl.ltrans0.ltrans.o
 *fill*         0x000000000800995f        0x1 
 .rodata.__func__.5.lto_priv.1
                0x0000000008009960        0x9 /tmp/ccEmxrUl.ltrans0.ltrans.o
 *fill*         0x0000000008009969        0x3 
 .rodata.__func__.5.lto_priv.2
                0x000000000800996c       0x11 /tmp/ccEmxrUl.ltrans0.ltrans.o
 *fill*         0x000000000800997d        0x3 
 .rodata.__func__.5.lto_priv.3
                0x0000000008009980        0x9 /tmp/ccEmxrUl.ltrans0.ltrans.o
 *fill*         0x0000000008009989        0x3 
 .rodata.__func__.5.lto_priv.4
                0x000000000800998c       0x10 /tmp/ccEmxrUl.ltrans0.ltrans.o
 .rodata.__func__.6.lto_priv.0
                0x000000000800999c       0x17 /tmp/ccEmxrUl.ltrans0.ltrans.o
 *fill*         0x00000000080099b3        0x1 
 .rodata.__func__.6.lto_priv.1
                0x00000000080099b4        0xc /tmp/ccEmxrUl.ltrans0.ltrans.o
 .rodata.__func__.6.lto_priv.2
                0x00000000080099c0       0x15 /tmp/ccEmxrUl.ltrans0.ltrans.o
 *fill*         0x00000000080099d5        0x3 
 .rodata.__func__.6.lto_priv.3
                0x00000000080099d8        0x9 /tmp/ccEmxrUl.ltrans0.ltrans.o
 *fill*         0x00000000080099e1        0x3 
 .rodata.__func__.6.lto_priv.4
                0x00000000080099e4        0xb /tmp/ccEmxrUl.ltrans0.ltrans.o
 *fill*         0x00000000080099ef        0x1 
 .rodata.__func__.7.lto_priv.0
                0x00000000080099f0       0x19 /tmp/ccEmxrUl.ltrans0.ltrans.o
 *fill*         0x0000000008009a09        0x3 
 .rodata.__func__.7.lto_priv.1
                0x0000000008009a0c        0x9 /tmp/ccEmxrUl.ltrans0.ltrans.o
 *fill*         0x0000000008009a15        0x3 
 .rodata.__func__.7.lto_priv.2
                0x0000000008009a18       0x11 /tmp/ccEmxrUl.ltrans0.ltrans.o
 *fill*         0x0000000008009a29        0x3 
 .rodata.__func__.7.lto_priv.3
                0x0000000008009a2c        0x9 /tmp/ccEmxrUl.ltrans0.ltrans.o
 *fill*         0x0000000008009a35        0x3 
 .rodata.__func__.7.lto_priv.5
                0x0000000008009a38        0xc /tmp/ccEmxrUl.ltrans0.ltrans.o
 .rodata.__func__.7.lto_priv.6
                0x0000000008009a44        0xc /tmp/ccEmxrUl.ltrans0.ltrans.o
 .rodata.__func__.8.lto_priv.0
                0x0000000008009a50        0xc /tmp/ccEmxrUl.ltrans0.ltrans.o
 .rodata.__func__.8.lto_priv.1
                0x0000000008009a5c        0x9 /tmp/ccEmxrUl.ltrans0.ltrans.o
 *fill*         0x0000000008009a65        0x3 
 .rodata.__func__.9.lto_priv.0
                0x0000000008009a68       0x13 /tmp/ccEmxrUl.ltrans0.ltrans.o
 *fill*         0x0000000008009a7b        0x1 
 .rodata.__func__.9.lto_priv.1
                0x0000000008009a7c        0xc /tmp/ccEmxrUl.ltrans0.ltrans.o
 .rodata.active_status
                0x0000000008009a88        0x2 /tmp/ccEmxrUl.ltrans0.ltrans.o
 *fill*         0x0000000008009a8a        0x2 
 .rodata.ch_core0_cfg
                0x0000000008009a8c       0x14 /tmp/ccEmxrUl.ltrans0.ltrans.o
 .rodata.ch_debug
                0x0000000008009aa0       0x2c /tmp/ccEmxrUl.ltrans0.ltrans.o
 .rodata.commands
                0x0000000008009acc       0xd8 /tmp/ccEmxrUl.ltrans0.ltrans.o
 .rodata.ep0config
                0x0000000008009ba4       0x24 /tmp/ccEmxrUl.ltrans0.ltrans.o
 .rodata.ep1config
                0x0000000008009bc8       0x24 /tmp/ccEmxrUl.ltrans0.ltrans.o
 .rodata.ep2config
                0x0000000008009bec       0x24 /tmp/ccEmxrUl.ltrans0.ltrans.o
 .rodata.fsparams
                0x0000000008009c10        0xc /tmp/ccEmxrUl.ltrans0.ltrans.o
 .rodata.gptcfg1
                0x0000000008009c1c       0x10 /tmp/ccEmxrUl.ltrans0.ltrans.o
 .rodata.halted_status
                0x0000000008009c2c        0x2 /tmp/ccEmxrUl.ltrans0.ltrans.o
 *fill*         0x0000000008009c2e        0x2 
 .rodata.ram_areas
                0x0000000008009c30       0x80 /tmp/ccEmxrUl.ltrans0.ltrans.o
 .rodata.serusbcfg1
                0x0000000008009cb0        0x8 /tmp/ccEmxrUl.ltrans0.ltrans.o
 .rodata.shell_cfg1
                0x0000000008009cb8       0x14 /tmp/ccEmxrUl.ltrans0.ltrans.o
 .rodata.shell_local_commands
                0x0000000008009ccc        0x8 /tmp/ccEmxrUl.ltrans0.ltrans.o
 .rodata.usbcfg
                0x0000000008009cd4       0x10 /tmp/ccEmxrUl.ltrans0.ltrans.o
 .rodata.vcom_configuration_descriptor
                0x0000000008009ce4        0x8 /tmp/ccEmxrUl.ltrans0.ltrans.o
 .rodata.vcom_configuration_descriptor_data
                0x0000000008009cec       0x4b /tmp/ccEmxrUl.ltrans0.ltrans.o
 *fill*         0x0000000008009d37        0x1 
 .rodata.vcom_device_descriptor
                0x0000000008009d38        0x8 /tmp/ccEmxrUl.ltrans0.ltrans.o
 .rodata.vcom_device_descriptor_data
                0x0000000008009d40       0x12 /tmp/ccEmxrUl.ltrans0.ltrans.o
 *fill*         0x0000000008009d52        0x2 
 .rodata.vcom_string0
                0x0000000008009d54        0x4 /tmp/ccEmxrUl.ltrans0.ltrans.o
 .rodata.vcom_string1
                0x0000000008009d58       0x26 /tmp/ccEmxrUl.ltrans0.ltrans.o
 *fill*         0x0000000008009d7e        0x2 
 .rodata.vcom_string2
                0x0000000008009d80       0x38 /tmp/ccEmxrUl.ltrans0.ltrans.o
 .rodata.vcom_string3
                0x0000000008009db8        0x8 /tmp/ccEmxrUl.ltrans0.ltrans.o
 .rodata.vcom_strings
                0x0000000008009dc0       0x20 /tmp/ccEmxrUl.ltrans0.ltrans.o
 .rodata.vmt    0x0000000008009de0       0x28 /tmp/ccEmxrUl.ltrans0.ltrans.o
 .rodata.zero_status
                0x0000000008009e08        0x2 /tmp/ccEmxrUl.ltrans0.ltrans.o
 *fill*         0x0000000008009e0a        0x2 
 .rodata._ctype_
                0x0000000008009e0c      0x101 /home/rob/Projects/ChibiStudio/ChibiStudio_23/tools/GNU Tools ARM Embedded/11.3.1 2022q3/bin/../lib/gcc/arm-none-eabi/11.3.1/../../../../arm-none-eabi/lib/thumb/v7e-m/nofp/libg.a(libc_a-ctype_.o)
                0x0000000008009e0c                _ctype_
                0x0000000008009f10                . = ALIGN (0x4)
 *fill*         0x0000000008009f0d        0x3 
                0x0000000008009f10                __rodata_end__ = .

.rel.dyn        0x0000000008009f10        0x0
 .rel.iplt      0x0000000008009f10        0x0 ./build/obj/crt0_v7m.o

.ARM.extab
 *(.ARM.extab* .gnu.linkonce.armextab.*)

.ARM.exidx      0x0000000008009f10        0x0
                0x0000000008009f10                __exidx_base__ = .
                0x0000000008009f10                __exidx_start = .
 *(.ARM.exidx* .gnu.linkonce.armexidx.*)
                0x0000000008009f10                __exidx_end__ = .
                0x0000000008009f10                __exidx_end = .

.eh_frame_hdr
 *(.eh_frame_hdr)

.eh_frame
 *(.eh_frame)

.data           0x0000000020000800      0x13c load address 0x0000000008009f10
                [!provide]                        PROVIDE (_textdata = LOADADDR (.data))
                [!provide]                        PROVIDE (_data = .)
                0x0000000008009f10                __textdata_base__ = LOADADDR (.data)
                0x0000000020000800                __data_base__ = .
 *(.data)
 *(.data.*)
 .data.autoread
                0x0000000020000800        0x1 /tmp/ccEmxrUl.ltrans0.ltrans.o
 .data.debuglevel
                0x0000000020000801        0x1 /tmp/ccEmxrUl.ltrans0.ltrans.o
 .data.eoiUse   0x0000000020000802        0x1 /tmp/ccEmxrUl.ltrans0.ltrans.o
 .data.eos_code
                0x0000000020000803        0x1 /tmp/ccEmxrUl.ltrans0.ltrans.o
 .data.eot_char
                0x0000000020000804        0x1 /tmp/ccEmxrUl.ltrans0.ltrans.o
 *fill*         0x0000000020000805        0x3 
 .data.linecoding
                0x0000000020000808        0x7 /tmp/ccEmxrUl.ltrans0.ltrans.o
 .data.localecho
                0x000000002000080f        0x1 /tmp/ccEmxrUl.ltrans0.ltrans.o
 .data.mode     0x0000000020000810        0x1 /tmp/ccEmxrUl.ltrans0.ltrans.o
 .data.partnerAddress
                0x0000000020000811        0x1 /tmp/ccEmxrUl.ltrans0.ltrans.o
 .data.timeout_value
                0x0000000020000812        0x2 /tmp/ccEmxrUl.ltrans0.ltrans.o
 *fill*         0x0000000020000814        0x4 
 .data._impure_data
                0x0000000020000818      0x120 /home/rob/Projects/ChibiStudio/ChibiStudio_23/tools/GNU Tools ARM Embedded/11.3.1 2022q3/bin/../lib/gcc/arm-none-eabi/11.3.1/../../../../arm-none-eabi/lib/thumb/v7e-m/nofp/libg.a(libc_a-impure.o)
                0x0000000020000818                _impure_data
 .data._impure_ptr
                0x0000000020000938        0x4 /home/rob/Projects/ChibiStudio/ChibiStudio_23/tools/GNU Tools ARM Embedded/11.3.1 2022q3/bin/../lib/gcc/arm-none-eabi/11.3.1/../../../../arm-none-eabi/lib/thumb/v7e-m/nofp/libg.a(libc_a-impure.o)
                0x0000000020000938                _impure_ptr
 *(.ramtext)
                0x000000002000093c                . = ALIGN (0x4)
                [!provide]                        PROVIDE (_edata = .)
                0x000000002000093c                __data_end__ = .

.igot.plt       0x000000002000093c        0x0 load address 0x000000000800a04c
 .igot.plt      0x000000002000093c        0x0 ./build/obj/crt0_v7m.o

.bss            0x0000000020000940     0x16ec load address 0x000000000800a04c
                0x0000000020000940                __bss_base__ = .
 *(.bss)
 *(.bss.*)
 .bss.GPTD4     0x0000000020000940       0x10 /tmp/ccEmxrUl.ltrans0.ltrans.o
 .bss.SDU1      0x0000000020000950      0x490 /tmp/ccEmxrUl.ltrans0.ltrans.o
 .bss.USBD1     0x0000000020000de0       0x60 /tmp/ccEmxrUl.ltrans0.ltrans.o
 .bss._pal_events
                0x0000000020000e40       0x80 /tmp/ccEmxrUl.ltrans0.ltrans.o
 .bss.btn_cnt   0x0000000020000ec0        0x1 /tmp/ccEmxrUl.ltrans0.ltrans.o
 .bss.btn_second_edge
                0x0000000020000ec1        0x1 /tmp/ccEmxrUl.ltrans0.ltrans.o
 *fill*         0x0000000020000ec2        0x6 
 .bss.ch0       0x0000000020000ec8      0x8a0 /tmp/ccEmxrUl.ltrans0.ltrans.o
 .bss.ch_c0_idle_thread_wa
                0x0000000020001768      0x130 /tmp/ccEmxrUl.ltrans0.ltrans.o
 .bss.ch_factory
                0x0000000020001898       0x48 /tmp/ccEmxrUl.ltrans0.ltrans.o
 .bss.ch_memcore
                0x00000000200018e0        0x8 /tmp/ccEmxrUl.ltrans0.ltrans.o
 .bss.ch_system
                0x00000000200018e8        0xc /tmp/ccEmxrUl.ltrans0.ltrans.o
 .bss.cmd_buf   0x00000000200018f4        0xa /tmp/ccEmxrUl.ltrans0.ltrans.o
 *fill*         0x00000000200018fe        0x2 
 .bss.completion_buffer
                0x0000000020001900       0x10 /tmp/ccEmxrUl.ltrans0.ltrans.o
 .bss.default_heap
                0x0000000020001910       0x24 /tmp/ccEmxrUl.ltrans0.ltrans.o
 .bss.device_talk
                0x0000000020001934        0x1 /tmp/ccEmxrUl.ltrans0.ltrans.o
 *fill*         0x0000000020001935        0x3 
 .bss.eos_string
                0x0000000020001938        0x3 /tmp/ccEmxrUl.ltrans0.ltrans.o
 .bss.eot_enable
                0x000000002000193b        0x1 /tmp/ccEmxrUl.ltrans0.ltrans.o
 .bss.ep0_state
                0x000000002000193c       0x10 /tmp/ccEmxrUl.ltrans0.ltrans.o
 .bss.ep0setup_buffer
                0x000000002000194c        0x8 /tmp/ccEmxrUl.ltrans0.ltrans.o
 .bss.ep1instate
                0x0000000020001954       0x10 /tmp/ccEmxrUl.ltrans0.ltrans.o
 .bss.ep2instate
                0x0000000020001964       0x10 /tmp/ccEmxrUl.ltrans0.ltrans.o
 .bss.ep2outstate
                0x0000000020001974       0x10 /tmp/ccEmxrUl.ltrans0.ltrans.o
 .bss.history_buffer
                0x0000000020001984      0x200 /tmp/ccEmxrUl.ltrans0.ltrans.o
 .bss.listen_only
                0x0000000020001b84        0x1 /tmp/ccEmxrUl.ltrans0.ltrans.o
 *fill*         0x0000000020001b85        0x3 
 .bss.mb_dbg    0x0000000020001b88       0x28 /tmp/ccEmxrUl.ltrans0.ltrans.o
 .bss.msgbuf_dbg
                0x0000000020001bb0       0x20 /tmp/ccEmxrUl.ltrans0.ltrans.o
 .bss.myAddress
                0x0000000020001bd0        0x1 /tmp/ccEmxrUl.ltrans0.ltrans.o
 *fill*         0x0000000020001bd1        0x3 
 .bss.shell_terminated
                0x0000000020001bd4        0x4 /tmp/ccEmxrUl.ltrans0.ltrans.o
 .bss.status_byte
                0x0000000020001bd8        0x1 /tmp/ccEmxrUl.ltrans0.ltrans.o
 .bss.timeout   0x0000000020001bd9        0x1 /tmp/ccEmxrUl.ltrans0.ltrans.o
 *fill*         0x0000000020001bda        0x2 
 .bss.vt        0x0000000020001bdc       0x18 /tmp/ccEmxrUl.ltrans0.ltrans.o
 .bss.vt2       0x0000000020001bf4       0x18 /tmp/ccEmxrUl.ltrans0.ltrans.o
 *fill*         0x0000000020001c0c        0x4 
 .bss.waDebugThread1
                0x0000000020001c10      0x170 /tmp/ccEmxrUl.ltrans0.ltrans.o
 .bss.waThread1
                0x0000000020001d80      0x170 /tmp/ccEmxrUl.ltrans0.ltrans.o
 .bss.writeError
                0x0000000020001ef0        0x1 /tmp/ccEmxrUl.ltrans0.ltrans.o
 *fill*         0x0000000020001ef1        0x3 
 .bss.__sf      0x0000000020001ef4      0x138 /home/rob/Projects/ChibiStudio/ChibiStudio_23/tools/GNU Tools ARM Embedded/11.3.1 2022q3/bin/../lib/gcc/arm-none-eabi/11.3.1/../../../../arm-none-eabi/lib/thumb/v7e-m/nofp/libg.a(libc_a-findfp.o)
                0x0000000020001ef4                __sf
 *(COMMON)
                0x000000002000202c                . = ALIGN (0x4)
                0x000000002000202c                __bss_end__ = .
                [!provide]                        PROVIDE (end = .)
                0x0000000020000000                __ram0_base__ = ORIGIN (ram0)
                0x0000000000010000                __ram0_size__ = LENGTH (ram0)
                0x0000000020010000                __ram0_end__ = (__ram0_base__ + __ram0_size__)
                0x0000000000000000                __ram1_base__ = ORIGIN (ram1)
                0x0000000000000000                __ram1_size__ = LENGTH (ram1)
                0x0000000000000000                __ram1_end__ = (__ram1_base__ + __ram1_size__)
                0x0000000000000000                __ram2_base__ = ORIGIN (ram2)
                0x0000000000000000                __ram2_size__ = LENGTH (ram2)
                0x0000000000000000                __ram2_end__ = (__ram2_base__ + __ram2_size__)
                0x0000000000000000                __ram3_base__ = ORIGIN (ram3)
                0x0000000000000000                __ram3_size__ = LENGTH (ram3)
                0x0000000000000000                __ram3_end__ = (__ram3_base__ + __ram3_size__)
                0x0000000000000000                __ram4_base__ = ORIGIN (ram4)
                0x0000000000000000                __ram4_size__ = LENGTH (ram4)
                0x0000000000000000                __ram4_end__ = (__ram4_base__ + __ram4_size__)
                0x0000000000000000                __ram5_base__ = ORIGIN (ram5)
                0x0000000000000000                __ram5_size__ = LENGTH (ram5)
                0x0000000000000000                __ram5_end__ = (__ram5_base__ + __ram5_size__)
                0x0000000000000000                __ram6_base__ = ORIGIN (ram6)
                0x0000000000000000                __ram6_size__ = LENGTH (ram6)
                0x0000000000000000                __ram6_end__ = (__ram6_base__ + __ram6_size__)
                0x0000000000000000                __ram7_base__ = ORIGIN (ram7)
                0x0000000000000000                __ram7_size__ = LENGTH (ram7)
                0x0000000000000000                __ram7_end__ = (__ram7_base__ + __ram7_size__)
                0x0000000008000000                __flash0_base__ = ORIGIN (flash0)
                0x0000000000040000                __flash0_size__ = LENGTH (flash0)
                0x0000000008040000                __flash0_end__ = (__flash0_base__ + __flash0_size__)
                0x0000000000000000                __flash1_base__ = ORIGIN (flash1)
                0x0000000000000000                __flash1_size__ = LENGTH (flash1)
                0x0000000000000000                __flash1_end__ = (__flash1_base__ + __flash1_size__)
                0x0000000000000000                __flash2_base__ = ORIGIN (flash2)
                0x0000000000000000                __flash2_size__ = LENGTH (flash2)
                0x0000000000000000                __flash2_end__ = (__flash2_base__ + __flash2_size__)
                0x0000000000000000                __flash3_base__ = ORIGIN (flash3)
                0x0000000000000000                __flash3_size__ = LENGTH (flash3)
                0x0000000000000000                __flash3_end__ = (__flash3_base__ + __flash3_size__)
                0x0000000000000000                __flash4_base__ = ORIGIN (flash4)
                0x0000000000000000                __flash4_size__ = LENGTH (flash4)
                0x0000000000000000                __flash4_end__ = (__flash4_base__ + __flash4_size__)
                0x0000000000000000                __flash5_base__ = ORIGIN (flash5)
                0x0000000000000000                __flash5_size__ = LENGTH (flash5)
                0x0000000000000000                __flash5_end__ = (__flash5_base__ + __flash5_size__)
                0x0000000000000000                __flash6_base__ = ORIGIN (flash6)
                0x0000000000000000                __flash6_size__ = LENGTH (flash6)
                0x0000000000000000                __flash6_end__ = (__flash6_base__ + __flash6_size__)
                0x0000000000000000                __flash7_base__ = ORIGIN (flash7)
                0x0000000000000000                __flash7_size__ = LENGTH (flash7)
                0x0000000000000000                __flash7_end__ = (__flash7_base__ + __flash7_size__)

.ram0_init      0x000000002000202c        0x0 load address 0x000000000800a04c
                0x000000000800a04c                __ram0_init_text__ = LOADADDR (.ram0_init)
                0x000000002000202c                __ram0_init__ = .
 *(.ram0_init)
 *(.ram0_init.*)
                0x000000002000202c                . = ALIGN (0x4)

.ram0           0x000000002000202c        0x0 load address 0x000000000800a04c
                0x000000002000202c                __ram0_clear__ = .
 *(.ram0_clear)
 *(.ram0_clear.*)
                0x000000002000202c                . = ALIGN (0x4)
                0x000000002000202c                __ram0_noinit__ = .
 *(.ram0)
 *(.ram0.*)
                0x000000002000202c                . = ALIGN (0x4)
                0x000000002000202c                __ram0_free__ = .

.ram1_init      0x0000000000000000        0x0 load address 0x000000000800a04c
                0x000000000800a04c                __ram1_init_text__ = LOADADDR (.ram1_init)
                0x0000000000000000                __ram1_init__ = .
 *(.ram1_init)
 *(.ram1_init.*)
                0x0000000000000000                . = ALIGN (0x4)

.ram1           0x0000000000000000        0x0 load address 0x000000000800a04c
                0x0000000000000000                __ram1_clear__ = .
 *(.ram1_clear)
 *(.ram1_clear.*)
                0x0000000000000000                . = ALIGN (0x4)
                0x0000000000000000                __ram1_noinit__ = .
 *(.ram1)
 *(.ram1.*)
                0x0000000000000000                . = ALIGN (0x4)
                0x0000000000000000                __ram1_free__ = .

.ram2_init      0x0000000000000000        0x0 load address 0x000000000800a04c
                0x000000000800a04c                __ram2_init_text__ = LOADADDR (.ram2_init)
                0x0000000000000000                __ram2_init__ = .
 *(.ram2_init)
 *(.ram2_init.*)
                0x0000000000000000                . = ALIGN (0x4)

.ram2           0x0000000000000000        0x0 load address 0x000000000800a04c
                0x0000000000000000                __ram2_clear__ = .
 *(.ram2_clear)
 *(.ram2_clear.*)
                0x0000000000000000                . = ALIGN (0x4)
                0x0000000000000000                __ram2_noinit__ = .
 *(.ram2)
 *(.ram2.*)
                0x0000000000000000                . = ALIGN (0x4)
                0x0000000000000000                __ram2_free__ = .

.ram3_init      0x0000000000000000        0x0 load address 0x000000000800a04c
                0x000000000800a04c                __ram3_init_text__ = LOADADDR (.ram3_init)
                0x0000000000000000                __ram3_init__ = .
 *(.ram3_init)
 *(.ram3_init.*)
                0x0000000000000000                . = ALIGN (0x4)

.ram3           0x0000000000000000        0x0 load address 0x000000000800a04c
                0x0000000000000000                __ram3_clear__ = .
 *(.ram3_clear)
 *(.ram3_clear.*)
                0x0000000000000000                . = ALIGN (0x4)
                0x0000000000000000                __ram3_noinit__ = .
 *(.ram3)
 *(.ram3.*)
                0x0000000000000000                . = ALIGN (0x4)
                0x0000000000000000                __ram3_free__ = .

.ram4_init      0x0000000000000000        0x0 load address 0x000000000800a04c
                0x000000000800a04c                __ram4_init_text__ = LOADADDR (.ram4_init)
                0x0000000000000000                __ram4_init__ = .
 *(.ram4_init)
 *(.ram4_init.*)
                0x0000000000000000                . = ALIGN (0x4)

.ram4           0x0000000000000000        0x0 load address 0x000000000800a04c
                0x0000000000000000                __ram4_clear__ = .
 *(.ram4_clear)
 *(.ram4_clear.*)
                0x0000000000000000                . = ALIGN (0x4)
                0x0000000000000000                __ram4_noinit__ = .
 *(.ram4)
 *(.ram4.*)
                0x0000000000000000                . = ALIGN (0x4)
                0x0000000000000000                __ram4_free__ = .

.ram5_init      0x0000000000000000        0x0 load address 0x000000000800a04c
                0x000000000800a04c                __ram5_init_text__ = LOADADDR (.ram5_init)
                0x0000000000000000                __ram5_init__ = .
 *(.ram5_init)
 *(.ram5_init.*)
                0x0000000000000000                . = ALIGN (0x4)

.ram5           0x0000000000000000        0x0 load address 0x000000000800a04c
                0x0000000000000000                __ram5_clear__ = .
 *(.ram5_clear)
 *(.ram5_clear.*)
                0x0000000000000000                . = ALIGN (0x4)
                0x0000000000000000                __ram5_noinit__ = .
 *(.ram5)
 *(.ram5.*)
                0x0000000000000000                . = ALIGN (0x4)
                0x0000000000000000                __ram5_free__ = .

.ram6_init      0x0000000000000000        0x0 load address 0x000000000800a04c
                0x000000000800a04c                __ram6_init_text__ = LOADADDR (.ram6_init)
                0x0000000000000000                __ram6_init__ = .
 *(.ram6_init)
 *(.ram6_init.*)
                0x0000000000000000                . = ALIGN (0x4)

.ram6           0x0000000000000000        0x0 load address 0x000000000800a04c
                0x0000000000000000                __ram6_clear__ = .
 *(.ram6_clear)
 *(.ram6_clear.*)
                0x0000000000000000                . = ALIGN (0x4)
                0x0000000000000000                __ram6_noinit__ = .
 *(.ram6)
 *(.ram6.*)
                0x0000000000000000                . = ALIGN (0x4)
                0x0000000000000000                __ram6_free__ = .

.ram7_init      0x0000000000000000        0x0 load address 0x000000000800a04c
                0x000000000800a04c                __ram7_init_text__ = LOADADDR (.ram7_init)
                0x0000000000000000                __ram7_init__ = .
 *(.ram7_init)
 *(.ram7_init.*)
                0x0000000000000000                . = ALIGN (0x4)

.ram7           0x0000000000000000        0x0 load address 0x000000000800a04c
                0x0000000000000000                __ram7_clear__ = .
 *(.ram7_clear)
 *(.ram7_clear.*)
                0x0000000000000000                . = ALIGN (0x4)
                0x0000000000000000                __ram7_noinit__ = .
 *(.ram7)
 *(.ram7.*)
                0x0000000000000000                . = ALIGN (0x4)
                0x0000000000000000                __ram7_free__ = .

.flash0         0x000000000800a04c        0x0
                0x000000000800a04c                __flash0_init__ = .
 *(.flash0_init)
 *(.flash0_init.*)
                0x000000000800a04c                __flash0_free__ = .

.flash1         0x0000000000000000        0x0
                0x0000000000000000                __flash1_init__ = .
 *(.flash1_init)
 *(.flash1_init.*)
                0x0000000000000000                __flash1_free__ = .

.flash2         0x0000000000000000        0x0
                0x0000000000000000                __flash2_init__ = .
 *(.flash2_init)
 *(.flash2_init.*)
                0x0000000000000000                __flash2_free__ = .

.flash3         0x0000000000000000        0x0
                0x0000000000000000                __flash3_init__ = .
 *(.flash3_init)
 *(.flash3_init.*)
                0x0000000000000000                __flash3_free__ = .

.flash4         0x0000000000000000        0x0
                0x0000000000000000                __flash4_init__ = .
 *(.flash4_init)
 *(.flash4_init.*)
                0x0000000000000000                __flash4_free__ = .

.flash5         0x0000000000000000        0x0
                0x0000000000000000                __flash5_init__ = .
 *(.flash5_init)
 *(.flash5_init.*)
                0x0000000000000000                __flash5_free__ = .

.flash6         0x0000000000000000        0x0
                0x0000000000000000                __flash6_init__ = .
 *(.flash6_init)
 *(.flash6_init.*)
                0x0000000000000000                __flash6_free__ = .

.flash7         0x0000000000000000        0x0
                0x0000000000000000                __flash7_init__ = .
 *(.flash7_init)
 *(.flash7_init.*)
                0x0000000000000000                __flash7_free__ = .

.heap           0x000000002000202c     0xdfd4
                0x0000000020002030                . = ALIGN (0x8)
 *fill*         0x000000002000202c        0x4 
                0x0000000020002030                __heap_base__ = .
                0x0000000020010000                . = (ORIGIN (HEAP_RAM) + LENGTH (HEAP_RAM))
 *fill*         0x0000000020002030     0xdfd0 
                0x0000000020010000                __heap_end__ = .
                0x0000000000000400                __process_stack_size__ = 0x400
                0x0000000000000400                __main_stack_size__ = 0x400
START GROUP
LOAD /home/rob/Projects/ChibiStudio/ChibiStudio_23/tools/GNU Tools ARM Embedded/11.3.1 2022q3/bin/../lib/gcc/arm-none-eabi/11.3.1/thumb/v7e-m/nofp/libgcc.a
LOAD /home/rob/Projects/ChibiStudio/ChibiStudio_23/tools/GNU Tools ARM Embedded/11.3.1 2022q3/bin/../lib/gcc/arm-none-eabi/11.3.1/../../../../arm-none-eabi/lib/thumb/v7e-m/nofp/libg.a
LOAD /home/rob/Projects/ChibiStudio/ChibiStudio_23/tools/GNU Tools ARM Embedded/11.3.1 2022q3/bin/../lib/gcc/arm-none-eabi/11.3.1/../../../../arm-none-eabi/lib/thumb/v7e-m/nofp/libc.a
END GROUP
OUTPUT(build/ch.elf elf32-littlearm)
LOAD linker stubs

.ARM.attributes
                0x0000000000000000       0x2f
 .ARM.attributes
                0x0000000000000000       0x21 ./build/obj/crt0_v7m.o
 .ARM.attributes
                0x0000000000000021       0x21 ./build/obj/vectors.o
 .ARM.attributes
                0x0000000000000042       0x21 ./build/obj/chcoreasm.o
 .ARM.attributes
                0x0000000000000063       0x2c /tmp/ccEmxrUl.ltrans0.ltrans.o
 .ARM.attributes
                0x000000000000008f       0x2e /home/rob/Projects/ChibiStudio/ChibiStudio_23/tools/GNU Tools ARM Embedded/11.3.1 2022q3/bin/../lib/gcc/arm-none-eabi/11.3.1/../../../../arm-none-eabi/lib/thumb/v7e-m/nofp/libg.a(libc_a-strtol.o)
 .ARM.attributes
                0x00000000000000bd       0x2e /home/rob/Projects/ChibiStudio/ChibiStudio_23/tools/GNU Tools ARM Embedded/11.3.1 2022q3/bin/../lib/gcc/arm-none-eabi/11.3.1/../../../../arm-none-eabi/lib/thumb/v7e-m/nofp/libg.a(libc_a-errno.o)
 .ARM.attributes
                0x00000000000000eb       0x2e /home/rob/Projects/ChibiStudio/ChibiStudio_23/tools/GNU Tools ARM Embedded/11.3.1 2022q3/bin/../lib/gcc/arm-none-eabi/11.3.1/../../../../arm-none-eabi/lib/thumb/v7e-m/nofp/libg.a(libc_a-ctype_.o)
 .ARM.attributes
                0x0000000000000119       0x2e /home/rob/Projects/ChibiStudio/ChibiStudio_23/tools/GNU Tools ARM Embedded/11.3.1 2022q3/bin/../lib/gcc/arm-none-eabi/11.3.1/../../../../arm-none-eabi/lib/thumb/v7e-m/nofp/libg.a(libc_a-impure.o)
 .ARM.attributes
                0x0000000000000147       0x2e /home/rob/Projects/ChibiStudio/ChibiStudio_23/tools/GNU Tools ARM Embedded/11.3.1 2022q3/bin/../lib/gcc/arm-none-eabi/11.3.1/../../../../arm-none-eabi/lib/thumb/v7e-m/nofp/libg.a(libc_a-findfp.o)
 .ARM.attributes
                0x0000000000000175       0x2e /home/rob/Projects/ChibiStudio/ChibiStudio_23/tools/GNU Tools ARM Embedded/11.3.1 2022q3/bin/../lib/gcc/arm-none-eabi/11.3.1/../../../../arm-none-eabi/lib/thumb/v7e-m/nofp/libg.a(libc_a-memset.o)
 .ARM.attributes
                0x00000000000001a3       0x2e /home/rob/Projects/ChibiStudio/ChibiStudio_23/tools/GNU Tools ARM Embedded/11.3.1 2022q3/bin/../lib/gcc/arm-none-eabi/11.3.1/../../../../arm-none-eabi/lib/thumb/v7e-m/nofp/libg.a(libc_a-strpbrk.o)
 .ARM.attributes
                0x00000000000001d1       0x2e /home/rob/Projects/ChibiStudio/ChibiStudio_23/tools/GNU Tools ARM Embedded/11.3.1 2022q3/bin/../lib/gcc/arm-none-eabi/11.3.1/../../../../arm-none-eabi/lib/thumb/v7e-m/nofp/libg.a(libc_a-strspn.o)
 .ARM.attributes
                0x00000000000001ff       0x2e /home/rob/Projects/ChibiStudio/ChibiStudio_23/tools/GNU Tools ARM Embedded/11.3.1 2022q3/bin/../lib/gcc/arm-none-eabi/11.3.1/../../../../arm-none-eabi/lib/thumb/v7e-m/nofp/libg.a(libc_a-strstr.o)
 .ARM.attributes
                0x000000000000022d       0x2e /home/rob/Projects/ChibiStudio/ChibiStudio_23/tools/GNU Tools ARM Embedded/11.3.1 2022q3/bin/../lib/gcc/arm-none-eabi/11.3.1/../../../../arm-none-eabi/lib/thumb/v7e-m/nofp/libg.a(libc_a-memcmp.o)
 .ARM.attributes
                0x000000000000025b       0x1c /home/rob/Projects/ChibiStudio/ChibiStudio_23/tools/GNU Tools ARM Embedded/11.3.1 2022q3/bin/../lib/gcc/arm-none-eabi/11.3.1/../../../../arm-none-eabi/lib/thumb/v7e-m/nofp/libg.a(libc_a-strcmp.o)
 .ARM.attributes
                0x0000000000000277       0x2e /home/rob/Projects/ChibiStudio/ChibiStudio_23/tools/GNU Tools ARM Embedded/11.3.1 2022q3/bin/../lib/gcc/arm-none-eabi/11.3.1/../../../../arm-none-eabi/lib/thumb/v7e-m/nofp/libg.a(libc_a-strchr.o)
 .ARM.attributes
                0x00000000000002a5       0x1c /home/rob/Projects/ChibiStudio/ChibiStudio_23/tools/GNU Tools ARM Embedded/11.3.1 2022q3/bin/../lib/gcc/arm-none-eabi/11.3.1/../../../../arm-none-eabi/lib/thumb/v7e-m/nofp/libg.a(libc_a-memcpy.o)
 .ARM.attributes
                0x00000000000002c1       0x1c /home/rob/Projects/ChibiStudio/ChibiStudio_23/tools/GNU Tools ARM Embedded/11.3.1 2022q3/bin/../lib/gcc/arm-none-eabi/11.3.1/../../../../arm-none-eabi/lib/thumb/v7e-m/nofp/libg.a(libc_a-strlen.o)
 .ARM.attributes
                0x00000000000002dd       0x2e /home/rob/Projects/ChibiStudio/ChibiStudio_23/tools/GNU Tools ARM Embedded/11.3.1 2022q3/bin/../lib/gcc/arm-none-eabi/11.3.1/../../../../arm-none-eabi/lib/thumb/v7e-m/nofp/libg.a(libc_a-strnlen.o)

.comment        0x0000000000000000       0x33
 .comment       0x0000000000000000       0x34 /tmp/ccEmxrUl.ltrans0.ltrans.o
 .comment       0x0000000000000000       0x33 /home/rob/Projects/ChibiStudio/ChibiStudio_23/tools/GNU Tools ARM Embedded/11.3.1 2022q3/bin/../lib/gcc/arm-none-eabi/11.3.1/../../../../arm-none-eabi/lib/thumb/v7e-m/nofp/libg.a(libc_a-strtol.o)
                                         0x34 (size before relaxing)
 .comment       0x0000000000000033       0x34 /home/rob/Projects/ChibiStudio/ChibiStudio_23/tools/GNU Tools ARM Embedded/11.3.1 2022q3/bin/../lib/gcc/arm-none-eabi/11.3.1/../../../../arm-none-eabi/lib/thumb/v7e-m/nofp/libg.a(libc_a-errno.o)
 .comment       0x0000000000000033       0x34 /home/rob/Projects/ChibiStudio/ChibiStudio_23/tools/GNU Tools ARM Embedded/11.3.1 2022q3/bin/../lib/gcc/arm-none-eabi/11.3.1/../../../../arm-none-eabi/lib/thumb/v7e-m/nofp/libg.a(libc_a-ctype_.o)
 .comment       0x0000000000000033       0x34 /home/rob/Projects/ChibiStudio/ChibiStudio_23/tools/GNU Tools ARM Embedded/11.3.1 2022q3/bin/../lib/gcc/arm-none-eabi/11.3.1/../../../../arm-none-eabi/lib/thumb/v7e-m/nofp/libg.a(libc_a-impure.o)
 .comment       0x0000000000000033       0x34 /home/rob/Projects/ChibiStudio/ChibiStudio_23/tools/GNU Tools ARM Embedded/11.3.1 2022q3/bin/../lib/gcc/arm-none-eabi/11.3.1/../../../../arm-none-eabi/lib/thumb/v7e-m/nofp/libg.a(libc_a-findfp.o)
 .comment       0x0000000000000033       0x34 /home/rob/Projects/ChibiStudio/ChibiStudio_23/tools/GNU Tools ARM Embedded/11.3.1 2022q3/bin/../lib/gcc/arm-none-eabi/11.3.1/../../../../arm-none-eabi/lib/thumb/v7e-m/nofp/libg.a(libc_a-memset.o)
 .comment       0x0000000000000033       0x34 /home/rob/Projects/ChibiStudio/ChibiStudio_23/tools/GNU Tools ARM Embedded/11.3.1 2022q3/bin/../lib/gcc/arm-none-eabi/11.3.1/../../../../arm-none-eabi/lib/thumb/v7e-m/nofp/libg.a(libc_a-strpbrk.o)
 .comment       0x0000000000000033       0x34 /home/rob/Projects/ChibiStudio/ChibiStudio_23/tools/GNU Tools ARM Embedded/11.3.1 2022q3/bin/../lib/gcc/arm-none-eabi/11.3.1/../../../../arm-none-eabi/lib/thumb/v7e-m/nofp/libg.a(libc_a-strspn.o)
 .comment       0x0000000000000033       0x34 /home/rob/Projects/ChibiStudio/ChibiStudio_23/tools/GNU Tools ARM Embedded/11.3.1 2022q3/bin/../lib/gcc/arm-none-eabi/11.3.1/../../../../arm-none-eabi/lib/thumb/v7e-m/nofp/libg.a(libc_a-strstr.o)
 .comment       0x0000000000000033       0x34 /home/rob/Projects/ChibiStudio/ChibiStudio_23/tools/GNU Tools ARM Embedded/11.3.1 2022q3/bin/../lib/gcc/arm-none-eabi/11.3.1/../../../../arm-none-eabi/lib/thumb/v7e-m/nofp/libg.a(libc_a-memcmp.o)
 .comment       0x0000000000000033       0x34 /home/rob/Projects/ChibiStudio/ChibiStudio_23/tools/GNU Tools ARM Embedded/11.3.1 2022q3/bin/../lib/gcc/arm-none-eabi/11.3.1/../../../../arm-none-eabi/lib/thumb/v7e-m/nofp/libg.a(libc_a-strchr.o)
 .comment       0x0000000000000033       0x34 /home/rob/Projects/ChibiStudio/ChibiStudio_23/tools/GNU Tools ARM Embedded/11.3.1 2022q3/bin/../lib/gcc/arm-none-eabi/11.3.1/../../../../arm-none-eabi/lib/thumb/v7e-m/nofp/libg.a(libc_a-strnlen.o)

.debug_line     0x0000000000000000    0x11f8f
 .debug_line    0x0000000000000000       0xa6 ./build/obj/crt0_v7m.o
 .debug_line    0x00000000000000a6       0x4f ./build/obj/vectors.o
 .debug_line    0x00000000000000f5       0x63 ./build/obj/chcoreasm.o
 .debug_line    0x0000000000000158     0xdb61 /tmp/ccEmxrUl.ltrans0.ltrans.o
 .debug_line    0x000000000000dcb9       0x4c /tmp/ccDBiDys.debug.temp.o
 .debug_line    0x000000000000dd05       0x76 /tmp/cc7gA86O.debug.temp.o
 .debug_line    0x000000000000dd7b       0x6c /tmp/ccMagQc1.debug.temp.o
 .debug_line    0x000000000000dde7       0xc6 /tmp/ccmZJVYy.debug.temp.o
 .debug_line    0x000000000000dead       0xbd /tmp/ccQvZdlV.debug.temp.o
 .debug_line    0x000000000000df6a       0x75 /tmp/cc2n68pz.debug.temp.o
 .debug_line    0x000000000000dfdf       0xe4 /tmp/cc6hLzDK.debug.temp.o
 .debug_line    0x000000000000e0c3       0xd9 /tmp/ccUpuY7L.debug.temp.o
 .debug_line    0x000000000000e19c       0x5e /tmp/ccRzNyil.debug.temp.o
 .debug_line    0x000000000000e1fa      0x14b /tmp/ccffsxLu.debug.temp.o
 .debug_line    0x000000000000e345       0x71 /tmp/cc1vuLdA.debug.temp.o
 .debug_line    0x000000000000e3b6       0x7a /tmp/ccp1VXfg.debug.temp.o
 .debug_line    0x000000000000e430       0xbf /tmp/cc7uM0sf.debug.temp.o
 .debug_line    0x000000000000e4ef       0x87 /tmp/ccMA0etz.debug.temp.o
 .debug_line    0x000000000000e576       0x7a /tmp/ccVmLK5H.debug.temp.o
 .debug_line    0x000000000000e5f0       0x70 /tmp/cc0FsmY1.debug.temp.o
 .debug_line    0x000000000000e660       0xd7 /tmp/cc9BDgMb.debug.temp.o
 .debug_line    0x000000000000e737       0x94 /tmp/cchYgZjD.debug.temp.o
 .debug_line    0x000000000000e7cb       0x9d /tmp/ccJztZ9T.debug.temp.o
 .debug_line    0x000000000000e868       0xb0 /tmp/cc6TSWix.debug.temp.o
 .debug_line    0x000000000000e918       0xab /tmp/ccJ14Wb6.debug.temp.o
 .debug_line    0x000000000000e9c3       0xa2 /tmp/cc7ockwt.debug.temp.o
 .debug_line    0x000000000000ea65       0xb1 /tmp/ccutJ5Wx.debug.temp.o
 .debug_line    0x000000000000eb16       0xd6 /tmp/ccCAolmI.debug.temp.o
 .debug_line    0x000000000000ebec       0xa2 /tmp/ccBwMMVC.debug.temp.o
 .debug_line    0x000000000000ec8e       0xbe /tmp/ccB1tbUh.debug.temp.o
 .debug_line    0x000000000000ed4c       0xa7 /tmp/ccMBmHHv.debug.temp.o
 .debug_line    0x000000000000edf3       0xac /tmp/cc0m45nI.debug.temp.o
 .debug_line    0x000000000000ee9f       0xc8 /tmp/cchk109s.debug.temp.o
 .debug_line    0x000000000000ef67       0xb9 /tmp/ccHbTGMv.debug.temp.o
 .debug_line    0x000000000000f020       0xb4 /tmp/cctJfHPH.debug.temp.o
 .debug_line    0x000000000000f0d4       0xab /tmp/cceK6a1d.debug.temp.o
 .debug_line    0x000000000000f17f       0xb9 /tmp/ccxqcORt.debug.temp.o
 .debug_line    0x000000000000f238       0xcd /tmp/cc7gZfxM.debug.temp.o
 .debug_line    0x000000000000f305       0xa7 /tmp/cc01Lxeo.debug.temp.o
 .debug_line    0x000000000000f3ac       0x76 /tmp/ccZGEjnV.debug.temp.o
 .debug_line    0x000000000000f422       0xe3 /tmp/ccWHoQ57.debug.temp.o
 .debug_line    0x000000000000f505       0x71 /tmp/ccZKSKXG.debug.temp.o
 .debug_line    0x000000000000f576       0x90 /tmp/ccLWNNTX.debug.temp.o
 .debug_line    0x000000000000f606       0xb2 /tmp/ccY3rKg4.debug.temp.o
 .debug_line    0x000000000000f6b8       0xd5 /tmp/ccJKrmu8.debug.temp.o
 .debug_line    0x000000000000f78d      0x13f /tmp/ccgCp5uW.debug.temp.o
 .debug_line    0x000000000000f8cc      0x49b /home/rob/Projects/ChibiStudio/ChibiStudio_23/tools/GNU Tools ARM Embedded/11.3.1 2022q3/bin/../lib/gcc/arm-none-eabi/11.3.1/../../../../arm-none-eabi/lib/thumb/v7e-m/nofp/libg.a(libc_a-strtol.o)
 .debug_line    0x000000000000fd67      0x179 /home/rob/Projects/ChibiStudio/ChibiStudio_23/tools/GNU Tools ARM Embedded/11.3.1 2022q3/bin/../lib/gcc/arm-none-eabi/11.3.1/../../../../arm-none-eabi/lib/thumb/v7e-m/nofp/libg.a(libc_a-errno.o)
 .debug_line    0x000000000000fee0      0x25e /home/rob/Projects/ChibiStudio/ChibiStudio_23/tools/GNU Tools ARM Embedded/11.3.1 2022q3/bin/../lib/gcc/arm-none-eabi/11.3.1/../../../../arm-none-eabi/lib/thumb/v7e-m/nofp/libg.a(libc_a-ctype_.o)
 .debug_line    0x000000000001013e       0xf7 /home/rob/Projects/ChibiStudio/ChibiStudio_23/tools/GNU Tools ARM Embedded/11.3.1 2022q3/bin/../lib/gcc/arm-none-eabi/11.3.1/../../../../arm-none-eabi/lib/thumb/v7e-m/nofp/libg.a(libc_a-impure.o)
 .debug_line    0x0000000000010235      0x6a6 /home/rob/Projects/ChibiStudio/ChibiStudio_23/tools/GNU Tools ARM Embedded/11.3.1 2022q3/bin/../lib/gcc/arm-none-eabi/11.3.1/../../../../arm-none-eabi/lib/thumb/v7e-m/nofp/libg.a(libc_a-findfp.o)
 .debug_line    0x00000000000108db      0x236 /home/rob/Projects/ChibiStudio/ChibiStudio_23/tools/GNU Tools ARM Embedded/11.3.1 2022q3/bin/../lib/gcc/arm-none-eabi/11.3.1/../../../../arm-none-eabi/lib/thumb/v7e-m/nofp/libg.a(libc_a-memset.o)
 .debug_line    0x0000000000010b11      0x13f /home/rob/Projects/ChibiStudio/ChibiStudio_23/tools/GNU Tools ARM Embedded/11.3.1 2022q3/bin/../lib/gcc/arm-none-eabi/11.3.1/../../../../arm-none-eabi/lib/thumb/v7e-m/nofp/libg.a(libc_a-strpbrk.o)
 .debug_line    0x0000000000010c50      0x190 /home/rob/Projects/ChibiStudio/ChibiStudio_23/tools/GNU Tools ARM Embedded/11.3.1 2022q3/bin/../lib/gcc/arm-none-eabi/11.3.1/../../../../arm-none-eabi/lib/thumb/v7e-m/nofp/libg.a(libc_a-strspn.o)
 .debug_line    0x0000000000010de0      0xa28 /home/rob/Projects/ChibiStudio/ChibiStudio_23/tools/GNU Tools ARM Embedded/11.3.1 2022q3/bin/../lib/gcc/arm-none-eabi/11.3.1/../../../../arm-none-eabi/lib/thumb/v7e-m/nofp/libg.a(libc_a-strstr.o)
 .debug_line    0x0000000000011808      0x1e0 /home/rob/Projects/ChibiStudio/ChibiStudio_23/tools/GNU Tools ARM Embedded/11.3.1 2022q3/bin/../lib/gcc/arm-none-eabi/11.3.1/../../../../arm-none-eabi/lib/thumb/v7e-m/nofp/libg.a(libc_a-memcmp.o)
 .debug_line    0x00000000000119e8      0x10f /home/rob/Projects/ChibiStudio/ChibiStudio_23/tools/GNU Tools ARM Embedded/11.3.1 2022q3/bin/../lib/gcc/arm-none-eabi/11.3.1/../../../../arm-none-eabi/lib/thumb/v7e-m/nofp/libg.a(libc_a-strcmp.o)
 .debug_line    0x0000000000011af7      0x1f0 /home/rob/Projects/ChibiStudio/ChibiStudio_23/tools/GNU Tools ARM Embedded/11.3.1 2022q3/bin/../lib/gcc/arm-none-eabi/11.3.1/../../../../arm-none-eabi/lib/thumb/v7e-m/nofp/libg.a(libc_a-strchr.o)
 .debug_line    0x0000000000011ce7       0x95 /home/rob/Projects/ChibiStudio/ChibiStudio_23/tools/GNU Tools ARM Embedded/11.3.1 2022q3/bin/../lib/gcc/arm-none-eabi/11.3.1/../../../../arm-none-eabi/lib/thumb/v7e-m/nofp/libg.a(libc_a-memcpy.o)
 .debug_line    0x0000000000011d7c       0x87 /home/rob/Projects/ChibiStudio/ChibiStudio_23/tools/GNU Tools ARM Embedded/11.3.1 2022q3/bin/../lib/gcc/arm-none-eabi/11.3.1/../../../../arm-none-eabi/lib/thumb/v7e-m/nofp/libg.a(libc_a-strlen.o)
 .debug_line    0x0000000000011e03      0x18c /home/rob/Projects/ChibiStudio/ChibiStudio_23/tools/GNU Tools ARM Embedded/11.3.1 2022q3/bin/../lib/gcc/arm-none-eabi/11.3.1/../../../../arm-none-eabi/lib/thumb/v7e-m/nofp/libg.a(libc_a-strnlen.o)

.debug_line_str
                0x0000000000000000     0x13be
 .debug_line_str
                0x0000000000000000       0x99 ./build/obj/crt0_v7m.o
                                         0xa4 (size before relaxing)
 .debug_line_str
                0x0000000000000099        0xa ./build/obj/vectors.o
                                         0xa2 (size before relaxing)
 .debug_line_str
                0x00000000000000a3       0x46 ./build/obj/chcoreasm.o
                                         0xa5 (size before relaxing)
 .debug_line_str
                0x00000000000000e9      0x147 /tmp/ccDBiDys.debug.temp.o
                                        0x1dc (size before relaxing)
 .debug_line_str
                0x0000000000000230      0x164 /tmp/cc7gA86O.debug.temp.o
                                        0x1bd (size before relaxing)
 .debug_line_str
                0x0000000000000394       0xdc /tmp/ccMagQc1.debug.temp.o
                                        0x25c (size before relaxing)
 .debug_line_str